 MFC42D

 Timestamp is 5d9d72be (Tue Oct 08 22:40:14 2019)

 Preferred load address is 5f400000

 Start         Length     Name                   Class
 0001:00000000 00018660H .text                   CODE
 0001:00018660 000073ffH .text$AFX_AUX           CODE
 0001:0001fa60 00008867H .text$AFX_COL1          CODE
 0001:000282d0 00004e43H .text$AFX_COL2          CODE
 0001:0002d120 00016e5eH .text$AFX_CORE1         CODE
 0001:00043f80 0000f5f8H .text$AFX_CORE2         CODE
 0001:00053580 000186d0H .text$AFX_CORE3         CODE
 0001:0006bc50 000152ceH .text$AFX_CORE4         CODE
 0001:00080f20 00006275H .text$AFX_DBG1          CODE
 0001:000871a0 0000ea06H .text$AFX_DBG2          CODE
 0001:00095bb0 0000c956H .text$AFX_INIT          CODE
 0001:000a2510 000008efH .text$AFX_MAPI          CODE
 0001:000a2e00 00007b62H .text$AFX_PRNT          CODE
 0001:000aa970 00000701H .text$AFX_TERM          CODE
 0001:000ab080 00004e1bH .text$AFX_VDEL          CODE
 0002:00000000 00000004H .CRT$XCA                DATA
 0002:00000004 0000000cH .CRT$XCC                DATA
 0002:00000010 00000028H .CRT$XCL                DATA
 0002:00000038 00000090H .CRT$XCU                DATA
 0002:000000c8 00000004H .CRT$XCZ                DATA
 0002:000000cc 00000004H .CRT$XIA                DATA
 0002:000000d0 00000004H .CRT$XIZ                DATA
 0002:000000d8 0000da2aH .rdata                  DATA
 0002:0000db08 00003340H .rdata$r                DATA
 0002:00010e48 00006f28H .xdata$x                DATA
 0002:00017d70 0000485eH .edata                  DATA
 0003:00000000 00001e94H .data                   DATA
 0003:00001e98 00001fdcH .bss                    DATA
 0004:00000000 00000050H .idata$2                DATA
 0004:00000050 00000014H .idata$3                DATA
 0004:00000064 000009dcH .idata$4                DATA
 0004:00000a40 000009dcH .idata$5                DATA
 0004:0000141c 0000280cH .idata$6                DATA
 0005:00000000 00000e98H .rsrc$01                DATA
 0005:00000ea0 000062d8H .rsrc$02                DATA

  Address         Publics by Value              Rva+Base   Lib:Object

 0001:00000000       ?AddHead@?$CTypedSimpleList@PAUCRuntimeClass@@@@QAEXPAUCRuntimeClass@@@Z 5f401000 f objcore.obj
 0001:00000030       ??B?$CTypedSimpleList@PAUCRuntimeClass@@@@QAEPAUCRuntimeClass@@XZ 5f401030 f objcore.obj
 0001:00000050       ?GetHead@CSimpleList@@QBEPAXXZ 5f401050 f objcore.obj
 0001:00000070       ??B?$CTypedSimpleList@PAVCDynLinkLibrary@@@@QAEPAVCDynLinkLibrary@@XZ 5f401070 f objcore.obj
 0001:00000090       ??C?$CThreadLocal@V_AFX_THREAD_STATE@@@@QAEPAV_AFX_THREAD_STATE@@XZ 5f401090 f except.obj
 0001:000000b0       ?GetData@?$CThreadLocal@V_AFX_THREAD_STATE@@@@QAEPAV_AFX_THREAD_STATE@@XZ 5f4010b0 f except.obj
 0001:00000100       ?CreateObject@?$CThreadLocal@V_AFX_THREAD_STATE@@@@SGPAVCNoTrackObject@@XZ 5f401100 f except.obj
 0001:00000190       ??0CArchiveStream@@QAE@PAVCArchive@@@Z 5f401190 f arcstrm.obj
 0001:000001c5       ?AddRef@CArchiveStream@@UAGKXZ 5f4011c5 f arcstrm.obj
 0001:000001dc       ?Release@CArchiveStream@@UAGKXZ 5f4011dc f arcstrm.obj
 0001:000001f0       ?QueryInterface@CArchiveStream@@UAGJABU_GUID@@PAPAX@Z 5f4011f0 f arcstrm.obj
 0001:00000248       ?Read@CArchiveStream@@UAGJPAXKPAK@Z 5f401248 f arcstrm.obj
 0001:00000367       ?Write@CArchiveStream@@UAGJPBXKPAK@Z 5f401367 f arcstrm.obj
 0001:00000489       ?Seek@CArchiveStream@@UAGJT_LARGE_INTEGER@@KPAT_ULARGE_INTEGER@@@Z 5f401489 f arcstrm.obj
 0001:000005c8       ?SetSize@CArchiveStream@@UAGJT_ULARGE_INTEGER@@@Z 5f4015c8 f arcstrm.obj
 0001:000005df       ?CopyTo@CArchiveStream@@UAGJPAUIStream@@T_ULARGE_INTEGER@@PAT3@2@Z 5f4015df f arcstrm.obj
 0001:000005f6       ?Commit@CArchiveStream@@UAGJK@Z 5f4015f6 f arcstrm.obj
 0001:0000060d       ?Revert@CArchiveStream@@UAGJXZ 5f40160d f arcstrm.obj
 0001:00000624       ?LockRegion@CArchiveStream@@UAGJT_ULARGE_INTEGER@@0K@Z 5f401624 f arcstrm.obj
 0001:0000063b       ?UnlockRegion@CArchiveStream@@UAGJT_ULARGE_INTEGER@@0K@Z 5f40163b f arcstrm.obj
 0001:00000652       ?Stat@CArchiveStream@@UAGJPAUtagSTATSTG@@K@Z 5f401652 f arcstrm.obj
 0001:00000669       ?Clone@CArchiveStream@@UAGJPAPAUIStream@@@Z 5f401669 f arcstrm.obj
 0001:00000680       ??0IStream@@QAE@XZ         5f401680 f arcstrm.obj
 0001:000006b0       ??0ISequentialStream@@QAE@XZ 5f4016b0 f arcstrm.obj
 0001:000006e0       ??0IUnknown@@QAE@XZ        5f4016e0 f arcstrm.obj
 0001:00000710       ??8@YAHABU_GUID@@0@Z       5f401710 f arcstrm.obj
 0001:00000750       ??1CNoTrackObject@@UAE@XZ  5f401750 f dumpinit.obj
 0001:00000770       ??_ECNoTrackObject@@UAEPAXI@Z 5f401770 f dumpinit.obj
 0001:00000770       ??_GCNoTrackObject@@UAEPAXI@Z 5f401770 f dumpinit.obj
 0001:000007b0       ?GetData@?$CProcessLocal@V_AFX_DEBUG_STATE@@@@QAEPAV_AFX_DEBUG_STATE@@XZ 5f4017b0 f dumpinit.obj
 0001:00000800       ?CreateObject@?$CProcessLocal@V_AFX_DEBUG_STATE@@@@SGPAVCNoTrackObject@@XZ 5f401800 f dumpinit.obj
 0001:00000890       ??0CNoTrackObject@@QAE@XZ  5f401890 f dumpinit.obj
 0001:000008c0       __tcscmp                   5f4018c0 f afxinl1.obj
 0001:000008f0       __tcsicmp                  5f4018f0 f afxinl1.obj
 0001:00000920       __tcscoll                  5f401920 f afxinl1.obj
 0001:00000950       ?DrawState@@YGHPAUHDC__@@PAUHBRUSH__@@P6GH0JIHH@ZJIHHHHI@Z 5f401950 f afxinl2.obj
 0001:00000990       ?GetNextWindow@@YAPAUHWND__@@PAU1@I@Z 5f401990 f afxinl3.obj
 0001:000009b0       __tcsinc                   5f4019b0 f filecore.obj
 0001:000009d0       ??0AFX_COM@@QAE@XZ         5f4019d0 f filecore.obj
 0001:00000a00       ?data@CPlex@@QAEPAXXZ      5f401a00 f list_o.obj
 0001:00000a20       ?data@CStringData@@QAEPADXZ 5f401a20 f strcore.obj
 0001:00000a40       __tcschr                   5f401a40 f strcore.obj
 0001:00000a70       __tcspbrk                  5f401a70 f strcore.obj
 0001:00000aa0       __tcsrev                   5f401aa0 f strcore.obj
 0001:00000ac0       __tcsspn                   5f401ac0 f strex.obj
 0001:00000af0       __tcscspn                  5f401af0 f strex.obj
 0001:00000b20       __tcsrchr                  5f401b20 f strex.obj
 0001:00000b50       __tcsstr                   5f401b50 f strex.obj
 0001:00000b80       __tclen                    5f401b80 f strex.obj
 0001:00000ba0       ?Construct@CSimpleList@@QAEXH@Z 5f401ba0 f afxstate.obj
 0001:00000bf0       ?GetData@?$CProcessLocal@V_AFX_BASE_MODULE_STATE@@@@QAEPAV_AFX_BASE_MODULE_STATE@@XZ 5f401bf0 f afxstate.obj
 0001:00000c40       ?CreateObject@?$CProcessLocal@V_AFX_BASE_MODULE_STATE@@@@SGPAVCNoTrackObject@@XZ 5f401c40 f afxstate.obj
 0001:00000cd0       ??0_AFX_BASE_MODULE_STATE@@QAE@XZ 5f401cd0 f afxstate.obj
 0001:00000d50       ??0CTypeLibCache@@QAE@XZ   5f401d50 f afxstate.obj
 0001:00000da0       ??0?$CTypedSimpleList@PAVCFrameWnd@@@@QAE@H@Z 5f401da0 f afxstate.obj
 0001:00000dd0       ??0CSimpleList@@QAE@H@Z    5f401dd0 f afxstate.obj
 0001:00000e00       ??0?$CTypedSimpleList@PAUCRuntimeClass@@@@QAE@H@Z 5f401e00 f afxstate.obj
 0001:00000e30       ??0?$CTypedSimpleList@PAVCOleObjectFactory@@@@QAE@H@Z 5f401e30 f afxstate.obj
 0001:00000e60       ??0?$CTypedSimpleList@PAVCDynLinkLibrary@@@@QAE@H@Z 5f401e60 f afxstate.obj
 0001:00000e90       ??0?$CTypedSimpleList@PAVCOleControlLock@@@@QAE@H@Z 5f401e90 f afxstate.obj
 0001:00000ec0       ?GetData@?$CThreadLocal@VAFX_MODULE_THREAD_STATE@@@@QAEPAVAFX_MODULE_THREAD_STATE@@XZ 5f401ec0 f afxstate.obj
 0001:00000f10       ?CreateObject@?$CThreadLocal@VAFX_MODULE_THREAD_STATE@@@@SGPAVCNoTrackObject@@XZ 5f401f10 f afxstate.obj
 0001:00000fa0       ??B?$CThreadLocal@V_AFX_THREAD_STATE@@@@QAEPAV_AFX_THREAD_STATE@@XZ 5f401fa0 f afxstate.obj
 0001:00000fc0       ??1CHandleMap@@QAE@XZ      5f401fc0 f afxstate.obj
 0001:00001040       ??2@YAPAXIPAX@Z            5f402040 f afxstate.obj
 0001:00001060       ?GetNextPtr@CSimpleList@@QBEPAPAXPAX@Z 5f402060 f afxtls.obj
 0001:000010a0       ??0?$CTypedSimpleList@PAUCThreadData@@@@QAE@H@Z 5f4020a0 f afxtls.obj
 0001:000010d0       ?AddHead@?$CTypedSimpleList@PAUCThreadData@@@@QAEXPAUCThreadData@@@Z 5f4020d0 f afxtls.obj
 0001:00001100       ??B?$CTypedSimpleList@PAUCThreadData@@@@QAEPAUCThreadData@@XZ 5f402100 f afxtls.obj
 0001:00001120       ?Remove@?$CTypedSimpleList@PAUCThreadData@@@@QAEHPAUCThreadData@@@Z 5f402120 f afxtls.obj
 0001:00001150       ??2CThreadSlotData@@SGPAXIPAX@Z 5f402150 f afxtls.obj
 0001:00001170       ??0CSyncObject@@QAE@PBD@Z  5f402170 f mtcore.obj
 0001:00001215       ??1CSyncObject@@UAE@XZ     5f402215 f mtcore.obj
 0001:000012ba       ?Lock@CSyncObject@@UAEHK@Z 5f4022ba f mtcore.obj
 0001:000012fc       ?Dump@CSyncObject@@UBEXAAVCDumpContext@@@Z 5f4022fc f mtcore.obj
 0001:00001362       ?AssertValid@CSyncObject@@UBEXXZ 5f402362 f mtcore.obj
 0001:00001380       ??BCSyncObject@@QBEPAXXZ   5f402380 f mtcore.obj
 0001:0000139c       ?Unlock@CSemaphore@@UAEHXZ 5f40239c f mtcore.obj
 0001:000013c1       ?SetEvent@CEvent@@QAEHXZ   5f4023c1 f mtcore.obj
 0001:00001406       ?PulseEvent@CEvent@@QAEHXZ 5f402406 f mtcore.obj
 0001:0000144b       ?ResetEvent@CEvent@@QAEHXZ 5f40244b f mtcore.obj
 0001:00001490       ??1CSingleLock@@QAE@XZ     5f402490 f mtcore.obj
 0001:000014ae       ?IsLocked@CSingleLock@@QAEHXZ 5f4024ae f mtcore.obj
 0001:000014ca       ?IsLocked@CMultiLock@@QAEHK@Z 5f4024ca f mtcore.obj
 0001:0000151c       ??0CCriticalSection@@QAE@XZ 5f40251c f mtcore.obj
 0001:0000159a       ??BCCriticalSection@@QAEPAU_RTL_CRITICAL_SECTION@@XZ 5f40259a f mtcore.obj
 0001:000015b6       ??1CCriticalSection@@UAE@XZ 5f4025b6 f mtcore.obj
 0001:0000162b       ?Lock@CCriticalSection@@QAEHXZ 5f40262b f mtcore.obj
 0001:00001653       ?Lock@CCriticalSection@@UAEHK@Z 5f402653 f mtcore.obj
 0001:00001673       ?Unlock@CCriticalSection@@UAEHXZ 5f402673 f mtcore.obj
 0001:000016a0       ??_GCSyncObject@@UAEPAXI@Z 5f4026a0 f mtcore.obj
 0001:000016a0       ??_ECSyncObject@@UAEPAXI@Z 5f4026a0 f mtcore.obj
 0001:000016e0       ??_GCCriticalSection@@UAEPAXI@Z 5f4026e0 f mtcore.obj
 0001:00001720       ?Unlock@CSyncObject@@UAEHJPAJ@Z 5f402720 f mtcore.obj
 0001:00001740       ??0CSemaphore@@QAE@JJPBDPAU_SECURITY_ATTRIBUTES@@@Z 5f402740 f mtex.obj
 0001:00001823       ??1CSemaphore@@UAE@XZ      5f402823 f mtex.obj
 0001:0000188b       ?Unlock@CSemaphore@@UAEHJPAJ@Z 5f40288b f mtex.obj
 0001:000018b8       ??0CMutex@@QAE@HPBDPAU_SECURITY_ATTRIBUTES@@@Z 5f4028b8 f mtex.obj
 0001:00001957       ??1CMutex@@UAE@XZ          5f402957 f mtex.obj
 0001:000019bf       ?Unlock@CMutex@@UAEHXZ     5f4029bf f mtex.obj
 0001:000019e2       ??0CEvent@@QAE@HHPBDPAU_SECURITY_ATTRIBUTES@@@Z 5f4029e2 f mtex.obj
 0001:00001a85       ??1CEvent@@UAE@XZ          5f402a85 f mtex.obj
 0001:00001aed       ?Unlock@CEvent@@UAEHXZ     5f402aed f mtex.obj
 0001:00001b08       ??0CSingleLock@@QAE@PAVCSyncObject@@H@Z 5f402b08 f mtex.obj
 0001:00001b9e       ?Lock@CSingleLock@@QAEHK@Z 5f402b9e f mtex.obj
 0001:00001c25       ?Unlock@CSingleLock@@QAEHXZ 5f402c25 f mtex.obj
 0001:00001cb2       ?Unlock@CSingleLock@@QAEHJPAJ@Z 5f402cb2 f mtex.obj
 0001:00001d49       ??0CMultiLock@@QAE@QAPAVCSyncObject@@KH@Z 5f402d49 f mtex.obj
 0001:00001f11       ??1CMultiLock@@QAE@XZ      5f402f11 f mtex.obj
 0001:00001f74       ?Lock@CMultiLock@@QAEKKHK@Z 5f402f74 f mtex.obj
 0001:0000206d       ?Unlock@CMultiLock@@QAEHXZ 5f40306d f mtex.obj
 0001:00002108       ?Unlock@CMultiLock@@QAEHJPAJ@Z 5f403108 f mtex.obj
 0001:000021e0       ??_GCSemaphore@@UAEPAXI@Z  5f4031e0 f mtex.obj
 0001:00002220       ??_GCMutex@@UAEPAXI@Z      5f403220 f mtex.obj
 0001:00002260       ??_GCEvent@@UAEPAXI@Z      5f403260 f mtex.obj
 0001:000022a0       ??B?$CProcessLocal@V_AFX_WIN_STATE@@@@QAEPAV_AFX_WIN_STATE@@XZ 5f4032a0 f wincore.obj
 0001:000022c0       ?GetData@?$CProcessLocal@V_AFX_WIN_STATE@@@@QAEPAV_AFX_WIN_STATE@@XZ 5f4032c0 f wincore.obj
 0001:00002310       ?CreateObject@?$CProcessLocal@V_AFX_WIN_STATE@@@@SGPAVCNoTrackObject@@XZ 5f403310 f wincore.obj
 0001:000023a0       ?GetDataNA@?$CProcessLocal@V_AFX_CTL3D_STATE@@@@QAEPAV_AFX_CTL3D_STATE@@XZ 5f4033a0 f wincore.obj
 0001:000023c0       ?LookupPermanent@CHandleMap@@QAEPAVCObject@@PAX@Z 5f4033c0 f wincore.obj
 0001:000023f0       ?LookupTemporary@CHandleMap@@QAEPAVCObject@@PAX@Z 5f4033f0 f wincore.obj
 0001:00002420       ??B?$CProcessLocal@V_AFX_CTL3D_STATE@@@@QAEPAV_AFX_CTL3D_STATE@@XZ 5f403420 f wincore.obj
 0001:00002440       ?GetData@?$CProcessLocal@V_AFX_CTL3D_STATE@@@@QAEPAV_AFX_CTL3D_STATE@@XZ 5f403440 f wincore.obj
 0001:00002490       ?CreateObject@?$CProcessLocal@V_AFX_CTL3D_STATE@@@@SGPAVCNoTrackObject@@XZ 5f403490 f wincore.obj
 0001:00002520       ??0_AFX_CTL3D_STATE@@QAE@XZ 5f403520 f wincore.obj
 0001:00002590       ??_E_AFX_CTL3D_STATE@@UAEPAXI@Z 5f403590 f wincore.obj
 0001:00002590       ??_G_AFX_CTL3D_STATE@@UAEPAXI@Z 5f403590 f wincore.obj
 0001:000025d0       ?UnlockResource@@YGHPAX@Z  5f4035d0 f wincore.obj
 0001:000025f0       ?AddHead@?$CTypedSimpleList@PAVCFrameWnd@@@@QAEXPAVCFrameWnd@@@Z 5f4035f0 f winfrm.obj
 0001:00002620       ?Remove@?$CTypedSimpleList@PAVCFrameWnd@@@@QAEHPAVCFrameWnd@@@Z 5f403620 f winfrm.obj
 0001:00002650       ??B?$CThreadLocal@VAFX_MODULE_THREAD_STATE@@@@QAEPAVAFX_MODULE_THREAD_STATE@@XZ 5f403650 f winfrm.obj
 0001:00002670       ?GetWindowTask@@YAPAUHTASK__@@PAUHWND__@@@Z 5f403670 f winfrmx.obj
 0001:00002690       ?_GetBaseMessageMap@CToolTipCtrl@@KGPBUAFX_MSGMAP@@XZ 5f403690 f tooltip.obj
 0001:000026a5       ?GetMessageMap@CToolTipCtrl@@MBEPBUAFX_MSGMAP@@XZ 5f4036a5 f tooltip.obj
 0001:000026c0       ??0CToolTipCtrl@@QAE@XZ    5f4036c0 f tooltip.obj
 0001:0000274c       ?Create@CToolTipCtrl@@QAEHPAVCWnd@@K@Z 5f40374c f tooltip.obj
 0001:000027bb       ??1CToolTipCtrl@@UAE@XZ    5f4037bb f tooltip.obj
 0001:00002844       ?DestroyToolTipCtrl@CToolTipCtrl@@QAEHXZ 5f403844 f tooltip.obj
 0001:000028be       ?OnAddTool@CToolTipCtrl@@IAEJIJ@Z 5f4038be f tooltip.obj
 0001:00002978       ?OnDisableModal@CToolTipCtrl@@IAEJIJ@Z 5f403978 f tooltip.obj
 0001:000029a3       ?OnWindowFromPoint@CToolTipCtrl@@IAEJIJ@Z 5f4039a3 f tooltip.obj
 0001:00002a89       ?AddTool@CToolTipCtrl@@QAEHPAVCWnd@@PBDPBUtagRECT@@I@Z 5f403a89 f tooltip.obj
 0001:00002b94       ?AddTool@CToolTipCtrl@@QAEHPAVCWnd@@IPBUtagRECT@@I@Z 5f403b94 f tooltip.obj
 0001:00002ce7       ?DelTool@CToolTipCtrl@@QAEXPAVCWnd@@I@Z 5f403ce7 f tooltip.obj
 0001:00002d7a       ?GetText@CToolTipCtrl@@QBEXAAVCString@@PAVCWnd@@I@Z 5f403d7a f tooltip.obj
 0001:00002e27       ?GetToolInfo@CToolTipCtrl@@QBEHAAVCToolInfo@@PAVCWnd@@I@Z 5f403e27 f tooltip.obj
 0001:00002ec6       ?HitTest@CToolTipCtrl@@QBEHPAVCWnd@@VCPoint@@PAUtagTOOLINFOA@@@Z 5f403ec6 f tooltip.obj
 0001:00002fbb       ?SetToolRect@CToolTipCtrl@@QAEXPAVCWnd@@IPBUtagRECT@@@Z 5f403fbb f tooltip.obj
 0001:00003082       ?UpdateTipText@CToolTipCtrl@@QAEXPBDPAVCWnd@@I@Z 5f404082 f tooltip.obj
 0001:0000311b       ?UpdateTipText@CToolTipCtrl@@QAEXIPAVCWnd@@I@Z 5f40411b f tooltip.obj
 0001:000031e6       ?FillInToolInfo@CToolTipCtrl@@QBEXAAUtagTOOLINFOA@@PAVCWnd@@I@Z 5f4041e6 f tooltip.obj
 0001:00003270       ?EnableToolTips@CWnd@@QAEHH@Z 5f404270 f tooltip.obj
 0001:00003369       ?_FilterToolTipMessage@CWnd@@SGXPAUtagMSG@@PAV1@@Z 5f404369 f tooltip.obj
 0001:00003387       ?FilterToolTipMessage@CWnd@@QAEXPAUtagMSG@@@Z 5f404387 f tooltip.obj
 0001:000039b0       ??_GCToolTipCtrl@@UAEPAXI@Z 5f4049b0 f tooltip.obj
 0001:000039f0       ??1_AFX_WINMINI_TERM@@QAE@XZ 5f4049f0 f winmini.obj
 0001:00003a20       ?items@CToolBarData@@QAEPAGXZ 5f404a20 f bartool.obj
 0001:00003a40       ??1_AFX_TRACKER_TERM@@QAE@XZ 5f404a40 f trckrect.obj
 0001:00003a70       ??1CDragListBox@@UAE@XZ    5f404a70 f winctrl2.obj
 0001:00003ae0       ?PreSubclassWindow@CDragListBox@@UAEXXZ 5f404ae0 f winctrl2.obj
 0001:00003b52       ?BeginDrag@CDragListBox@@UAEHVCPoint@@@Z 5f404b52 f winctrl2.obj
 0001:00003b9a       ?CancelDrag@CDragListBox@@UAEXVCPoint@@@Z 5f404b9a f winctrl2.obj
 0001:00003bc2       ?Dragging@CDragListBox@@UAEIVCPoint@@@Z 5f404bc2 f winctrl2.obj
 0001:00003c2c       ?Dropped@CDragListBox@@UAEXHVCPoint@@@Z 5f404c2c f winctrl2.obj
 0001:00003d8f       ?DrawInsert@CDragListBox@@UAEXH@Z 5f404d8f f winctrl2.obj
 0001:00003dda       ?DrawSingle@CDragListBox@@QAEXH@Z 5f404dda f winctrl2.obj
 0001:00003ef7       ?OnChildNotify@CDragListBox@@MAEHIIJPAJ@Z 5f404ef7 f winctrl2.obj
 0001:00004092       ?_GetBaseMessageMap@CToolBarCtrl@@KGPBUAFX_MSGMAP@@XZ 5f405092 f winctrl2.obj
 0001:000040a7       ?GetMessageMap@CToolBarCtrl@@MBEPBUAFX_MSGMAP@@XZ 5f4050a7 f winctrl2.obj
 0001:000040c2       ?Create@CToolBarCtrl@@QAEHKABUtagRECT@@PAVCWnd@@I@Z 5f4050c2 f winctrl2.obj
 0001:0000414d       ??1CToolBarCtrl@@UAE@XZ    5f40514d f winctrl2.obj
 0001:000041bd       ?AddBitmap@CToolBarCtrl@@QAEHHPAVCBitmap@@@Z 5f4051bd f winctrl2.obj
 0001:0000422e       ?AddBitmap@CToolBarCtrl@@QAEHHI@Z 5f40522e f winctrl2.obj
 0001:000042d4       ?SaveState@CToolBarCtrl@@QAEXPAUHKEY__@@PBD1@Z 5f4052d4 f winctrl2.obj
 0001:00004343       ?RestoreState@CToolBarCtrl@@QAEXPAUHKEY__@@PBD1@Z 5f405343 f winctrl2.obj
 0001:000043b2       ?AddString@CToolBarCtrl@@QAEHI@Z 5f4053b2 f winctrl2.obj
 0001:00004459       ?OnCreate@CToolBarCtrl@@IAEHPAUtagCREATESTRUCTA@@@Z 5f405459 f winctrl2.obj
 0001:0000449c       ?Create@CStatusBarCtrl@@QAEHKABUtagRECT@@PAVCWnd@@I@Z 5f40549c f winctrl2.obj
 0001:00004527       ??1CStatusBarCtrl@@UAE@XZ  5f405527 f winctrl2.obj
 0001:00004597       ?GetText@CStatusBarCtrl@@QBEHPBDHPAH@Z 5f405597 f winctrl2.obj
 0001:00004643       ?GetText@CStatusBarCtrl@@QBE?AVCString@@HPAH@Z 5f405643 f winctrl2.obj
 0001:00004790       ?GetTextLength@CStatusBarCtrl@@QBEHHPAH@Z 5f405790 f winctrl2.obj
 0001:0000483a       ?GetBorders@CStatusBarCtrl@@QBEHAAH00@Z 5f40583a f winctrl2.obj
 0001:000048bf       ?DrawItem@CStatusBarCtrl@@UAEXPAUtagDRAWITEMSTRUCT@@@Z 5f4058bf f winctrl2.obj
 0001:000048ef       ?OnChildNotify@CStatusBarCtrl@@MAEHIIJPAJ@Z 5f4058ef f winctrl2.obj
 0001:00004967       ?_GetBaseMessageMap@CListCtrl@@KGPBUAFX_MSGMAP@@XZ 5f405967 f winctrl2.obj
 0001:0000497c       ?GetMessageMap@CListCtrl@@MBEPBUAFX_MSGMAP@@XZ 5f40597c f winctrl2.obj
 0001:00004997       ?Create@CListCtrl@@QAEHKABUtagRECT@@PAVCWnd@@I@Z 5f405997 f winctrl2.obj
 0001:00004a22       ??1CListCtrl@@UAE@XZ       5f405a22 f winctrl2.obj
 0001:00004a92       ?GetItemRect@CListCtrl@@QBEHHPAUtagRECT@@I@Z 5f405a92 f winctrl2.obj
 0001:00004af9       ?InsertColumn@CListCtrl@@QAEHHPBDHHH@Z 5f405af9 f winctrl2.obj
 0001:00004b5c       ?InsertItem@CListCtrl@@QAEHIHPBDIIHJ@Z 5f405b5c f winctrl2.obj
 0001:00004bde       ?HitTest@CListCtrl@@QBEHVCPoint@@PAI@Z 5f405bde f winctrl2.obj
 0001:00004c5f       ?SetItem@CListCtrl@@QAEHHHIPBDHIIJ@Z 5f405c5f f winctrl2.obj
 0001:00004cec       ?GetItemText@CListCtrl@@QBE?AVCString@@HH@Z 5f405cec f winctrl2.obj
 0001:00004e12       ?GetItemText@CListCtrl@@QBEHHHPADH@Z 5f405e12 f winctrl2.obj
 0001:00004e93       ?GetItemData@CListCtrl@@QBEKH@Z 5f405e93 f winctrl2.obj
 0001:00004f30       ?DrawItem@CListCtrl@@UAEXPAUtagDRAWITEMSTRUCT@@@Z 5f405f30 f winctrl2.obj
 0001:00004f60       ?OnChildNotify@CListCtrl@@MAEHIIJPAJ@Z 5f405f60 f winctrl2.obj
 0001:00004fd8       ?RemoveImageList@CListCtrl@@IAEXH@Z 5f405fd8 f winctrl2.obj
 0001:0000502a       ?OnNcDestroy@CListCtrl@@IAEXXZ 5f40602a f winctrl2.obj
 0001:00005066       ?CreateDragImage@CListCtrl@@QAEPAVCImageList@@HPAUtagPOINT@@@Z 5f406066 f winctrl2.obj
 0001:0000513d       ?_GetBaseMessageMap@CTreeCtrl@@KGPBUAFX_MSGMAP@@XZ 5f40613d f winctrl2.obj
 0001:00005152       ?GetMessageMap@CTreeCtrl@@MBEPBUAFX_MSGMAP@@XZ 5f406152 f winctrl2.obj
 0001:0000516d       ?Create@CTreeCtrl@@QAEHKABUtagRECT@@PAVCWnd@@I@Z 5f40616d f winctrl2.obj
 0001:000051f8       ??1CTreeCtrl@@UAE@XZ       5f4061f8 f winctrl2.obj
 0001:00005268       ?GetItemRect@CTreeCtrl@@QBEHPAU_TREEITEM@@PAUtagRECT@@H@Z 5f406268 f winctrl2.obj
 0001:000052cf       ?GetItemText@CTreeCtrl@@QBE?AVCString@@PAU_TREEITEM@@@Z 5f4062cf f winctrl2.obj
 0001:000053f4       ?GetItemImage@CTreeCtrl@@QBEHPAU_TREEITEM@@AAH1@Z 5f4063f4 f winctrl2.obj
 0001:0000547e       ?GetItemState@CTreeCtrl@@QBEIPAU_TREEITEM@@I@Z 5f40647e f winctrl2.obj
 0001:00005518       ?GetItemData@CTreeCtrl@@QBEKPAU_TREEITEM@@@Z 5f406518 f winctrl2.obj
 0001:000055a5       ?ItemHasChildren@CTreeCtrl@@QBEHPAU_TREEITEM@@@Z 5f4065a5 f winctrl2.obj
 0001:00005612       ?SetItem@CTreeCtrl@@QAEHPAU_TREEITEM@@IPBDHHIIJ@Z 5f406612 f winctrl2.obj
 0001:0000569f       ?InsertItem@CTreeCtrl@@QAEPAU_TREEITEM@@IPBDHHIIJPAU2@1@Z 5f40669f f winctrl2.obj
 0001:00005732       ?HitTest@CTreeCtrl@@QBEPAU_TREEITEM@@VCPoint@@PAI@Z 5f406732 f winctrl2.obj
 0001:000057b3       ?RemoveImageList@CTreeCtrl@@IAEXH@Z 5f4067b3 f winctrl2.obj
 0001:00005805       ?OnDestroy@CTreeCtrl@@QAEXXZ 5f406805 f winctrl2.obj
 0001:00005837       ?CreateDragImage@CTreeCtrl@@QAEPAVCImageList@@PAU_TREEITEM@@@Z 5f406837 f winctrl2.obj
 0001:0000590c       ?Create@CSpinButtonCtrl@@QAEHKABUtagRECT@@PAVCWnd@@I@Z 5f40690c f winctrl2.obj
 0001:00005997       ??1CSpinButtonCtrl@@UAE@XZ 5f406997 f winctrl2.obj
 0001:00005a07       ?GetRange@CSpinButtonCtrl@@QBEXAAH0@Z 5f406a07 f winctrl2.obj
 0001:00005a81       ?Create@CSliderCtrl@@QAEHKABUtagRECT@@PAVCWnd@@I@Z 5f406a81 f winctrl2.obj
 0001:00005b0c       ??1CSliderCtrl@@UAE@XZ     5f406b0c f winctrl2.obj
 0001:00005b7c       ?GetRange@CSliderCtrl@@QBEXAAH0@Z 5f406b7c f winctrl2.obj
 0001:00005bdb       ?SetRange@CSliderCtrl@@QAEXHHH@Z 5f406bdb f winctrl2.obj
 0001:00005c13       ?GetSelection@CSliderCtrl@@QBEXAAH0@Z 5f406c13 f winctrl2.obj
 0001:00005c8e       ?SetSelection@CSliderCtrl@@QAEXHH@Z 5f406c8e f winctrl2.obj
 0001:00005d03       ?Create@CProgressCtrl@@QAEHKABUtagRECT@@PAVCWnd@@I@Z 5f406d03 f winctrl2.obj
 0001:00005d8e       ??1CProgressCtrl@@UAE@XZ   5f406d8e f winctrl2.obj
 0001:00005dfe       ?Create@CHeaderCtrl@@QAEHKABUtagRECT@@PAVCWnd@@I@Z 5f406dfe f winctrl2.obj
 0001:00005e89       ??1CHeaderCtrl@@UAE@XZ     5f406e89 f winctrl2.obj
 0001:00005ef9       ?DrawItem@CHeaderCtrl@@UAEXPAUtagDRAWITEMSTRUCT@@@Z 5f406ef9 f winctrl2.obj
 0001:00005f29       ?OnChildNotify@CHeaderCtrl@@MAEHIIJPAJ@Z 5f406f29 f winctrl2.obj
 0001:00005fa1       ?Create@CHotKeyCtrl@@QAEHKABUtagRECT@@PAVCWnd@@I@Z 5f406fa1 f winctrl2.obj
 0001:0000602c       ??1CHotKeyCtrl@@UAE@XZ     5f40702c f winctrl2.obj
 0001:0000609c       ?GetHotKey@CHotKeyCtrl@@QBEXAAG0@Z 5f40709c f winctrl2.obj
 0001:00006110       ?_GetBaseMessageMap@CTabCtrl@@KGPBUAFX_MSGMAP@@XZ 5f407110 f winctrl2.obj
 0001:00006125       ?GetMessageMap@CTabCtrl@@MBEPBUAFX_MSGMAP@@XZ 5f407125 f winctrl2.obj
 0001:00006140       ?Create@CTabCtrl@@QAEHKABUtagRECT@@PAVCWnd@@I@Z 5f407140 f winctrl2.obj
 0001:000061cb       ??1CTabCtrl@@UAE@XZ        5f4071cb f winctrl2.obj
 0001:0000623b       ?DrawItem@CTabCtrl@@UAEXPAUtagDRAWITEMSTRUCT@@@Z 5f40723b f winctrl2.obj
 0001:0000626b       ?OnChildNotify@CTabCtrl@@MAEHIIJPAJ@Z 5f40726b f winctrl2.obj
 0001:000062e3       ?OnDestroy@CTabCtrl@@IAEXXZ 5f4072e3 f winctrl2.obj
 0001:00006337       ?Create@CAnimateCtrl@@QAEHKABUtagRECT@@PAVCWnd@@I@Z 5f407337 f winctrl2.obj
 0001:000063c2       ??1CAnimateCtrl@@UAE@XZ    5f4073c2 f winctrl2.obj
 0001:00006432       ??1CRichEditCtrl@@UAE@XZ   5f407432 f winctrl2.obj
 0001:000064a2       ??0CImageList@@QAE@XZ      5f4074a2 f winctrl2.obj
 0001:0000651b       ??1CImageList@@UAE@XZ      5f40751b f winctrl2.obj
 0001:0000658b       ?Detach@CImageList@@QAEPAU_IMAGELIST@@XZ 5f40758b f winctrl2.obj
 0001:0000668f       ?DeleteImageList@CImageList@@QAEHXZ 5f40768f f winctrl2.obj
 0001:000066c8       ?DeleteTempMap@CImageList@@SGXXZ 5f4076c8 f winctrl2.obj
 0001:000066fa       ?FromHandle@CImageList@@SGPAV1@PAU_IMAGELIST@@@Z 5f4076fa f winctrl2.obj
 0001:00006781       ?FromHandlePermanent@CImageList@@SGPAV1@PAU_IMAGELIST@@@Z 5f407781 f winctrl2.obj
 0001:000067f7       ?Create@CImageList@@QAEHHHIHH@Z 5f4077f7 f winctrl2.obj
 0001:00006832       ?Create@CImageList@@QAEHIHHK@Z 5f407832 f winctrl2.obj
 0001:000068a7       ?Create@CImageList@@QAEHPBDHHK@Z 5f4078a7 f winctrl2.obj
 0001:000068ee       ?Create@CImageList@@QAEHAAV1@H0HHH@Z 5f4078ee f winctrl2.obj
 0001:00006933       ?Attach@CImageList@@QAEHPAU_IMAGELIST@@@Z 5f407933 f winctrl2.obj
 0001:000069fa       ?Read@CImageList@@QAEHPAVCArchive@@@Z 5f4079fa f winctrl2.obj
 0001:00006ab6       ?Write@CImageList@@QAEHPAVCArchive@@@Z 5f407ab6 f winctrl2.obj
 0001:00006b5a       ?Dump@CImageList@@UBEXAAVCDumpContext@@@Z 5f407b5a f winctrl2.obj
 0001:00006ba6       ?AssertValid@CImageList@@UBEXXZ 5f407ba6 f winctrl2.obj
 0001:00006c79       ??0CDragListBox@@QAE@XZ    5f407c79 f winctrl2.obj
 0001:00006cf2       ?ItemFromPt@CDragListBox@@QBEHVCPoint@@H@Z 5f407cf2 f winctrl2.obj
 0001:00006d4d       ??0CToolBarCtrl@@QAE@XZ    5f407d4d f winctrl2.obj
 0001:00006dbc       ?EnableButton@CToolBarCtrl@@QAEHHH@Z 5f407dbc f winctrl2.obj
 0001:00006e1d       ?CheckButton@CToolBarCtrl@@QAEHHH@Z 5f407e1d f winctrl2.obj
 0001:00006e7e       ?PressButton@CToolBarCtrl@@QAEHHH@Z 5f407e7e f winctrl2.obj
 0001:00006edf       ?HideButton@CToolBarCtrl@@QAEHHH@Z 5f407edf f winctrl2.obj
 0001:00006f40       ?Indeterminate@CToolBarCtrl@@QAEHHH@Z 5f407f40 f winctrl2.obj
 0001:00006fa1       ?IsButtonEnabled@CToolBarCtrl@@QBEHH@Z 5f407fa1 f winctrl2.obj
 0001:00006ffb       ?IsButtonChecked@CToolBarCtrl@@QBEHH@Z 5f407ffb f winctrl2.obj
 0001:00007055       ?IsButtonPressed@CToolBarCtrl@@QBEHH@Z 5f408055 f winctrl2.obj
 0001:000070af       ?IsButtonHidden@CToolBarCtrl@@QBEHH@Z 5f4080af f winctrl2.obj
 0001:00007109       ?IsButtonIndeterminate@CToolBarCtrl@@QBEHH@Z 5f408109 f winctrl2.obj
 0001:00007163       ?SetState@CToolBarCtrl@@QAEHHI@Z 5f408163 f winctrl2.obj
 0001:000071c4       ?GetState@CToolBarCtrl@@QBEHH@Z 5f4081c4 f winctrl2.obj
 0001:0000721e       ?AddButtons@CToolBarCtrl@@QAEHHPAU_TBBUTTON@@@Z 5f40821e f winctrl2.obj
 0001:0000727a       ?InsertButton@CToolBarCtrl@@QAEHHPAU_TBBUTTON@@@Z 5f40827a f winctrl2.obj
 0001:000072d6       ?DeleteButton@CToolBarCtrl@@QAEHH@Z 5f4082d6 f winctrl2.obj
 0001:00007330       ?GetButton@CToolBarCtrl@@QBEHHPAU_TBBUTTON@@@Z 5f408330 f winctrl2.obj
 0001:0000738c       ?GetButtonCount@CToolBarCtrl@@QBEHXZ 5f40838c f winctrl2.obj
 0001:000073e2       ?CommandToIndex@CToolBarCtrl@@QBEII@Z 5f4083e2 f winctrl2.obj
 0001:0000743c       ?Customize@CToolBarCtrl@@QAEXXZ 5f40843c f winctrl2.obj
 0001:00007492       ?AddStrings@CToolBarCtrl@@QAEHPBD@Z 5f408492 f winctrl2.obj
 0001:000074ec       ?GetItemRect@CToolBarCtrl@@QBEHHPAUtagRECT@@@Z 5f4084ec f winctrl2.obj
 0001:00007548       ?SetButtonStructSize@CToolBarCtrl@@QAEXH@Z 5f408548 f winctrl2.obj
 0001:000075a2       ?SetButtonSize@CToolBarCtrl@@QAEHVCSize@@@Z 5f4085a2 f winctrl2.obj
 0001:0000760f       ?SetBitmapSize@CToolBarCtrl@@QAEHVCSize@@@Z 5f40860f f winctrl2.obj
 0001:0000767c       ?AutoSize@CToolBarCtrl@@QAEXXZ 5f40867c f winctrl2.obj
 0001:000076d2       ?GetToolTips@CToolBarCtrl@@QBEPAVCToolTipCtrl@@XZ 5f4086d2 f winctrl2.obj
 0001:0000772e       ?SetToolTips@CToolBarCtrl@@QAEXPAVCToolTipCtrl@@@Z 5f40872e f winctrl2.obj
 0001:0000778b       ?SetOwner@CToolBarCtrl@@QAEXPAVCWnd@@@Z 5f40878b f winctrl2.obj
 0001:000077e8       ?SetRows@CToolBarCtrl@@QAEXHHPAUtagRECT@@@Z 5f4087e8 f winctrl2.obj
 0001:00007857       ?GetRows@CToolBarCtrl@@QBEHXZ 5f408857 f winctrl2.obj
 0001:000078ad       ?SetCmdID@CToolBarCtrl@@QAEHHI@Z 5f4088ad f winctrl2.obj
 0001:00007909       ?GetBitmapFlags@CToolBarCtrl@@QBEIXZ 5f408909 f winctrl2.obj
 0001:0000795f       ??0CStatusBarCtrl@@QAE@XZ  5f40895f f winctrl2.obj
 0001:000079ce       ?SetText@CStatusBarCtrl@@QAEHPBDHH@Z 5f4089ce f winctrl2.obj
 0001:00007a4f       ?SetParts@CStatusBarCtrl@@QAEHHPAH@Z 5f408a4f f winctrl2.obj
 0001:00007aab       ?GetParts@CStatusBarCtrl@@QBEHHPAH@Z 5f408aab f winctrl2.obj
 0001:00007b07       ?GetBorders@CStatusBarCtrl@@QBEHPAH@Z 5f408b07 f winctrl2.obj
 0001:00007b61       ?SetMinHeight@CStatusBarCtrl@@QAEXH@Z 5f408b61 f winctrl2.obj
 0001:00007bbb       ?SetSimple@CStatusBarCtrl@@QAEHH@Z 5f408bbb f winctrl2.obj
 0001:00007c15       ?GetRect@CStatusBarCtrl@@QBEHHPAUtagRECT@@@Z 5f408c15 f winctrl2.obj
 0001:00007c71       ??0CListCtrl@@QAE@XZ       5f408c71 f winctrl2.obj
 0001:00007ce0       ?GetBkColor@CListCtrl@@QBEKXZ 5f408ce0 f winctrl2.obj
 0001:00007d36       ?SetBkColor@CListCtrl@@QAEHK@Z 5f408d36 f winctrl2.obj
 0001:00007d90       ?GetImageList@CListCtrl@@QBEPAVCImageList@@H@Z 5f408d90 f winctrl2.obj
 0001:00007df0       ?SetImageList@CListCtrl@@QAEPAVCImageList@@PAV2@H@Z 5f408df0 f winctrl2.obj
 0001:00007e57       ?GetItemCount@CListCtrl@@QBEHXZ 5f408e57 f winctrl2.obj
 0001:00007ead       ?GetItem@CListCtrl@@QBEHPAUtagLVITEMA@@@Z 5f408ead f winctrl2.obj
 0001:00007f07       ?SetItem@CListCtrl@@QAEHPBUtagLVITEMA@@@Z 5f408f07 f winctrl2.obj
 0001:00007f61       ?SetItemState@CListCtrl@@QAEHHII@Z 5f408f61 f winctrl2.obj
 0001:00007fc4       ?SetItemText@CListCtrl@@QAEHHHPBD@Z 5f408fc4 f winctrl2.obj
 0001:00008027       ?SetItemData@CListCtrl@@QAEHHK@Z 5f409027 f winctrl2.obj
 0001:00008088       ?InsertItem@CListCtrl@@QAEHPBUtagLVITEMA@@@Z 5f409088 f winctrl2.obj
 0001:000080e5       ?InsertItem@CListCtrl@@QAEHHPBD@Z 5f4090e5 f winctrl2.obj
 0001:00008144       ?InsertItem@CListCtrl@@QAEHHPBDH@Z 5f409144 f winctrl2.obj
 0001:000081a5       ?DeleteItem@CListCtrl@@QAEHH@Z 5f4091a5 f winctrl2.obj
 0001:00008202       ?DeleteAllItems@CListCtrl@@QAEHXZ 5f409202 f winctrl2.obj
 0001:0000825b       ?GetCallbackMask@CListCtrl@@QBEIXZ 5f40925b f winctrl2.obj
 0001:000082b4       ?SetCallbackMask@CListCtrl@@QAEHI@Z 5f4092b4 f winctrl2.obj
 0001:00008311       ?GetNextItem@CListCtrl@@QBEHHH@Z 5f409311 f winctrl2.obj
 0001:00008375       ?FindItem@CListCtrl@@QBEHPAUtagLVFINDINFOA@@H@Z 5f409375 f winctrl2.obj
 0001:000083d4       ?HitTest@CListCtrl@@QBEHPAUtagLVHITTESTINFO@@@Z 5f4093d4 f winctrl2.obj
 0001:00008431       ?SetItemPosition@CListCtrl@@QAEHHUtagPOINT@@@Z 5f409431 f winctrl2.obj
 0001:00008490       ?GetItemPosition@CListCtrl@@QBEHHPAUtagPOINT@@@Z 5f409490 f winctrl2.obj
 0001:000084ef       ?GetStringWidth@CListCtrl@@QBEHPBD@Z 5f4094ef f winctrl2.obj
 0001:0000854c       ?EnsureVisible@CListCtrl@@QAEHHH@Z 5f40954c f winctrl2.obj
 0001:000085b0       ?Scroll@CListCtrl@@QAEHVCSize@@@Z 5f4095b0 f winctrl2.obj
 0001:0000860f       ?RedrawItems@CListCtrl@@QAEHHH@Z 5f40960f f winctrl2.obj
 0001:0000866e       ?Arrange@CListCtrl@@QAEHI@Z 5f40966e f winctrl2.obj
 0001:000086cb       ?EditLabel@CListCtrl@@QAEPAVCEdit@@H@Z 5f4096cb f winctrl2.obj
 0001:0000872e       ?GetEditControl@CListCtrl@@QBEPAVCEdit@@XZ 5f40972e f winctrl2.obj
 0001:0000878d       ?GetColumn@CListCtrl@@QBEHHPAUtagLVCOLUMNA@@@Z 5f40978d f winctrl2.obj
 0001:000087ec       ?SetColumn@CListCtrl@@QAEHHPBUtagLVCOLUMNA@@@Z 5f4097ec f winctrl2.obj
 0001:0000884b       ?InsertColumn@CListCtrl@@QAEHHPBUtagLVCOLUMNA@@@Z 5f40984b f winctrl2.obj
 0001:000088aa       ?DeleteColumn@CListCtrl@@QAEHH@Z 5f4098aa f winctrl2.obj
 0001:00008907       ?GetColumnWidth@CListCtrl@@QBEHH@Z 5f409907 f winctrl2.obj
 0001:00008964       ?SetColumnWidth@CListCtrl@@QAEHHH@Z 5f409964 f winctrl2.obj
 0001:000089c8       ?GetViewRect@CListCtrl@@QBEHPAUtagRECT@@@Z 5f4099c8 f winctrl2.obj
 0001:00008a25       ?GetTextColor@CListCtrl@@QBEKXZ 5f409a25 f winctrl2.obj
 0001:00008a7e       ?SetTextColor@CListCtrl@@QAEHK@Z 5f409a7e f winctrl2.obj
 0001:00008adb       ?GetTextBkColor@CListCtrl@@QBEKXZ 5f409adb f winctrl2.obj
 0001:00008b34       ?SetTextBkColor@CListCtrl@@QAEHK@Z 5f409b34 f winctrl2.obj
 0001:00008b91       ?GetTopIndex@CListCtrl@@QBEHXZ 5f409b91 f winctrl2.obj
 0001:00008bea       ?GetCountPerPage@CListCtrl@@QBEHXZ 5f409bea f winctrl2.obj
 0001:00008c43       ?GetOrigin@CListCtrl@@QBEHPAUtagPOINT@@@Z 5f409c43 f winctrl2.obj
 0001:00008ca0       ?Update@CListCtrl@@QAEHH@Z 5f409ca0 f winctrl2.obj
 0001:00008cfd       ?SetItemState@CListCtrl@@QAEHHPAUtagLVITEMA@@@Z 5f409cfd f winctrl2.obj
 0001:00008d5c       ?GetItemState@CListCtrl@@QBEIHI@Z 5f409d5c f winctrl2.obj
 0001:00008dbb       ?SetItemCount@CListCtrl@@QAEXH@Z 5f409dbb f winctrl2.obj
 0001:00008e18       ?SortItems@CListCtrl@@QAEHP6GHJJJ@ZK@Z 5f409e18 f winctrl2.obj
 0001:00008e77       ?GetSelectedCount@CListCtrl@@QBEIXZ 5f409e77 f winctrl2.obj
 0001:00008ed0       ??0CTreeCtrl@@QAE@XZ       5f409ed0 f winctrl2.obj
 0001:00008f3f       ?InsertItem@CTreeCtrl@@QAEPAU_TREEITEM@@PAUtagTVINSERTSTRUCTA@@@Z 5f409f3f f winctrl2.obj
 0001:00008f9c       ?InsertItem@CTreeCtrl@@QAEPAU_TREEITEM@@PBDHHPAU2@1@Z 5f409f9c f winctrl2.obj
 0001:00009005       ?InsertItem@CTreeCtrl@@QAEPAU_TREEITEM@@PBDPAU2@1@Z 5f40a005 f winctrl2.obj
 0001:0000906a       ?DeleteItem@CTreeCtrl@@QAEHPAU_TREEITEM@@@Z 5f40a06a f winctrl2.obj
 0001:000090c7       ?DeleteAllItems@CTreeCtrl@@QAEHXZ 5f40a0c7 f winctrl2.obj
 0001:00009123       ?Expand@CTreeCtrl@@QAEHPAU_TREEITEM@@I@Z 5f40a123 f winctrl2.obj
 0001:00009182       ?GetCount@CTreeCtrl@@QBEIXZ 5f40a182 f winctrl2.obj
 0001:000091db       ?GetIndent@CTreeCtrl@@QBEIXZ 5f40a1db f winctrl2.obj
 0001:00009234       ?SetIndent@CTreeCtrl@@QAEXI@Z 5f40a234 f winctrl2.obj
 0001:00009291       ?GetImageList@CTreeCtrl@@QBEPAVCImageList@@I@Z 5f40a291 f winctrl2.obj
 0001:000092f4       ?SetImageList@CTreeCtrl@@QAEPAVCImageList@@PAV2@H@Z 5f40a2f4 f winctrl2.obj
 0001:0000935e       ?GetNextItem@CTreeCtrl@@QBEPAU_TREEITEM@@PAU2@I@Z 5f40a35e f winctrl2.obj
 0001:000093bd       ?GetChildItem@CTreeCtrl@@QBEPAU_TREEITEM@@PAU2@@Z 5f40a3bd f winctrl2.obj
 0001:0000941a       ?GetNextSiblingItem@CTreeCtrl@@QBEPAU_TREEITEM@@PAU2@@Z 5f40a41a f winctrl2.obj
 0001:00009477       ?GetPrevSiblingItem@CTreeCtrl@@QBEPAU_TREEITEM@@PAU2@@Z 5f40a477 f winctrl2.obj
 0001:000094d4       ?GetParentItem@CTreeCtrl@@QBEPAU_TREEITEM@@PAU2@@Z 5f40a4d4 f winctrl2.obj
 0001:00009531       ?GetFirstVisibleItem@CTreeCtrl@@QBEPAU_TREEITEM@@XZ 5f40a531 f winctrl2.obj
 0001:0000958a       ?GetNextVisibleItem@CTreeCtrl@@QBEPAU_TREEITEM@@PAU2@@Z 5f40a58a f winctrl2.obj
 0001:000095e7       ?GetPrevVisibleItem@CTreeCtrl@@QBEPAU_TREEITEM@@PAU2@@Z 5f40a5e7 f winctrl2.obj
 0001:00009644       ?GetSelectedItem@CTreeCtrl@@QBEPAU_TREEITEM@@XZ 5f40a644 f winctrl2.obj
 0001:0000969d       ?GetDropHilightItem@CTreeCtrl@@QBEPAU_TREEITEM@@XZ 5f40a69d f winctrl2.obj
 0001:000096f6       ?GetRootItem@CTreeCtrl@@QBEPAU_TREEITEM@@XZ 5f40a6f6 f winctrl2.obj
 0001:0000974f       ?Select@CTreeCtrl@@QAEHPAU_TREEITEM@@I@Z 5f40a74f f winctrl2.obj
 0001:000097ae       ?SelectItem@CTreeCtrl@@QAEHPAU_TREEITEM@@@Z 5f40a7ae f winctrl2.obj
 0001:0000980b       ?SelectDropTarget@CTreeCtrl@@QAEHPAU_TREEITEM@@@Z 5f40a80b f winctrl2.obj
 0001:00009868       ?SelectSetFirstVisible@CTreeCtrl@@QAEHPAU_TREEITEM@@@Z 5f40a868 f winctrl2.obj
 0001:000098c5       ?GetItem@CTreeCtrl@@QBEHPAUtagTVITEMA@@@Z 5f40a8c5 f winctrl2.obj
 0001:00009922       ?SetItem@CTreeCtrl@@QAEHPAUtagTVITEMA@@@Z 5f40a922 f winctrl2.obj
 0001:0000997f       ?SetItemText@CTreeCtrl@@QAEHPAU_TREEITEM@@PBD@Z 5f40a97f f winctrl2.obj
 0001:000099e0       ?SetItemImage@CTreeCtrl@@QAEHPAU_TREEITEM@@HH@Z 5f40a9e0 f winctrl2.obj
 0001:00009a43       ?SetItemState@CTreeCtrl@@QAEHPAU_TREEITEM@@II@Z 5f40aa43 f winctrl2.obj
 0001:00009aa6       ?SetItemData@CTreeCtrl@@QAEHPAU_TREEITEM@@K@Z 5f40aaa6 f winctrl2.obj
 0001:00009b07       ?EditLabel@CTreeCtrl@@QAEPAVCEdit@@PAU_TREEITEM@@@Z 5f40ab07 f winctrl2.obj
 0001:00009b6a       ?HitTest@CTreeCtrl@@QBEPAU_TREEITEM@@PAUtagTVHITTESTINFO@@@Z 5f40ab6a f winctrl2.obj
 0001:00009bc7       ?GetEditControl@CTreeCtrl@@QBEPAVCEdit@@XZ 5f40abc7 f winctrl2.obj
 0001:00009c26       ?GetVisibleCount@CTreeCtrl@@QBEIXZ 5f40ac26 f winctrl2.obj
 0001:00009c7f       ?SortChildren@CTreeCtrl@@QAEHPAU_TREEITEM@@@Z 5f40ac7f f winctrl2.obj
 0001:00009cdc       ?EnsureVisible@CTreeCtrl@@QAEHPAU_TREEITEM@@@Z 5f40acdc f winctrl2.obj
 0001:00009d39       ?SortChildrenCB@CTreeCtrl@@QAEHPAUtagTVSORTCB@@@Z 5f40ad39 f winctrl2.obj
 0001:00009d96       ??0CHotKeyCtrl@@QAE@XZ     5f40ad96 f winctrl2.obj
 0001:00009e05       ?SetHotKey@CHotKeyCtrl@@QAEXGG@Z 5f40ae05 f winctrl2.obj
 0001:00009e71       ?GetHotKey@CHotKeyCtrl@@QBEKXZ 5f40ae71 f winctrl2.obj
 0001:00009eca       ?SetRules@CHotKeyCtrl@@QAEXGG@Z 5f40aeca f winctrl2.obj
 0001:00009f33       ?Activate@CToolTipCtrl@@QAEXH@Z 5f40af33 f winctrl2.obj
 0001:00009f90       ?SetToolInfo@CToolTipCtrl@@QAEXPAUtagTOOLINFOA@@@Z 5f40af90 f winctrl2.obj
 0001:00009fed       ?RelayEvent@CToolTipCtrl@@QAEXPAUtagMSG@@@Z 5f40afed f winctrl2.obj
 0001:0000a04a       ?SetDelayTime@CToolTipCtrl@@QAEXI@Z 5f40b04a f winctrl2.obj
 0001:0000a0a7       ?GetToolCount@CToolTipCtrl@@QBEHXZ 5f40b0a7 f winctrl2.obj
 0001:0000a100       ??0CSpinButtonCtrl@@QAE@XZ 5f40b100 f winctrl2.obj
 0001:0000a16f       ?GetAccel@CSpinButtonCtrl@@QBEIHPAU_UDACCEL@@@Z 5f40b16f f winctrl2.obj
 0001:0000a1d1       ?GetBase@CSpinButtonCtrl@@QBEIXZ 5f40b1d1 f winctrl2.obj
 0001:0000a22d       ?GetBuddy@CSpinButtonCtrl@@QBEPAVCWnd@@XZ 5f40b22d f winctrl2.obj
 0001:0000a28c       ?GetPos@CSpinButtonCtrl@@QBEHXZ 5f40b28c f winctrl2.obj
 0001:0000a2e8       ?GetRange@CSpinButtonCtrl@@QBEKXZ 5f40b2e8 f winctrl2.obj
 0001:0000a341       ?SetAccel@CSpinButtonCtrl@@QAEHHPAU_UDACCEL@@@Z 5f40b341 f winctrl2.obj
 0001:0000a3a3       ?SetBase@CSpinButtonCtrl@@QAEHH@Z 5f40b3a3 f winctrl2.obj
 0001:0000a400       ?SetBuddy@CSpinButtonCtrl@@QAEPAVCWnd@@PAV2@@Z 5f40b400 f winctrl2.obj
 0001:0000a466       ?SetPos@CSpinButtonCtrl@@QAEHH@Z 5f40b466 f winctrl2.obj
 0001:0000a4cb       ?SetRange@CSpinButtonCtrl@@QAEXHH@Z 5f40b4cb f winctrl2.obj
 0001:0000a53b       ??0CSliderCtrl@@QAE@XZ     5f40b53b f winctrl2.obj
 0001:0000a5aa       ?GetLineSize@CSliderCtrl@@QBEHXZ 5f40b5aa f winctrl2.obj
 0001:0000a603       ?SetLineSize@CSliderCtrl@@QAEHH@Z 5f40b603 f winctrl2.obj
 0001:0000a660       ?GetPageSize@CSliderCtrl@@QBEHXZ 5f40b660 f winctrl2.obj
 0001:0000a6b9       ?SetPageSize@CSliderCtrl@@QAEHH@Z 5f40b6b9 f winctrl2.obj
 0001:0000a716       ?GetRangeMax@CSliderCtrl@@QBEHXZ 5f40b716 f winctrl2.obj
 0001:0000a76f       ?GetRangeMin@CSliderCtrl@@QBEHXZ 5f40b76f f winctrl2.obj
 0001:0000a7c8       ?SetRangeMin@CSliderCtrl@@QAEXHH@Z 5f40b7c8 f winctrl2.obj
 0001:0000a827       ?SetRangeMax@CSliderCtrl@@QAEXHH@Z 5f40b827 f winctrl2.obj
 0001:0000a886       ?ClearSel@CSliderCtrl@@QAEXH@Z 5f40b886 f winctrl2.obj
 0001:0000a8e3       ?GetChannelRect@CSliderCtrl@@QBEXPAUtagRECT@@@Z 5f40b8e3 f winctrl2.obj
 0001:0000a940       ?GetThumbRect@CSliderCtrl@@QBEXPAUtagRECT@@@Z 5f40b940 f winctrl2.obj
 0001:0000a99d       ?GetPos@CSliderCtrl@@QBEHXZ 5f40b99d f winctrl2.obj
 0001:0000a9f6       ?SetPos@CSliderCtrl@@QAEXH@Z 5f40b9f6 f winctrl2.obj
 0001:0000aa53       ?VerifyPos@CSliderCtrl@@QAEXXZ 5f40ba53 f winctrl2.obj
 0001:0000aaac       ?ClearTics@CSliderCtrl@@QAEXH@Z 5f40baac f winctrl2.obj
 0001:0000ab09       ?GetNumTics@CSliderCtrl@@QBEIXZ 5f40bb09 f winctrl2.obj
 0001:0000ab62       ?GetTicArray@CSliderCtrl@@QBEPAKXZ 5f40bb62 f winctrl2.obj
 0001:0000abbb       ?GetTic@CSliderCtrl@@QBEHH@Z 5f40bbbb f winctrl2.obj
 0001:0000ac18       ?GetTicPos@CSliderCtrl@@QBEHH@Z 5f40bc18 f winctrl2.obj
 0001:0000ac75       ?SetTic@CSliderCtrl@@QAEHH@Z 5f40bc75 f winctrl2.obj
 0001:0000acd2       ?SetTicFreq@CSliderCtrl@@QAEXH@Z 5f40bcd2 f winctrl2.obj
 0001:0000ad2f       ??0CProgressCtrl@@QAE@XZ   5f40bd2f f winctrl2.obj
 0001:0000ad9e       ?SetRange@CProgressCtrl@@QAEXHH@Z 5f40bd9e f winctrl2.obj
 0001:0000ae0e       ?SetPos@CProgressCtrl@@QAEHH@Z 5f40be0e f winctrl2.obj
 0001:0000ae6e       ?OffsetPos@CProgressCtrl@@QAEHH@Z 5f40be6e f winctrl2.obj
 0001:0000aece       ?SetStep@CProgressCtrl@@QAEHH@Z 5f40bece f winctrl2.obj
 0001:0000af2e       ?StepIt@CProgressCtrl@@QAEHXZ 5f40bf2e f winctrl2.obj
 0001:0000af8a       ??0CHeaderCtrl@@QAE@XZ     5f40bf8a f winctrl2.obj
 0001:0000aff9       ?GetItemCount@CHeaderCtrl@@QBEHXZ 5f40bff9 f winctrl2.obj
 0001:0000b052       ?InsertItem@CHeaderCtrl@@QAEHHPAU_HD_ITEMA@@@Z 5f40c052 f winctrl2.obj
 0001:0000b0b1       ?DeleteItem@CHeaderCtrl@@QAEHH@Z 5f40c0b1 f winctrl2.obj
 0001:0000b10e       ?GetItem@CHeaderCtrl@@QBEHHPAU_HD_ITEMA@@@Z 5f40c10e f winctrl2.obj
 0001:0000b16d       ?SetItem@CHeaderCtrl@@QAEHHPAU_HD_ITEMA@@@Z 5f40c16d f winctrl2.obj
 0001:0000b1cc       ?Layout@CHeaderCtrl@@QAEHPAU_HD_LAYOUT@@@Z 5f40c1cc f winctrl2.obj
 0001:0000b229       ??BCImageList@@QBEPAU_IMAGELIST@@XZ 5f40c229 f winctrl2.obj
 0001:0000b245       ?GetSafeHandle@CImageList@@QBEPAU_IMAGELIST@@XZ 5f40c245 f winctrl2.obj
 0001:0000b272       ?GetImageCount@CImageList@@QBEHXZ 5f40c272 f winctrl2.obj
 0001:0000b2ba       ?Add@CImageList@@QAEHPAVCBitmap@@0@Z 5f40c2ba f winctrl2.obj
 0001:0000b316       ?Add@CImageList@@QAEHPAVCBitmap@@K@Z 5f40c316 f winctrl2.obj
 0001:0000b36d       ?Remove@CImageList@@QAEHH@Z 5f40c36d f winctrl2.obj
 0001:0000b3bb       ?Replace@CImageList@@QAEHHPAVCBitmap@@0@Z 5f40c3bb f winctrl2.obj
 0001:0000b41b       ?Add@CImageList@@QAEHPAUHICON__@@@Z 5f40c41b f winctrl2.obj
 0001:0000b46b       ?Replace@CImageList@@QAEHHPAUHICON__@@@Z 5f40c46b f winctrl2.obj
 0001:0000b4bd       ?ExtractIconA@CImageList@@QAEPAUHICON__@@H@Z 5f40c4bd f winctrl2.obj
 0001:0000b50d       ?Draw@CImageList@@QAEHPAVCDC@@HUtagPOINT@@I@Z 5f40c50d f winctrl2.obj
 0001:0000b592       ?SetBkColor@CImageList@@QAEKK@Z 5f40c592 f winctrl2.obj
 0001:0000b5e0       ?GetBkColor@CImageList@@QBEKXZ 5f40c5e0 f winctrl2.obj
 0001:0000b628       ?SetOverlayImage@CImageList@@QAEHHH@Z 5f40c628 f winctrl2.obj
 0001:0000b67a       ?GetImageInfo@CImageList@@QBEHHPAU_IMAGEINFO@@@Z 5f40c67a f winctrl2.obj
 0001:0000b6cc       ?BeginDrag@CImageList@@QAEHHVCPoint@@@Z 5f40c6cc f winctrl2.obj
 0001:0000b722       ?EndDrag@CImageList@@SGXXZ 5f40c722 f winctrl2.obj
 0001:0000b738       ?DragMove@CImageList@@SGHVCPoint@@@Z 5f40c738 f winctrl2.obj
 0001:0000b758       ?SetDragCursorImage@CImageList@@QAEHHVCPoint@@@Z 5f40c758 f winctrl2.obj
 0001:0000b7ae       ?DragShowNolock@CImageList@@SGHH@Z 5f40c7ae f winctrl2.obj
 0001:0000b7ca       ?GetDragImage@CImageList@@SGPAV1@PAUtagPOINT@@0@Z 5f40c7ca f winctrl2.obj
 0001:0000b7f0       ?DragEnter@CImageList@@SGHPAVCWnd@@VCPoint@@@Z 5f40c7f0 f winctrl2.obj
 0001:0000b819       ?DragLeave@CImageList@@SGHPAVCWnd@@@Z 5f40c819 f winctrl2.obj
 0001:0000b83a       ??0CTabCtrl@@QAE@XZ        5f40c83a f winctrl2.obj
 0001:0000b8a9       ?GetImageList@CTabCtrl@@QBEPAVCImageList@@XZ 5f40c8a9 f winctrl2.obj
 0001:0000b908       ?SetImageList@CTabCtrl@@QAEPAVCImageList@@PAV2@@Z 5f40c908 f winctrl2.obj
 0001:0000b970       ?GetItemCount@CTabCtrl@@QBEHXZ 5f40c970 f winctrl2.obj
 0001:0000b9c9       ?GetItem@CTabCtrl@@QBEHHPAUtagTCITEMA@@@Z 5f40c9c9 f winctrl2.obj
 0001:0000ba28       ?SetItem@CTabCtrl@@QAEHHPAUtagTCITEMA@@@Z 5f40ca28 f winctrl2.obj
 0001:0000ba87       ?InsertItem@CTabCtrl@@QAEHHPAUtagTCITEMA@@@Z 5f40ca87 f winctrl2.obj
 0001:0000bae6       ?DeleteItem@CTabCtrl@@QAEHH@Z 5f40cae6 f winctrl2.obj
 0001:0000bb43       ?DeleteAllItems@CTabCtrl@@QAEHXZ 5f40cb43 f winctrl2.obj
 0001:0000bb9c       ?GetItemRect@CTabCtrl@@QBEHHPAUtagRECT@@@Z 5f40cb9c f winctrl2.obj
 0001:0000bbfb       ?GetCurSel@CTabCtrl@@QBEHXZ 5f40cbfb f winctrl2.obj
 0001:0000bc54       ?SetCurSel@CTabCtrl@@QAEHH@Z 5f40cc54 f winctrl2.obj
 0001:0000bcb1       ?HitTest@CTabCtrl@@QBEHPAUtagTCHITTESTINFO@@@Z 5f40ccb1 f winctrl2.obj
 0001:0000bd0e       ?AdjustRect@CTabCtrl@@QAEXHPAUtagRECT@@@Z 5f40cd0e f winctrl2.obj
 0001:0000bd6d       ?SetItemSize@CTabCtrl@@QAE?AVCSize@@V2@@Z 5f40cd6d f winctrl2.obj
 0001:0000bde9       ?RemoveImage@CTabCtrl@@QAEXH@Z 5f40cde9 f winctrl2.obj
 0001:0000be46       ?SetPadding@CTabCtrl@@QAEXVCSize@@@Z 5f40ce46 f winctrl2.obj
 0001:0000beb6       ?GetRowCount@CTabCtrl@@QBEHXZ 5f40ceb6 f winctrl2.obj
 0001:0000bf0f       ?GetTooltips@CTabCtrl@@QBEPAVCToolTipCtrl@@XZ 5f40cf0f f winctrl2.obj
 0001:0000bf6e       ?SetTooltips@CTabCtrl@@QAEXPAVCToolTipCtrl@@@Z 5f40cf6e f winctrl2.obj
 0001:0000bfce       ?GetCurFocus@CTabCtrl@@QBEHXZ 5f40cfce f winctrl2.obj
 0001:0000c027       ??0CAnimateCtrl@@QAE@XZ    5f40d027 f winctrl2.obj
 0001:0000c096       ?Open@CAnimateCtrl@@QAEHPBD@Z 5f40d096 f winctrl2.obj
 0001:0000c0f3       ?Open@CAnimateCtrl@@QAEHI@Z 5f40d0f3 f winctrl2.obj
 0001:0000c150       ?Play@CAnimateCtrl@@QAEHIII@Z 5f40d150 f winctrl2.obj
 0001:0000c1c2       ?Stop@CAnimateCtrl@@QAEHXZ 5f40d1c2 f winctrl2.obj
 0001:0000c21b       ?Close@CAnimateCtrl@@QAEHXZ 5f40d21b f winctrl2.obj
 0001:0000c274       ?Seek@CAnimateCtrl@@QAEHI@Z 5f40d274 f winctrl2.obj
 0001:0000c2e4       ??0CRichEditCtrl@@QAE@XZ   5f40d2e4 f winctrl2.obj
 0001:0000c353       ?CanUndo@CRichEditCtrl@@QBEHXZ 5f40d353 f winctrl2.obj
 0001:0000c3ac       ?GetLineCount@CRichEditCtrl@@QBEHXZ 5f40d3ac f winctrl2.obj
 0001:0000c405       ?GetModify@CRichEditCtrl@@QBEHXZ 5f40d405 f winctrl2.obj
 0001:0000c45e       ?SetModify@CRichEditCtrl@@QAEXH@Z 5f40d45e f winctrl2.obj
 0001:0000c4bb       ?GetRect@CRichEditCtrl@@QBEXPAUtagRECT@@@Z 5f40d4bb f winctrl2.obj
 0001:0000c518       ?GetCharPos@CRichEditCtrl@@QBE?AVCPoint@@J@Z 5f40d518 f winctrl2.obj
 0001:0000c590       ?SetOptions@CRichEditCtrl@@QAEXGK@Z 5f40d590 f winctrl2.obj
 0001:0000c5f4       ?EmptyUndoBuffer@CRichEditCtrl@@QAEXXZ 5f40d5f4 f winctrl2.obj
 0001:0000c64d       ?ReplaceSel@CRichEditCtrl@@QAEXPBDH@Z 5f40d64d f winctrl2.obj
 0001:0000c6ac       ?SetRect@CRichEditCtrl@@QAEXPBUtagRECT@@@Z 5f40d6ac f winctrl2.obj
 0001:0000c709       ?Undo@CRichEditCtrl@@QAEHXZ 5f40d709 f winctrl2.obj
 0001:0000c762       ?Clear@CRichEditCtrl@@QAEXXZ 5f40d762 f winctrl2.obj
 0001:0000c7bb       ?Copy@CRichEditCtrl@@QAEXXZ 5f40d7bb f winctrl2.obj
 0001:0000c814       ?Cut@CRichEditCtrl@@QAEXXZ 5f40d814 f winctrl2.obj
 0001:0000c86d       ?Paste@CRichEditCtrl@@QAEXXZ 5f40d86d f winctrl2.obj
 0001:0000c8c6       ?SetReadOnly@CRichEditCtrl@@QAEHH@Z 5f40d8c6 f winctrl2.obj
 0001:0000c923       ?GetFirstVisibleLine@CRichEditCtrl@@QBEHXZ 5f40d923 f winctrl2.obj
 0001:0000c97c       ?DisplayBand@CRichEditCtrl@@QAEHPAUtagRECT@@@Z 5f40d97c f winctrl2.obj
 0001:0000c9d9       ?GetSel@CRichEditCtrl@@QBEXAAU_charrange@@@Z 5f40d9d9 f winctrl2.obj
 0001:0000ca36       ?LimitText@CRichEditCtrl@@QAEXJ@Z 5f40da36 f winctrl2.obj
 0001:0000ca93       ?LineFromChar@CRichEditCtrl@@QBEJJ@Z 5f40da93 f winctrl2.obj
 0001:0000caf0       ?SetSel@CRichEditCtrl@@QAEXAAU_charrange@@@Z 5f40daf0 f winctrl2.obj
 0001:0000cb4d       ?FindTextA@CRichEditCtrl@@QBEJKPAU_findtextexa@@@Z 5f40db4d f winctrl2.obj
 0001:0000cbac       ?FormatRange@CRichEditCtrl@@QAEJPAU_formatrange@@H@Z 5f40dbac f winctrl2.obj
 0001:0000cc0b       ?GetEventMask@CRichEditCtrl@@QBEJXZ 5f40dc0b f winctrl2.obj
 0001:0000cc64       ?GetLimitText@CRichEditCtrl@@QBEJXZ 5f40dc64 f winctrl2.obj
 0001:0000ccbd       ?GetSelText@CRichEditCtrl@@QBEJPAD@Z 5f40dcbd f winctrl2.obj
 0001:0000cd1a       ?HideSelection@CRichEditCtrl@@QAEXHH@Z 5f40dd1a f winctrl2.obj
 0001:0000cd79       ?RequestResize@CRichEditCtrl@@QAEXXZ 5f40dd79 f winctrl2.obj
 0001:0000cdd2       ?GetSelectionType@CRichEditCtrl@@QBEGXZ 5f40ddd2 f winctrl2.obj
 0001:0000ce2b       ?SetBackgroundColor@CRichEditCtrl@@QAEKHK@Z 5f40de2b f winctrl2.obj
 0001:0000ce8a       ?SetEventMask@CRichEditCtrl@@QAEKK@Z 5f40de8a f winctrl2.obj
 0001:0000cee7       ?SetOLECallback@CRichEditCtrl@@QAEHPAUIRichEditOleCallback@@@Z 5f40dee7 f winctrl2.obj
 0001:0000cf44       ?SetTargetDevice@CRichEditCtrl@@QAEHPAUHDC__@@J@Z 5f40df44 f winctrl2.obj
 0001:0000cfa3       ?SetTargetDevice@CRichEditCtrl@@QAEHAAVCDC@@J@Z 5f40dfa3 f winctrl2.obj
 0001:0000d005       ?StreamIn@CRichEditCtrl@@QAEJHAAU_editstream@@@Z 5f40e005 f winctrl2.obj
 0001:0000d064       ?StreamOut@CRichEditCtrl@@QAEJHAAU_editstream@@@Z 5f40e064 f winctrl2.obj
 0001:0000d0c3       ?GetTextLength@CRichEditCtrl@@QBEJXZ 5f40e0c3 f winctrl2.obj
 0001:0000d120       ??_GCDragListBox@@UAEPAXI@Z 5f40e120 f winctrl2.obj
 0001:0000d160       ??_GCToolBarCtrl@@UAEPAXI@Z 5f40e160 f winctrl2.obj
 0001:0000d1a0       ??_GCStatusBarCtrl@@UAEPAXI@Z 5f40e1a0 f winctrl2.obj
 0001:0000d1e0       ??_GCListCtrl@@UAEPAXI@Z   5f40e1e0 f winctrl2.obj
 0001:0000d220       ??_GCTreeCtrl@@UAEPAXI@Z   5f40e220 f winctrl2.obj
 0001:0000d260       ??_GCSpinButtonCtrl@@UAEPAXI@Z 5f40e260 f winctrl2.obj
 0001:0000d2a0       ??_GCSliderCtrl@@UAEPAXI@Z 5f40e2a0 f winctrl2.obj
 0001:0000d2e0       ??_GCProgressCtrl@@UAEPAXI@Z 5f40e2e0 f winctrl2.obj
 0001:0000d320       ??_GCHeaderCtrl@@UAEPAXI@Z 5f40e320 f winctrl2.obj
 0001:0000d360       ??_GCHotKeyCtrl@@UAEPAXI@Z 5f40e360 f winctrl2.obj
 0001:0000d3a0       ??_GCTabCtrl@@UAEPAXI@Z    5f40e3a0 f winctrl2.obj
 0001:0000d3e0       ??_GCAnimateCtrl@@UAEPAXI@Z 5f40e3e0 f winctrl2.obj
 0001:0000d420       ??_GCRichEditCtrl@@UAEPAXI@Z 5f40e420 f winctrl2.obj
 0001:0000d460       ??_GCImageList@@UAEPAXI@Z  5f40e460 f winctrl2.obj
 0001:0000d4a0       ??0AFX_CHECK_DATA@@QAE@XZ  5f40e4a0 f winctrl3.obj
 0001:0000d4e0       ??B?$CProcessLocal@V_AFX_CHECKLIST_STATE@@@@QAEPAV_AFX_CHECKLIST_STATE@@XZ 5f40e4e0 f winctrl3.obj
 0001:0000d500       ?GetData@?$CProcessLocal@V_AFX_CHECKLIST_STATE@@@@QAEPAV_AFX_CHECKLIST_STATE@@XZ 5f40e500 f winctrl3.obj
 0001:0000d550       ?CreateObject@?$CProcessLocal@V_AFX_CHECKLIST_STATE@@@@SGPAVCNoTrackObject@@XZ 5f40e550 f winctrl3.obj
 0001:0000d5e0       ??1_AFX_RICHEDIT_STATE@@UAE@XZ 5f40e5e0 f winctrl4.obj
 0001:0000d662       ?AfxGetRichEditState@@YAPAV_AFX_RICHEDIT_STATE@@XZ 5f40e662 f winctrl4.obj
 0001:0000d67c       ?Create@CRichEditCtrl@@QAEHKABUtagRECT@@PAVCWnd@@I@Z 5f40e67c f winctrl4.obj
 0001:0000d6fd       ?GetLine@CRichEditCtrl@@QBEHHPAD@Z 5f40e6fd f winctrl4.obj
 0001:0000d759       ?LineIndex@CRichEditCtrl@@QBEHH@Z 5f40e759 f winctrl4.obj
 0001:0000d7b3       ?LineLength@CRichEditCtrl@@QBEHH@Z 5f40e7b3 f winctrl4.obj
 0001:0000d80d       ?LineScroll@CRichEditCtrl@@QAEXHH@Z 5f40e80d f winctrl4.obj
 0001:0000d869       ?SetSel@CRichEditCtrl@@QAEXJJ@Z 5f40e869 f winctrl4.obj
 0001:0000d8cf       ?CanPaste@CRichEditCtrl@@QBEHI@Z 5f40e8cf f winctrl4.obj
 0001:0000d961       ?PasteSpecial@CRichEditCtrl@@QAEXIKPAUHMETAFILE__@@@Z 5f40e961 f winctrl4.obj
 0001:0000d9c9       ?GetLine@CRichEditCtrl@@QBEHHPADH@Z 5f40e9c9 f winctrl4.obj
 0001:0000da30       ?GetSel@CRichEditCtrl@@QBEXAAJ0@Z 5f40ea30 f winctrl4.obj
 0001:0000da9d       ?GetSelText@CRichEditCtrl@@QBE?AVCString@@XZ 5f40ea9d f winctrl4.obj
 0001:0000db96       ?GetIRichEditOle@CRichEditCtrl@@QBEPAUIRichEditOle@@XZ 5f40eb96 f winctrl4.obj
 0001:0000dbfb       ?SetDefaultCharFormat@CRichEditCtrl@@QAEHAAU_charformat@@@Z 5f40ebfb f winctrl4.obj
 0001:0000dc61       ?SetSelectionCharFormat@CRichEditCtrl@@QAEHAAU_charformat@@@Z 5f40ec61 f winctrl4.obj
 0001:0000dcc7       ?SetWordCharFormat@CRichEditCtrl@@QAEHAAU_charformat@@@Z 5f40ecc7 f winctrl4.obj
 0001:0000dd2d       ?GetDefaultCharFormat@CRichEditCtrl@@QBEKAAU_charformat@@@Z 5f40ed2d f winctrl4.obj
 0001:0000dd93       ?GetSelectionCharFormat@CRichEditCtrl@@QBEKAAU_charformat@@@Z 5f40ed93 f winctrl4.obj
 0001:0000ddf9       ?GetParaFormat@CRichEditCtrl@@QBEKAAU_paraformat@@@Z 5f40edf9 f winctrl4.obj
 0001:0000de5f       ?SetParaFormat@CRichEditCtrl@@QAEHAAU_paraformat@@@Z 5f40ee5f f winctrl4.obj
 0001:0000df30       ??1?$CProcessLocal@V_AFX_RICHEDIT_STATE@@@@QAE@XZ 5f40ef30 f winctrl4.obj
 0001:0000df90       ?GetData@?$CProcessLocal@V_AFX_RICHEDIT_STATE@@@@QAEPAV_AFX_RICHEDIT_STATE@@XZ 5f40ef90 f winctrl4.obj
 0001:0000dfe0       ??B?$CProcessLocal@V_AFX_RICHEDIT_STATE@@@@QAEPAV_AFX_RICHEDIT_STATE@@XZ 5f40efe0 f winctrl4.obj
 0001:0000e000       ?CreateObject@?$CProcessLocal@V_AFX_RICHEDIT_STATE@@@@SGPAVCNoTrackObject@@XZ 5f40f000 f winctrl4.obj
 0001:0000e090       ??0_AFX_RICHEDIT_STATE@@QAE@XZ 5f40f090 f winctrl4.obj
 0001:0000e100       ??_E_AFX_RICHEDIT_STATE@@UAEPAXI@Z 5f40f100 f winctrl4.obj
 0001:0000e100       ??_G_AFX_RICHEDIT_STATE@@UAEPAXI@Z 5f40f100 f winctrl4.obj
 0001:0000e140       ??_9@$BNA@AE               5f40f140 f dlgcore.obj
 0001:0000e150       ??_9@$BMM@AE               5f40f150 f dlgcore.obj
 0001:0000e160       ??C?$CProcessLocal@V_AFX_COLOR_STATE@@@@QAEPAV_AFX_COLOR_STATE@@XZ 5f40f160 f dlgclr.obj
 0001:0000e180       ?GetData@?$CProcessLocal@V_AFX_COLOR_STATE@@@@QAEPAV_AFX_COLOR_STATE@@XZ 5f40f180 f dlgclr.obj
 0001:0000e1d0       ?CreateObject@?$CProcessLocal@V_AFX_COLOR_STATE@@@@SGPAVCNoTrackObject@@XZ 5f40f1d0 f dlgclr.obj
 0001:0000e260       ?A2T@@YAPADPAD@Z           5f40f260 f dlgfnt.obj
 0001:0000e280       _FindTextA@4               5f40f280 f dlgfr.obj
 0001:0000e2a0       ?GetData@?$CProcessLocal@U_AFX_PROPPAGEFONTINFO@@@@QAEPAU_AFX_PROPPAGEFONTINFO@@XZ 5f40f2a0 f ccdata.obj
 0001:0000e2f0       ?CreateObject@?$CProcessLocal@U_AFX_PROPPAGEFONTINFO@@@@SGPAVCNoTrackObject@@XZ 5f40f2f0 f ccdata.obj
 0001:0000e380       ??0_AFX_PROPPAGEFONTINFO@@QAE@XZ 5f40f380 f ccdata.obj
 0001:0000e410       ??1_AFX_PROPPAGEFONTINFO@@UAE@XZ 5f40f410 f ccdata.obj
 0001:0000e490       ??C?$CProcessLocal@V_AFX_EXTDLL_STATE@@@@QAEPAV_AFX_EXTDLL_STATE@@XZ 5f40f490 f ccdata.obj
 0001:0000e4b0       ?GetData@?$CProcessLocal@V_AFX_EXTDLL_STATE@@@@QAEPAV_AFX_EXTDLL_STATE@@XZ 5f40f4b0 f ccdata.obj
 0001:0000e500       ?CreateObject@?$CProcessLocal@V_AFX_EXTDLL_STATE@@@@SGPAVCNoTrackObject@@XZ 5f40f500 f ccdata.obj
 0001:0000e590       ??0_AFX_EXTDLL_STATE@@QAE@XZ 5f40f590 f ccdata.obj
 0001:0000e600       ??_E_AFX_EXTDLL_STATE@@UAEPAXI@Z 5f40f600 f ccdata.obj
 0001:0000e600       ??_G_AFX_EXTDLL_STATE@@UAEPAXI@Z 5f40f600 f ccdata.obj
 0001:0000e640       ??1_AFX_WINGDIX_TERM@@QAE@XZ 5f40f640 f wingdix.obj
 0001:0000e660       ?IsEqualGUID@@YAHABU_GUID@@0@Z 5f40f660 f cmdtarg.obj
 0001:0000e6a0       ??0CNewTypeDlg@@QAE@PAVCPtrList@@@Z 5f40f6a0 f docmgr.obj
 0001:0000e730       ??1CNewTypeDlg@@UAE@XZ     5f40f730 f docmgr.obj
 0001:0000e7a0       ??_9@$BOI@AE               5f40f7a0 f viewcore.obj
 0001:0000e7b0       ??0CPrintingDialog@@QAE@PAVCWnd@@@Z 5f40f7b0 f viewprnt.obj
 0001:0000e850       ??1CPrintingDialog@@UAE@XZ 5f40f850 f viewprnt.obj
 0001:0000e8c0       ??C?$CProcessLocal@V_AFX_WIN_STATE@@@@QAEPAV_AFX_WIN_STATE@@XZ 5f40f8c0 f viewprnt.obj
 0001:0000e8e0       ??B?$CProcessLocal@V_AFX_EDIT_STATE@@@@QAEPAV_AFX_EDIT_STATE@@XZ 5f40f8e0 f viewedit.obj
 0001:0000e900       ?GetData@?$CProcessLocal@V_AFX_EDIT_STATE@@@@QAEPAV_AFX_EDIT_STATE@@XZ 5f40f900 f viewedit.obj
 0001:0000e950       ?CreateObject@?$CProcessLocal@V_AFX_EDIT_STATE@@@@SGPAVCNoTrackObject@@XZ 5f40f950 f viewedit.obj
 0001:0000e9e0       __tcsdec                   5f40f9e0 f viewedit.obj
 0001:0000ea10       ??B?$CProcessLocal@V_AFX_MAIL_STATE@@@@QAEPAV_AFX_MAIL_STATE@@XZ 5f40fa10 f docmapi.obj
 0001:0000ea30       ?GetData@?$CProcessLocal@V_AFX_MAIL_STATE@@@@QAEPAV_AFX_MAIL_STATE@@XZ 5f40fa30 f docmapi.obj
 0001:0000ea80       ?CreateObject@?$CProcessLocal@V_AFX_MAIL_STATE@@@@SGPAVCNoTrackObject@@XZ 5f40fa80 f docmapi.obj
 0001:0000eb10       ??B?$CTypedSimpleList@PAVCFrameWnd@@@@QAEPAVCFrameWnd@@XZ 5f40fb10 f thrdcore.obj
 0001:0000eb30       ?GetDataNA@?$CThreadLocal@V_AFX_THREAD_STATE@@@@QAEPAV_AFX_THREAD_STATE@@XZ 5f40fb30 f thrdcore.obj
 0001:0000eb60       ??B?$CThreadLocal@V_AFX_CTL3D_THREAD@@@@QAEPAV_AFX_CTL3D_THREAD@@XZ 5f40fb60 f thrdcore.obj
 0001:0000eb80       ?GetData@?$CThreadLocal@V_AFX_CTL3D_THREAD@@@@QAEPAV_AFX_CTL3D_THREAD@@XZ 5f40fb80 f thrdcore.obj
 0001:0000ebd0       ?CreateObject@?$CThreadLocal@V_AFX_CTL3D_THREAD@@@@SGPAVCNoTrackObject@@XZ 5f40fbd0 f thrdcore.obj
 0001:0000ec60       ??0_AFX_CTL3D_THREAD@@QAE@XZ 5f40fc60 f thrdcore.obj
 0001:0000ecd0       ??_E_AFX_CTL3D_THREAD@@UAEPAXI@Z 5f40fcd0 f thrdcore.obj
 0001:0000ecd0       ??_G_AFX_CTL3D_THREAD@@UAEPAXI@Z 5f40fcd0 f thrdcore.obj
 0001:0000ed10       ?GetSize@CRecentFileList@@QBEHXZ 5f40fd10 f appcore.obj
 0001:0000ed30       ??ACRecentFileList@@QAEAAVCString@@H@Z 5f40fd30 f appcore.obj
 0001:0000ed80       ?T2CA@@YAPBDPBD@Z          5f40fd80 f appcore.obj
 0001:0000eda0       ?AfxParseURL@@YGHPBDAAKAAVCString@@2AAG@Z 5f40fda0 f inet.obj
 0001:0000f025       ?AfxGetInternetHandleType@@YGKPAX@Z 5f410025 f inet.obj
 0001:0000f079       ?AfxInternetStatusCallbackDebug@@YGXPAXKK0K@Z 5f410079 f inet.obj
 0001:0000f2b7       ?AfxInternetStatusCallback@@YGXPAXKK0K@Z 5f4102b7 f inet.obj
 0001:0000f327       ??1CInternetSession@@UAE@XZ 5f410327 f inet.obj
 0001:0000f397       ??0CInternetSession@@QAE@PBDKK00K@Z 5f410397 f inet.obj
 0001:0000f48c       ?Close@CInternetSession@@UAEXXZ 5f41048c f inet.obj
 0001:0000f4ee       ?GetGopherConnection@CInternetSession@@QAEPAVCGopherConnection@@PBD00G@Z 5f4104ee f inet.obj
 0001:0000f5b8       ?GetFtpConnection@CInternetSession@@QAEPAVCFtpConnection@@PBD00GH@Z 5f4105b8 f inet.obj
 0001:0000f686       ?GetHttpConnection@CInternetSession@@QAEPAVCHttpConnection@@PBDG00@Z 5f410686 f inet.obj
 0001:0000f750       ?OpenURL@CInternetSession@@QAEPAVCStdioFile@@PBDKK0K@Z 5f410750 f inet.obj
 0001:0000fabd       ?SetOption@CInternetSession@@QAEHKPAXKK@Z 5f410abd f inet.obj
 0001:0000fb93       ?QueryOption@CInternetSession@@QBEHKPAXPAK@Z 5f410b93 f inet.obj
 0001:0000fc58       ?QueryOption@CInternetSession@@QBEHKAAK@Z 5f410c58 f inet.obj
 0001:0000fc90       ?QueryOption@CInternetSession@@QBEHKAAVCString@@@Z 5f410c90 f inet.obj
 0001:0000fd85       ?OnStatusCallback@CInternetSession@@UAEXKKPAXK@Z 5f410d85 f inet.obj
 0001:0000fdec       ?EnableStatusCallback@CInternetSession@@QAEHH@Z 5f410dec f inet.obj
 0001:0000ff22       ?Dump@CInternetSession@@UBEXAAVCDumpContext@@@Z 5f410f22 f inet.obj
 0001:0000ff7c       ??0CInternetFile@@IAE@PAX0PBD1KH@Z 5f410f7c f inet.obj
 0001:000100ff       ??0CInternetFile@@IAE@PAXPBDPAVCInternetConnection@@H@Z 5f4110ff f inet.obj
 0001:000102be       ?QueryOption@CInternetFile@@QBEHKPAXPAK@Z 5f4112be f inet.obj
 0001:000103a8       ?QueryOption@CInternetFile@@QBEHKAAK@Z 5f4113a8 f inet.obj
 0001:00010405       ?QueryOption@CInternetFile@@QBEHKAAVCString@@@Z 5f411405 f inet.obj
 0001:00010485       ?SetOption@CInternetFile@@QAEHKPAXKK@Z 5f411485 f inet.obj
 0001:0001055b       ?SetReadBufferSize@CInternetFile@@QAEHI@Z 5f41155b f inet.obj
 0001:0001067b       ?SetWriteBufferSize@CInternetFile@@QAEHI@Z 5f41167b f inet.obj
 0001:00010787       ?Seek@CInternetFile@@UAEJJI@Z 5f411787 f inet.obj
 0001:000108e0       ??1CInternetFile@@UAE@XZ   5f4118e0 f inet.obj
 0001:000109fb       ?Abort@CInternetFile@@UAEXXZ 5f4119fb f inet.obj
 0001:00010a47       ?Flush@CInternetFile@@UAEXXZ 5f411a47 f inet.obj
 0001:00010ad3       ?Close@CInternetFile@@UAEXXZ 5f411ad3 f inet.obj
 0001:00010b8d       ?Read@CInternetFile@@UAEIPAXI@Z 5f411b8d f inet.obj
 0001:00010e11       ?Write@CInternetFile@@UAEXPBXI@Z 5f411e11 f inet.obj
 0001:00010fc6       ?WriteString@CInternetFile@@UAEXPBD@Z 5f411fc6 f inet.obj
 0001:00011092       ?ReadString@CInternetFile@@UAEPADPADI@Z 5f412092 f inet.obj
 0001:0001124f       ?ReadString@CInternetFile@@UAEHAAVCString@@@Z 5f41224f f inet.obj
 0001:000113b2       ?GetLength@CInternetFile@@UBEKXZ 5f4123b2 f inet.obj
 0001:0001143b       ?LockRange@CInternetFile@@UAEXKK@Z 5f41243b f inet.obj
 0001:00011490       ?UnlockRange@CInternetFile@@UAEXKK@Z 5f412490 f inet.obj
 0001:000114e5       ?SetLength@CInternetFile@@UAEXK@Z 5f4124e5 f inet.obj
 0001:0001153a       ?Duplicate@CInternetFile@@UBEPAVCFile@@XZ 5f41253a f inet.obj
 0001:0001158f       ?AssertValid@CInternetFile@@MBEXXZ 5f41258f f inet.obj
 0001:000116ba       ?Dump@CInternetFile@@MBEXAAVCDumpContext@@@Z 5f4126ba f inet.obj
 0001:0001171a       ??0CInternetConnection@@QAE@PAVCInternetSession@@PBDGK@Z 5f41271a f inet.obj
 0001:0001183d       ??1CInternetConnection@@UAE@XZ 5f41283d f inet.obj
 0001:0001190f       ?SetOption@CInternetConnection@@QAEHKPAXKK@Z 5f41290f f inet.obj
 0001:000119e5       ?QueryOption@CInternetConnection@@QBEHKPAXPAK@Z 5f4129e5 f inet.obj
 0001:00011aaa       ?QueryOption@CInternetConnection@@QBEHKAAK@Z 5f412aaa f inet.obj
 0001:00011ae2       ?QueryOption@CInternetConnection@@QBEHKAAVCString@@@Z 5f412ae2 f inet.obj
 0001:00011b3d       ?Close@CInternetConnection@@MAEXXZ 5f412b3d f inet.obj
 0001:00011b88       ?Dump@CInternetConnection@@UBEXAAVCDumpContext@@@Z 5f412b88 f inet.obj
 0001:00011bc7       ?AssertValid@CInternetConnection@@UBEXXZ 5f412bc7 f inet.obj
 0001:00011be5       ??1CFtpConnection@@UAE@XZ  5f412be5 f inet.obj
 0001:00011c66       ??0CFtpConnection@@QAE@PAVCInternetSession@@PAXPBDK@Z 5f412c66 f inet.obj
 0001:00011db9       ??0CFtpConnection@@QAE@PAVCInternetSession@@PBD11KGH@Z 5f412db9 f inet.obj
 0001:00011f30       ?Close@CFtpConnection@@UAEXXZ 5f412f30 f inet.obj
 0001:00011f4e       ?Remove@CFtpConnection@@QAEHPBD@Z 5f412f4e f inet.obj
 0001:00011faf       ?Rename@CFtpConnection@@QAEHPBD0@Z 5f412faf f inet.obj
 0001:00012014       ?CreateDirectoryA@CFtpConnection@@QAEHPBD@Z 5f413014 f inet.obj
 0001:00012075       ?RemoveDirectoryA@CFtpConnection@@QAEHPBD@Z 5f413075 f inet.obj
 0001:000120d6       ?SetCurrentDirectoryA@CFtpConnection@@QAEHPBD@Z 5f4130d6 f inet.obj
 0001:00012137       ?GetCurrentDirectoryA@CFtpConnection@@QBEHPADPAK@Z 5f413137 f inet.obj
 0001:000121be       ?GetCurrentDirectoryAsURL@CFtpConnection@@QBEHAAVCString@@@Z 5f4131be f inet.obj
 0001:000122e5       ?GetCurrentDirectoryAsURL@CFtpConnection@@QBEHPADPAK@Z 5f4132e5 f inet.obj
 0001:000123e5       ?GetCurrentDirectoryA@CFtpConnection@@QBEHAAVCString@@@Z 5f4133e5 f inet.obj
 0001:0001248b       ?OpenFile@CFtpConnection@@QAEPAVCInternetFile@@PBDKKK@Z 5f41348b f inet.obj
 0001:0001260b       ?PutFile@CFtpConnection@@QAEHPBD0KK@Z 5f41360b f inet.obj
 0001:000126cf       ?GetFile@CFtpConnection@@QAEHPBD0HKKK@Z 5f4136cf f inet.obj
 0001:000127bd       ?Dump@CFtpConnection@@UBEXAAVCDumpContext@@@Z 5f4137bd f inet.obj
 0001:000127fb       ?AssertValid@CFtpConnection@@UBEXXZ 5f4137fb f inet.obj
 0001:00012870       ??1CGopherConnection@@UAE@XZ 5f413870 f inet.obj
 0001:000128d8       ??0CGopherConnection@@QAE@PAVCInternetSession@@PBD11KG@Z 5f4138d8 f inet.obj
 0001:00012a32       ??0CGopherConnection@@QAE@PAVCInternetSession@@PAXPBDK@Z 5f413a32 f inet.obj
 0001:00012b78       ?CreateLocator@CGopherConnection@@SA?AVCGopherLocator@@PBD@Z 5f413b78 f inet.obj
 0001:00012c13       ?CreateLocator@CGopherConnection@@SA?AVCGopherLocator@@PBD00KG@Z 5f413c13 f inet.obj
 0001:00012cf1       ?CreateLocator@CGopherConnection@@QAE?AVCGopherLocator@@PBD0K@Z 5f413cf1 f inet.obj
 0001:00012df1       ?GetAttribute@CGopherConnection@@QAEHAAVCGopherLocator@@VCString@@AAV3@@Z 5f413df1 f inet.obj
 0001:00012ecb       ?OpenFile@CGopherConnection@@QAEPAVCGopherFile@@AAVCGopherLocator@@KPBDK@Z 5f413ecb f inet.obj
 0001:00012fe9       ?Close@CGopherConnection@@UAEXXZ 5f413fe9 f inet.obj
 0001:00013007       ?Dump@CGopherConnection@@UBEXAAVCDumpContext@@@Z 5f414007 f inet.obj
 0001:00013045       ?AssertValid@CGopherConnection@@UBEXXZ 5f414045 f inet.obj
 0001:000130ba       ??1CHttpConnection@@UAE@XZ 5f4140ba f inet.obj
 0001:0001313b       ??0CHttpConnection@@QAE@PAVCInternetSession@@PAXPBDK@Z 5f41413b f inet.obj
 0001:0001329c       ??0CHttpConnection@@QAE@PAVCInternetSession@@PBDG11K@Z 5f41429c f inet.obj
 0001:000133ef       ?Close@CHttpConnection@@UAEXXZ 5f4143ef f inet.obj
 0001:0001340d       ?OpenRequest@CHttpConnection@@QAEPAVCHttpFile@@PBD00KPAPBD0K@Z 5f41440d f inet.obj
 0001:00013532       ?OpenRequest@CHttpConnection@@QAEPAVCHttpFile@@HPBD0KPAPBD0K@Z 5f414532 f inet.obj
 0001:000135ff       ?Dump@CHttpConnection@@UBEXAAVCDumpContext@@@Z 5f4145ff f inet.obj
 0001:0001363d       ?AssertValid@CHttpConnection@@UBEXXZ 5f41463d f inet.obj
 0001:000136b2       ??0CHttpFile@@IAE@PAX0PBD11K@Z 5f4146b2 f inet.obj
 0001:00013795       ??0CHttpFile@@IAE@PAXPBD1PAVCHttpConnection@@@Z 5f414795 f inet.obj
 0001:000138a5       ??1CHttpFile@@UAE@XZ       5f4148a5 f inet.obj
 0001:0001393f       ?Close@CHttpFile@@UAEXXZ   5f41493f f inet.obj
 0001:0001395d       ?ErrorDlg@CHttpFile@@QAEKPAVCWnd@@KKPAPAX@Z 5f41495d f inet.obj
 0001:000139e2       ?GetVerb@CHttpFile@@QBE?AVCString@@XZ 5f4149e2 f inet.obj
 0001:00013a8b       ?GetObjectA@CHttpFile@@QBE?AVCString@@XZ 5f414a8b f inet.obj
 0001:00013b34       ?GetFileURL@CHttpFile@@UBE?AVCString@@XZ 5f414b34 f inet.obj
 0001:00013c71       ?AddRequestHeaders@CHttpFile@@QAEHPBDKH@Z 5f414c71 f inet.obj
 0001:00013d35       ?AddRequestHeaders@CHttpFile@@QAEHAAVCString@@K@Z 5f414d35 f inet.obj
 0001:00013d6b       ?SendRequest@CHttpFile@@QAEHPBDKPAXK@Z 5f414d6b f inet.obj
 0001:00013e4e       ?SendRequest@CHttpFile@@QAEHAAVCString@@PAXK@Z 5f414e4e f inet.obj
 0001:00013eec       ?QueryInfo@CHttpFile@@QBEHKPAXPAK1@Z 5f414eec f inet.obj
 0001:00013fb3       ?QueryInfo@CHttpFile@@QBEHKPAU_SYSTEMTIME@@PAK@Z 5f414fb3 f inet.obj
 0001:0001400c       ?QueryInfoStatusCode@CHttpFile@@QBEHAAK@Z 5f41500c f inet.obj
 0001:0001409e       ?QueryInfo@CHttpFile@@QBEHKAAVCString@@PAK@Z 5f41509e f inet.obj
 0001:000141ad       ?Dump@CHttpFile@@MBEXAAVCDumpContext@@@Z 5f4151ad f inet.obj
 0001:000141f9       ?AssertValid@CHttpFile@@MBEXXZ 5f4151f9 f inet.obj
 0001:00014217       ??0CGopherFile@@IAE@PAXAAVCGopherLocator@@PAVCGopherConnection@@@Z 5f415217 f inet.obj
 0001:000142eb       ??0CGopherFile@@IAE@PAX0PBDKK@Z 5f4152eb f inet.obj
 0001:00014397       ??1CGopherFile@@UAE@XZ     5f415397 f inet.obj
 0001:00014418       ?Close@CGopherFile@@UAEXXZ 5f415418 f inet.obj
 0001:00014436       ?Write@CGopherFile@@UAEXPBXI@Z 5f415436 f inet.obj
 0001:0001446b       ?WriteString@CGopherFile@@UAEXPBD@Z 5f41546b f inet.obj
 0001:000144a0       ?Dump@CGopherFile@@UBEXAAVCDumpContext@@@Z 5f4154a0 f inet.obj
 0001:000144c4       ?AssertValid@CGopherFile@@UBEXXZ 5f4154c4 f inet.obj
 0001:000144e2       ??0CFtpFileFind@@QAE@PAVCFtpConnection@@K@Z 5f4154e2 f inet.obj
 0001:000145d0       ??1CFtpFileFind@@UAE@XZ    5f4155d0 f inet.obj
 0001:00014638       ?FindFile@CFtpFileFind@@UAEHPBDK@Z 5f415638 f inet.obj
 0001:00014854       ?FindNextFileA@CFtpFileFind@@UAEHXZ 5f415854 f inet.obj
 0001:00014908       ?CloseContext@CFtpFileFind@@MAEXXZ 5f415908 f inet.obj
 0001:0001494f       ?GetFileURL@CFtpFileFind@@UBE?AVCString@@XZ 5f41594f f inet.obj
 0001:00014a8c       ?Dump@CFtpFileFind@@UBEXAAVCDumpContext@@@Z 5f415a8c f inet.obj
 0001:00014acb       ?AssertValid@CFtpFileFind@@UBEXXZ 5f415acb f inet.obj
 0001:00014ae9       ??0CGopherFileFind@@QAE@PAVCGopherConnection@@K@Z 5f415ae9 f inet.obj
 0001:00014bd0       ??1CGopherFileFind@@UAE@XZ 5f415bd0 f inet.obj
 0001:00014c38       ?FindFile@CGopherFileFind@@UAEHPBDK@Z 5f415c38 f inet.obj
 0001:00014cd3       ?FindFile@CGopherFileFind@@UAEHAAVCGopherLocator@@PBDK@Z 5f415cd3 f inet.obj
 0001:00014d88       ?FindNextFileA@CGopherFileFind@@UAEHXZ 5f415d88 f inet.obj
 0001:00014e3c       ?CloseContext@CGopherFileFind@@MAEXXZ 5f415e3c f inet.obj
 0001:00014e83       ?GetFileName@CGopherFileFind@@UBE?AVCString@@XZ 5f415e83 f inet.obj
 0001:00014ef2       ?GetFilePath@CGopherFileFind@@UBE?AVCString@@XZ 5f415ef2 f inet.obj
 0001:00014f61       ?GetFileTitle@CGopherFileFind@@UBE?AVCString@@XZ 5f415f61 f inet.obj
 0001:00014fd0       ?IsDots@CGopherFileFind@@UBEHXZ 5f415fd0 f inet.obj
 0001:00014fe8       ?GetLastWriteTime@CGopherFileFind@@UBEHPAU_FILETIME@@@Z 5f415fe8 f inet.obj
 0001:0001509a       ?GetLastAccessTime@CGopherFileFind@@UBEHPAU_FILETIME@@@Z 5f41609a f inet.obj
 0001:000150c1       ?GetCreationTime@CGopherFileFind@@UBEHPAU_FILETIME@@@Z 5f4160c1 f inet.obj
 0001:000150e8       ?GetLastWriteTime@CGopherFileFind@@UBEHAAVCTime@@@Z 5f4160e8 f inet.obj
 0001:00015175       ?GetCreationTime@CGopherFileFind@@UBEHAAVCTime@@@Z 5f416175 f inet.obj
 0001:0001519c       ?GetLastAccessTime@CGopherFileFind@@UBEHAAVCTime@@@Z 5f41619c f inet.obj
 0001:000151c3       ?GetFileURL@CGopherFileFind@@UBE?AVCString@@XZ 5f4161c3 f inet.obj
 0001:00015232       ?GetRoot@CGopherFileFind@@UBE?AVCString@@XZ 5f416232 f inet.obj
 0001:000152a1       ?GetLocator@CGopherFileFind@@QBE?AVCGopherLocator@@XZ 5f4162a1 f inet.obj
 0001:00015360       ?GetScreenName@CGopherFileFind@@QBE?AVCString@@XZ 5f416360 f inet.obj
 0001:00015443       ?GetLength@CGopherFileFind@@UBEKXZ 5f416443 f inet.obj
 0001:00015491       ?GetLength64@CGopherFileFind@@UBE_JXZ 5f416491 f inet.obj
 0001:000154f2       ?Dump@CGopherFileFind@@UBEXAAVCDumpContext@@@Z 5f4164f2 f inet.obj
 0001:00015531       ?AssertValid@CGopherFileFind@@UBEXXZ 5f416531 f inet.obj
 0001:0001554f       ??0CGopherLocator@@AAE@PBDK@Z 5f41654f f inet.obj
 0001:00015619       ??1CGopherLocator@@UAE@XZ  5f416619 f inet.obj
 0001:0001569a       ?AfxThrowInternetException@@YGXKK@Z 5f41669a f inet.obj
 0001:00015765       ?GetErrorMessage@CInternetException@@UAEHPADIPAI@Z 5f416765 f inet.obj
 0001:00015931       ??0CInternetException@@QAE@K@Z 5f416931 f inet.obj
 0001:000159ab       ??1CInternetException@@UAE@XZ 5f4169ab f inet.obj
 0001:00015a13       ?Dump@CInternetException@@UBEXAAVCDumpContext@@@Z 5f416a13 f inet.obj
 0001:00015a6d       ?GetContext@CInternetSession@@QBEKXZ 5f416a6d f inet.obj
 0001:00015a89       ?GetServerName@CInternetConnection@@QBE?AVCString@@XZ 5f416a89 f inet.obj
 0001:00015afa       ?GetSession@CInternetConnection@@QBEPAVCInternetSession@@XZ 5f416afa f inet.obj
 0001:00015b16       ??BCInternetSession@@QBEPAXXZ 5f416b16 f inet.obj
 0001:00015b32       ?SetOption@CInternetSession@@QAEHKKK@Z 5f416b32 f inet.obj
 0001:00015b60       ??BCGopherLocator@@QBEPBDXZ 5f416b60 f inet.obj
 0001:00015b81       ?GetLocatorType@CGopherLocator@@QBEHAAK@Z 5f416b81 f inet.obj
 0001:00015baf       ??0CGopherLocator@@QAE@ABV0@@Z 5f416baf f inet.obj
 0001:00015c59       ??BCInternetConnection@@QBEPAXXZ 5f416c59 f inet.obj
 0001:00015c75       ?GetContext@CInternetConnection@@QBEKXZ 5f416c75 f inet.obj
 0001:00015c91       ?SetOption@CInternetConnection@@QAEHKKK@Z 5f416c91 f inet.obj
 0001:00015cbf       ?GetContext@CInternetFile@@QBEKXZ 5f416cbf f inet.obj
 0001:00015cdb       ??BCInternetFile@@QBEPAXXZ 5f416cdb f inet.obj
 0001:00015cf7       ?SetOption@CInternetFile@@QAEHKKK@Z 5f416cf7 f inet.obj
 0001:00015d30       __tcsncmp                  5f416d30 f inet.obj
 0001:00015d60       ??_GCInternetSession@@UAEPAXI@Z 5f416d60 f inet.obj
 0001:00015da0       ??_ECInternetFile@@UAEPAXI@Z 5f416da0 f inet.obj
 0001:00015da0       ??_GCInternetFile@@UAEPAXI@Z 5f416da0 f inet.obj
 0001:00015de0       ??_ECInternetConnection@@UAEPAXI@Z 5f416de0 f inet.obj
 0001:00015de0       ??_GCInternetConnection@@UAEPAXI@Z 5f416de0 f inet.obj
 0001:00015e20       ??_ECFtpConnection@@UAEPAXI@Z 5f416e20 f inet.obj
 0001:00015e20       ??_GCFtpConnection@@UAEPAXI@Z 5f416e20 f inet.obj
 0001:00015e60       ??_GCGopherConnection@@UAEPAXI@Z 5f416e60 f inet.obj
 0001:00015e60       ??_ECGopherConnection@@UAEPAXI@Z 5f416e60 f inet.obj
 0001:00015ea0       ?A2CT@@YAPBDPBD@Z          5f416ea0 f inet.obj
 0001:00015ec0       ??_ECHttpConnection@@UAEPAXI@Z 5f416ec0 f inet.obj
 0001:00015ec0       ??_GCHttpConnection@@UAEPAXI@Z 5f416ec0 f inet.obj
 0001:00015f00       ??_ECHttpFile@@UAEPAXI@Z   5f416f00 f inet.obj
 0001:00015f00       ??_GCHttpFile@@UAEPAXI@Z   5f416f00 f inet.obj
 0001:00015f40       ??_GCGopherFile@@UAEPAXI@Z 5f416f40 f inet.obj
 0001:00015f40       ??_ECGopherFile@@UAEPAXI@Z 5f416f40 f inet.obj
 0001:00015f80       ??_ECFtpFileFind@@UAEPAXI@Z 5f416f80 f inet.obj
 0001:00015f80       ??_GCFtpFileFind@@UAEPAXI@Z 5f416f80 f inet.obj
 0001:00015fc0       ??_ECGopherFileFind@@UAEPAXI@Z 5f416fc0 f inet.obj
 0001:00015fc0       ??_GCGopherFileFind@@UAEPAXI@Z 5f416fc0 f inet.obj
 0001:00016000       ??_ECGopherLocator@@UAEPAXI@Z 5f417000 f inet.obj
 0001:00016000       ??_GCGopherLocator@@UAEPAXI@Z 5f417000 f inet.obj
 0001:00016040       ??_GCInternetException@@UAEPAXI@Z 5f417040 f inet.obj
 0001:00016040       ??_ECInternetException@@UAEPAXI@Z 5f417040 f inet.obj
 0001:00016080       ??0CFileFind@@QAE@XZ       5f417080 f filefind.obj
 0001:0001612f       ??1CFileFind@@UAE@XZ       5f41712f f filefind.obj
 0001:000161b8       ?Close@CFileFind@@QAEXXZ   5f4171b8 f filefind.obj
 0001:00016261       ?CloseContext@CFileFind@@MAEXXZ 5f417261 f filefind.obj
 0001:00016284       ?FindFile@CFileFind@@UAEHPBDK@Z 5f417284 f filefind.obj
 0001:00016431       ?MatchesMask@CFileFind@@UBEHK@Z 5f417431 f filefind.obj
 0001:000164b1       ?GetLastAccessTime@CFileFind@@UBEHPAU_FILETIME@@@Z 5f4174b1 f filefind.obj
 0001:00016561       ?GetLastWriteTime@CFileFind@@UBEHPAU_FILETIME@@@Z 5f417561 f filefind.obj
 0001:00016611       ?GetCreationTime@CFileFind@@UBEHPAU_FILETIME@@@Z 5f417611 f filefind.obj
 0001:0001669f       ?GetLastAccessTime@CFileFind@@UBEHAAVCTime@@@Z 5f41769f f filefind.obj
 0001:0001672a       ?GetLastWriteTime@CFileFind@@UBEHAAVCTime@@@Z 5f41772a f filefind.obj
 0001:000167b5       ?GetCreationTime@CFileFind@@UBEHAAVCTime@@@Z 5f4177b5 f filefind.obj
 0001:00016840       ?IsDots@CFileFind@@UBEHXZ  5f417840 f filefind.obj
 0001:00016903       ?FindNextFileA@CFileFind@@UAEHXZ 5f417903 f filefind.obj
 0001:000169b7       ?GetFileURL@CFileFind@@UBE?AVCString@@XZ 5f4179b7 f filefind.obj
 0001:00016ab1       ?GetRoot@CFileFind@@UBE?AVCString@@XZ 5f417ab1 f filefind.obj
 0001:00016b5a       ?GetFilePath@CFileFind@@UBE?AVCString@@XZ 5f417b5a f filefind.obj
 0001:00016ca1       ?GetFileTitle@CFileFind@@UBE?AVCString@@XZ 5f417ca1 f filefind.obj
 0001:00016db8       ?GetFileName@CFileFind@@UBE?AVCString@@XZ 5f417db8 f filefind.obj
 0001:00016e9e       ?GetLength@CFileFind@@QBEKXZ 5f417e9e f filefind.obj
 0001:00016f0e       ?GetLength64@CFileFind@@QBE_JXZ 5f417f0e f filefind.obj
 0001:00016f8e       ?Dump@CFileFind@@MBEXAAVCDumpContext@@@Z 5f417f8e f filefind.obj
 0001:00016fcd       ?AssertValid@CFileFind@@MBEXXZ 5f417fcd f filefind.obj
 0001:00017060       ??_GCFileFind@@UAEPAXI@Z   5f418060 f filefind.obj
 0001:000170a0       ?IsEmpty@CSimpleList@@QBEHXZ 5f4180a0 f dllinit.obj
 0001:000170d0       ?GetHead@?$CTypedSimpleList@PAUCRuntimeClass@@@@QAEPAUCRuntimeClass@@XZ 5f4180d0 f dllinit.obj
 0001:000170f0       ?GetHead@?$CTypedSimpleList@PAVCOleObjectFactory@@@@QAEPAVCOleObjectFactory@@XZ 5f4180f0 f dllinit.obj
 0001:00017110       ?AddHead@?$CTypedSimpleList@PAVCDynLinkLibrary@@@@QAEXPAVCDynLinkLibrary@@@Z 5f418110 f dllinit.obj
 0001:00017140       ?Remove@?$CTypedSimpleList@PAVCDynLinkLibrary@@@@QAEHPAVCDynLinkLibrary@@@Z 5f418140 f dllinit.obj
 0001:00017164       ??0type_info@@AAE@ABV0@@Z  5f418164 f msvcrtd:ti_inst.obj
 0001:0001716f       ??_Etype_info@@UAEPAXI@Z   5f41816f f msvcrtd:ti_inst.obj
 0001:0001716f       ??_Gtype_info@@UAEPAXI@Z   5f41816f f msvcrtd:ti_inst.obj
 0001:0001718d       ??4type_info@@AAEAAV0@ABV0@@Z 5f41818d f msvcrtd:ti_inst.obj
 0001:000171b6       __local_unwind2            5f4181b6 f msvcrtd:exsup.obj
 0001:0001720e       __NLG_Return2              5f41820e   msvcrtd:exsup.obj
 0001:0001721e       __abnormal_termination     5f41821e f msvcrtd:exsup.obj
 0001:00017241       __NLG_Notify1              5f418241 f msvcrtd:exsup.obj
 0001:0001724a       __NLG_Notify               5f41824a f msvcrtd:exsup.obj
 0001:0001725d       __NLG_Dispatch             5f41825d   msvcrtd:exsup.obj
 0001:00017262       ___CxxFrameHandler         5f418262 f msvcrtd:msvcrtd.dll
 0001:00017268       __onexit                   5f418268 f msvcrtd:atonexit.obj
 0001:00017297       _atexit                    5f418297 f msvcrtd:atonexit.obj
 0001:000172aa       __CxxThrowException@8      5f4182aa f msvcrtd:msvcrtd.dll
 0001:000172b0       __CrtDbgReport             5f4182b0 f msvcrtd:msvcrtd.dll
 0001:000172b6       __gcvt                     5f4182b6 f msvcrtd:msvcrtd.dll
 0001:000172c0       _memcpy                    5f4182c0 f msvcrtd:msvcrtd.dll
 0001:000172c6       _memmove                   5f4182c6 f msvcrtd:msvcrtd.dll
 0001:000172cc       __purecall                 5f4182cc f msvcrtd:msvcrtd.dll
 0001:000172d2       _memcmp                    5f4182d2 f msvcrtd:msvcrtd.dll
 0001:000172e0       __except_handler3          5f4182e0 f msvcrtd:exsup3.obj
 0001:0001739d       __seh_longjmp_unwind@4     5f41839d f msvcrtd:exsup3.obj
 0001:000173b8       __CrtSetReportMode         5f4183b8 f msvcrtd:msvcrtd.dll
 0001:000173be       __CrtSetReportHook         5f4183be f msvcrtd:msvcrtd.dll
 0001:000173c4       __CrtSetDumpClient         5f4183c4 f msvcrtd:msvcrtd.dll
 0001:000173ca       __CrtSetDbgFlag            5f4183ca f msvcrtd:msvcrtd.dll
 0001:000173d0       __CrtDumpMemoryLeaks       5f4183d0 f msvcrtd:msvcrtd.dll
 0001:000173d6       _vsprintf                  5f4183d6 f msvcrtd:msvcrtd.dll
 0001:000173dc       __free_dbg                 5f4183dc f msvcrtd:msvcrtd.dll
 0001:000173e2       __malloc_dbg               5f4183e2 f msvcrtd:msvcrtd.dll
 0001:000173e8       __CrtSetAllocHook          5f4183e8 f msvcrtd:msvcrtd.dll
 0001:000173ee       __CrtSetBreakAlloc         5f4183ee f msvcrtd:msvcrtd.dll
 0001:000173f4       __CrtCheckMemory           5f4183f4 f msvcrtd:msvcrtd.dll
 0001:000173fa       __CrtIsMemoryBlock         5f4183fa f msvcrtd:msvcrtd.dll
 0001:00017400       _memset                    5f418400 f msvcrtd:msvcrtd.dll
 0001:00017406       __CrtMemDifference         5f418406 f msvcrtd:msvcrtd.dll
 0001:0001740c       __CrtMemDumpStatistics     5f41840c f msvcrtd:msvcrtd.dll
 0001:00017412       __CrtMemCheckpoint         5f418412 f msvcrtd:msvcrtd.dll
 0001:00017418       __CrtMemDumpAllObjectsSince 5f418418 f msvcrtd:msvcrtd.dll
 0001:0001741e       __CrtDoForAllClientObjects 5f41841e f msvcrtd:msvcrtd.dll
 0001:00017424       _abort                     5f418424 f msvcrtd:msvcrtd.dll
 0001:0001742a       __mbscmp                   5f41842a f msvcrtd:msvcrtd.dll
 0001:00017430       __mbsicmp                  5f418430 f msvcrtd:msvcrtd.dll
 0001:00017436       __mbscoll                  5f418436 f msvcrtd:msvcrtd.dll
 0001:00017440       __chkstk                   5f418440   msvcrtd:chkstk.obj
 0001:00017440       __alloca_probe             5f418440   msvcrtd:chkstk.obj
 0001:00017470       __mbsinc                   5f418470 f msvcrtd:msvcrtd.dll
 0001:00017476       __get_osfhandle            5f418476 f msvcrtd:msvcrtd.dll
 0001:0001747c       ___doserrno                5f41847c f msvcrtd:msvcrtd.dll
 0001:00017482       __fdopen                   5f418482 f msvcrtd:msvcrtd.dll
 0001:00017488       __open_osfhandle           5f418488 f msvcrtd:msvcrtd.dll
 0001:0001748e       _clearerr                  5f41848e f msvcrtd:msvcrtd.dll
 0001:00017494       _fread                     5f418494 f msvcrtd:msvcrtd.dll
 0001:0001749a       _fwrite                    5f41849a f msvcrtd:msvcrtd.dll
 0001:000174a0       _fputs                     5f4184a0 f msvcrtd:msvcrtd.dll
 0001:000174a6       _fgets                     5f4184a6 f msvcrtd:msvcrtd.dll
 0001:000174ac       _ftell                     5f4184ac f msvcrtd:msvcrtd.dll
 0001:000174b2       _fseek                     5f4184b2 f msvcrtd:msvcrtd.dll
 0001:000174b8       _fflush                    5f4184b8 f msvcrtd:msvcrtd.dll
[...]
FIXUPS: 7dd1b 1b fffff9de 14 15 c 1c 7f b 38 17 20 17 11 f c 10 c 14 c
FIXUPS: 7d8e6 8 9 10 12 16 1b c 1e c c 14 c 9 fffc13d9 18 1d 41 1d 6 3e560
FIXUPS: 7d38c 2a 1d 23 14 1b 30 2e 19 13 d 38 64 14 1b 30 2e 19 13 d 38
FIXUPS: 7d6ba 14 15 c fffc17bb 11 21 1e 9 20 1c 15 28 28 23 28 2c 2e 2b
FIXUPS: 3f088 7 d 31 21 1c 25 37 1f 3f 5e772 15 fffa1348 2c 40 a 25 5f17b
FIXUPS: 9def8 34 1f 38 30 fffff9e4 5 1a 1a 1d 15d 12 3f 22 ddc7 fff93904
FIXUPS: 3f2bb 4d a 24 5c 36 10 1a 8 3a 31 fffff9e7 18 18 21 cc96 6b 8 4b
FIXUPS: 4bc1a 28 23 1c 8 3c045 22 1cf 31 30 41 19 21 2f 1b 3e 19 27 22
FIXUPS: 880ba be 15b02 98 57 55 34 1b 19 fffa2286 a0 32 80 85 7b 85 29
FIXUPS: 403f9 83 34 34 77 69 39 4a 61 6a 19 5b af38 1f 1e 1d 114 66 7b
FIXUPS: 4b915 1b b7 73 31 527fd d 20 fff713bc 2fe30 92 82 8a 2d 58 1f 83
FIXUPS: 3f7f5 92 9d 90 88 85 19 98 1b 79 7a 7a 2e 66 2e 66 80 8d 7b 7b
FIXUPS: 4182c 1b 62 14 17 3f 2b 2f 17 2a 1c 2b 79 6e 34 13 5c4e1 18 23
FIXUPS: 9e0ca b9 37 1a 19 7 7 1a 23 14 7 14 7 fffa2ccd 25 41 22 2b 5b 22
FIXUPS: 41098 25 76 139 34 34 ea 20 7 106 26 1e 26 df 27 21 3c 7 7 f 62
FIXUPS: 41764 21 1d 1f fffff054 15 1f 61 b 75 31 b 29 1c e 105 a9 21 3f
FIXUPS: 40c05 2a 34 59 30 33 2e 37 21 22 3d 21 22 43 24 25 44 ce59 17 46
FIXUPS: 4de4d 41 78 14 6 14 6 14 7 14 7 8 43 7 12 20 3d 2f 13 42 12 2c
FIXUPS: 4e0fc b 29 13 6f 9 b fffff6d3 21 38 17 5c 17 11 15 82 9 9 b 3b
FIXUPS: 4da8f 18 8 16 aa 1c 1a 17 18 1c 48 1e 1a c 38 31 2b 10 17 fffff534
FIXUPS: 4d273 c 6 19 b 36 1c 35 68 b 2a 17 90 19 6e 11 a9 20 34 38 17 6d
FIXUPS: 4d6dc 11 15 82 9 9 b 49 8f fffff5d6 19 b 50 17 b 1a 13 17 31 76
FIXUPS: 4cff5 1a 1e c 1a 40 64 49 2b 1b 17 10 b 25 b 13 6 3a f b 10 fffff737
FIXUPS: 4c9b1 17 1d 1f c 6 a 8 c f f 6 7f 62 9 b 7a 24 d 26 6d 19 14 17
FIXUPS: 4ccdc 1c e2 8 2a 2f e fffff837 f 10 1c 18 12 17 d 19 8 25 12 1b
FIXUPS: 4c791 2c 7 2b c 2d 6 12 17 18 b 45 38 9 9 b 57 12 17 fffff756 11
FIXUPS: 4c10b 60 24 11 10 2d 55 24 11 10 2f 48 32 3d 8 20 70 15 e 17 2c
FIXUPS: 4c473 2f 22 29 a4 24 3d 1c 26 2b7f ffffcb42 12 f 11 40 14 28 c
FIXUPS: 4bdbb 9 b 54 17 b b 14 44 45 c c 9 b 2a 2f 13 13 d 14 3d 47 89
FIXUPS: 4eceb 17 22 3a 2d 4e 26 14 20 43 35 bb 68 d 17 3e 14 7 14 6 23
FIXUPS: 4f08f 12 8 15 3b 7 12 d 20 3d 24 fffff6f8 2b a 2b 1c 3d 1e 59 48
FIXUPS: 4ea17 6 27 28 12 1b 14 18 51 b 39 12 1b 20 17 17 4e 1c 11 37 12
FIXUPS: 4ecb4 20 fffff543 30 20 14 20 14 20 14 d7 17 2f 15 23 17 1f 9 b
FIXUPS: 4e4aa 1a 19 2e 62 62 70 36 20 14 20 14 76 131 9 c47 14 19 29 28
FIXUPS: 4f574 29 51 81 2c 48 78 40 4a b 3a 28 15 17 11 25 b 28 21 7 12
FIXUPS: 4f92e 20 23 1f 13 ffffe862 1e94 7 14 7 17 7 10 e 7 7 3b 7 12 20
FIXUPS: 501b6 2a 13 fffff012 36 b 5e 21 b 75 4f 19 c 3c 19 c 8b 19 763
FIXUPS: 4fc2c 25 25 28 c 11 14 18 28 c 11 c 54 11 17 48 42 52 2b 2d 6d
FIXUPS: 4ff60 3a 28 31 12 17 11 25 b 28 30d ce b 3d 8 2b 17 33 29 4e 1c
FIXUPS: ab9dc 22 21 57 9 b fffa3f6b 14 18 14 3f 1f 9 b 25 2b 55 4d 13 b
FIXUPS: 4fc18 156a4 26 b 22 b 1c 16 27 8 15 b 1c 14 7 12 d fffaa2db 3f
FIXUPS: f716 65 b 55c9a 13 fffeadf9 45 3f 32 18 6 3e 18 17 14cbc c c c
FIXUPS: 65059 c c 9 9 9 9 9 9 9 9 9 9 b 3d 17 11 10 10 18 f 4e 16 17 28
FIXUPS: 65230 37 42 fffffa66 4f d 11 13 d 1f a 5f 13 d 13 4f d 11 13 d
FIXUPS: 64ef2 18 1c 1b 26 8 5 29 13 8 35 c c c c fffff999 d e 12 b 14 25
FIXUPS: 64a32 22 27 12 5 1c 18 f 5 57 a 59 13 d 13 4f d 11 13 d 1f a 5f
FIXUPS: 64cef d fffff9b1 1f 8 17 13 a c a 28 9 b 41 f 17 a 31 10 d 21 a
FIXUPS: 64875 10 d 21 a 31 10 d 3c 41 d 11 fffff9ed 32 3a 1a 11 17 18 d
FIXUPS: 64476 d 11 11 13 11 2c 4f c c c c b 42 d 17 11 f 25 29 12 1b 1b
FIXUPS: 646a5 fffff8c8 1c 11 28 1c 10 17 11 38 1c 6f 11 17 23 23 25 23
FIXUPS: 641ab 12 17 51 1c 12 17 6c 12 13 17 1d f 21 1e 3a987 9 b 59 8d
FIXUPS: 9ee60 13 fffc4ee4 1c 11 b 1c 12 17 11 28 10 9 17 2b 19 1c d 19
FIXUPS: 63edf 10 17 13 f 8 d b 3aaca d 9 6 59 f d 9 6 65 12 1b 20 9 19
FIXUPS: 9eb98 15 12 9 6 5e f 15 6 66 9 9 9 9 9 9 9 fffff976 5e f d 9 6
FIXUPS: 9e767 15 f 12 6 63 f 12 6 59 f 12 6 59 d d 12 12 17 d d f d 9 6
FIXUPS: 9ea03 fffff9e2 14 2c 9 b 3b 14 11 f d 6 b 2b 11 10 10 10 16 10
FIXUPS: 9e55e 26 22 f 11 c c 25 2d a 15 13 9 fffb2df5 12 20 63 12 1c 28
FIXUPS: 51554 b 39 14 b 1f 1c 42 27 29 22 14 6 14 7 20 b 17 33 13 2d 13
FIXUPS: 51812 9 b fffff66b 21 15 52 11 2c 89 23 15 4c 1c 17 63 14 7a 3d
FIXUPS: 5121b 12 79 2b 2b 13 2e 19 d 17 3a 8 50 8 24 21 fffff33f 75 2c
FIXUPS: 50870 19 1d 25 15 15 8 66 17 68 30 30 87 46 b 5f 13 2b 55 3f 11
FIXUPS: 50c6c 44 27 25 17 11 6b f2 57215 b 3a 12 a 22 3c 13 d 6d c b c1
FIXUPS: a82c5 fff67510 21 a 29 b 67 b 98a4a 13 fff675cd 40d95 36 b 5c 1e
FIXUPS: 5072b 33 1b 57645 17 6a 28 a b d c 8 56 2d 13 2b d 7 7 27 8 52
FIXUPS: a8006 c 9 c 9 c c c c c c c 9 fffffad7 7 7 12 f f 11 f b 11 11
FIXUPS: a7c03 b 11 d b f 10 7 27 8 e 4f b b 11 b 11 b 11 b 11 fffffb3d
FIXUPS: a78b5 14 14 11 e c e f 11 62 d 41 f 15 c 17 7 b 16 10 18 e c 21
FIXUPS: a7ac5 20 18 9 6 12 16 fffff91a 5e 9 a 8 20 15 2f 24 e 5a 30 2c
FIXUPS: a762a 14 19 14 1a 2b 2a 28 17 49 20 e 12 2d c c 2e 57 11 fffc3dce
FIXUPS: 6b652 14 7 14 7 14 7 14 7 14 7 14 7 14 7 14 7 27 7 16 6 1c 6 16
FIXUPS: 6b7b2 26 6 d 25 13 3bbfc fffc3d3e 18 36 29 26 25 5a 2d 30 31 ba
FIXUPS: 6b3dc 10 16 e 14 b 2b f 16 8 12 21 32 1c 25 32 25 25 2a 2a 2b fffff6c9
FIXUPS: 6ad08 24 42 18 1a 40 10 10 17 24 42 18 37 38 25 3e 40 10 10 17
FIXUPS: 6b002 1b 2c 18 1a 40 10 10 17 24 1b fffff754 7 2c 24 7 3b 49 25
FIXUPS: 6a99d 54 7 12 b 18 21 36 49 25 11 54 7 12 b 18 21 30 14 38 25 3c
FIXUPS: 6acd1 10 ffffedde 6c 68 9 b 14d b 5e 1f e8 49 1f 36 2d 32 24 1d
FIXUPS: 69fe2 f8 98 98 5d d2 18 23e ab f6 8e 41 22 15 28 ffffecf5 37 25
FIXUPS: 69611 1e 23 1e 16 1c 8 8 9 c 7 c 10 11 2b 8 8 9 8f 9 9f 9 ed 94
FIXUPS: 69a0f f f 20 8 fffff2b1 20 8 2a 1a 12 1d 70 1c 14 34 12 c 29 68
FIXUPS: 68f40 70 7c 1c 73 ce 34 5f 4d 22 22 b4 69 3c 79 45 2e fffff420
FIXUPS: 6893d d1 e 17 82 c 31 10 6c 2b 1c 8 9 e 13 16 8 18 8 9 8 9 8 9
FIXUPS: 68c58 f 7 44 2f 11 8 fffff52c 8 c 1a 8 b 82 74 1b4 12 62 8 c 1a
FIXUPS: 685bb 5d 7 5d 7 1a 6a 85 a5 8 17 11 1a 11 8 38 9 16 fffff0b4 13d
FIXUPS: 67af3 10 15 4c 1b 8 16 1c 8 11 94 1c 17 c 12 7 50 6c 46 1c 17 c
FIXUPS: 67e11 7 47 63 46 9f 12 242 fffff153 49 6c 47 8 17 25 27 82 71 1c
FIXUPS: 675de 9 2e 1e 5e 8 17 25 27 82 71 1c 1a 9 2e 1e 5e 8 9 28 23 fffff423
FIXUPS: 66d7d 9 c 14 46 9 2b 8 17 25 2a 43 51 4b 3e 49 72 4d 24 27 26 39
FIXUPS: 67188 3b 8 17 25 2a 40 51 4e fffff69d 33 11 1e 34 33 11 1e 2c 32
FIXUPS: 66b10 d 12 43 10 10 17 6d 9 18 43 1d 9 c 14 9 21 2f 9 c 14 9 fffff597
FIXUPS: 662f6 30 1c 10 6b 19 27 22 27 44 10 9 1c 37 13 1f 80 33 6b 28 63
FIXUPS: 666f9 22 22 5f 28 5d 28 22 22 9d fffff5ac 4b 28 31 22 16 17 16
FIXUPS: 65ff6 19 9 1a 12 48 36 21 17 15 1f 12 12 17 18 32 17 25 38 f 14
FIXUPS: 6627d 2a 17 fffff5b0 3b 35 18 14 a4 2c 2c 2c 22 22 32 47 13 60
FIXUPS: 65b8e 22 22 35 32 2d 1f 3e 28 84 8d 12 17 4a 29 17 16 fffed720
FIXUPS: 535f7 12 4e 20 22 18 6f 13 11d72 15 e e e 1c 78 97 1f b 5b 1b 21
FIXUPS: 656db 30 29 1f 21 1f 1f 29 29 29 fffeda4e 34 23 25 45 2d 13 37
FIXUPS: 533c6 74 1c 1c 29 1a 6 1a 6 1a 6 1a 6 14 7 14 7 d 1b 12 12 12 12
FIXUPS: 535d3 fffff732 f 20 17 8 1a 10 c 20 20 1a 8 8 20 38 1c 2a 1a e
FIXUPS: 52ee3 1a 32 3d 17 8 c 33 10 37 76 6c bc fffff5b6 9 c 2a 2c 22 d
FIXUPS: 5281f c b 16 13 2d 3f 2e 22 13 13 a 13 35 81 c 23 22 f 91 c 17
FIXUPS: 52b41 db d8 fffff727 13 13 a 13 1a 2b 13 8 8 9 23 1a 14 9 21 14
FIXUPS: 52567 34 11 8 9 26 50 23 23 3e 20 23 45 8 16 fffff8c3 d b 4a 14
FIXUPS: 520bf 13 16 e 2a b 4e 20 16 e 16 d 63 d b 26 b 9 23 1e c 8 14 19
FIXUPS: 5232b 56 78 fffff7c9 14 23 10 31 23 25 19 e c 8 1a 11 8 9 c 25
FIXUPS: 51d34 50 22 2c 2b 1a 23 18 27 12 21 12 21 86 a2 1fd6 ffffd8b8 12
FIXUPS: 518b2 b b 19 29 b 5e b 2a 1c 12 f 34 3d 19 29 21 40 8 14 13 7 14
FIXUPS: 51b5c 7 20 c 8 14 1f7b a 17 b 2d 20 21 2a 96 43 1c 1c 15 1a 29
FIXUPS: 53d8c 14 2b 8 17 23 5 54 56 d 2b 14 d 20 2b 13 5f 4affa 2a 1d 5f
FIXUPS: 9f07d fffb4728 49 b 3a 33 47 b 33 22 20 14 23 1f 19 16 4b 31 18
FIXUPS: 53a52 8 8 9 16 11 f 41 14 2dc02 14 7 d a 24 7 14 7 14 6 14 6 14
FIXUPS: 817bf 14 7 d 29 13 2d 13 fff8e08d 25 1c 40 1c 2d b 8f5a1 15 4c
FIXUPS: 81375 7 70 2e 48 1e 7 13 39 13 23 b 30 33 18 7 a 13 20 16 23 6
FIXUPS: 81635 6 a 26 22 14 7 21 7 21 fffff73c b 37 f 9 9 9 9 b 4f 7 1e
FIXUPS: 80f34 12 25 42 b 45 19 26 11 13 7 46 f 25 2d a8 3e 16 130 13 fffff80f
FIXUPS: 80b6f 28 9 21 9 13 29 43 a c 1c 27 11 1f 10 9 d e 28 24 15 e 9
FIXUPS: 80d87 d b 31 24 11 d e ffffface 13 22 2b a 12 f 1a 1a 9 7 13 9
FIXUPS: 809ec 2b a 12 f 1b 1a 9 1a 9 7 11 9 1b 2b a 13 7 25 fffffa5e 3e
FIXUPS: 805f9 2a d 23 1a 1c 1c 8 13 8 17 f 18 15 31 42 9 10 25 25 d 1c
FIXUPS: 8083f 22 9 b 2f a 12 25 fffff9f9 1c 23 7 1c 3c 1c 11 18 2c 10 7
FIXUPS: 8040c 18 11 14 1d 6 f 8 13 2b a 13 29 a 13 29 a 1c 9 13 fffffa05
FIXUPS: 7ffa2 7 13 29 8 f 7 13 2d 8 19 2b c 29 1c 2b 7 31 11 31 2a 30 25
FIXUPS: 80220 a 7 13 7 1c 2f 1c fffffa28 a b 13 3c 2b 8 7 1e 2b 8 29 2b
FIXUPS: 7fe25 7 13 29 8 7 13 29 8 7 13 29 8 7 13 29 8 7 13 fffff99e 2b
FIXUPS: 7f97d 13 19 25 29 19 14 18 19 d 18 27 11 18 10 1b 18 1a 34 b 2b
FIXUPS: 7fbc6 10 7 2a 2b 26 2b 8 24 fffff3bf 2b 3c 18 29 3a 48 15 39 66
FIXUPS: 7f2f6 18 113 18 47 b4 42 16 36 17 68 17 8a 1b 18 17 e5 2c 23 2b
FIXUPS: 7f8c2 21 fffff2fe 17 35 46 25 55 2b 13 41 14 18 2b 19 b 20 1b 3b
FIXUPS: 7ee70 b 10 f 21 86 2e 13 19 14 1c 25 34 13 b fffff894 13 46 8 1c
FIXUPS: 7e964 1a 12 17 11 9 15 13 f 2f 8 14 d 25 32 5 10 13 24 34 13 e
FIXUPS: 7eb5f 19 e 17 24 fffff97f 15 28 3c 10 3b 1c 13 13 29 1c 11 10 f
FIXUPS: 7e6c7 11 16 16 13 2b 1f 26 19 26 64 18 2a 17 7 1c 1f 7 20804 2d
FIXUPS: 9f108 fffdf03f 83 12 f 36 c 9 b 7b c 9 b 3e 12 5e 9 b 5d 2f 21
FIXUPS: 7e478 9 b 30 24 1f 7 f 7 2c95e 1c 6 d 1e 12 12 12 3a 1b 12 12 12
FIXUPS: aaf9a 12 12 12 12 55 7 14 7 d 2a 13 2d b b b 2f 13 ffff3f81 b9c6
FIXUPS: aaa85 3d 3b b7 d 16 20 24 66 16 23 25 49 49 14 7 14 7 17 7 14 7
FIXUPS: aadf7 7 17 7 17 7 17 7 1c fffff768 16 14 7f a 5a f f 10 32 1d 17
FIXUPS: aa79a 2f 51 3c 19 d 17 11 1f a 18 21 13 1c b 39 4c 17 11 3a fffff668
FIXUPS: aa0a2 85 25 3b 2b 2b 27 5 19 14 32 f f 4c 23 f f b5 4e 4a 34 1c
FIXUPS: aa4e2 1c 44 e 19 10 2f 1a f fffff75f 46 8 38 1b 8 12 f f f 13 f
FIXUPS: a9e50 e 6e 8 22 9 b 40 3c 20 9 15 9 15 10 22 1e 10 19 1a fffff7e6
FIXUPS: a9877 9 11 c 23 b 4b 34 8 1c 8 19 57 47 58 11 19 1e 88 7 2c 10
FIXUPS: a9bb1 c c 1e 18 1d 18 3b 42 fffff4f4 1b 7 61 85 35 42 b4 20 8 10
FIXUPS: a942e 19 10 d0 fb 39 68 1f 1c 14 1e 1a 17 7 11 2b 20 28 40 11 13
FIXUPS: a8c10 19 17 4c 10 1f 37 58 10 1c 73 12 12 26 d6 16 92 11 e 19 10
FIXUPS: a9017 f b 11 17 13 a e 7e 4d 27 fffff506 bb 2c 5b 1b 31 10 18 17
FIXUPS: a8861 13 b 2d d 10 17 11 67 12 1b e e b9 9 b 4f 26 20 8c 9 b 26
FIXUPS: 81d2d 1d436 15 58 15 91b3 1f 36 17 11 15 11 e 52 19 16 16 14 1f
FIXUPS: a8521 16 d 14 11 e 11 1c 17 14 33 1c 47 ffff6c88 fffe25d7 24 43
FIXUPS: 81946 4b c 1b 22 a a 8 52 2b c 1b 22 a 8 3d 2c b 5b 2c b 3c 13
FIXUPS: 81c82 b 23 13 5f 21d9a b 2d a2 18 17 2e 23 46 1f 38 12 17 28 32
FIXUPS: a3d60 13 fff6bcad 25 1c 40 1c 2d b 942c0 2c b ffffb44b 5 2a 1d
FIXUPS: 9f2e2 4369 2d 3f 2a 21 47 38 77 36 1c 22 6 18 1e 14 f 40 27 35
FIXUPS: a3987 7 e 11 28 2c 13 b 23 7 35 19 1c ffffb8c3 b 3a 12 25 1c b
FIXUPS: 9f500 13 c5d9 3a b fff63fef 20 30 25 1c 40 1c 2d b 40 2c b 24 13
FIXUPS: a3575 b 48 19 11 11 fff9fdf8 7 5 1d 7 d 14 7 14 7 14 7 14 7 14
FIXUPS: 434bf 15 14 6 d 14 7 14 7 1a 6 14 7 d 5bdac 12 23 fffa3b0e 28 62
FIXUPS: 42f07 15 1a 19 14 1f f 26 1c 4b 3f 1b5 29 37 2c 12 27 67 22 14
FIXUPS: 4337b 14 7 14 7 14 7 14 7 fffff49a 18 17 3b 21 15 11 e 48 8 31
FIXUPS: 429d6 22 3b 15 7 18 17 79 30 37 34 89 18 109 5 f 6 27 b 94 29 fffff362
FIXUPS: 421f0 27 12 1f 2f 15 11 1b f e 8 7 14 8d 34 16 8 54 7c 18 2c 42
FIXUPS: 42566 b6 2b dd 52 36 7a 5 18 fffff5de 28 23 16 b 23 b 1f 1b 32
FIXUPS: 41f41 1d 22 17 29 17 1b 18 3a 16 17 11 12 13 21 29 17 1b 18 26
FIXUPS: 4218a 5 69a23 1c ffff4812 13 2d 13 5f b fff6f8b6 31e29 21 22 22
FIXUPS: 41c03 1a 10 16 1a 1d 5 19 21 1a 1b 14 18 b 2b 12 c 40 29 5df70
FIXUPS: 9fd74 37 37 17 1d 17 1d 17 1d 17 3a 103 ae 1f 146 b 2d 3c 19 1b
FIXUPS: a02a2 15 1c 5d 5 2a 1d 24 13 b7d6 1e ffff3b11 15 11c b e8 1f 1a
FIXUPS: 9f946 4d 17 e f2 12 f f f 54 c c c 9 b 95 c c c 9 b 34 c 11 c fffa403b
FIXUPS: 43cf1 7 17 7 d 14 7 14 7 14 7 14 7 14 7 15 14 6 d d 5b762 2c b
FIXUPS: 9f5c4 59 8 14 17 15 26 16 fffa4413 7 14 7 14 7 14 7 17 7 17 7 17
FIXUPS: 43b66 17 7 17 7 17 7 17 7 17 7 1d e 30 7 1a e 6 47 5cc07 14 17
FIXUPS: a0928 4a fffa2c68 17 a 8 1b 16 1e 49 69 2e 4a 66 17 37 17 78 64
FIXUPS: 43955 61 37 5 1b e 1e e 37 22 68200 29 21 1a ffff47c7 22 1a 39
FIXUPS: a0545 12 28 1b e 16 63 17 22 27 2a 17 23 2e 1a 1c 57 17 19 35 2e
FIXUPS: a0868 2e 2d fffcb3dc 2c b 2c 8 17 88 19 14 17 2c 58 92 b6 1f 25
FIXUPS: 6c014 1d 26 7 17 1b 7 10 15 7 3fb57 a 22 1c 14 25 fffc051b 7f fffe7ddc
FIXUPS: 5402b 17830 d d 1a 40 22 10 7a 1d 35 14 59 a b 28 8 13 35 a1 8
FIXUPS: 6bb8d 32 1d 4f 13 16 12 1e 34ff4 26 1f 19 6a 19 1f 25 11 24 12
FIXUPS: a0e40 26 43 c c c c b 4c 4f 17 77 2b b 54 6d 5b fffb2f08 180dd
FIXUPS: 6c160 4b 35a66 fffca680 22 25 78 6c 2b 4a 40 82 33 56 25 62 87
FIXUPS: 6c6a7 18 34330 2e 49 14 32 3f 28 13 7 88 25 11 12 43 1f a73 47
FIXUPS: a1732 22 2d 15 24 3f 6a 18 1c 16 b 4b 22 22 22 3e 5c 14 56 2f 37
FIXUPS: a1af2 f 2b 21 11 1c 31 15 46 fffcab3b 52 354aa 12 3e a f 2b fffff4e3
FIXUPS: a11d3 25 10 64 3d 1e 14 1b 34 25 f2 18 72 1f 25 68 22 3d 53 2c
FIXUPS: a1677 2b 19 a14a 1c b 55 47 3d 15 c 17 ffff642d b 49 3e b 1f 19
FIXUPS: a1e69 131 b0 21 15 5 2a 1d 15 5 2a 1d 55 b 55 b 8f82 d6 2f 12 32
FIXUPS: ab2ca 37 b 2d b 69 b b7 12 42 19 25 12 25 25 46 c c c c b 26 8b
FIXUPS: ab6a7 51 18 dc fff99593 23 2c 5e 2d 23 64 13 46 c 10 13 27b97 13
FIXUPS: 6cb30 d a0 13 d 14 11 20 fffffbbb 16 f 26 eb 6b 93 b 25 34 fffd7f2b
FIXUPS: 449d4 9 b 12 9 2e 1f 19 10 9 1a 4a 14 17 14 17 14 9 b 31 22 d 19
FIXUPS: 44c03 10 b 37 9c 23 2c 21 fffff743 34 d 57 20 2d e 16 16 73 46
FIXUPS: 446b2 12 57 18 11 e aa 6f 11 b 1f 28 35 c c c b 38 14 17 14 fffff5d5
FIXUPS: 43feb 38 c c b 3c 1f 14 14 19 49 6 43 2a 37 17 2e 24 1a 40 20 1a
FIXUPS: 44307 14 25 27 1d 1c 17 24 86 5dfd7 1a 1d fffdf8db 14 5 13 18 23
FIXUPS: 81dc5 18 34 28 1c 23 18 8 32 17 26 fffc1f31 12 f 23 1e 3a 43 f
FIXUPS: 43f4c f c c fffd2c92 2b 9 b 6b 66 5b 13 2d 13 2d 13 2d 13 2d 13
FIXUPS: 16ed0 13 2d 13 2d 13 2d 13 2d 13 2d 13 2d 13 8b3b4 5 fff741e8 70
FIXUPS: 1667d b 46 20 33 17 e b 33 17 2d 124 6a 35 b 60 b 26 14 7 14 7
FIXUPS: 16abc 1e b 6b 23 25 3c 12 fffff62c b 3e 8 1e b 4c 29 1e 21 b 4c
FIXUPS: 163b3 11 23 c 27 9 b 30 4e 5a 14 7 20 33 12 1c 14 12 28 9 fffff68f
FIXUPS: 15caa 39 a 13 31 c 22 4d 34 1c b0 8 1e b 3e 8 1e b 3e 8 1e b 51
FIXUPS: 1602e 1c c2 1c 23 9 98 8 fffff64b 39 34 1c be 1c 11 21 f d 25 15
FIXUPS: 15a51 9 9 9 b 29 14 7 20 33 29 16 17 24 28 b 60 b 22 a fffff7b4
FIXUPS: 15428 25 e 27 e 24 20 33 29 16 17 24 2f b 60 b 4b 1f 1c a 37 24
FIXUPS: 15733 15 22 10 11 65 13 13 1e fffff72d 1c 57 28 2b 1c 86 1c 1c
FIXUPS: 15119 39 39 f 2f 6 14 6 20 42 16 26 1c 1f 9 b 52 1a 2c 9 b 70 9
FIXUPS: 14b9d 23 8 a 14 a 16 f c 27 9 b 40 1c 1c 32 3f d 9 3b 2c 1c 1c
FIXUPS: 14e3b 3e 1c 1c 19 9 9 3b 2e fffff7cd 26 28 c 9 b 48 12 13 26 22
FIXUPS: 14851 1f c 9 b 7d c 9 b 22 ca 1c 18 1e b 4c 1c 36 b 4c 1c fffff6f5
FIXUPS: 14287 4a 12 26 16 17 2c 28 1d 1f 9 b 25 3e 1c 60 2c 2d b 30 1c
FIXUPS: 14595 5a 24 14 6 34 22 18 52 12 fffff74b 27 18 22 b 45 1c 30 26
FIXUPS: 13f74 28 2d b 25 22 14 6 34 22 18 72 9 b 45 12 26 22 19 18 3e 1d
FIXUPS: 14273 fffff783 1c b 48 29 22 19 18 3e 1d 1c b 3f 10 13 27 9 b 77
FIXUPS: 13c8a 13 2d 9 b 77 20 13 13 2d 9 b 4c fffff6af 25 32 51 7 38 2d
FIXUPS: 135f6 30 1c 22 22 64 1c 22 22 22 65 14 6 34 22 18 62 b 47 29 16
FIXUPS: 13963 22 2c 28 fffff6b7 1c 45 1c 45 1c 22 5e 1c 11 13 30 c d 16
FIXUPS: 13299 23 9 b 4b 11 1d 35 19 2e b 30 1c 1c 31 f 43 fffff78e b 45
FIXUPS: 12cab 26 19 18 1f 33 1d 1f 9 b 4a 12 26 16 17 18 33 2d 1d 1f 9
FIXUPS: 12f1b 25 29 1c 45 1c 49 1c fffff6f4 16 26 1c 19 39 2b 9 b 62 8
FIXUPS: 128b4 b 2a 9 b 3d 22 22 31 61 22 22 24 95 1d 46 2c 14 7 20 69 fffff70b
FIXUPS: 12356 36 41 1c 6d 1c e 2b 1c e 2b 1c e 2b 1c e 20 1c 22 10 21 1b
FIXUPS: 1264a 1b 21 1d 2b 1a 7 14 7 fffff592 44 67 38 39 34 40 1c 25 31
FIXUPS: 11eda 1a 4f 48 1f 40 22 1c 1c 24 45 1c 23 44 6e cc 1c 16 1b 24
FIXUPS: 12320 14 fffff3dc 20 20 18 3a 1c 25 24 3e 17 71 60 8 1b b 25 28
FIXUPS: 119d5 9 b 2d 23 65 1d 56 2f 32 36 1c 25 31 3c fffff55d 11 f f 8
FIXUPS: 111fc 10 7d c 9 b 40 22 22 24 25 56 64 25 1d 3e 22 22 31 51 5d
FIXUPS: 115fb 29 20 18 3a 52 fffff53e 95 1d 63 13 26 35 71 4a 5b 21 56
FIXUPS: 10f4a 7 14 7 35 1b 26 22 22 1b f f 77 9 b 3a 12 26 22 1c fffff64b
FIXUPS: 10802 21 1b 9 5a 13 15 2f 25 1f 9 14 25 23 9 14 2c 83 a a a 9 9
FIXUPS: 10aa8 40 22 22 31 61 22 22 fffff5e5 fb 12 68 1e b 37 3c 3e 1a 1c
FIXUPS: 10477 34 2b 4e 10 37 2d b 4b 10 3b 2d b 4b 10 37 2d b 4b 2c 24
FIXUPS: fea9 45 c 16 b 18 11 13 10 16 6 2f f 10 2b 9 b 7c 1c 16 17 17 1a
FIXUPS: 1011d 17 17 17 17 16 16 16 16 7b60 9 6 a c 30 9 9 b 55 1c 8 26
FIXUPS: 17e4e 27 9 b 39 1c 54 1c 54 14 7 4e 37 2e 13 ffff7d4d 3b 5c 18
FIXUPS: 17977 80 1c d 23 15 27 9 9 b 55 1c f 1e b 55 1c f f a 14 a 1b 1c
FIXUPS: 17c48 27 9 9 b 55 1c 1e fffff665 8 1f 11 64 36 19 6a 22 1c 72 22
FIXUPS: 175c3 72 1c 72 1c 21 9 45 1c 21 9 45 1c 21 9 45 1c 1c 8b 34 8b2b3
FIXUPS: a2c4b 41 41 69 9 15 14 18 11 23 1f 3b 11 f fff74277 12 51 9 b 4c
FIXUPS: 17192 9 b 3f 32 7d a 37 38 21 32 99b28 ffff1639 3f 2f 43 3b 3b
FIXUPS: a261b 3b 3b 3f 37 33 4b 3f 3b 3f 47 3f 33 37 33 33 33 37 3f 3f
FIXUPS: a2abf 3f 47 4b 33 def5 41 c 10 13 41 c 10 13 44 c 10 13 29 45 c
FIXUPS: b0c95 13 30 41 c 10 13 2e 43 c 10 13 30 41 c 10 fffff8c3 41 c 10
FIXUPS: b07a8 41 c 10 13 41 c 10 13 41 c 10 13 41 c 10 13 41 c 10 13 41
FIXUPS: b0a25 10 13 41 c 10 fffff913 41 c 10 13 41 c 10 13 41 c 10 13 41
FIXUPS: b0555 10 13 41 c 10 13 41 c 10 13 41 c 10 13 41 c 10 fffff924 c
FIXUPS: b0065 13 41 c 10 13 41 c 10 13 41 c 10 13 41 c 10 13 34 3d c 10
FIXUPS: b02d8 41 c 10 13 41 c 10 fffff913 10 13 3e c 10 13 44 c 10 13 3e
FIXUPS: afe05 10 13 41 c 10 13 41 c 10 13 2a 37 c 10 13 44 c 10 13 fffff8fd
FIXUPS: af949 c 10 13 41 c 10 13 41 c 10 13 2a 37 c 10 13 41 c 10 13 41
FIXUPS: afba5 10 13 41 c 10 13 32 42 fffff8bc 2a 37 c 10 13 2a 37 c 10
FIXUPS: af688 2d 44 c 10 13 41 c 10 13 41 c 10 13 41 c 10 13 2a 37 c 10
FIXUPS: af1f9 c 10 13 41 c 10 13 2a 37 c 10 13 2a 37 c 10 13 2a 37 c 10
FIXUPS: af448 2a 37 c 10 13 2a 37 c 10 fffff924 c 10 13 44 c 10 13 3e c
FIXUPS: aef75 13 41 c 10 13 41 c 10 13 44 c 10 13 3e c 10 13 41 c 10 13
FIXUPS: aeaf9 c 10 13 41 c 10 13 41 c 10 13 41 c 10 13 41 c 10 13 41 c
FIXUPS: aed45 13 41 c 10 13 41 c 10 13 fffffac8 10 10 10 10 10 10 10 d
FIXUPS: ae98a d d d d d d d d d d d d d e fff6969f 20 24 30 96935 c 10
FIXUPS: aeab8 fffffc48 10 10 10 10 10 10 10 10 10 10 10 10 10 10 10 10
FIXUPS: ae810 10 10 10 10 10 10 10 10 10 10 10 10 10 10 fffffadf 2c 4d
FIXUPS: ae474 4d 2c 4d 36 10 10 10 10 10 10 10 10 10 10 10 10 10 10 10
FIXUPS: ae670 10 10 10 10 10 10 10 10 fffff52b 2f 4d 2f 4d 2f 4d 2f 4d
FIXUPS: ade3a 4d 2c 4d 2f 4d 2f 4d 2c 4d 2f 4d 2f 4d 2f 4d 2c 4d 2c 4d
FIXUPS: ae306 50 2c fffff127 2c 4d 2c 32 29 32 2c 50 2c 4d 2f 4d 2c 4d
FIXUPS: ad7f1 4d 2c 4d 2f 4d 2f 4d 2f 4d 2f 4d 2f 4d 2f 4d 2f fffff136
FIXUPS: acd30 4d 2c 4d 2c 4d 2c 4d 2c 4d 2f 4d 2c 4d 2f 4d 2c 4d 2f 50
FIXUPS: ad1f9 4d 2f 50 2c 4d 2c 4d 2c 4d 2c fffff13f 23 3e 26 41 29 4d
FIXUPS: ac708 4d 2f 4d 2c 4d 2c 4d 2c 4d 2c 4d 2c 4d 2c 4d 2c 4d 2c 4d
FIXUPS: acbc5 4d 2c 4d 2c fffa774f 6e 4d e 7d 14 57b4c 10 3e 26 3e 23 3e
FIXUPS: ac1e5 3e 23 3e 23 3e 26 3e 23 3e 23 3e 26 3e 26 41 26 3e 23 fffff9e5
FIXUPS: abf4c e 6c e 5 2e 10 14 1f 14 fffa8060 22 e 18 2c e 59 17 4d 2c
FIXUPS: 54237 59 17 5 24 17 1b 18 4d e 7d 4ef78 16 16 b 34 7 17 10 23 35
FIXUPS: a3473 8 33 b 27 13 88b1 15 7 1e b 33 34 17 7 17 7 40 7 12 d 42
FIXUPS: a2ea5 14 d 16 d 19 53 15 7 1c b 2f 2c 20 e 1d 5a 30 23 17 4a 17
FIXUPS: a3173 2c 3e 73 26 4d 66 17 15 c
