 MFC42UD

 Timestamp is 5d9d730d (Tue Oct 08 22:41:33 2019)

 Preferred load address is 5f400000

 Start         Length     Name                   Class
 0001:00000000 00018528H .text                   CODE
 0001:00018530 000076dfH .text$AFX_AUX           CODE
 0001:0001fc10 00008867H .text$AFX_COL1          CODE
 0001:00028480 00004e43H .text$AFX_COL2          CODE
 0001:0002d2d0 00016e5eH .text$AFX_CORE1         CODE
 0001:00044130 0000f61cH .text$AFX_CORE2         CODE
 0001:00053750 00018750H .text$AFX_CORE3         CODE
 0001:0006bea0 0001524eH .text$AFX_CORE4         CODE
 0001:000810f0 00006432H .text$AFX_DBG1          CODE
 0001:00087530 0000ea06H .text$AFX_DBG2          CODE
 0001:00095f40 0000caa6H .text$AFX_INIT          CODE
 0001:000a29f0 0000091fH .text$AFX_MAPI          CODE
 0001:000a3310 00007bc7H .text$AFX_PRNT          CODE
 0001:000aaee0 00000701H .text$AFX_TERM          CODE
 0001:000ab5f0 00004e1bH .text$AFX_VDEL          CODE
 0002:00000000 00000004H .CRT$XCA                DATA
 0002:00000004 0000000cH .CRT$XCC                DATA
 0002:00000010 00000028H .CRT$XCL                DATA
 0002:00000038 00000090H .CRT$XCU                DATA
 0002:000000c8 00000004H .CRT$XCZ                DATA
 0002:000000cc 00000004H .CRT$XIA                DATA
 0002:000000d0 00000004H .CRT$XIZ                DATA
 0002:000000d8 00010782H .rdata                  DATA
 0002:00010860 00003340H .rdata$r                DATA
 0002:00013ba0 00007008H .xdata$x                DATA
 0002:0001abb0 00004883H .edata                  DATA
 0003:00000000 00001e84H .data                   DATA
 0003:00001e88 000021e4H .bss                    DATA
 0004:00000000 00000050H .idata$2                DATA
 0004:00000050 00000014H .idata$3                DATA
 0004:00000064 000009dcH .idata$4                DATA
 0004:00000a40 000009dcH .idata$5                DATA
 0004:0000141c 0000283aH .idata$6                DATA
 0005:00000000 00000e98H .rsrc$01                DATA
 0005:00000ea0 000062d8H .rsrc$02                DATA

  Address         Publics by Value              Rva+Base   Lib:Object

 0001:00000000       ?AddHead@?$CTypedSimpleList@PAUCRuntimeClass@@@@QAEXPAUCRuntimeClass@@@Z 5f401000 f objcore.obj
 0001:00000030       ??B?$CTypedSimpleList@PAUCRuntimeClass@@@@QAEPAUCRuntimeClass@@XZ 5f401030 f objcore.obj
 0001:00000050       ?GetHead@CSimpleList@@QBEPAXXZ 5f401050 f objcore.obj
 0001:00000070       ??B?$CTypedSimpleList@PAVCDynLinkLibrary@@@@QAEPAVCDynLinkLibrary@@XZ 5f401070 f objcore.obj
 0001:00000090       ??C?$CThreadLocal@V_AFX_THREAD_STATE@@@@QAEPAV_AFX_THREAD_STATE@@XZ 5f401090 f except.obj
 0001:000000b0       ?GetData@?$CThreadLocal@V_AFX_THREAD_STATE@@@@QAEPAV_AFX_THREAD_STATE@@XZ 5f4010b0 f except.obj
 0001:00000100       ?CreateObject@?$CThreadLocal@V_AFX_THREAD_STATE@@@@SGPAVCNoTrackObject@@XZ 5f401100 f except.obj
 0001:00000190       ??0CArchiveStream@@QAE@PAVCArchive@@@Z 5f401190 f arcstrm.obj
 0001:000001c5       ?AddRef@CArchiveStream@@UAGKXZ 5f4011c5 f arcstrm.obj
 0001:000001dc       ?Release@CArchiveStream@@UAGKXZ 5f4011dc f arcstrm.obj
 0001:000001f0       ?QueryInterface@CArchiveStream@@UAGJABU_GUID@@PAPAX@Z 5f4011f0 f arcstrm.obj
 0001:00000248       ?Read@CArchiveStream@@UAGJPAXKPAK@Z 5f401248 f arcstrm.obj
 0001:00000367       ?Write@CArchiveStream@@UAGJPBXKPAK@Z 5f401367 f arcstrm.obj
 0001:00000489       ?Seek@CArchiveStream@@UAGJT_LARGE_INTEGER@@KPAT_ULARGE_INTEGER@@@Z 5f401489 f arcstrm.obj
 0001:000005c8       ?SetSize@CArchiveStream@@UAGJT_ULARGE_INTEGER@@@Z 5f4015c8 f arcstrm.obj
 0001:000005df       ?CopyTo@CArchiveStream@@UAGJPAUIStream@@T_ULARGE_INTEGER@@PAT3@2@Z 5f4015df f arcstrm.obj
 0001:000005f6       ?Commit@CArchiveStream@@UAGJK@Z 5f4015f6 f arcstrm.obj
 0001:0000060d       ?Revert@CArchiveStream@@UAGJXZ 5f40160d f arcstrm.obj
 0001:00000624       ?LockRegion@CArchiveStream@@UAGJT_ULARGE_INTEGER@@0K@Z 5f401624 f arcstrm.obj
 0001:0000063b       ?UnlockRegion@CArchiveStream@@UAGJT_ULARGE_INTEGER@@0K@Z 5f40163b f arcstrm.obj
 0001:00000652       ?Stat@CArchiveStream@@UAGJPAUtagSTATSTG@@K@Z 5f401652 f arcstrm.obj
 0001:00000669       ?Clone@CArchiveStream@@UAGJPAPAUIStream@@@Z 5f401669 f arcstrm.obj
 0001:00000680       ??0IStream@@QAE@XZ         5f401680 f arcstrm.obj
 0001:000006b0       ??0ISequentialStream@@QAE@XZ 5f4016b0 f arcstrm.obj
 0001:000006e0       ??0IUnknown@@QAE@XZ        5f4016e0 f arcstrm.obj
 0001:00000710       ??8@YAHABU_GUID@@0@Z       5f401710 f arcstrm.obj
 0001:00000750       ??1CNoTrackObject@@UAE@XZ  5f401750 f dumpinit.obj
 0001:00000770       ??_GCNoTrackObject@@UAEPAXI@Z 5f401770 f dumpinit.obj
 0001:00000770       ??_ECNoTrackObject@@UAEPAXI@Z 5f401770 f dumpinit.obj
 0001:000007b0       ?GetData@?$CProcessLocal@V_AFX_DEBUG_STATE@@@@QAEPAV_AFX_DEBUG_STATE@@XZ 5f4017b0 f dumpinit.obj
 0001:00000800       ?CreateObject@?$CProcessLocal@V_AFX_DEBUG_STATE@@@@SGPAVCNoTrackObject@@XZ 5f401800 f dumpinit.obj
 0001:00000890       ??0CNoTrackObject@@QAE@XZ  5f401890 f dumpinit.obj
 0001:000008c0       ?DrawState@@YGHPAUHDC__@@PAUHBRUSH__@@P6GH0JIHH@ZJIHHHHI@Z 5f4018c0 f afxinl2.obj
 0001:00000900       ?GetNextWindow@@YAPAUHWND__@@PAU1@I@Z 5f401900 f afxinl3.obj
 0001:00000920       __wcsinc                   5f401920 f filecore.obj
 0001:00000940       ?T2COLE@@YAPBGPBG@Z        5f401940 f filecore.obj
 0001:00000960       ??0AFX_COM@@QAE@XZ         5f401960 f filecore.obj
 0001:00000990       ?data@CPlex@@QAEPAXXZ      5f401990 f list_o.obj
 0001:000009b0       ?data@CStringData@@QAEPAGXZ 5f4019b0 f strcore.obj
 0001:000009d0       __tclen                    5f4019d0 f strex.obj
 0001:000009f0       ?Construct@CSimpleList@@QAEXH@Z 5f4019f0 f afxstate.obj
 0001:00000a40       ??0CTypeLibCache@@QAE@XZ   5f401a40 f afxstate.obj
 0001:00000a90       ??0?$CTypedSimpleList@PAVCFrameWnd@@@@QAE@H@Z 5f401a90 f afxstate.obj
 0001:00000ac0       ??0CSimpleList@@QAE@H@Z    5f401ac0 f afxstate.obj
 0001:00000af0       ?GetData@?$CProcessLocal@V_AFX_BASE_MODULE_STATE@@@@QAEPAV_AFX_BASE_MODULE_STATE@@XZ 5f401af0 f afxstate.obj
 0001:00000b40       ?CreateObject@?$CProcessLocal@V_AFX_BASE_MODULE_STATE@@@@SGPAVCNoTrackObject@@XZ 5f401b40 f afxstate.obj
 0001:00000bd0       ??0_AFX_BASE_MODULE_STATE@@QAE@XZ 5f401bd0 f afxstate.obj
 0001:00000c50       ??0?$CTypedSimpleList@PAUCRuntimeClass@@@@QAE@H@Z 5f401c50 f afxstate.obj
 0001:00000c80       ??0?$CTypedSimpleList@PAVCOleObjectFactory@@@@QAE@H@Z 5f401c80 f afxstate.obj
 0001:00000cb0       ??0?$CTypedSimpleList@PAVCDynLinkLibrary@@@@QAE@H@Z 5f401cb0 f afxstate.obj
 0001:00000ce0       ??0?$CTypedSimpleList@PAVCOleControlLock@@@@QAE@H@Z 5f401ce0 f afxstate.obj
 0001:00000d10       ?GetData@?$CThreadLocal@VAFX_MODULE_THREAD_STATE@@@@QAEPAVAFX_MODULE_THREAD_STATE@@XZ 5f401d10 f afxstate.obj
 0001:00000d60       ?CreateObject@?$CThreadLocal@VAFX_MODULE_THREAD_STATE@@@@SGPAVCNoTrackObject@@XZ 5f401d60 f afxstate.obj
 0001:00000df0       ??B?$CThreadLocal@V_AFX_THREAD_STATE@@@@QAEPAV_AFX_THREAD_STATE@@XZ 5f401df0 f afxstate.obj
 0001:00000e10       ??1CHandleMap@@QAE@XZ      5f401e10 f afxstate.obj
 0001:00000e90       ??2@YAPAXIPAX@Z            5f401e90 f afxstate.obj
 0001:00000eb0       ?GetNextPtr@CSimpleList@@QBEPAPAXPAX@Z 5f401eb0 f afxtls.obj
 0001:00000ef0       ??0?$CTypedSimpleList@PAUCThreadData@@@@QAE@H@Z 5f401ef0 f afxtls.obj
 0001:00000f20       ??B?$CTypedSimpleList@PAUCThreadData@@@@QAEPAUCThreadData@@XZ 5f401f20 f afxtls.obj
 0001:00000f40       ?AddHead@?$CTypedSimpleList@PAUCThreadData@@@@QAEXPAUCThreadData@@@Z 5f401f40 f afxtls.obj
 0001:00000f70       ?Remove@?$CTypedSimpleList@PAUCThreadData@@@@QAEHPAUCThreadData@@@Z 5f401f70 f afxtls.obj
 0001:00000fa0       ??2CThreadSlotData@@SGPAXIPAX@Z 5f401fa0 f afxtls.obj
 0001:00000fc0       ??0CSyncObject@@QAE@PBG@Z  5f401fc0 f mtcore.obj
 0001:00001065       ??1CSyncObject@@UAE@XZ     5f402065 f mtcore.obj
 0001:0000110a       ?Lock@CSyncObject@@UAEHK@Z 5f40210a f mtcore.obj
 0001:0000114c       ?Dump@CSyncObject@@UBEXAAVCDumpContext@@@Z 5f40214c f mtcore.obj
 0001:000011b2       ?AssertValid@CSyncObject@@UBEXXZ 5f4021b2 f mtcore.obj
 0001:000011d0       ??BCSyncObject@@QBEPAXXZ   5f4021d0 f mtcore.obj
 0001:000011ec       ?Unlock@CSemaphore@@UAEHXZ 5f4021ec f mtcore.obj
 0001:00001211       ?SetEvent@CEvent@@QAEHXZ   5f402211 f mtcore.obj
 0001:00001256       ?PulseEvent@CEvent@@QAEHXZ 5f402256 f mtcore.obj
 0001:0000129b       ?ResetEvent@CEvent@@QAEHXZ 5f40229b f mtcore.obj
 0001:000012e0       ??1CSingleLock@@QAE@XZ     5f4022e0 f mtcore.obj
 0001:000012fe       ?IsLocked@CSingleLock@@QAEHXZ 5f4022fe f mtcore.obj
 0001:0000131a       ?IsLocked@CMultiLock@@QAEHK@Z 5f40231a f mtcore.obj
 0001:0000136c       ??0CCriticalSection@@QAE@XZ 5f40236c f mtcore.obj
 0001:000013ea       ??BCCriticalSection@@QAEPAU_RTL_CRITICAL_SECTION@@XZ 5f4023ea f mtcore.obj
 0001:00001406       ??1CCriticalSection@@UAE@XZ 5f402406 f mtcore.obj
 0001:0000147b       ?Lock@CCriticalSection@@QAEHXZ 5f40247b f mtcore.obj
 0001:000014a3       ?Lock@CCriticalSection@@UAEHK@Z 5f4024a3 f mtcore.obj
 0001:000014c3       ?Unlock@CCriticalSection@@UAEHXZ 5f4024c3 f mtcore.obj
 0001:000014f0       ??_ECSyncObject@@UAEPAXI@Z 5f4024f0 f mtcore.obj
 0001:000014f0       ??_GCSyncObject@@UAEPAXI@Z 5f4024f0 f mtcore.obj
 0001:00001530       ??_GCCriticalSection@@UAEPAXI@Z 5f402530 f mtcore.obj
 0001:00001570       ?Unlock@CSyncObject@@UAEHJPAJ@Z 5f402570 f mtcore.obj
 0001:00001590       ??0CSemaphore@@QAE@JJPBGPAU_SECURITY_ATTRIBUTES@@@Z 5f402590 f mtex.obj
 0001:00001673       ??1CSemaphore@@UAE@XZ      5f402673 f mtex.obj
 0001:000016db       ?Unlock@CSemaphore@@UAEHJPAJ@Z 5f4026db f mtex.obj
 0001:00001708       ??0CMutex@@QAE@HPBGPAU_SECURITY_ATTRIBUTES@@@Z 5f402708 f mtex.obj
 0001:000017a7       ??1CMutex@@UAE@XZ          5f4027a7 f mtex.obj
 0001:0000180f       ?Unlock@CMutex@@UAEHXZ     5f40280f f mtex.obj
 0001:00001832       ??0CEvent@@QAE@HHPBGPAU_SECURITY_ATTRIBUTES@@@Z 5f402832 f mtex.obj
 0001:000018d5       ??1CEvent@@UAE@XZ          5f4028d5 f mtex.obj
 0001:0000193d       ?Unlock@CEvent@@UAEHXZ     5f40293d f mtex.obj
 0001:00001958       ??0CSingleLock@@QAE@PAVCSyncObject@@H@Z 5f402958 f mtex.obj
 0001:000019ee       ?Lock@CSingleLock@@QAEHK@Z 5f4029ee f mtex.obj
 0001:00001a75       ?Unlock@CSingleLock@@QAEHXZ 5f402a75 f mtex.obj
 0001:00001b02       ?Unlock@CSingleLock@@QAEHJPAJ@Z 5f402b02 f mtex.obj
 0001:00001b99       ??0CMultiLock@@QAE@QAPAVCSyncObject@@KH@Z 5f402b99 f mtex.obj
 0001:00001d61       ??1CMultiLock@@QAE@XZ      5f402d61 f mtex.obj
 0001:00001dc4       ?Lock@CMultiLock@@QAEKKHK@Z 5f402dc4 f mtex.obj
 0001:00001ebd       ?Unlock@CMultiLock@@QAEHXZ 5f402ebd f mtex.obj
 0001:00001f58       ?Unlock@CMultiLock@@QAEHJPAJ@Z 5f402f58 f mtex.obj
 0001:00002030       ??_GCSemaphore@@UAEPAXI@Z  5f403030 f mtex.obj
 0001:00002070       ??_GCMutex@@UAEPAXI@Z      5f403070 f mtex.obj
 0001:000020b0       ??_GCEvent@@UAEPAXI@Z      5f4030b0 f mtex.obj
 0001:000020f0       ??B?$CProcessLocal@V_AFX_WIN_STATE@@@@QAEPAV_AFX_WIN_STATE@@XZ 5f4030f0 f wincore.obj
 0001:00002110       ?GetData@?$CProcessLocal@V_AFX_WIN_STATE@@@@QAEPAV_AFX_WIN_STATE@@XZ 5f403110 f wincore.obj
 0001:00002160       ?CreateObject@?$CProcessLocal@V_AFX_WIN_STATE@@@@SGPAVCNoTrackObject@@XZ 5f403160 f wincore.obj
 0001:000021f0       ?GetDataNA@?$CProcessLocal@V_AFX_CTL3D_STATE@@@@QAEPAV_AFX_CTL3D_STATE@@XZ 5f4031f0 f wincore.obj
 0001:00002210       ?LookupPermanent@CHandleMap@@QAEPAVCObject@@PAX@Z 5f403210 f wincore.obj
 0001:00002240       ?LookupTemporary@CHandleMap@@QAEPAVCObject@@PAX@Z 5f403240 f wincore.obj
 0001:00002270       ??B?$CProcessLocal@V_AFX_CTL3D_STATE@@@@QAEPAV_AFX_CTL3D_STATE@@XZ 5f403270 f wincore.obj
 0001:00002290       ?GetData@?$CProcessLocal@V_AFX_CTL3D_STATE@@@@QAEPAV_AFX_CTL3D_STATE@@XZ 5f403290 f wincore.obj
 0001:000022e0       ?CreateObject@?$CProcessLocal@V_AFX_CTL3D_STATE@@@@SGPAVCNoTrackObject@@XZ 5f4032e0 f wincore.obj
 0001:00002370       ??0_AFX_CTL3D_STATE@@QAE@XZ 5f403370 f wincore.obj
 0001:000023e0       ??_E_AFX_CTL3D_STATE@@UAEPAXI@Z 5f4033e0 f wincore.obj
 0001:000023e0       ??_G_AFX_CTL3D_STATE@@UAEPAXI@Z 5f4033e0 f wincore.obj
 0001:00002420       ?UnlockResource@@YGHPAX@Z  5f403420 f wincore.obj
 0001:00002440       ?AddHead@?$CTypedSimpleList@PAVCFrameWnd@@@@QAEXPAVCFrameWnd@@@Z 5f403440 f winfrm.obj
 0001:00002470       ?Remove@?$CTypedSimpleList@PAVCFrameWnd@@@@QAEHPAVCFrameWnd@@@Z 5f403470 f winfrm.obj
 0001:000024a0       ??B?$CThreadLocal@VAFX_MODULE_THREAD_STATE@@@@QAEPAVAFX_MODULE_THREAD_STATE@@XZ 5f4034a0 f winfrm.obj
 0001:000024c0       ?GetWindowTask@@YAPAUHTASK__@@PAUHWND__@@@Z 5f4034c0 f winfrmx.obj
 0001:000024e0       ?_GetBaseMessageMap@CToolTipCtrl@@KGPBUAFX_MSGMAP@@XZ 5f4034e0 f tooltip.obj
 0001:000024f5       ?GetMessageMap@CToolTipCtrl@@MBEPBUAFX_MSGMAP@@XZ 5f4034f5 f tooltip.obj
 0001:00002510       ??0CToolTipCtrl@@QAE@XZ    5f403510 f tooltip.obj
 0001:0000259c       ?Create@CToolTipCtrl@@QAEHPAVCWnd@@K@Z 5f40359c f tooltip.obj
 0001:0000260b       ??1CToolTipCtrl@@UAE@XZ    5f40360b f tooltip.obj
 0001:00002694       ?DestroyToolTipCtrl@CToolTipCtrl@@QAEHXZ 5f403694 f tooltip.obj
 0001:0000270e       ?OnAddTool@CToolTipCtrl@@IAEJIJ@Z 5f40370e f tooltip.obj
 0001:000027c8       ?OnDisableModal@CToolTipCtrl@@IAEJIJ@Z 5f4037c8 f tooltip.obj
 0001:000027f3       ?OnWindowFromPoint@CToolTipCtrl@@IAEJIJ@Z 5f4037f3 f tooltip.obj
 0001:000028d9       ?AddTool@CToolTipCtrl@@QAEHPAVCWnd@@PBGPBUtagRECT@@I@Z 5f4038d9 f tooltip.obj
 0001:000029e4       ?AddTool@CToolTipCtrl@@QAEHPAVCWnd@@IPBUtagRECT@@I@Z 5f4039e4 f tooltip.obj
 0001:00002b37       ?DelTool@CToolTipCtrl@@QAEXPAVCWnd@@I@Z 5f403b37 f tooltip.obj
 0001:00002bca       ?GetText@CToolTipCtrl@@QBEXAAVCString@@PAVCWnd@@I@Z 5f403bca f tooltip.obj
 0001:00002c77       ?GetToolInfo@CToolTipCtrl@@QBEHAAVCToolInfo@@PAVCWnd@@I@Z 5f403c77 f tooltip.obj
 0001:00002d16       ?HitTest@CToolTipCtrl@@QBEHPAVCWnd@@VCPoint@@PAUtagTOOLINFOW@@@Z 5f403d16 f tooltip.obj
 0001:00002e0b       ?SetToolRect@CToolTipCtrl@@QAEXPAVCWnd@@IPBUtagRECT@@@Z 5f403e0b f tooltip.obj
 0001:00002ed2       ?UpdateTipText@CToolTipCtrl@@QAEXPBGPAVCWnd@@I@Z 5f403ed2 f tooltip.obj
 0001:00002f6b       ?UpdateTipText@CToolTipCtrl@@QAEXIPAVCWnd@@I@Z 5f403f6b f tooltip.obj
 0001:00003036       ?FillInToolInfo@CToolTipCtrl@@QBEXAAUtagTOOLINFOW@@PAVCWnd@@I@Z 5f404036 f tooltip.obj
 0001:000030c0       ?EnableToolTips@CWnd@@QAEHH@Z 5f4040c0 f tooltip.obj
 0001:000031b9       ?_FilterToolTipMessage@CWnd@@SGXPAUtagMSG@@PAV1@@Z 5f4041b9 f tooltip.obj
 0001:000031d7       ?FilterToolTipMessage@CWnd@@QAEXPAUtagMSG@@@Z 5f4041d7 f tooltip.obj
 0001:00003800       ??_GCToolTipCtrl@@UAEPAXI@Z 5f404800 f tooltip.obj
 0001:00003840       ??1_AFX_WINMINI_TERM@@QAE@XZ 5f404840 f winmini.obj
 0001:00003870       ?items@CToolBarData@@QAEPAGXZ 5f404870 f bartool.obj
 0001:00003890       ??1_AFX_TRACKER_TERM@@QAE@XZ 5f404890 f trckrect.obj
 0001:000038c0       ??1CDragListBox@@UAE@XZ    5f4048c0 f winctrl2.obj
 0001:00003930       ?PreSubclassWindow@CDragListBox@@UAEXXZ 5f404930 f winctrl2.obj
 0001:000039a2       ?BeginDrag@CDragListBox@@UAEHVCPoint@@@Z 5f4049a2 f winctrl2.obj
 0001:000039ea       ?CancelDrag@CDragListBox@@UAEXVCPoint@@@Z 5f4049ea f winctrl2.obj
 0001:00003a12       ?Dragging@CDragListBox@@UAEIVCPoint@@@Z 5f404a12 f winctrl2.obj
 0001:00003a7c       ?Dropped@CDragListBox@@UAEXHVCPoint@@@Z 5f404a7c f winctrl2.obj
 0001:00003bdf       ?DrawInsert@CDragListBox@@UAEXH@Z 5f404bdf f winctrl2.obj
 0001:00003c2a       ?DrawSingle@CDragListBox@@QAEXH@Z 5f404c2a f winctrl2.obj
 0001:00003d47       ?OnChildNotify@CDragListBox@@MAEHIIJPAJ@Z 5f404d47 f winctrl2.obj
 0001:00003ee1       ?_GetBaseMessageMap@CToolBarCtrl@@KGPBUAFX_MSGMAP@@XZ 5f404ee1 f winctrl2.obj
 0001:00003ef6       ?GetMessageMap@CToolBarCtrl@@MBEPBUAFX_MSGMAP@@XZ 5f404ef6 f winctrl2.obj
 0001:00003f11       ?Create@CToolBarCtrl@@QAEHKABUtagRECT@@PAVCWnd@@I@Z 5f404f11 f winctrl2.obj
 0001:00003f9c       ??1CToolBarCtrl@@UAE@XZ    5f404f9c f winctrl2.obj
 0001:0000400c       ?AddBitmap@CToolBarCtrl@@QAEHHPAVCBitmap@@@Z 5f40500c f winctrl2.obj
 0001:0000407d       ?AddBitmap@CToolBarCtrl@@QAEHHI@Z 5f40507d f winctrl2.obj
 0001:00004123       ?SaveState@CToolBarCtrl@@QAEXPAUHKEY__@@PBG1@Z 5f405123 f winctrl2.obj
 0001:00004192       ?RestoreState@CToolBarCtrl@@QAEXPAUHKEY__@@PBG1@Z 5f405192 f winctrl2.obj
 0001:00004201       ?AddString@CToolBarCtrl@@QAEHI@Z 5f405201 f winctrl2.obj
 0001:000042a8       ?OnCreate@CToolBarCtrl@@IAEHPAUtagCREATESTRUCTW@@@Z 5f4052a8 f winctrl2.obj
 0001:000042eb       ?Create@CStatusBarCtrl@@QAEHKABUtagRECT@@PAVCWnd@@I@Z 5f4052eb f winctrl2.obj
 0001:00004376       ??1CStatusBarCtrl@@UAE@XZ  5f405376 f winctrl2.obj
 0001:000043e6       ?GetText@CStatusBarCtrl@@QBEHPBGHPAH@Z 5f4053e6 f winctrl2.obj
 0001:00004492       ?GetText@CStatusBarCtrl@@QBE?AVCString@@HPAH@Z 5f405492 f winctrl2.obj
 0001:000045df       ?GetTextLength@CStatusBarCtrl@@QBEHHPAH@Z 5f4055df f winctrl2.obj
 0001:00004689       ?GetBorders@CStatusBarCtrl@@QBEHAAH00@Z 5f405689 f winctrl2.obj
 0001:0000470e       ?DrawItem@CStatusBarCtrl@@UAEXPAUtagDRAWITEMSTRUCT@@@Z 5f40570e f winctrl2.obj
 0001:0000473e       ?OnChildNotify@CStatusBarCtrl@@MAEHIIJPAJ@Z 5f40573e f winctrl2.obj
 0001:000047b6       ?_GetBaseMessageMap@CListCtrl@@KGPBUAFX_MSGMAP@@XZ 5f4057b6 f winctrl2.obj
 0001:000047cb       ?GetMessageMap@CListCtrl@@MBEPBUAFX_MSGMAP@@XZ 5f4057cb f winctrl2.obj
 0001:000047e6       ?Create@CListCtrl@@QAEHKABUtagRECT@@PAVCWnd@@I@Z 5f4057e6 f winctrl2.obj
 0001:00004871       ??1CListCtrl@@UAE@XZ       5f405871 f winctrl2.obj
 0001:000048e1       ?GetItemRect@CListCtrl@@QBEHHPAUtagRECT@@I@Z 5f4058e1 f winctrl2.obj
 0001:00004948       ?InsertColumn@CListCtrl@@QAEHHPBGHHH@Z 5f405948 f winctrl2.obj
 0001:000049ab       ?InsertItem@CListCtrl@@QAEHIHPBGIIHJ@Z 5f4059ab f winctrl2.obj
 0001:00004a2d       ?HitTest@CListCtrl@@QBEHVCPoint@@PAI@Z 5f405a2d f winctrl2.obj
 0001:00004aae       ?SetItem@CListCtrl@@QAEHHHIPBGHIIJ@Z 5f405aae f winctrl2.obj
 0001:00004b3b       ?GetItemText@CListCtrl@@QBE?AVCString@@HH@Z 5f405b3b f winctrl2.obj
 0001:00004c61       ?GetItemText@CListCtrl@@QBEHHHPAGH@Z 5f405c61 f winctrl2.obj
 0001:00004ce2       ?GetItemData@CListCtrl@@QBEKH@Z 5f405ce2 f winctrl2.obj
 0001:00004d7f       ?DrawItem@CListCtrl@@UAEXPAUtagDRAWITEMSTRUCT@@@Z 5f405d7f f winctrl2.obj
 0001:00004daf       ?OnChildNotify@CListCtrl@@MAEHIIJPAJ@Z 5f405daf f winctrl2.obj
 0001:00004e27       ?RemoveImageList@CListCtrl@@IAEXH@Z 5f405e27 f winctrl2.obj
 0001:00004e79       ?OnNcDestroy@CListCtrl@@IAEXXZ 5f405e79 f winctrl2.obj
 0001:00004eb5       ?CreateDragImage@CListCtrl@@QAEPAVCImageList@@HPAUtagPOINT@@@Z 5f405eb5 f winctrl2.obj
 0001:00004f8c       ?_GetBaseMessageMap@CTreeCtrl@@KGPBUAFX_MSGMAP@@XZ 5f405f8c f winctrl2.obj
 0001:00004fa1       ?GetMessageMap@CTreeCtrl@@MBEPBUAFX_MSGMAP@@XZ 5f405fa1 f winctrl2.obj
 0001:00004fbc       ?Create@CTreeCtrl@@QAEHKABUtagRECT@@PAVCWnd@@I@Z 5f405fbc f winctrl2.obj
 0001:00005047       ??1CTreeCtrl@@UAE@XZ       5f406047 f winctrl2.obj
 0001:000050b7       ?GetItemRect@CTreeCtrl@@QBEHPAU_TREEITEM@@PAUtagRECT@@H@Z 5f4060b7 f winctrl2.obj
 0001:0000511e       ?GetItemText@CTreeCtrl@@QBE?AVCString@@PAU_TREEITEM@@@Z 5f40611e f winctrl2.obj
 0001:00005243       ?GetItemImage@CTreeCtrl@@QBEHPAU_TREEITEM@@AAH1@Z 5f406243 f winctrl2.obj
 0001:000052cd       ?GetItemState@CTreeCtrl@@QBEIPAU_TREEITEM@@I@Z 5f4062cd f winctrl2.obj
 0001:00005367       ?GetItemData@CTreeCtrl@@QBEKPAU_TREEITEM@@@Z 5f406367 f winctrl2.obj
 0001:000053f4       ?ItemHasChildren@CTreeCtrl@@QBEHPAU_TREEITEM@@@Z 5f4063f4 f winctrl2.obj
 0001:00005461       ?SetItem@CTreeCtrl@@QAEHPAU_TREEITEM@@IPBGHHIIJ@Z 5f406461 f winctrl2.obj
 0001:000054ee       ?InsertItem@CTreeCtrl@@QAEPAU_TREEITEM@@IPBGHHIIJPAU2@1@Z 5f4064ee f winctrl2.obj
 0001:00005581       ?HitTest@CTreeCtrl@@QBEPAU_TREEITEM@@VCPoint@@PAI@Z 5f406581 f winctrl2.obj
 0001:00005602       ?RemoveImageList@CTreeCtrl@@IAEXH@Z 5f406602 f winctrl2.obj
 0001:00005654       ?OnDestroy@CTreeCtrl@@QAEXXZ 5f406654 f winctrl2.obj
 0001:00005686       ?CreateDragImage@CTreeCtrl@@QAEPAVCImageList@@PAU_TREEITEM@@@Z 5f406686 f winctrl2.obj
 0001:0000575b       ?Create@CSpinButtonCtrl@@QAEHKABUtagRECT@@PAVCWnd@@I@Z 5f40675b f winctrl2.obj
 0001:000057e6       ??1CSpinButtonCtrl@@UAE@XZ 5f4067e6 f winctrl2.obj
 0001:00005856       ?GetRange@CSpinButtonCtrl@@QBEXAAH0@Z 5f406856 f winctrl2.obj
 0001:000058d0       ?Create@CSliderCtrl@@QAEHKABUtagRECT@@PAVCWnd@@I@Z 5f4068d0 f winctrl2.obj
 0001:0000595b       ??1CSliderCtrl@@UAE@XZ     5f40695b f winctrl2.obj
 0001:000059cb       ?GetRange@CSliderCtrl@@QBEXAAH0@Z 5f4069cb f winctrl2.obj
 0001:00005a2a       ?SetRange@CSliderCtrl@@QAEXHHH@Z 5f406a2a f winctrl2.obj
 0001:00005a62       ?GetSelection@CSliderCtrl@@QBEXAAH0@Z 5f406a62 f winctrl2.obj
 0001:00005add       ?SetSelection@CSliderCtrl@@QAEXHH@Z 5f406add f winctrl2.obj
 0001:00005b52       ?Create@CProgressCtrl@@QAEHKABUtagRECT@@PAVCWnd@@I@Z 5f406b52 f winctrl2.obj
 0001:00005bdd       ??1CProgressCtrl@@UAE@XZ   5f406bdd f winctrl2.obj
 0001:00005c4d       ?Create@CHeaderCtrl@@QAEHKABUtagRECT@@PAVCWnd@@I@Z 5f406c4d f winctrl2.obj
 0001:00005cd8       ??1CHeaderCtrl@@UAE@XZ     5f406cd8 f winctrl2.obj
 0001:00005d48       ?DrawItem@CHeaderCtrl@@UAEXPAUtagDRAWITEMSTRUCT@@@Z 5f406d48 f winctrl2.obj
 0001:00005d78       ?OnChildNotify@CHeaderCtrl@@MAEHIIJPAJ@Z 5f406d78 f winctrl2.obj
 0001:00005df0       ?Create@CHotKeyCtrl@@QAEHKABUtagRECT@@PAVCWnd@@I@Z 5f406df0 f winctrl2.obj
 0001:00005e7b       ??1CHotKeyCtrl@@UAE@XZ     5f406e7b f winctrl2.obj
 0001:00005eeb       ?GetHotKey@CHotKeyCtrl@@QBEXAAG0@Z 5f406eeb f winctrl2.obj
 0001:00005f5f       ?_GetBaseMessageMap@CTabCtrl@@KGPBUAFX_MSGMAP@@XZ 5f406f5f f winctrl2.obj
 0001:00005f74       ?GetMessageMap@CTabCtrl@@MBEPBUAFX_MSGMAP@@XZ 5f406f74 f winctrl2.obj
 0001:00005f8f       ?Create@CTabCtrl@@QAEHKABUtagRECT@@PAVCWnd@@I@Z 5f406f8f f winctrl2.obj
 0001:0000601a       ??1CTabCtrl@@UAE@XZ        5f40701a f winctrl2.obj
 0001:0000608a       ?DrawItem@CTabCtrl@@UAEXPAUtagDRAWITEMSTRUCT@@@Z 5f40708a f winctrl2.obj
 0001:000060ba       ?OnChildNotify@CTabCtrl@@MAEHIIJPAJ@Z 5f4070ba f winctrl2.obj
 0001:00006132       ?OnDestroy@CTabCtrl@@IAEXXZ 5f407132 f winctrl2.obj
 0001:00006186       ?Create@CAnimateCtrl@@QAEHKABUtagRECT@@PAVCWnd@@I@Z 5f407186 f winctrl2.obj
 0001:00006211       ??1CAnimateCtrl@@UAE@XZ    5f407211 f winctrl2.obj
 0001:00006281       ??1CRichEditCtrl@@UAE@XZ   5f407281 f winctrl2.obj
 0001:000062f1       ??0CImageList@@QAE@XZ      5f4072f1 f winctrl2.obj
 0001:0000636a       ??1CImageList@@UAE@XZ      5f40736a f winctrl2.obj
 0001:000063da       ?Detach@CImageList@@QAEPAU_IMAGELIST@@XZ 5f4073da f winctrl2.obj
 0001:000064de       ?DeleteImageList@CImageList@@QAEHXZ 5f4074de f winctrl2.obj
 0001:00006517       ?DeleteTempMap@CImageList@@SGXXZ 5f407517 f winctrl2.obj
 0001:00006549       ?FromHandle@CImageList@@SGPAV1@PAU_IMAGELIST@@@Z 5f407549 f winctrl2.obj
 0001:000065d0       ?FromHandlePermanent@CImageList@@SGPAV1@PAU_IMAGELIST@@@Z 5f4075d0 f winctrl2.obj
 0001:00006646       ?Create@CImageList@@QAEHHHIHH@Z 5f407646 f winctrl2.obj
 0001:00006681       ?Create@CImageList@@QAEHIHHK@Z 5f407681 f winctrl2.obj
 0001:000066f6       ?Create@CImageList@@QAEHPBGHHK@Z 5f4076f6 f winctrl2.obj
 0001:0000673d       ?Create@CImageList@@QAEHAAV1@H0HHH@Z 5f40773d f winctrl2.obj
 0001:00006782       ?Attach@CImageList@@QAEHPAU_IMAGELIST@@@Z 5f407782 f winctrl2.obj
 0001:00006849       ?Read@CImageList@@QAEHPAVCArchive@@@Z 5f407849 f winctrl2.obj
 0001:00006905       ?Write@CImageList@@QAEHPAVCArchive@@@Z 5f407905 f winctrl2.obj
 0001:000069a9       ?Dump@CImageList@@UBEXAAVCDumpContext@@@Z 5f4079a9 f winctrl2.obj
 0001:000069f5       ?AssertValid@CImageList@@UBEXXZ 5f4079f5 f winctrl2.obj
 0001:00006ac8       ??0CDragListBox@@QAE@XZ    5f407ac8 f winctrl2.obj
 0001:00006b41       ?ItemFromPt@CDragListBox@@QBEHVCPoint@@H@Z 5f407b41 f winctrl2.obj
 0001:00006b9c       ??0CToolBarCtrl@@QAE@XZ    5f407b9c f winctrl2.obj
 0001:00006c0b       ?EnableButton@CToolBarCtrl@@QAEHHH@Z 5f407c0b f winctrl2.obj
 0001:00006c6c       ?CheckButton@CToolBarCtrl@@QAEHHH@Z 5f407c6c f winctrl2.obj
 0001:00006ccd       ?PressButton@CToolBarCtrl@@QAEHHH@Z 5f407ccd f winctrl2.obj
 0001:00006d2e       ?HideButton@CToolBarCtrl@@QAEHHH@Z 5f407d2e f winctrl2.obj
 0001:00006d8f       ?Indeterminate@CToolBarCtrl@@QAEHHH@Z 5f407d8f f winctrl2.obj
 0001:00006df0       ?IsButtonEnabled@CToolBarCtrl@@QBEHH@Z 5f407df0 f winctrl2.obj
 0001:00006e4a       ?IsButtonChecked@CToolBarCtrl@@QBEHH@Z 5f407e4a f winctrl2.obj
 0001:00006ea4       ?IsButtonPressed@CToolBarCtrl@@QBEHH@Z 5f407ea4 f winctrl2.obj
 0001:00006efe       ?IsButtonHidden@CToolBarCtrl@@QBEHH@Z 5f407efe f winctrl2.obj
 0001:00006f58       ?IsButtonIndeterminate@CToolBarCtrl@@QBEHH@Z 5f407f58 f winctrl2.obj
 0001:00006fb2       ?SetState@CToolBarCtrl@@QAEHHI@Z 5f407fb2 f winctrl2.obj
 0001:00007013       ?GetState@CToolBarCtrl@@QBEHH@Z 5f408013 f winctrl2.obj
 0001:0000706d       ?AddButtons@CToolBarCtrl@@QAEHHPAU_TBBUTTON@@@Z 5f40806d f winctrl2.obj
 0001:000070c9       ?InsertButton@CToolBarCtrl@@QAEHHPAU_TBBUTTON@@@Z 5f4080c9 f winctrl2.obj
 0001:00007125       ?DeleteButton@CToolBarCtrl@@QAEHH@Z 5f408125 f winctrl2.obj
 0001:0000717f       ?GetButton@CToolBarCtrl@@QBEHHPAU_TBBUTTON@@@Z 5f40817f f winctrl2.obj
 0001:000071db       ?GetButtonCount@CToolBarCtrl@@QBEHXZ 5f4081db f winctrl2.obj
 0001:00007231       ?CommandToIndex@CToolBarCtrl@@QBEII@Z 5f408231 f winctrl2.obj
 0001:0000728b       ?Customize@CToolBarCtrl@@QAEXXZ 5f40828b f winctrl2.obj
 0001:000072e1       ?AddStrings@CToolBarCtrl@@QAEHPBG@Z 5f4082e1 f winctrl2.obj
 0001:0000733b       ?GetItemRect@CToolBarCtrl@@QBEHHPAUtagRECT@@@Z 5f40833b f winctrl2.obj
 0001:00007397       ?SetButtonStructSize@CToolBarCtrl@@QAEXH@Z 5f408397 f winctrl2.obj
 0001:000073f1       ?SetButtonSize@CToolBarCtrl@@QAEHVCSize@@@Z 5f4083f1 f winctrl2.obj
 0001:0000745e       ?SetBitmapSize@CToolBarCtrl@@QAEHVCSize@@@Z 5f40845e f winctrl2.obj
 0001:000074cb       ?AutoSize@CToolBarCtrl@@QAEXXZ 5f4084cb f winctrl2.obj
 0001:00007521       ?GetToolTips@CToolBarCtrl@@QBEPAVCToolTipCtrl@@XZ 5f408521 f winctrl2.obj
 0001:0000757d       ?SetToolTips@CToolBarCtrl@@QAEXPAVCToolTipCtrl@@@Z 5f40857d f winctrl2.obj
 0001:000075da       ?SetOwner@CToolBarCtrl@@QAEXPAVCWnd@@@Z 5f4085da f winctrl2.obj
 0001:00007637       ?SetRows@CToolBarCtrl@@QAEXHHPAUtagRECT@@@Z 5f408637 f winctrl2.obj
 0001:000076a6       ?GetRows@CToolBarCtrl@@QBEHXZ 5f4086a6 f winctrl2.obj
 0001:000076fc       ?SetCmdID@CToolBarCtrl@@QAEHHI@Z 5f4086fc f winctrl2.obj
 0001:00007758       ?GetBitmapFlags@CToolBarCtrl@@QBEIXZ 5f408758 f winctrl2.obj
 0001:000077ae       ??0CStatusBarCtrl@@QAE@XZ  5f4087ae f winctrl2.obj
 0001:0000781d       ?SetText@CStatusBarCtrl@@QAEHPBGHH@Z 5f40881d f winctrl2.obj
 0001:0000789e       ?SetParts@CStatusBarCtrl@@QAEHHPAH@Z 5f40889e f winctrl2.obj
 0001:000078fa       ?GetParts@CStatusBarCtrl@@QBEHHPAH@Z 5f4088fa f winctrl2.obj
 0001:00007956       ?GetBorders@CStatusBarCtrl@@QBEHPAH@Z 5f408956 f winctrl2.obj
 0001:000079b0       ?SetMinHeight@CStatusBarCtrl@@QAEXH@Z 5f4089b0 f winctrl2.obj
 0001:00007a0a       ?SetSimple@CStatusBarCtrl@@QAEHH@Z 5f408a0a f winctrl2.obj
 0001:00007a64       ?GetRect@CStatusBarCtrl@@QBEHHPAUtagRECT@@@Z 5f408a64 f winctrl2.obj
 0001:00007ac0       ??0CListCtrl@@QAE@XZ       5f408ac0 f winctrl2.obj
 0001:00007b2f       ?GetBkColor@CListCtrl@@QBEKXZ 5f408b2f f winctrl2.obj
 0001:00007b85       ?SetBkColor@CListCtrl@@QAEHK@Z 5f408b85 f winctrl2.obj
 0001:00007bdf       ?GetImageList@CListCtrl@@QBEPAVCImageList@@H@Z 5f408bdf f winctrl2.obj
 0001:00007c3f       ?SetImageList@CListCtrl@@QAEPAVCImageList@@PAV2@H@Z 5f408c3f f winctrl2.obj
 0001:00007ca6       ?GetItemCount@CListCtrl@@QBEHXZ 5f408ca6 f winctrl2.obj
 0001:00007cfc       ?GetItem@CListCtrl@@QBEHPAUtagLVITEMW@@@Z 5f408cfc f winctrl2.obj
 0001:00007d56       ?SetItem@CListCtrl@@QAEHPBUtagLVITEMW@@@Z 5f408d56 f winctrl2.obj
 0001:00007db0       ?SetItemState@CListCtrl@@QAEHHII@Z 5f408db0 f winctrl2.obj
 0001:00007e13       ?SetItemText@CListCtrl@@QAEHHHPBG@Z 5f408e13 f winctrl2.obj
 0001:00007e76       ?SetItemData@CListCtrl@@QAEHHK@Z 5f408e76 f winctrl2.obj
 0001:00007ed7       ?InsertItem@CListCtrl@@QAEHPBUtagLVITEMW@@@Z 5f408ed7 f winctrl2.obj
 0001:00007f34       ?InsertItem@CListCtrl@@QAEHHPBG@Z 5f408f34 f winctrl2.obj
 0001:00007f93       ?InsertItem@CListCtrl@@QAEHHPBGH@Z 5f408f93 f winctrl2.obj
 0001:00007ff4       ?DeleteItem@CListCtrl@@QAEHH@Z 5f408ff4 f winctrl2.obj
 0001:00008051       ?DeleteAllItems@CListCtrl@@QAEHXZ 5f409051 f winctrl2.obj
 0001:000080aa       ?GetCallbackMask@CListCtrl@@QBEIXZ 5f4090aa f winctrl2.obj
 0001:00008103       ?SetCallbackMask@CListCtrl@@QAEHI@Z 5f409103 f winctrl2.obj
 0001:00008160       ?GetNextItem@CListCtrl@@QBEHHH@Z 5f409160 f winctrl2.obj
 0001:000081c4       ?FindItem@CListCtrl@@QBEHPAUtagLVFINDINFOW@@H@Z 5f4091c4 f winctrl2.obj
 0001:00008223       ?HitTest@CListCtrl@@QBEHPAUtagLVHITTESTINFO@@@Z 5f409223 f winctrl2.obj
 0001:00008280       ?SetItemPosition@CListCtrl@@QAEHHUtagPOINT@@@Z 5f409280 f winctrl2.obj
 0001:000082df       ?GetItemPosition@CListCtrl@@QBEHHPAUtagPOINT@@@Z 5f4092df f winctrl2.obj
 0001:0000833e       ?GetStringWidth@CListCtrl@@QBEHPBG@Z 5f40933e f winctrl2.obj
 0001:0000839b       ?EnsureVisible@CListCtrl@@QAEHHH@Z 5f40939b f winctrl2.obj
 0001:000083ff       ?Scroll@CListCtrl@@QAEHVCSize@@@Z 5f4093ff f winctrl2.obj
 0001:0000845e       ?RedrawItems@CListCtrl@@QAEHHH@Z 5f40945e f winctrl2.obj
 0001:000084bd       ?Arrange@CListCtrl@@QAEHI@Z 5f4094bd f winctrl2.obj
 0001:0000851a       ?EditLabel@CListCtrl@@QAEPAVCEdit@@H@Z 5f40951a f winctrl2.obj
 0001:0000857d       ?GetEditControl@CListCtrl@@QBEPAVCEdit@@XZ 5f40957d f winctrl2.obj
 0001:000085dc       ?GetColumn@CListCtrl@@QBEHHPAUtagLVCOLUMNW@@@Z 5f4095dc f winctrl2.obj
 0001:0000863b       ?SetColumn@CListCtrl@@QAEHHPBUtagLVCOLUMNW@@@Z 5f40963b f winctrl2.obj
 0001:0000869a       ?InsertColumn@CListCtrl@@QAEHHPBUtagLVCOLUMNW@@@Z 5f40969a f winctrl2.obj
 0001:000086f9       ?DeleteColumn@CListCtrl@@QAEHH@Z 5f4096f9 f winctrl2.obj
 0001:00008756       ?GetColumnWidth@CListCtrl@@QBEHH@Z 5f409756 f winctrl2.obj
 0001:000087b3       ?SetColumnWidth@CListCtrl@@QAEHHH@Z 5f4097b3 f winctrl2.obj
 0001:00008817       ?GetViewRect@CListCtrl@@QBEHPAUtagRECT@@@Z 5f409817 f winctrl2.obj
 0001:00008874       ?GetTextColor@CListCtrl@@QBEKXZ 5f409874 f winctrl2.obj
 0001:000088cd       ?SetTextColor@CListCtrl@@QAEHK@Z 5f4098cd f winctrl2.obj
 0001:0000892a       ?GetTextBkColor@CListCtrl@@QBEKXZ 5f40992a f winctrl2.obj
 0001:00008983       ?SetTextBkColor@CListCtrl@@QAEHK@Z 5f409983 f winctrl2.obj
 0001:000089e0       ?GetTopIndex@CListCtrl@@QBEHXZ 5f4099e0 f winctrl2.obj
 0001:00008a39       ?GetCountPerPage@CListCtrl@@QBEHXZ 5f409a39 f winctrl2.obj
 0001:00008a92       ?GetOrigin@CListCtrl@@QBEHPAUtagPOINT@@@Z 5f409a92 f winctrl2.obj
 0001:00008aef       ?Update@CListCtrl@@QAEHH@Z 5f409aef f winctrl2.obj
 0001:00008b4c       ?SetItemState@CListCtrl@@QAEHHPAUtagLVITEMW@@@Z 5f409b4c f winctrl2.obj
 0001:00008bab       ?GetItemState@CListCtrl@@QBEIHI@Z 5f409bab f winctrl2.obj
 0001:00008c0a       ?SetItemCount@CListCtrl@@QAEXH@Z 5f409c0a f winctrl2.obj
 0001:00008c67       ?SortItems@CListCtrl@@QAEHP6GHJJJ@ZK@Z 5f409c67 f winctrl2.obj
 0001:00008cc6       ?GetSelectedCount@CListCtrl@@QBEIXZ 5f409cc6 f winctrl2.obj
 0001:00008d1f       ??0CTreeCtrl@@QAE@XZ       5f409d1f f winctrl2.obj
 0001:00008d8e       ?InsertItem@CTreeCtrl@@QAEPAU_TREEITEM@@PAUtagTVINSERTSTRUCTW@@@Z 5f409d8e f winctrl2.obj
 0001:00008deb       ?InsertItem@CTreeCtrl@@QAEPAU_TREEITEM@@PBGHHPAU2@1@Z 5f409deb f winctrl2.obj
 0001:00008e54       ?InsertItem@CTreeCtrl@@QAEPAU_TREEITEM@@PBGPAU2@1@Z 5f409e54 f winctrl2.obj
 0001:00008eb9       ?DeleteItem@CTreeCtrl@@QAEHPAU_TREEITEM@@@Z 5f409eb9 f winctrl2.obj
 0001:00008f16       ?DeleteAllItems@CTreeCtrl@@QAEHXZ 5f409f16 f winctrl2.obj
 0001:00008f72       ?Expand@CTreeCtrl@@QAEHPAU_TREEITEM@@I@Z 5f409f72 f winctrl2.obj
 0001:00008fd1       ?GetCount@CTreeCtrl@@QBEIXZ 5f409fd1 f winctrl2.obj
 0001:0000902a       ?GetIndent@CTreeCtrl@@QBEIXZ 5f40a02a f winctrl2.obj
 0001:00009083       ?SetIndent@CTreeCtrl@@QAEXI@Z 5f40a083 f winctrl2.obj
 0001:000090e0       ?GetImageList@CTreeCtrl@@QBEPAVCImageList@@I@Z 5f40a0e0 f winctrl2.obj
 0001:00009143       ?SetImageList@CTreeCtrl@@QAEPAVCImageList@@PAV2@H@Z 5f40a143 f winctrl2.obj
 0001:000091ad       ?GetNextItem@CTreeCtrl@@QBEPAU_TREEITEM@@PAU2@I@Z 5f40a1ad f winctrl2.obj
 0001:0000920c       ?GetChildItem@CTreeCtrl@@QBEPAU_TREEITEM@@PAU2@@Z 5f40a20c f winctrl2.obj
 0001:00009269       ?GetNextSiblingItem@CTreeCtrl@@QBEPAU_TREEITEM@@PAU2@@Z 5f40a269 f winctrl2.obj
 0001:000092c6       ?GetPrevSiblingItem@CTreeCtrl@@QBEPAU_TREEITEM@@PAU2@@Z 5f40a2c6 f winctrl2.obj
 0001:00009323       ?GetParentItem@CTreeCtrl@@QBEPAU_TREEITEM@@PAU2@@Z 5f40a323 f winctrl2.obj
 0001:00009380       ?GetFirstVisibleItem@CTreeCtrl@@QBEPAU_TREEITEM@@XZ 5f40a380 f winctrl2.obj
 0001:000093d9       ?GetNextVisibleItem@CTreeCtrl@@QBEPAU_TREEITEM@@PAU2@@Z 5f40a3d9 f winctrl2.obj
 0001:00009436       ?GetPrevVisibleItem@CTreeCtrl@@QBEPAU_TREEITEM@@PAU2@@Z 5f40a436 f winctrl2.obj
 0001:00009493       ?GetSelectedItem@CTreeCtrl@@QBEPAU_TREEITEM@@XZ 5f40a493 f winctrl2.obj
 0001:000094ec       ?GetDropHilightItem@CTreeCtrl@@QBEPAU_TREEITEM@@XZ 5f40a4ec f winctrl2.obj
 0001:00009545       ?GetRootItem@CTreeCtrl@@QBEPAU_TREEITEM@@XZ 5f40a545 f winctrl2.obj
 0001:0000959e       ?Select@CTreeCtrl@@QAEHPAU_TREEITEM@@I@Z 5f40a59e f winctrl2.obj
 0001:000095fd       ?SelectItem@CTreeCtrl@@QAEHPAU_TREEITEM@@@Z 5f40a5fd f winctrl2.obj
 0001:0000965a       ?SelectDropTarget@CTreeCtrl@@QAEHPAU_TREEITEM@@@Z 5f40a65a f winctrl2.obj
 0001:000096b7       ?SelectSetFirstVisible@CTreeCtrl@@QAEHPAU_TREEITEM@@@Z 5f40a6b7 f winctrl2.obj
 0001:00009714       ?GetItem@CTreeCtrl@@QBEHPAUtagTVITEMW@@@Z 5f40a714 f winctrl2.obj
 0001:00009771       ?SetItem@CTreeCtrl@@QAEHPAUtagTVITEMW@@@Z 5f40a771 f winctrl2.obj
 0001:000097ce       ?SetItemText@CTreeCtrl@@QAEHPAU_TREEITEM@@PBG@Z 5f40a7ce f winctrl2.obj
 0001:0000982f       ?SetItemImage@CTreeCtrl@@QAEHPAU_TREEITEM@@HH@Z 5f40a82f f winctrl2.obj
 0001:00009892       ?SetItemState@CTreeCtrl@@QAEHPAU_TREEITEM@@II@Z 5f40a892 f winctrl2.obj
 0001:000098f5       ?SetItemData@CTreeCtrl@@QAEHPAU_TREEITEM@@K@Z 5f40a8f5 f winctrl2.obj
 0001:00009956       ?EditLabel@CTreeCtrl@@QAEPAVCEdit@@PAU_TREEITEM@@@Z 5f40a956 f winctrl2.obj
 0001:000099b9       ?HitTest@CTreeCtrl@@QBEPAU_TREEITEM@@PAUtagTVHITTESTINFO@@@Z 5f40a9b9 f winctrl2.obj
 0001:00009a16       ?GetEditControl@CTreeCtrl@@QBEPAVCEdit@@XZ 5f40aa16 f winctrl2.obj
 0001:00009a75       ?GetVisibleCount@CTreeCtrl@@QBEIXZ 5f40aa75 f winctrl2.obj
 0001:00009ace       ?SortChildren@CTreeCtrl@@QAEHPAU_TREEITEM@@@Z 5f40aace f winctrl2.obj
 0001:00009b2b       ?EnsureVisible@CTreeCtrl@@QAEHPAU_TREEITEM@@@Z 5f40ab2b f winctrl2.obj
 0001:00009b88       ?SortChildrenCB@CTreeCtrl@@QAEHPAUtagTVSORTCB@@@Z 5f40ab88 f winctrl2.obj
 0001:00009be5       ??0CHotKeyCtrl@@QAE@XZ     5f40abe5 f winctrl2.obj
 0001:00009c54       ?SetHotKey@CHotKeyCtrl@@QAEXGG@Z 5f40ac54 f winctrl2.obj
 0001:00009cc0       ?GetHotKey@CHotKeyCtrl@@QBEKXZ 5f40acc0 f winctrl2.obj
 0001:00009d19       ?SetRules@CHotKeyCtrl@@QAEXGG@Z 5f40ad19 f winctrl2.obj
 0001:00009d82       ?Activate@CToolTipCtrl@@QAEXH@Z 5f40ad82 f winctrl2.obj
 0001:00009ddf       ?SetToolInfo@CToolTipCtrl@@QAEXPAUtagTOOLINFOW@@@Z 5f40addf f winctrl2.obj
 0001:00009e3c       ?RelayEvent@CToolTipCtrl@@QAEXPAUtagMSG@@@Z 5f40ae3c f winctrl2.obj
 0001:00009e99       ?SetDelayTime@CToolTipCtrl@@QAEXI@Z 5f40ae99 f winctrl2.obj
 0001:00009ef6       ?GetToolCount@CToolTipCtrl@@QBEHXZ 5f40aef6 f winctrl2.obj
 0001:00009f4f       ??0CSpinButtonCtrl@@QAE@XZ 5f40af4f f winctrl2.obj
 0001:00009fbe       ?GetAccel@CSpinButtonCtrl@@QBEIHPAU_UDACCEL@@@Z 5f40afbe f winctrl2.obj
 0001:0000a020       ?GetBase@CSpinButtonCtrl@@QBEIXZ 5f40b020 f winctrl2.obj
 0001:0000a07c       ?GetBuddy@CSpinButtonCtrl@@QBEPAVCWnd@@XZ 5f40b07c f winctrl2.obj
 0001:0000a0db       ?GetPos@CSpinButtonCtrl@@QBEHXZ 5f40b0db f winctrl2.obj
 0001:0000a137       ?GetRange@CSpinButtonCtrl@@QBEKXZ 5f40b137 f winctrl2.obj
 0001:0000a190       ?SetAccel@CSpinButtonCtrl@@QAEHHPAU_UDACCEL@@@Z 5f40b190 f winctrl2.obj
 0001:0000a1f2       ?SetBase@CSpinButtonCtrl@@QAEHH@Z 5f40b1f2 f winctrl2.obj
 0001:0000a24f       ?SetBuddy@CSpinButtonCtrl@@QAEPAVCWnd@@PAV2@@Z 5f40b24f f winctrl2.obj
 0001:0000a2b5       ?SetPos@CSpinButtonCtrl@@QAEHH@Z 5f40b2b5 f winctrl2.obj
 0001:0000a31a       ?SetRange@CSpinButtonCtrl@@QAEXHH@Z 5f40b31a f winctrl2.obj
 0001:0000a38a       ??0CSliderCtrl@@QAE@XZ     5f40b38a f winctrl2.obj
 0001:0000a3f9       ?GetLineSize@CSliderCtrl@@QBEHXZ 5f40b3f9 f winctrl2.obj
 0001:0000a452       ?SetLineSize@CSliderCtrl@@QAEHH@Z 5f40b452 f winctrl2.obj
 0001:0000a4af       ?GetPageSize@CSliderCtrl@@QBEHXZ 5f40b4af f winctrl2.obj
 0001:0000a508       ?SetPageSize@CSliderCtrl@@QAEHH@Z 5f40b508 f winctrl2.obj
 0001:0000a565       ?GetRangeMax@CSliderCtrl@@QBEHXZ 5f40b565 f winctrl2.obj
 0001:0000a5be       ?GetRangeMin@CSliderCtrl@@QBEHXZ 5f40b5be f winctrl2.obj
 0001:0000a617       ?SetRangeMin@CSliderCtrl@@QAEXHH@Z 5f40b617 f winctrl2.obj
 0001:0000a676       ?SetRangeMax@CSliderCtrl@@QAEXHH@Z 5f40b676 f winctrl2.obj
 0001:0000a6d5       ?ClearSel@CSliderCtrl@@QAEXH@Z 5f40b6d5 f winctrl2.obj
 0001:0000a732       ?GetChannelRect@CSliderCtrl@@QBEXPAUtagRECT@@@Z 5f40b732 f winctrl2.obj
 0001:0000a78f       ?GetThumbRect@CSliderCtrl@@QBEXPAUtagRECT@@@Z 5f40b78f f winctrl2.obj
 0001:0000a7ec       ?GetPos@CSliderCtrl@@QBEHXZ 5f40b7ec f winctrl2.obj
 0001:0000a845       ?SetPos@CSliderCtrl@@QAEXH@Z 5f40b845 f winctrl2.obj
 0001:0000a8a2       ?VerifyPos@CSliderCtrl@@QAEXXZ 5f40b8a2 f winctrl2.obj
 0001:0000a8fb       ?ClearTics@CSliderCtrl@@QAEXH@Z 5f40b8fb f winctrl2.obj
 0001:0000a958       ?GetNumTics@CSliderCtrl@@QBEIXZ 5f40b958 f winctrl2.obj
 0001:0000a9b1       ?GetTicArray@CSliderCtrl@@QBEPAKXZ 5f40b9b1 f winctrl2.obj
 0001:0000aa0a       ?GetTic@CSliderCtrl@@QBEHH@Z 5f40ba0a f winctrl2.obj
 0001:0000aa67       ?GetTicPos@CSliderCtrl@@QBEHH@Z 5f40ba67 f winctrl2.obj
 0001:0000aac4       ?SetTic@CSliderCtrl@@QAEHH@Z 5f40bac4 f winctrl2.obj
 0001:0000ab21       ?SetTicFreq@CSliderCtrl@@QAEXH@Z 5f40bb21 f winctrl2.obj
 0001:0000ab7e       ??0CProgressCtrl@@QAE@XZ   5f40bb7e f winctrl2.obj
 0001:0000abed       ?SetRange@CProgressCtrl@@QAEXHH@Z 5f40bbed f winctrl2.obj
 0001:0000ac5d       ?SetPos@CProgressCtrl@@QAEHH@Z 5f40bc5d f winctrl2.obj
 0001:0000acbd       ?OffsetPos@CProgressCtrl@@QAEHH@Z 5f40bcbd f winctrl2.obj
 0001:0000ad1d       ?SetStep@CProgressCtrl@@QAEHH@Z 5f40bd1d f winctrl2.obj
 0001:0000ad7d       ?StepIt@CProgressCtrl@@QAEHXZ 5f40bd7d f winctrl2.obj
 0001:0000add9       ??0CHeaderCtrl@@QAE@XZ     5f40bdd9 f winctrl2.obj
 0001:0000ae48       ?GetItemCount@CHeaderCtrl@@QBEHXZ 5f40be48 f winctrl2.obj
 0001:0000aea1       ?InsertItem@CHeaderCtrl@@QAEHHPAU_HD_ITEMW@@@Z 5f40bea1 f winctrl2.obj
 0001:0000af00       ?DeleteItem@CHeaderCtrl@@QAEHH@Z 5f40bf00 f winctrl2.obj
 0001:0000af5d       ?GetItem@CHeaderCtrl@@QBEHHPAU_HD_ITEMW@@@Z 5f40bf5d f winctrl2.obj
 0001:0000afbc       ?SetItem@CHeaderCtrl@@QAEHHPAU_HD_ITEMW@@@Z 5f40bfbc f winctrl2.obj
 0001:0000b01b       ?Layout@CHeaderCtrl@@QAEHPAU_HD_LAYOUT@@@Z 5f40c01b f winctrl2.obj
 0001:0000b078       ??BCImageList@@QBEPAU_IMAGELIST@@XZ 5f40c078 f winctrl2.obj
 0001:0000b094       ?GetSafeHandle@CImageList@@QBEPAU_IMAGELIST@@XZ 5f40c094 f winctrl2.obj
 0001:0000b0c1       ?GetImageCount@CImageList@@QBEHXZ 5f40c0c1 f winctrl2.obj
 0001:0000b109       ?Add@CImageList@@QAEHPAVCBitmap@@0@Z 5f40c109 f winctrl2.obj
 0001:0000b165       ?Add@CImageList@@QAEHPAVCBitmap@@K@Z 5f40c165 f winctrl2.obj
 0001:0000b1bc       ?Remove@CImageList@@QAEHH@Z 5f40c1bc f winctrl2.obj
 0001:0000b20a       ?Replace@CImageList@@QAEHHPAVCBitmap@@0@Z 5f40c20a f winctrl2.obj
 0001:0000b26a       ?Add@CImageList@@QAEHPAUHICON__@@@Z 5f40c26a f winctrl2.obj
 0001:0000b2ba       ?Replace@CImageList@@QAEHHPAUHICON__@@@Z 5f40c2ba f winctrl2.obj
 0001:0000b30c       ?ExtractIconW@CImageList@@QAEPAUHICON__@@H@Z 5f40c30c f winctrl2.obj
 0001:0000b35c       ?Draw@CImageList@@QAEHPAVCDC@@HUtagPOINT@@I@Z 5f40c35c f winctrl2.obj
 0001:0000b3e1       ?SetBkColor@CImageList@@QAEKK@Z 5f40c3e1 f winctrl2.obj
 0001:0000b42f       ?GetBkColor@CImageList@@QBEKXZ 5f40c42f f winctrl2.obj
 0001:0000b477       ?SetOverlayImage@CImageList@@QAEHHH@Z 5f40c477 f winctrl2.obj
 0001:0000b4c9       ?GetImageInfo@CImageList@@QBEHHPAU_IMAGEINFO@@@Z 5f40c4c9 f winctrl2.obj
 0001:0000b51b       ?BeginDrag@CImageList@@QAEHHVCPoint@@@Z 5f40c51b f winctrl2.obj
 0001:0000b571       ?EndDrag@CImageList@@SGXXZ 5f40c571 f winctrl2.obj
 0001:0000b587       ?DragMove@CImageList@@SGHVCPoint@@@Z 5f40c587 f winctrl2.obj
 0001:0000b5a7       ?SetDragCursorImage@CImageList@@QAEHHVCPoint@@@Z 5f40c5a7 f winctrl2.obj
 0001:0000b5fd       ?DragShowNolock@CImageList@@SGHH@Z 5f40c5fd f winctrl2.obj
 0001:0000b619       ?GetDragImage@CImageList@@SGPAV1@PAUtagPOINT@@0@Z 5f40c619 f winctrl2.obj
 0001:0000b63f       ?DragEnter@CImageList@@SGHPAVCWnd@@VCPoint@@@Z 5f40c63f f winctrl2.obj
 0001:0000b668       ?DragLeave@CImageList@@SGHPAVCWnd@@@Z 5f40c668 f winctrl2.obj
 0001:0000b689       ??0CTabCtrl@@QAE@XZ        5f40c689 f winctrl2.obj
 0001:0000b6f8       ?GetImageList@CTabCtrl@@QBEPAVCImageList@@XZ 5f40c6f8 f winctrl2.obj
 0001:0000b757       ?SetImageList@CTabCtrl@@QAEPAVCImageList@@PAV2@@Z 5f40c757 f winctrl2.obj
 0001:0000b7bf       ?GetItemCount@CTabCtrl@@QBEHXZ 5f40c7bf f winctrl2.obj
 0001:0000b818       ?GetItem@CTabCtrl@@QBEHHPAUtagTCITEMW@@@Z 5f40c818 f winctrl2.obj
 0001:0000b877       ?SetItem@CTabCtrl@@QAEHHPAUtagTCITEMW@@@Z 5f40c877 f winctrl2.obj
 0001:0000b8d6       ?InsertItem@CTabCtrl@@QAEHHPAUtagTCITEMW@@@Z 5f40c8d6 f winctrl2.obj
 0001:0000b935       ?DeleteItem@CTabCtrl@@QAEHH@Z 5f40c935 f winctrl2.obj
 0001:0000b992       ?DeleteAllItems@CTabCtrl@@QAEHXZ 5f40c992 f winctrl2.obj
 0001:0000b9eb       ?GetItemRect@CTabCtrl@@QBEHHPAUtagRECT@@@Z 5f40c9eb f winctrl2.obj
 0001:0000ba4a       ?GetCurSel@CTabCtrl@@QBEHXZ 5f40ca4a f winctrl2.obj
 0001:0000baa3       ?SetCurSel@CTabCtrl@@QAEHH@Z 5f40caa3 f winctrl2.obj
 0001:0000bb00       ?HitTest@CTabCtrl@@QBEHPAUtagTCHITTESTINFO@@@Z 5f40cb00 f winctrl2.obj
 0001:0000bb5d       ?AdjustRect@CTabCtrl@@QAEXHPAUtagRECT@@@Z 5f40cb5d f winctrl2.obj
 0001:0000bbbc       ?SetItemSize@CTabCtrl@@QAE?AVCSize@@V2@@Z 5f40cbbc f winctrl2.obj
 0001:0000bc38       ?RemoveImage@CTabCtrl@@QAEXH@Z 5f40cc38 f winctrl2.obj
 0001:0000bc95       ?SetPadding@CTabCtrl@@QAEXVCSize@@@Z 5f40cc95 f winctrl2.obj
 0001:0000bd05       ?GetRowCount@CTabCtrl@@QBEHXZ 5f40cd05 f winctrl2.obj
 0001:0000bd5e       ?GetTooltips@CTabCtrl@@QBEPAVCToolTipCtrl@@XZ 5f40cd5e f winctrl2.obj
 0001:0000bdbd       ?SetTooltips@CTabCtrl@@QAEXPAVCToolTipCtrl@@@Z 5f40cdbd f winctrl2.obj
 0001:0000be1d       ?GetCurFocus@CTabCtrl@@QBEHXZ 5f40ce1d f winctrl2.obj
 0001:0000be76       ??0CAnimateCtrl@@QAE@XZ    5f40ce76 f winctrl2.obj
 0001:0000bee5       ?Open@CAnimateCtrl@@QAEHPBG@Z 5f40cee5 f winctrl2.obj
 0001:0000bf42       ?Open@CAnimateCtrl@@QAEHI@Z 5f40cf42 f winctrl2.obj
 0001:0000bf9f       ?Play@CAnimateCtrl@@QAEHIII@Z 5f40cf9f f winctrl2.obj
 0001:0000c011       ?Stop@CAnimateCtrl@@QAEHXZ 5f40d011 f winctrl2.obj
 0001:0000c06a       ?Close@CAnimateCtrl@@QAEHXZ 5f40d06a f winctrl2.obj
 0001:0000c0c3       ?Seek@CAnimateCtrl@@QAEHI@Z 5f40d0c3 f winctrl2.obj
 0001:0000c133       ??0CRichEditCtrl@@QAE@XZ   5f40d133 f winctrl2.obj
 0001:0000c1a2       ?CanUndo@CRichEditCtrl@@QBEHXZ 5f40d1a2 f winctrl2.obj
 0001:0000c1fb       ?GetLineCount@CRichEditCtrl@@QBEHXZ 5f40d1fb f winctrl2.obj
 0001:0000c254       ?GetModify@CRichEditCtrl@@QBEHXZ 5f40d254 f winctrl2.obj
 0001:0000c2ad       ?SetModify@CRichEditCtrl@@QAEXH@Z 5f40d2ad f winctrl2.obj
 0001:0000c30a       ?GetRect@CRichEditCtrl@@QBEXPAUtagRECT@@@Z 5f40d30a f winctrl2.obj
 0001:0000c367       ?GetCharPos@CRichEditCtrl@@QBE?AVCPoint@@J@Z 5f40d367 f winctrl2.obj
 0001:0000c3df       ?SetOptions@CRichEditCtrl@@QAEXGK@Z 5f40d3df f winctrl2.obj
 0001:0000c443       ?EmptyUndoBuffer@CRichEditCtrl@@QAEXXZ 5f40d443 f winctrl2.obj
 0001:0000c49c       ?ReplaceSel@CRichEditCtrl@@QAEXPBGH@Z 5f40d49c f winctrl2.obj
 0001:0000c4fb       ?SetRect@CRichEditCtrl@@QAEXPBUtagRECT@@@Z 5f40d4fb f winctrl2.obj
 0001:0000c558       ?Undo@CRichEditCtrl@@QAEHXZ 5f40d558 f winctrl2.obj
 0001:0000c5b1       ?Clear@CRichEditCtrl@@QAEXXZ 5f40d5b1 f winctrl2.obj
 0001:0000c60a       ?Copy@CRichEditCtrl@@QAEXXZ 5f40d60a f winctrl2.obj
 0001:0000c663       ?Cut@CRichEditCtrl@@QAEXXZ 5f40d663 f winctrl2.obj
 0001:0000c6bc       ?Paste@CRichEditCtrl@@QAEXXZ 5f40d6bc f winctrl2.obj
 0001:0000c715       ?SetReadOnly@CRichEditCtrl@@QAEHH@Z 5f40d715 f winctrl2.obj
 0001:0000c772       ?GetFirstVisibleLine@CRichEditCtrl@@QBEHXZ 5f40d772 f winctrl2.obj
 0001:0000c7cb       ?DisplayBand@CRichEditCtrl@@QAEHPAUtagRECT@@@Z 5f40d7cb f winctrl2.obj
 0001:0000c828       ?GetSel@CRichEditCtrl@@QBEXAAU_charrange@@@Z 5f40d828 f winctrl2.obj
 0001:0000c885       ?LimitText@CRichEditCtrl@@QAEXJ@Z 5f40d885 f winctrl2.obj
 0001:0000c8e2       ?LineFromChar@CRichEditCtrl@@QBEJJ@Z 5f40d8e2 f winctrl2.obj
 0001:0000c93f       ?SetSel@CRichEditCtrl@@QAEXAAU_charrange@@@Z 5f40d93f f winctrl2.obj
 0001:0000c99c       ?FindTextW@CRichEditCtrl@@QBEJKPAU_findtextexw@@@Z 5f40d99c f winctrl2.obj
 0001:0000c9fb       ?FormatRange@CRichEditCtrl@@QAEJPAU_formatrange@@H@Z 5f40d9fb f winctrl2.obj
 0001:0000ca5a       ?GetEventMask@CRichEditCtrl@@QBEJXZ 5f40da5a f winctrl2.obj
 0001:0000cab3       ?GetLimitText@CRichEditCtrl@@QBEJXZ 5f40dab3 f winctrl2.obj
 0001:0000cb0c       ?GetSelText@CRichEditCtrl@@QBEJPAD@Z 5f40db0c f winctrl2.obj
 0001:0000cb69       ?HideSelection@CRichEditCtrl@@QAEXHH@Z 5f40db69 f winctrl2.obj
 0001:0000cbc8       ?RequestResize@CRichEditCtrl@@QAEXXZ 5f40dbc8 f winctrl2.obj
 0001:0000cc21       ?GetSelectionType@CRichEditCtrl@@QBEGXZ 5f40dc21 f winctrl2.obj
 0001:0000cc7a       ?SetBackgroundColor@CRichEditCtrl@@QAEKHK@Z 5f40dc7a f winctrl2.obj
 0001:0000ccd9       ?SetEventMask@CRichEditCtrl@@QAEKK@Z 5f40dcd9 f winctrl2.obj
 0001:0000cd36       ?SetOLECallback@CRichEditCtrl@@QAEHPAUIRichEditOleCallback@@@Z 5f40dd36 f winctrl2.obj
 0001:0000cd93       ?SetTargetDevice@CRichEditCtrl@@QAEHPAUHDC__@@J@Z 5f40dd93 f winctrl2.obj
 0001:0000cdf2       ?SetTargetDevice@CRichEditCtrl@@QAEHAAVCDC@@J@Z 5f40ddf2 f winctrl2.obj
 0001:0000ce54       ?StreamIn@CRichEditCtrl@@QAEJHAAU_editstream@@@Z 5f40de54 f winctrl2.obj
 0001:0000ceb3       ?StreamOut@CRichEditCtrl@@QAEJHAAU_editstream@@@Z 5f40deb3 f winctrl2.obj
 0001:0000cf12       ?GetTextLength@CRichEditCtrl@@QBEJXZ 5f40df12 f winctrl2.obj
 0001:0000cf70       ??_GCDragListBox@@UAEPAXI@Z 5f40df70 f winctrl2.obj
 0001:0000cfb0       ??_GCToolBarCtrl@@UAEPAXI@Z 5f40dfb0 f winctrl2.obj
 0001:0000cff0       ??_GCStatusBarCtrl@@UAEPAXI@Z 5f40dff0 f winctrl2.obj
 0001:0000d030       ??_GCListCtrl@@UAEPAXI@Z   5f40e030 f winctrl2.obj
 0001:0000d070       ??_GCTreeCtrl@@UAEPAXI@Z   5f40e070 f winctrl2.obj
 0001:0000d0b0       ??_GCSpinButtonCtrl@@UAEPAXI@Z 5f40e0b0 f winctrl2.obj
 0001:0000d0f0       ??_GCSliderCtrl@@UAEPAXI@Z 5f40e0f0 f winctrl2.obj
 0001:0000d130       ??_GCProgressCtrl@@UAEPAXI@Z 5f40e130 f winctrl2.obj
 0001:0000d170       ??_GCHeaderCtrl@@UAEPAXI@Z 5f40e170 f winctrl2.obj
 0001:0000d1b0       ??_GCHotKeyCtrl@@UAEPAXI@Z 5f40e1b0 f winctrl2.obj
 0001:0000d1f0       ??_GCTabCtrl@@UAEPAXI@Z    5f40e1f0 f winctrl2.obj
 0001:0000d230       ??_GCAnimateCtrl@@UAEPAXI@Z 5f40e230 f winctrl2.obj
 0001:0000d270       ??_GCRichEditCtrl@@UAEPAXI@Z 5f40e270 f winctrl2.obj
 0001:0000d2b0       ??_GCImageList@@UAEPAXI@Z  5f40e2b0 f winctrl2.obj
 0001:0000d2f0       ??0AFX_CHECK_DATA@@QAE@XZ  5f40e2f0 f winctrl3.obj
 0001:0000d330       ??B?$CProcessLocal@V_AFX_CHECKLIST_STATE@@@@QAEPAV_AFX_CHECKLIST_STATE@@XZ 5f40e330 f winctrl3.obj
 0001:0000d350       ?GetData@?$CProcessLocal@V_AFX_CHECKLIST_STATE@@@@QAEPAV_AFX_CHECKLIST_STATE@@XZ 5f40e350 f winctrl3.obj
 0001:0000d3a0       ?CreateObject@?$CProcessLocal@V_AFX_CHECKLIST_STATE@@@@SGPAVCNoTrackObject@@XZ 5f40e3a0 f winctrl3.obj
 0001:0000d430       ??1_AFX_RICHEDIT_STATE@@UAE@XZ 5f40e430 f winctrl4.obj
 0001:0000d4b2       ?AfxGetRichEditState@@YAPAV_AFX_RICHEDIT_STATE@@XZ 5f40e4b2 f winctrl4.obj
 0001:0000d4cc       ?Create@CRichEditCtrl@@QAEHKABUtagRECT@@PAVCWnd@@I@Z 5f40e4cc f winctrl4.obj
 0001:0000d54d       ?GetLine@CRichEditCtrl@@QBEHHPAG@Z 5f40e54d f winctrl4.obj
 0001:0000d5a9       ?LineIndex@CRichEditCtrl@@QBEHH@Z 5f40e5a9 f winctrl4.obj
 0001:0000d603       ?LineLength@CRichEditCtrl@@QBEHH@Z 5f40e603 f winctrl4.obj
 0001:0000d65d       ?LineScroll@CRichEditCtrl@@QAEXHH@Z 5f40e65d f winctrl4.obj
 0001:0000d6b9       ?SetSel@CRichEditCtrl@@QAEXJJ@Z 5f40e6b9 f winctrl4.obj
 0001:0000d71f       ?CanPaste@CRichEditCtrl@@QBEHI@Z 5f40e71f f winctrl4.obj
 0001:0000d7b1       ?PasteSpecial@CRichEditCtrl@@QAEXIKPAUHMETAFILE__@@@Z 5f40e7b1 f winctrl4.obj
 0001:0000d819       ?GetLine@CRichEditCtrl@@QBEHHPAGH@Z 5f40e819 f winctrl4.obj
 0001:0000d880       ?GetSel@CRichEditCtrl@@QBEXAAJ0@Z 5f40e880 f winctrl4.obj
 0001:0000d8ed       ?GetSelText@CRichEditCtrl@@QBE?AVCString@@XZ 5f40e8ed f winctrl4.obj
 0001:0000d9e6       ?GetIRichEditOle@CRichEditCtrl@@QBEPAUIRichEditOle@@XZ 5f40e9e6 f winctrl4.obj
 0001:0000da4b       ?SetDefaultCharFormat@CRichEditCtrl@@QAEHAAU_charformatw@@@Z 5f40ea4b f winctrl4.obj
 0001:0000dab1       ?SetSelectionCharFormat@CRichEditCtrl@@QAEHAAU_charformatw@@@Z 5f40eab1 f winctrl4.obj
 0001:0000db17       ?SetWordCharFormat@CRichEditCtrl@@QAEHAAU_charformatw@@@Z 5f40eb17 f winctrl4.obj
 0001:0000db7d       ?GetDefaultCharFormat@CRichEditCtrl@@QBEKAAU_charformatw@@@Z 5f40eb7d f winctrl4.obj
 0001:0000dbe3       ?GetSelectionCharFormat@CRichEditCtrl@@QBEKAAU_charformatw@@@Z 5f40ebe3 f winctrl4.obj
 0001:0000dc49       ?GetParaFormat@CRichEditCtrl@@QBEKAAU_paraformat@@@Z 5f40ec49 f winctrl4.obj
 0001:0000dcaf       ?SetParaFormat@CRichEditCtrl@@QAEHAAU_paraformat@@@Z 5f40ecaf f winctrl4.obj
 0001:0000dd80       ??1?$CProcessLocal@V_AFX_RICHEDIT_STATE@@@@QAE@XZ 5f40ed80 f winctrl4.obj
 0001:0000dde0       ?GetData@?$CProcessLocal@V_AFX_RICHEDIT_STATE@@@@QAEPAV_AFX_RICHEDIT_STATE@@XZ 5f40ede0 f winctrl4.obj
 0001:0000de30       ??B?$CProcessLocal@V_AFX_RICHEDIT_STATE@@@@QAEPAV_AFX_RICHEDIT_STATE@@XZ 5f40ee30 f winctrl4.obj
 0001:0000de50       ?CreateObject@?$CProcessLocal@V_AFX_RICHEDIT_STATE@@@@SGPAVCNoTrackObject@@XZ 5f40ee50 f winctrl4.obj
 0001:0000dee0       ??0_AFX_RICHEDIT_STATE@@QAE@XZ 5f40eee0 f winctrl4.obj
 0001:0000df50       ??_E_AFX_RICHEDIT_STATE@@UAEPAXI@Z 5f40ef50 f winctrl4.obj
 0001:0000df50       ??_G_AFX_RICHEDIT_STATE@@UAEPAXI@Z 5f40ef50 f winctrl4.obj
 0001:0000df90       ??_9@$BNA@AE               5f40ef90 f dlgcore.obj
 0001:0000dfa0       ??_9@$BMM@AE               5f40efa0 f dlgcore.obj
 0001:0000dfb0       ??C?$CProcessLocal@V_AFX_COLOR_STATE@@@@QAEPAV_AFX_COLOR_STATE@@XZ 5f40efb0 f dlgclr.obj
 0001:0000dfd0       ?GetData@?$CProcessLocal@V_AFX_COLOR_STATE@@@@QAEPAV_AFX_COLOR_STATE@@XZ 5f40efd0 f dlgclr.obj
 0001:0000e020       ?CreateObject@?$CProcessLocal@V_AFX_COLOR_STATE@@@@SGPAVCNoTrackObject@@XZ 5f40f020 f dlgclr.obj
 0001:0000e0b0       _FindTextW@4               5f40f0b0 f dlgfr.obj
 0001:0000e0d0       ?GetData@?$CProcessLocal@U_AFX_PROPPAGEFONTINFO@@@@QAEPAU_AFX_PROPPAGEFONTINFO@@XZ 5f40f0d0 f ccdata.obj
 0001:0000e120       ?CreateObject@?$CProcessLocal@U_AFX_PROPPAGEFONTINFO@@@@SGPAVCNoTrackObject@@XZ 5f40f120 f ccdata.obj
 0001:0000e1b0       ??0_AFX_PROPPAGEFONTINFO@@QAE@XZ 5f40f1b0 f ccdata.obj
 0001:0000e240       ??1_AFX_PROPPAGEFONTINFO@@UAE@XZ 5f40f240 f ccdata.obj
 0001:0000e2c0       ??C?$CProcessLocal@V_AFX_EXTDLL_STATE@@@@QAEPAV_AFX_EXTDLL_STATE@@XZ 5f40f2c0 f ccdata.obj
 0001:0000e2e0       ?GetData@?$CProcessLocal@V_AFX_EXTDLL_STATE@@@@QAEPAV_AFX_EXTDLL_STATE@@XZ 5f40f2e0 f ccdata.obj
 0001:0000e330       ?CreateObject@?$CProcessLocal@V_AFX_EXTDLL_STATE@@@@SGPAVCNoTrackObject@@XZ 5f40f330 f ccdata.obj
 0001:0000e3c0       ??0_AFX_EXTDLL_STATE@@QAE@XZ 5f40f3c0 f ccdata.obj
 0001:0000e430       ??_E_AFX_EXTDLL_STATE@@UAEPAXI@Z 5f40f430 f ccdata.obj
 0001:0000e430       ??_G_AFX_EXTDLL_STATE@@UAEPAXI@Z 5f40f430 f ccdata.obj
 0001:0000e470       ??1_AFX_WINGDIX_TERM@@QAE@XZ 5f40f470 f wingdix.obj
 0001:0000e490       ?IsEqualGUID@@YAHABU_GUID@@0@Z 5f40f490 f cmdtarg.obj
 0001:0000e4d0       ??0CNewTypeDlg@@QAE@PAVCPtrList@@@Z 5f40f4d0 f docmgr.obj
 0001:0000e560       ??1CNewTypeDlg@@UAE@XZ     5f40f560 f docmgr.obj
 0001:0000e5d0       ??_9@$BOI@AE               5f40f5d0 f viewcore.obj
 0001:0000e5e0       ??0CPrintingDialog@@QAE@PAVCWnd@@@Z 5f40f5e0 f viewprnt.obj
 0001:0000e680       ??1CPrintingDialog@@UAE@XZ 5f40f680 f viewprnt.obj
 0001:0000e6f0       ??C?$CProcessLocal@V_AFX_WIN_STATE@@@@QAEPAV_AFX_WIN_STATE@@XZ 5f40f6f0 f viewprnt.obj
 0001:0000e710       ??1_AFX_EDITVIEW_TERM@@QAE@XZ 5f40f710 f viewedit.obj
 0001:0000e730       ??B?$CProcessLocal@V_AFX_EDIT_STATE@@@@QAEPAV_AFX_EDIT_STATE@@XZ 5f40f730 f viewedit.obj
 0001:0000e750       ?GetData@?$CProcessLocal@V_AFX_EDIT_STATE@@@@QAEPAV_AFX_EDIT_STATE@@XZ 5f40f750 f viewedit.obj
 0001:0000e7a0       ?CreateObject@?$CProcessLocal@V_AFX_EDIT_STATE@@@@SGPAVCNoTrackObject@@XZ 5f40f7a0 f viewedit.obj
 0001:0000e830       __wcsdec                   5f40f830 f viewedit.obj
 0001:0000e850       ??B?$CProcessLocal@V_AFX_MAIL_STATE@@@@QAEPAV_AFX_MAIL_STATE@@XZ 5f40f850 f docmapi.obj
 0001:0000e870       ?GetData@?$CProcessLocal@V_AFX_MAIL_STATE@@@@QAEPAV_AFX_MAIL_STATE@@XZ 5f40f870 f docmapi.obj
 0001:0000e8c0       ?CreateObject@?$CProcessLocal@V_AFX_MAIL_STATE@@@@SGPAVCNoTrackObject@@XZ 5f40f8c0 f docmapi.obj
 0001:0000e950       ??B?$CTypedSimpleList@PAVCFrameWnd@@@@QAEPAVCFrameWnd@@XZ 5f40f950 f thrdcore.obj
 0001:0000e970       ?GetDataNA@?$CThreadLocal@V_AFX_THREAD_STATE@@@@QAEPAV_AFX_THREAD_STATE@@XZ 5f40f970 f thrdcore.obj
 0001:0000e9a0       ??B?$CThreadLocal@V_AFX_CTL3D_THREAD@@@@QAEPAV_AFX_CTL3D_THREAD@@XZ 5f40f9a0 f thrdcore.obj
 0001:0000e9c0       ?GetData@?$CThreadLocal@V_AFX_CTL3D_THREAD@@@@QAEPAV_AFX_CTL3D_THREAD@@XZ 5f40f9c0 f thrdcore.obj
 0001:0000ea10       ?CreateObject@?$CThreadLocal@V_AFX_CTL3D_THREAD@@@@SGPAVCNoTrackObject@@XZ 5f40fa10 f thrdcore.obj
 0001:0000eaa0       ??0_AFX_CTL3D_THREAD@@QAE@XZ 5f40faa0 f thrdcore.obj
 0001:0000eb10       ??_E_AFX_CTL3D_THREAD@@UAEPAXI@Z 5f40fb10 f thrdcore.obj
 0001:0000eb10       ??_G_AFX_CTL3D_THREAD@@UAEPAXI@Z 5f40fb10 f thrdcore.obj
 0001:0000eb50       ?GetSize@CRecentFileList@@QBEHXZ 5f40fb50 f appcore.obj
 0001:0000eb70       ??ACRecentFileList@@QAEAAVCString@@H@Z 5f40fb70 f appcore.obj
 0001:0000ebc0       ?AfxParseURL@@YGHPBGAAKAAVCString@@2AAG@Z 5f40fbc0 f inet.obj
 0001:0000ee58       ?AfxGetInternetHandleType@@YGKPAX@Z 5f40fe58 f inet.obj
 0001:0000eeac       ?AfxInternetStatusCallbackDebug@@YGXPAXKK0K@Z 5f40feac f inet.obj
 0001:0000f0ea       ?AfxInternetStatusCallback@@YGXPAXKK0K@Z 5f4100ea f inet.obj
 0001:0000f15a       ??1CInternetSession@@UAE@XZ 5f41015a f inet.obj
 0001:0000f1ca       ??0CInternetSession@@QAE@PBGKK00K@Z 5f4101ca f inet.obj
 0001:0000f2bf       ?Close@CInternetSession@@UAEXXZ 5f4102bf f inet.obj
 0001:0000f321       ?GetGopherConnection@CInternetSession@@QAEPAVCGopherConnection@@PBG00G@Z 5f410321 f inet.obj
 0001:0000f3eb       ?GetFtpConnection@CInternetSession@@QAEPAVCFtpConnection@@PBG00GH@Z 5f4103eb f inet.obj
 0001:0000f4b9       ?GetHttpConnection@CInternetSession@@QAEPAVCHttpConnection@@PBGG00@Z 5f4104b9 f inet.obj
 0001:0000f583       ?OpenURL@CInternetSession@@QAEPAVCStdioFile@@PBGKK0K@Z 5f410583 f inet.obj
 0001:0000f8f0       ?SetOption@CInternetSession@@QAEHKPAXKK@Z 5f4108f0 f inet.obj
 0001:0000f9c6       ?QueryOption@CInternetSession@@QBEHKPAXPAK@Z 5f4109c6 f inet.obj
 0001:0000fa8b       ?QueryOption@CInternetSession@@QBEHKAAK@Z 5f410a8b f inet.obj
 0001:0000fac3       ?QueryOption@CInternetSession@@QBEHKAAVCString@@@Z 5f410ac3 f inet.obj
 0001:0000fbb8       ?OnStatusCallback@CInternetSession@@UAEXKKPAXK@Z 5f410bb8 f inet.obj
 0001:0000fc1f       ?EnableStatusCallback@CInternetSession@@QAEHH@Z 5f410c1f f inet.obj
 0001:0000fd55       ?Dump@CInternetSession@@UBEXAAVCDumpContext@@@Z 5f410d55 f inet.obj
 0001:0000fdaf       ??0CInternetFile@@IAE@PAX0PBG1KH@Z 5f410daf f inet.obj
 0001:0000ff32       ??0CInternetFile@@IAE@PAXPBGPAVCInternetConnection@@H@Z 5f410f32 f inet.obj
 0001:000100f1       ?QueryOption@CInternetFile@@QBEHKPAXPAK@Z 5f4110f1 f inet.obj
 0001:000101db       ?QueryOption@CInternetFile@@QBEHKAAK@Z 5f4111db f inet.obj
 0001:00010238       ?QueryOption@CInternetFile@@QBEHKAAVCString@@@Z 5f411238 f inet.obj
 0001:000102b8       ?SetOption@CInternetFile@@QAEHKPAXKK@Z 5f4112b8 f inet.obj
 0001:0001038e       ?SetReadBufferSize@CInternetFile@@QAEHI@Z 5f41138e f inet.obj
 0001:000104ae       ?SetWriteBufferSize@CInternetFile@@QAEHI@Z 5f4114ae f inet.obj
 0001:000105ba       ?Seek@CInternetFile@@UAEJJI@Z 5f4115ba f inet.obj
 0001:00010713       ??1CInternetFile@@UAE@XZ   5f411713 f inet.obj
 0001:0001087d       ?Abort@CInternetFile@@UAEXXZ 5f41187d f inet.obj
 0001:000108c9       ?Flush@CInternetFile@@UAEXXZ 5f4118c9 f inet.obj
 0001:00010955       ?Close@CInternetFile@@UAEXXZ 5f411955 f inet.obj
 0001:00010a0f       ?Read@CInternetFile@@UAEIPAXI@Z 5f411a0f f inet.obj
 0001:00010c93       ?Write@CInternetFile@@UAEXPBXI@Z 5f411c93 f inet.obj
 0001:00010e48       ?WriteString@CInternetFile@@UAEXPBG@Z 5f411e48 f inet.obj
 0001:00010f14       ?ReadString@CInternetFile@@UAEPAGPAGI@Z 5f411f14 f inet.obj
 0001:000110dd       ?ReadString@CInternetFile@@UAEHAAVCString@@@Z 5f4120dd f inet.obj
 0001:00011247       ?GetLength@CInternetFile@@UBEKXZ 5f412247 f inet.obj
 0001:000112d0       ?LockRange@CInternetFile@@UAEXKK@Z 5f4122d0 f inet.obj
 0001:00011325       ?UnlockRange@CInternetFile@@UAEXKK@Z 5f412325 f inet.obj
 0001:0001137a       ?SetLength@CInternetFile@@UAEXK@Z 5f41237a f inet.obj
 0001:000113cf       ?Duplicate@CInternetFile@@UBEPAVCFile@@XZ 5f4123cf f inet.obj
 0001:00011424       ?AssertValid@CInternetFile@@MBEXXZ 5f412424 f inet.obj
 0001:0001154f       ?Dump@CInternetFile@@MBEXAAVCDumpContext@@@Z 5f41254f f inet.obj
 0001:000115af       ??0CInternetConnection@@QAE@PAVCInternetSession@@PBGGK@Z 5f4125af f inet.obj
 0001:000116d2       ??1CInternetConnection@@UAE@XZ 5f4126d2 f inet.obj
 0001:000117f3       ?SetOption@CInternetConnection@@QAEHKPAXKK@Z 5f4127f3 f inet.obj
 0001:000118c9       ?QueryOption@CInternetConnection@@QBEHKPAXPAK@Z 5f4128c9 f inet.obj
 0001:0001198e       ?QueryOption@CInternetConnection@@QBEHKAAK@Z 5f41298e f inet.obj
 0001:000119c6       ?QueryOption@CInternetConnection@@QBEHKAAVCString@@@Z 5f4129c6 f inet.obj
 0001:00011a21       ?Close@CInternetConnection@@MAEXXZ 5f412a21 f inet.obj
 0001:00011a6c       ?Dump@CInternetConnection@@UBEXAAVCDumpContext@@@Z 5f412a6c f inet.obj
 0001:00011aab       ?AssertValid@CInternetConnection@@UBEXXZ 5f412aab f inet.obj
 0001:00011ac9       ??1CFtpConnection@@UAE@XZ  5f412ac9 f inet.obj
 0001:00011b4a       ??0CFtpConnection@@QAE@PAVCInternetSession@@PAXPBGK@Z 5f412b4a f inet.obj
 0001:00011c9d       ??0CFtpConnection@@QAE@PAVCInternetSession@@PBG11KGH@Z 5f412c9d f inet.obj
 0001:00011e14       ?Close@CFtpConnection@@UAEXXZ 5f412e14 f inet.obj
 0001:00011e32       ?Remove@CFtpConnection@@QAEHPBG@Z 5f412e32 f inet.obj
 0001:00011e93       ?Rename@CFtpConnection@@QAEHPBG0@Z 5f412e93 f inet.obj
 0001:00011ef8       ?CreateDirectoryW@CFtpConnection@@QAEHPBG@Z 5f412ef8 f inet.obj
 0001:00011f59       ?RemoveDirectoryW@CFtpConnection@@QAEHPBG@Z 5f412f59 f inet.obj
 0001:00011fba       ?SetCurrentDirectoryW@CFtpConnection@@QAEHPBG@Z 5f412fba f inet.obj
 0001:0001201b       ?GetCurrentDirectoryW@CFtpConnection@@QBEHPAGPAK@Z 5f41301b f inet.obj
 0001:000120a2       ?GetCurrentDirectoryAsURL@CFtpConnection@@QBEHAAVCString@@@Z 5f4130a2 f inet.obj
 0001:000121c9       ?GetCurrentDirectoryAsURL@CFtpConnection@@QBEHPAGPAK@Z 5f4131c9 f inet.obj
 0001:000122c9       ?GetCurrentDirectoryW@CFtpConnection@@QBEHAAVCString@@@Z 5f4132c9 f inet.obj
 0001:0001236f       ?OpenFile@CFtpConnection@@QAEPAVCInternetFile@@PBGKKK@Z 5f41336f f inet.obj
 0001:000124ef       ?PutFile@CFtpConnection@@QAEHPBG0KK@Z 5f4134ef f inet.obj
 0001:000125b3       ?GetFile@CFtpConnection@@QAEHPBG0HKKK@Z 5f4135b3 f inet.obj
 0001:000126a1       ?Dump@CFtpConnection@@UBEXAAVCDumpContext@@@Z 5f4136a1 f inet.obj
 0001:000126df       ?AssertValid@CFtpConnection@@UBEXXZ 5f4136df f inet.obj
 0001:00012754       ??1CGopherConnection@@UAE@XZ 5f413754 f inet.obj
 0001:000127bc       ??0CGopherConnection@@QAE@PAVCInternetSession@@PBG11KG@Z 5f4137bc f inet.obj
 0001:00012916       ??0CGopherConnection@@QAE@PAVCInternetSession@@PAXPBGK@Z 5f413916 f inet.obj
 0001:00012a5c       ?CreateLocator@CGopherConnection@@SA?AVCGopherLocator@@PBG@Z 5f413a5c f inet.obj
 0001:00012af8       ?CreateLocator@CGopherConnection@@SA?AVCGopherLocator@@PBG00KG@Z 5f413af8 f inet.obj
 0001:00012bd6       ?CreateLocator@CGopherConnection@@QAE?AVCGopherLocator@@PBG0K@Z 5f413bd6 f inet.obj
 0001:00012cd6       ?GetAttribute@CGopherConnection@@QAEHAAVCGopherLocator@@VCString@@AAV3@@Z 5f413cd6 f inet.obj
 0001:00012db0       ?OpenFile@CGopherConnection@@QAEPAVCGopherFile@@AAVCGopherLocator@@KPBGK@Z 5f413db0 f inet.obj
 0001:00012ece       ?Close@CGopherConnection@@UAEXXZ 5f413ece f inet.obj
 0001:00012eec       ?Dump@CGopherConnection@@UBEXAAVCDumpContext@@@Z 5f413eec f inet.obj
 0001:00012f2a       ?AssertValid@CGopherConnection@@UBEXXZ 5f413f2a f inet.obj
 0001:00012f9f       ??1CHttpConnection@@UAE@XZ 5f413f9f f inet.obj
 0001:00013020       ??0CHttpConnection@@QAE@PAVCInternetSession@@PAXPBGK@Z 5f414020 f inet.obj
 0001:00013181       ??0CHttpConnection@@QAE@PAVCInternetSession@@PBGG11K@Z 5f414181 f inet.obj
 0001:000132d4       ?Close@CHttpConnection@@UAEXXZ 5f4142d4 f inet.obj
 0001:000132f2       ?OpenRequest@CHttpConnection@@QAEPAVCHttpFile@@PBG00KPAPBG0K@Z 5f4142f2 f inet.obj
 0001:00013417       ?OpenRequest@CHttpConnection@@QAEPAVCHttpFile@@HPBG0KPAPBG0K@Z 5f414417 f inet.obj
 0001:000134e4       ?Dump@CHttpConnection@@UBEXAAVCDumpContext@@@Z 5f4144e4 f inet.obj
 0001:00013522       ?AssertValid@CHttpConnection@@UBEXXZ 5f414522 f inet.obj
 0001:00013597       ??0CHttpFile@@IAE@PAX0PBG11K@Z 5f414597 f inet.obj
 0001:0001367a       ??0CHttpFile@@IAE@PAXPBG1PAVCHttpConnection@@@Z 5f41467a f inet.obj
 0001:0001378a       ??1CHttpFile@@UAE@XZ       5f41478a f inet.obj
 0001:00013824       ?Close@CHttpFile@@UAEXXZ   5f414824 f inet.obj
 0001:00013842       ?ErrorDlg@CHttpFile@@QAEKPAVCWnd@@KKPAPAX@Z 5f414842 f inet.obj
 0001:000138c7       ?GetVerb@CHttpFile@@QBE?AVCString@@XZ 5f4148c7 f inet.obj
 0001:00013970       ?GetObjectW@CHttpFile@@QBE?AVCString@@XZ 5f414970 f inet.obj
 0001:00013a19       ?GetFileURL@CHttpFile@@UBE?AVCString@@XZ 5f414a19 f inet.obj
 0001:00013b56       ?AddRequestHeaders@CHttpFile@@QAEHPBGKH@Z 5f414b56 f inet.obj
 0001:00013c1b       ?AddRequestHeaders@CHttpFile@@QAEHAAVCString@@K@Z 5f414c1b f inet.obj
 0001:00013c51       ?SendRequest@CHttpFile@@QAEHPBGKPAXK@Z 5f414c51 f inet.obj
 0001:00013d34       ?SendRequest@CHttpFile@@QAEHAAVCString@@PAXK@Z 5f414d34 f inet.obj
 0001:00013dd2       ?QueryInfo@CHttpFile@@QBEHKPAXPAK1@Z 5f414dd2 f inet.obj
 0001:00013e99       ?QueryInfo@CHttpFile@@QBEHKPAU_SYSTEMTIME@@PAK@Z 5f414e99 f inet.obj
 0001:00013ef2       ?QueryInfoStatusCode@CHttpFile@@QBEHAAK@Z 5f414ef2 f inet.obj
 0001:00013f99       ?QueryInfo@CHttpFile@@QBEHKAAVCString@@PAK@Z 5f414f99 f inet.obj
 0001:000140a8       ?Dump@CHttpFile@@MBEXAAVCDumpContext@@@Z 5f4150a8 f inet.obj
 0001:000140f4       ?AssertValid@CHttpFile@@MBEXXZ 5f4150f4 f inet.obj
 0001:00014112       ??0CGopherFile@@IAE@PAXAAVCGopherLocator@@PAVCGopherConnection@@@Z 5f415112 f inet.obj
 0001:000141e6       ??0CGopherFile@@IAE@PAX0PBGKK@Z 5f4151e6 f inet.obj
 0001:00014292       ??1CGopherFile@@UAE@XZ     5f415292 f inet.obj
 0001:00014313       ?Close@CGopherFile@@UAEXXZ 5f415313 f inet.obj
 0001:00014331       ?Write@CGopherFile@@UAEXPBXI@Z 5f415331 f inet.obj
 0001:00014366       ?WriteString@CGopherFile@@UAEXPBG@Z 5f415366 f inet.obj
 0001:0001439b       ?Dump@CGopherFile@@UBEXAAVCDumpContext@@@Z 5f41539b f inet.obj
 0001:000143bf       ?AssertValid@CGopherFile@@UBEXXZ 5f4153bf f inet.obj
 0001:000143dd       ??0CFtpFileFind@@QAE@PAVCFtpConnection@@K@Z 5f4153dd f inet.obj
 0001:000144cd       ??1CFtpFileFind@@UAE@XZ    5f4154cd f inet.obj
 0001:00014535       ?FindFile@CFtpFileFind@@UAEHPBGK@Z 5f415535 f inet.obj
 0001:0001475b       ?FindNextFileW@CFtpFileFind@@UAEHXZ 5f41575b f inet.obj
 0001:0001480f       ?CloseContext@CFtpFileFind@@MAEXXZ 5f41580f f inet.obj
 0001:00014856       ?GetFileURL@CFtpFileFind@@UBE?AVCString@@XZ 5f415856 f inet.obj
 0001:00014993       ?Dump@CFtpFileFind@@UBEXAAVCDumpContext@@@Z 5f415993 f inet.obj
 0001:000149d2       ?AssertValid@CFtpFileFind@@UBEXXZ 5f4159d2 f inet.obj
 0001:000149f0       ??0CGopherFileFind@@QAE@PAVCGopherConnection@@K@Z 5f4159f0 f inet.obj
 0001:00014ad7       ??1CGopherFileFind@@UAE@XZ 5f415ad7 f inet.obj
 0001:00014b3f       ?FindFile@CGopherFileFind@@UAEHPBGK@Z 5f415b3f f inet.obj
 0001:00014bda       ?FindFile@CGopherFileFind@@UAEHAAVCGopherLocator@@PBGK@Z 5f415bda f inet.obj
 0001:00014c8f       ?FindNextFileW@CGopherFileFind@@UAEHXZ 5f415c8f f inet.obj
 0001:00014d43       ?CloseContext@CGopherFileFind@@MAEXXZ 5f415d43 f inet.obj
 0001:00014d8a       ?GetFileName@CGopherFileFind@@UBE?AVCString@@XZ 5f415d8a f inet.obj
 0001:00014df9       ?GetFilePath@CGopherFileFind@@UBE?AVCString@@XZ 5f415df9 f inet.obj
 0001:00014e68       ?GetFileTitle@CGopherFileFind@@UBE?AVCString@@XZ 5f415e68 f inet.obj
 0001:00014ed7       ?IsDots@CGopherFileFind@@UBEHXZ 5f415ed7 f inet.obj
 0001:00014eef       ?GetLastWriteTime@CGopherFileFind@@UBEHPAU_FILETIME@@@Z 5f415eef f inet.obj
 0001:00014fa1       ?GetLastAccessTime@CGopherFileFind@@UBEHPAU_FILETIME@@@Z 5f415fa1 f inet.obj
 0001:00014fc8       ?GetCreationTime@CGopherFileFind@@UBEHPAU_FILETIME@@@Z 5f415fc8 f inet.obj
 0001:00014fef       ?GetLastWriteTime@CGopherFileFind@@UBEHAAVCTime@@@Z 5f415fef f inet.obj
 0001:0001507c       ?GetCreationTime@CGopherFileFind@@UBEHAAVCTime@@@Z 5f41607c f inet.obj
 0001:000150a3       ?GetLastAccessTime@CGopherFileFind@@UBEHAAVCTime@@@Z 5f4160a3 f inet.obj
 0001:000150ca       ?GetFileURL@CGopherFileFind@@UBE?AVCString@@XZ 5f4160ca f inet.obj
 0001:00015139       ?GetRoot@CGopherFileFind@@UBE?AVCString@@XZ 5f416139 f inet.obj
 0001:000151a8       ?GetLocator@CGopherFileFind@@QBE?AVCGopherLocator@@XZ 5f4161a8 f inet.obj
 0001:00015267       ?GetScreenName@CGopherFileFind@@QBE?AVCString@@XZ 5f416267 f inet.obj
 0001:0001534a       ?GetLength@CGopherFileFind@@UBEKXZ 5f41634a f inet.obj
 0001:00015398       ?GetLength64@CGopherFileFind@@UBE_JXZ 5f416398 f inet.obj
 0001:000153f9       ?Dump@CGopherFileFind@@UBEXAAVCDumpContext@@@Z 5f4163f9 f inet.obj
 0001:00015438       ?AssertValid@CGopherFileFind@@UBEXXZ 5f416438 f inet.obj
 0001:00015456       ??0CGopherLocator@@AAE@PBGK@Z 5f416456 f inet.obj
 0001:00015520       ??1CGopherLocator@@UAE@XZ  5f416520 f inet.obj
 0001:000155a1       ?AfxThrowInternetException@@YGXKK@Z 5f4165a1 f inet.obj
 0001:0001566c       ?GetErrorMessage@CInternetException@@UAEHPAGIPAI@Z 5f41666c f inet.obj
 0001:0001583c       ??0CInternetException@@QAE@K@Z 5f41683c f inet.obj
 0001:000158b6       ??1CInternetException@@UAE@XZ 5f4168b6 f inet.obj
 0001:0001591e       ?Dump@CInternetException@@UBEXAAVCDumpContext@@@Z 5f41691e f inet.obj
 0001:00015978       ?GetContext@CInternetSession@@QBEKXZ 5f416978 f inet.obj
 0001:00015994       ?GetServerName@CInternetConnection@@QBE?AVCString@@XZ 5f416994 f inet.obj
 0001:00015a05       ?GetSession@CInternetConnection@@QBEPAVCInternetSession@@XZ 5f416a05 f inet.obj
 0001:00015a21       ??BCInternetSession@@QBEPAXXZ 5f416a21 f inet.obj
 0001:00015a3d       ?SetOption@CInternetSession@@QAEHKKK@Z 5f416a3d f inet.obj
 0001:00015a6b       ??BCGopherLocator@@QBEPBGXZ 5f416a6b f inet.obj
 0001:00015a8c       ?GetLocatorType@CGopherLocator@@QBEHAAK@Z 5f416a8c f inet.obj
 0001:00015aba       ??0CGopherLocator@@QAE@ABV0@@Z 5f416aba f inet.obj
 0001:00015b64       ??BCInternetConnection@@QBEPAXXZ 5f416b64 f inet.obj
 0001:00015b80       ?GetContext@CInternetConnection@@QBEKXZ 5f416b80 f inet.obj
 0001:00015b9c       ?SetOption@CInternetConnection@@QAEHKKK@Z 5f416b9c f inet.obj
 0001:00015bca       ?GetContext@CInternetFile@@QBEKXZ 5f416bca f inet.obj
 0001:00015be6       ??BCInternetFile@@QBEPAXXZ 5f416be6 f inet.obj
 0001:00015c02       ?SetOption@CInternetFile@@QAEHKKK@Z 5f416c02 f inet.obj
 0001:00015c30       ??_GCInternetSession@@UAEPAXI@Z 5f416c30 f inet.obj
 0001:00015c70       ??_ECInternetFile@@UAEPAXI@Z 5f416c70 f inet.obj
 0001:00015c70       ??_GCInternetFile@@UAEPAXI@Z 5f416c70 f inet.obj
 0001:00015cb0       ??_GCInternetConnection@@UAEPAXI@Z 5f416cb0 f inet.obj
 0001:00015cb0       ??_ECInternetConnection@@UAEPAXI@Z 5f416cb0 f inet.obj
 0001:00015cf0       ??_GCFtpConnection@@UAEPAXI@Z 5f416cf0 f inet.obj
 0001:00015cf0       ??_ECFtpConnection@@UAEPAXI@Z 5f416cf0 f inet.obj
 0001:00015d30       ??_ECGopherConnection@@UAEPAXI@Z 5f416d30 f inet.obj
 0001:00015d30       ??_GCGopherConnection@@UAEPAXI@Z 5f416d30 f inet.obj
 0001:00015d70       ??_ECHttpConnection@@UAEPAXI@Z 5f416d70 f inet.obj
 0001:00015d70       ??_GCHttpConnection@@UAEPAXI@Z 5f416d70 f inet.obj
 0001:00015db0       ??_GCHttpFile@@UAEPAXI@Z   5f416db0 f inet.obj
 0001:00015db0       ??_ECHttpFile@@UAEPAXI@Z   5f416db0 f inet.obj
 0001:00015df0       ??_ECGopherFile@@UAEPAXI@Z 5f416df0 f inet.obj
 0001:00015df0       ??_GCGopherFile@@UAEPAXI@Z 5f416df0 f inet.obj
 0001:00015e30       ??_GCFtpFileFind@@UAEPAXI@Z 5f416e30 f inet.obj
 0001:00015e30       ??_ECFtpFileFind@@UAEPAXI@Z 5f416e30 f inet.obj
 0001:00015e70       ??_ECGopherFileFind@@UAEPAXI@Z 5f416e70 f inet.obj
 0001:00015e70       ??_GCGopherFileFind@@UAEPAXI@Z 5f416e70 f inet.obj
 0001:00015eb0       ??_ECGopherLocator@@UAEPAXI@Z 5f416eb0 f inet.obj
 0001:00015eb0       ??_GCGopherLocator@@UAEPAXI@Z 5f416eb0 f inet.obj
 0001:00015ef0       ??_GCInternetException@@UAEPAXI@Z 5f416ef0 f inet.obj
 0001:00015ef0       ??_ECInternetException@@UAEPAXI@Z 5f416ef0 f inet.obj
 0001:00015f30       ??0CFileFind@@QAE@XZ       5f416f30 f filefind.obj
 0001:00015fe1       ??1CFileFind@@UAE@XZ       5f416fe1 f filefind.obj
 0001:0001606a       ?Close@CFileFind@@QAEXXZ   5f41706a f filefind.obj
 0001:00016113       ?CloseContext@CFileFind@@MAEXXZ 5f417113 f filefind.obj
 0001:00016136       ?FindFile@CFileFind@@UAEHPBGK@Z 5f417136 f filefind.obj
 0001:000162ea       ?MatchesMask@CFileFind@@UBEHK@Z 5f4172ea f filefind.obj
 0001:0001636a       ?GetLastAccessTime@CFileFind@@UBEHPAU_FILETIME@@@Z 5f41736a f filefind.obj
 0001:0001641a       ?GetLastWriteTime@CFileFind@@UBEHPAU_FILETIME@@@Z 5f41741a f filefind.obj
 0001:000164ca       ?GetCreationTime@CFileFind@@UBEHPAU_FILETIME@@@Z 5f4174ca f filefind.obj
 0001:00016558       ?GetLastAccessTime@CFileFind@@UBEHAAVCTime@@@Z 5f417558 f filefind.obj
 0001:000165e3       ?GetLastWriteTime@CFileFind@@UBEHAAVCTime@@@Z 5f4175e3 f filefind.obj
 0001:0001666e       ?GetCreationTime@CFileFind@@UBEHAAVCTime@@@Z 5f41766e f filefind.obj
 0001:000166f9       ?IsDots@CFileFind@@UBEHXZ  5f4176f9 f filefind.obj
 0001:000167c4       ?FindNextFileW@CFileFind@@UAEHXZ 5f4177c4 f filefind.obj
 0001:00016878       ?GetFileURL@CFileFind@@UBE?AVCString@@XZ 5f417878 f filefind.obj
 0001:00016972       ?GetRoot@CFileFind@@UBE?AVCString@@XZ 5f417972 f filefind.obj
 0001:00016a1b       ?GetFilePath@CFileFind@@UBE?AVCString@@XZ 5f417a1b f filefind.obj
 0001:00016b63       ?GetFileTitle@CFileFind@@UBE?AVCString@@XZ 5f417b63 f filefind.obj
 0001:00016c7a       ?GetFileName@CFileFind@@UBE?AVCString@@XZ 5f417c7a f filefind.obj
 0001:00016d60       ?GetLength@CFileFind@@QBEKXZ 5f417d60 f filefind.obj
 0001:00016dd0       ?GetLength64@CFileFind@@QBE_JXZ 5f417dd0 f filefind.obj
 0001:00016e50       ?Dump@CFileFind@@MBEXAAVCDumpContext@@@Z 5f417e50 f filefind.obj
 0001:00016e8f       ?AssertValid@CFileFind@@MBEXXZ 5f417e8f f filefind.obj
 0001:00016f20       ??_GCFileFind@@UAEPAXI@Z   5f417f20 f filefind.obj
 0001:00016f60       ?IsEmpty@CSimpleList@@QBEHXZ 5f417f60 f dllinit.obj
 0001:00016f90       ?GetHead@?$CTypedSimpleList@PAUCRuntimeClass@@@@QAEPAUCRuntimeClass@@XZ 5f417f90 f dllinit.obj
 0001:00016fb0       ?GetHead@?$CTypedSimpleList@PAVCOleObjectFactory@@@@QAEPAVCOleObjectFactory@@XZ 5f417fb0 f dllinit.obj
 0001:00016fd0       ?AddHead@?$CTypedSimpleList@PAVCDynLinkLibrary@@@@QAEXPAVCDynLinkLibrary@@@Z 5f417fd0 f dllinit.obj
 0001:00017000       ?Remove@?$CTypedSimpleList@PAVCDynLinkLibrary@@@@QAEHPAVCDynLinkLibrary@@@Z 5f418000 f dllinit.obj
 0001:00017024       ??0type_info@@AAE@ABV0@@Z  5f418024 f msvcrtd:ti_inst.obj
 0001:0001702f       ??_Etype_info@@UAEPAXI@Z   5f41802f f msvcrtd:ti_inst.obj
 0001:0001702f       ??_Gtype_info@@UAEPAXI@Z   5f41802f f msvcrtd:ti_inst.obj
 0001:0001704d       ??4type_info@@AAEAAV0@ABV0@@Z 5f41804d f msvcrtd:ti_inst.obj
 0001:00017076       __local_unwind2            5f418076 f msvcrtd:exsup.obj
 0001:000170ce       __NLG_Return2              5f4180ce   msvcrtd:exsup.obj
 0001:000170de       __abnormal_termination     5f4180de f msvcrtd:exsup.obj
 0001:00017101       __NLG_Notify1              5f418101 f msvcrtd:exsup.obj
 0001:0001710a       __NLG_Notify               5f41810a f msvcrtd:exsup.obj
 0001:0001711d       __NLG_Dispatch             5f41811d   msvcrtd:exsup.obj
 0001:00017122       ___CxxFrameHandler         5f418122 f msvcrtd:msvcrtd.dll
 0001:00017128       __onexit                   5f418128 f msvcrtd:atonexit.obj
 0001:00017157       _atexit                    5f418157 f msvcrtd:atonexit.obj
 0001:0001716a       __CxxThrowException@8      5f41816a f msvcrtd:msvcrtd.dll
 0001:00017170       __CrtDbgReport             5f418170 f msvcrtd:msvcrtd.dll
 0001:00017180       __chkstk                   5f418180   msvcrtd:chkstk.obj
 0001:00017180       __alloca_probe             5f418180   msvcrtd:chkstk.obj
 0001:000171b0       _wcslen                    5f4181b0 f msvcrtd:msvcrtd.dll
 0001:000171b6       __gcvt                     5f4181b6 f msvcrtd:msvcrtd.dll
 0001:000171c0       _memcpy                    5f4181c0 f msvcrtd:msvcrtd.dll
 0001:000171c6       _memmove                   5f4181c6 f msvcrtd:msvcrtd.dll
 0001:000171cc       __purecall                 5f4181cc f msvcrtd:msvcrtd.dll
 0001:000171d2       _memcmp                    5f4181d2 f msvcrtd:msvcrtd.dll
 0001:000171e0       __except_handler3          5f4181e0 f msvcrtd:exsup3.obj
 0001:0001729d       __seh_longjmp_unwind@4     5f41829d f msvcrtd:exsup3.obj
 0001:000172b8       __CrtSetReportMode         5f4182b8 f msvcrtd:msvcrtd.dll
 0001:000172be       __CrtSetReportHook         5f4182be f msvcrtd:msvcrtd.dll
 0001:000172c4       __CrtSetDumpClient         5f4182c4 f msvcrtd:msvcrtd.dll
 0001:000172ca       __CrtSetDbgFlag            5f4182ca f msvcrtd:msvcrtd.dll
 0001:000172d0       __CrtDumpMemoryLeaks       5f4182d0 f msvcrtd:msvcrtd.dll
 0001:000172d6       _vswprintf                 5f4182d6 f msvcrtd:msvcrtd.dll
 0001:000172dc       __free_dbg                 5f4182dc f msvcrtd:msvcrtd.dll
 0001:000172e2       __malloc_dbg               5f4182e2 f msvcrtd:msvcrtd.dll
 0001:000172e8       __CrtSetAllocHook          5f4182e8 f msvcrtd:msvcrtd.dll
 0001:000172ee       __CrtSetBreakAlloc         5f4182ee f msvcrtd:msvcrtd.dll
 0001:000172f4       __CrtCheckMemory           5f4182f4 f msvcrtd:msvcrtd.dll
 0001:000172fa       __CrtIsMemoryBlock         5f4182fa f msvcrtd:msvcrtd.dll
 0001:00017300       _memset                    5f418300 f msvcrtd:msvcrtd.dll
 0001:00017306       __CrtMemDifference         5f418306 f msvcrtd:msvcrtd.dll
 0001:0001730c       __CrtMemDumpStatistics     5f41830c f msvcrtd:msvcrtd.dll
 0001:00017312       __CrtMemCheckpoint         5f418312 f msvcrtd:msvcrtd.dll
 0001:00017318       __CrtMemDumpAllObjectsSince 5f418318 f msvcrtd:msvcrtd.dll
 0001:0001731e       __CrtDoForAllClientObjects 5f41831e f msvcrtd:msvcrtd.dll
 0001:00017324       _abort                     5f418324 f msvcrtd:msvcrtd.dll
 0001:0001732a       _wcscmp                    5f41832a f msvcrtd:msvcrtd.dll
 0001:00017330       __wcsicmp                  5f418330 f msvcrtd:msvcrtd.dll
 0001:00017336       _wcscoll                   5f418336 f msvcrtd:msvcrtd.dll
 0001:0001733c       __get_osfhandle            5f41833c f msvcrtd:msvcrtd.dll
 0001:00017342       ___doserrno                5f418342 f msvcrtd:msvcrtd.dll
 0001:00017348       __fdopen                   5f418348 f msvcrtd:msvcrtd.dll
 0001:0001734e       __open_osfhandle           5f41834e f msvcrtd:msvcrtd.dll
 0001:00017354       _clearerr                  5f418354 f msvcrtd:msvcrtd.dll
 0001:0001735a       _fread                     5f41835a f msvcrtd:msvcrtd.dll
 0001:00017360       _fwrite                    5f418360 f msvcrtd:msvcrtd.dll
 0001:00017366       _fputws                    5f418366 f msvcrtd:msvcrtd.dll
 0001:0001736c       _fgetws                    5f41836c f msvcrtd:msvcrtd.dll
 0001:00017372       _ftell                     5f418372 f msvcrtd:msvcrtd.dll
 0001:00017378       _fseek                     5f418378 f msvcrtd:msvcrtd.dll
 0001:0001737e       _fflush                    5f41837e f msvcrtd:msvcrtd.dll
 0001:00017384       _fclose                    5f418384 f msvcrtd:msvcrtd.dll
 0001:0001738a       _malloc                    5f41838a f msvcrtd:msvcrtd.dll
 0001:00017390       _realloc                   5f418390 f msvcrtd:msvcrtd.dll
 0001:00017396       _free                      5f418396 f msvcrtd:msvcrtd.dll
 0001:0001739c       _wcschr                    5f41839c f msvcrtd:msvcrtd.dll
 0001:000173a2       _wcspbrk                   5f4183a2 f msvcrtd:msvcrtd.dll
 0001:000173a8       __wcsrev                   5f4183a8 f msvcrtd:msvcrtd.dll
 0001:000173ae       _wcsspn                    5f4183ae f msvcrtd:msvcrtd.dll
 0001:000173b4       _wcscspn                   5f4183b4 f msvcrtd:msvcrtd.dll
 0001:000173ba       _wcsrchr                   5f4183ba f msvcrtd:msvcrtd.dll
[...]
FIXUPS: 7dd4f 11 16 a 3d 9 9 9 9 b 2f 1c 62 1c 38 6b 33 1b 1d 1d 23 fffff9b6
FIXUPS: 7d9d5 7f b 38 17 20 17 11 f c 10 c 14 c 9 8 9 10 12 16 1b c 1e
FIXUPS: 7dbf0 c 14 c 9 8 9 12 fffc1330 1f 6 3e65a 5 2a 1d 23 14 1b 30 2e
FIXUPS: 7d70c 13 d 38 64 14 1b 30 2e 19 13 d 38 64 14 15 c 25 14 15 fffc168e
FIXUPS: 3f05c 1e 9 20 1c 15 28 28 23 28 2c 2e 2b 14 7 d 31 21 1c 25 37
FIXUPS: 3f305 3f 5e922 15 fffa1188 2c 40 a 25 78 5f312 34 1f 38 30 fffff9e4
FIXUPS: 9dccc 1a 1a 1d 15d 12 3f 22 e007 fff93514 33 4d a 24 5c 36 10 1a
FIXUPS: 3f57a 3a 31 fffff9e7 18 18 21 d cd49 8 4b 29 28 23 1c 8 3c1f0 22
FIXUPS: 8823f 31 30 41 19 21 2f 1b 3e 19 27 22 35 cb 15aa5 98 57 55 34
FIXUPS: 9e13d 19 83 fffa2053 a0 32 80 85 7b 85 29 4d 83 34 34 77 69 39
FIXUPS: 407c7 61 6a 19 5b af88 1f 1e 136 66 7b 8 1b b7 73 31 a8 52896 1a
FIXUPS: 9e5c5 20 fffa103c 92 82 8a 2d 58 1f 83 8f 92 9d 90 88 85 19 98
FIXUPS: 3fd0d 79 7a 7a 2e 66 2e 66 80 8d 7b 7b 1807 1b 62 14 17 3f 2b 2f
FIXUPS: 41b04 2a 1c 2b 79 6e 34 13 fffcd7fe 8ee93 18 23 8b b9 37 1a 19
FIXUPS: 9e524 7 1a 23 14 7 14 fffa2b24 25 41 22 2b 5b 22 2d 25 76 139 34
FIXUPS: 41454 ea 20 7 106 26 1e 26 df 27 21 3c 7 7 f 62 2d 21 1d 1f fffff054
FIXUPS: 409aa 1f 61 b 75 31 b 29 1c e 105 a9 21 3f 3e 2a 34 59 30 33 2e
FIXUPS: 40f04 21 22 3d 21 22 43 24 25 44 ceab 17 46 80 41 78 14 6 14 6
FIXUPS: 4e120 7 14 7 8 43 7 12 20 3d 2d 13 42 12 2c 9 b 29 13 6f 9 b fffff6d5
FIXUPS: 4da8c 38 17 5c 17 11 15 82 9 9 b 3b 13 18 8 16 aa 1c 1a 17 18 1c
FIXUPS: 4de0a 1e 1a c 38 31 2b 10 17 fffff534 8 c 6 19 b 36 1c 35 68 b
FIXUPS: 4d59f 17 90 19 6e 11 a9 20 34 38 17 6d 17 11 15 82 9 9 b 49 8f
FIXUPS: 4d01f 19 b 50 17 b 1a 13 17 31 78 25 1a 1e c 1a 40 64 49 2b 1b
FIXUPS: 4d36f 10 b 25 b 13 6 3a f b 10 fffff735 15 17 1d 1f c 6 a 8 c f
FIXUPS: 4cc22 6 7f 62 9 b 7a 24 d 26 6d 19 14 17 d 1c e2 8 2a 2f e fffff837
FIXUPS: 4c85f 10 1c 18 12 17 d 19 8 25 12 1b 15 2c 7 2b c 2d 6 12 17 18
FIXUPS: 4ca4a 45 38 9 9 b 57 12 17 fffff756 11 10 60 24 11 10 2d 55 24
FIXUPS: 4c437 10 2f 48 32 3d 8 20 70 15 e 17 2c 18 2f 22 29 a4 24 3d 1c
FIXUPS: 4c804 2b7f ffffcb42 12 f 11 40 14 28 c c 9 b 54 17 b b 14 44 45
FIXUPS: 4c0c9 c 9 b 2a 2f 13 13 d 14 3d 47 89 2c26 17 22 3a 2d 4e 26 14
FIXUPS: 4f004 43 35 bb 68 d 17 3e 14 7 14 6 23 7 12 8 15 3b 7 12 d 20 3d
FIXUPS: 4f370 fffff6ed b 2b a 2b 1c 3d 1e 59 48 7 6 27 28 12 1b 2d 51 b
FIXUPS: 4ed2b 12 1b 20 17 17 4e 1c 11 37 12 1b 20 fffff530 12 30 20 14
FIXUPS: 4e46b 14 20 14 d7 17 2f 15 23 17 1f 9 b 28 1a 19 2e 62 62 70 36
FIXUPS: 4e865 14 20 14 76 131 c3a 16 14 19 29 28 22 29 51 81 2c 48 78 40
FIXUPS: 4f9b5 b 3a 28 15 17 11 25 b 28 21 7 12 d 20 23 1f 13 6e2 14 7 14
FIXUPS: 5028b 17 7 10 e 7 7 3b 7 12 20 3d 2a 13 fffff012 36 b 5e 21 b 75
FIXUPS: 4f564 19 c 3c 19 c 8b 773 9 b 25 25 28 c 11 14 18 28 c 11 c 54
FIXUPS: 4ff6d 17 48 42 52 2b 2d 6d b 3a 28 31 12 17 11 25 b 316 25 ce b
FIXUPS: 5067e 8 2b 17 33 29 4e 1c 5b7be 22 21 57 9 b fffa3bcb 14 18 14
FIXUPS: 4fc44 1f 9 b 25 2b 55 4d 13 b 15732 42 13 26 b 22 b 1c 16 27 8
FIXUPS: 655e2 b 1c 14 7 12 d fffa9eb9 3f b 65 b 560ba 13 fffead79 45 77
FIXUPS: 504d0 6 3e 18 14d37 c c c c c c c c 9 9 9 9 9 9 9 9 9 9 b 3d 17
FIXUPS: 6538d 10 10 18 f 4e 16 17 28 b fffffabf d 13 4f d 11 13 d 1f a
FIXUPS: 65076 13 d 13 4f d 11 13 d e 18 1c 1b 26 8 5 29 13 8 35 c c fffff990
FIXUPS: 64bf8 10 d e 12 b 14 25 b 22 27 12 5 1c 18 f 5 57 a 59 13 d 13
FIXUPS: 64e68 d 11 13 d 1f a 5f fffff9bd c 8 1f 8 17 13 a c a 28 9 b 41
FIXUPS: 649fc 17 a 31 10 d 21 a 31 10 d 21 a 31 10 d 3c 41 fffff9d5 1e
FIXUPS: 645e3 32 3a 1a 11 17 18 d 10 d 11 11 13 11 2c 4f c c c c b 42 d
FIXUPS: 64835 11 f 25 29 12 1b fffff8bd b 25 1c 11 28 1c 10 17 11 38 1c
FIXUPS: 64329 11 17 23 23 25 23 1c 12 17 51 1c 12 17 6c 12 13 17 1d f 3aa94
FIXUPS: 9f02b 9 9 b 5b 93 5a 13 fffc4e04 1c 11 b 1c 12 17 11 28 10 9 17
FIXUPS: 640b8 19 1c d 19 1c 10 17 13 f 8 3ab50 63 f d 9 6 59 f d 9 6 65
FIXUPS: 9ee59 1b 20 9 19 12 15 12 9 6 5e f 15 6 66 9 9 9 9 9 fffff979 9
FIXUPS: 9e9a1 5e f d 9 6 6d 15 f 12 6 63 f 12 6 59 f 12 6 59 d d 12 12
FIXUPS: 9ec8b d d f d 9 fffb2d21 b 4cd1f 14 2c 9 b 3b 14 11 f d 6 b 2b
FIXUPS: 9e832 10 10 10 16 10 6 26 22 f 11 c c 25 2d a 15 fffb2c89 21 7
FIXUPS: 51642 20 63 12 1c 28 9 b 39 14 b 1f 1c 42 27 29 22 14 6 14 7 20
FIXUPS: 518d6 17 33 13 2d 13 6f fffff57d f2 10 21 15 52 11 2c 89 23 15
FIXUPS: 51233 1c 17 63 14 7a 3d 57 12 79 2b 2b 13 2e 19 d 17 3a 8 50 8
FIXUPS: 5092e 1b 1f 75 2c 37 19 1d 25 15 15 8 66 17 68 30 30 87 46 b 5f
FIXUPS: 50d5c 2b 55 3f 11 10 44 27 25 17 11 576e0 9 9 b 3a 12 a 22 3c 13
FIXUPS: a86c5 6d c b c1 b fff66df0 21 a 29 b 67 b 9916a 13 fff66ead 41135
FIXUPS: 5086b b 5c 1e b 579a8 11 5a 17 6a 28 a b d c 8 56 2d 13 2b d 7
FIXUPS: a84c9 27 8 52 c c 9 c 9 c c c c c c fffffaa6 16 30 7 7 12 f f 11
FIXUPS: a8112 b 11 11 14 b 11 d b f 10 7 27 8 e 4f b b 11 b 11 b 11 fffffb24
FIXUPS: a7dcd 24 14 14 14 11 e c e f 11 62 d 41 f 15 c 17 7 b 16 10 18
FIXUPS: a7fdb c 21 d 20 18 9 6 fffc3a17 3befc 2f 5e 9 a 8 20 15 2f 24 e
FIXUPS: a7b07 30 2c 17 14 19 14 1a 2b 2a 28 17 49 20 e 12 2d c c 2e fffc3ae8
FIXUPS: 6b878 23 7 14 7 14 7 14 7 14 7 14 7 14 7 14 7 14 7 27 7 16 6 1c
FIXUPS: 6b9e6 16 6 26 6 d 25 fffff906 1b 2c 18 36 29 26 25 5a 2d 30 31
FIXUPS: 6b611 1b 10 16 e 14 b 2b f 16 8 12 21 32 1c 25 32 25 25 2a fffff6fe
FIXUPS: 6af31 10 17 24 42 18 1a 40 10 10 17 24 42 18 37 38 25 3e 40 10
FIXUPS: 6b217 17 24 1b 2c 18 1a 40 10 10 17 fffff744 28 27 7 2c 24 7 3b
FIXUPS: 6abb7 25 11 54 7 12 b 18 21 36 49 25 11 54 7 12 b 18 21 30 14 38
FIXUPS: 6aea5 3c ffffedbc 8 6a 6c 68 9 b 14d b 5e 1f e8 49 1f 36 2d 32
FIXUPS: 6a1d5 1d 40 f8 98 98 5d d2 18 23e ab f6 8e 41 22 ffffeca3 2e 61
FIXUPS: 697da 25 62 1e 23 1e 16 1c 8 8 9 c 7 c 10 11 2b 8 8 9 8f 9 9f 9
FIXUPS: 69bbc 94 f f f fffff2c5 8 c 20 8 2a 1a 12 1d 70 1c 14 34 12 c 29
FIXUPS: 69174 1c 70 7c 1c 73 ce 34 5f 4d 22 22 b4 69 3c 79 fffff456 16
FIXUPS: 68b62 2b d1 e 17 82 c 31 10 6c 2b 1c 8 9 e 13 16 8 18 8 9 8 9 8
FIXUPS: 68ea0 8 f 7 44 2f fffff2d8 242 2b 8 c 1a 8 b 82 74 1b4 12 62 8
FIXUPS: 687e9 1a 8 5d 7 5d 7 1a 6a 85 a5 8 17 11 1a 11 8 38 fffff045 23
FIXUPS: 67bef 13d 17 10 15 4c 1b 8 16 1c 8 11 94 1c 17 c 12 7 50 6c 46
FIXUPS: 6802c 17 c 12 7 47 63 46 9f fffff31b 4e 3e 49 6c 47 8 17 25 27
FIXUPS: 67787 71 1c 1a 9 2e 1e 5e 8 17 25 27 82 71 1c 1a 9 2e 1e 5e 8 9
FIXUPS: 66f92 9 c 26 9 c 14 46 9 2b 8 17 25 2a 43 51 4b 3e 49 72 4d 24
FIXUPS: 6734e 26 39 2b 3b 8 17 25 2a 40 fffff61c 9d 83 33 11 1e 34 33 11
FIXUPS: 66cf5 2c 32 d d 12 43 10 10 17 6d 9 18 43 1d 9 c 14 9 21 2f 9 c
FIXUPS: 664f7 17 24 14 30 1c 10 6b 19 27 22 27 44 10 9 1c 37 13 1f 80 33
FIXUPS: 66896 28 63 28 22 22 5f 28 5d 28 22 fffff644 16 11 4b 28 31 22
FIXUPS: 66202 17 16 17 19 9 1a 12 48 36 21 17 15 1f 12 12 17 18 32 17 25
FIXUPS: 66477 f 14 33 fffff587 29 41 3b 35 18 14 a4 2c 2c 2c 22 22 32 47
FIXUPS: 65d52 60 2c 22 22 35 32 2d 1f 3e 28 84 8d 12 17 4a 29 fffed6a9
FIXUPS: 537a3 12 12 12 4e 20 22 18 6f 13 11df2 15 e e e 1c 78 97 1f b 5b
FIXUPS: 658ff 21 b 30 29 1f 21 1f 1f 29 fffed898 bc cc 34 23 25 45 2d 13
FIXUPS: 53583 13 74 1c 1c 29 1a 6 1a 6 1a 6 1a 6 14 7 14 7 d 1b 12 12 12
FIXUPS: 52dec d8 11 f 20 17 8 1a 10 c 20 20 1a 8 8 20 38 1c 2a 1a e 2a
FIXUPS: 530cd 32 3d 17 8 c 33 10 37 76 fffff6c0 16 8 9 c 2a 2c 22 d 20
FIXUPS: 529fb b 16 13 2d 3f 2e 22 13 13 a 13 35 81 c 23 22 f 91 c 17 19
FIXUPS: 52551 78 22 13 13 a 13 1a 2b 13 8 8 9 23 1a 14 9 21 14 9 34 11
FIXUPS: 52784 9 26 50 23 23 3e 20 23 45 fffff826 a2 19 d b 4a 14 29 13
FIXUPS: 522b8 e 2a b 4e 20 16 e 16 d 63 d b 26 b 9 23 1e c 8 14 19 14 fffff86c
FIXUPS: 51d7b 17 14 23 10 31 23 25 19 e c 8 1a 11 8 9 c 25 a 50 22 2c 2b
FIXUPS: 51fe7 23 18 27 12 21 12 21 2094 5f b ffffd8b8 12 b b b 19 29 b
FIXUPS: 51b43 b 2a 1c 12 f 34 3d 19 29 21 40 8 14 13 7 14 19 7 20 c 1f53
FIXUPS: 53cc6 30 a 17 b 2d 20 21 2a 96 43 1c 1c 15 1a 29 39 14 2b 8 17
FIXUPS: 53fdd 5 54 56 d 2b 14 d 20 2b 4b17b 4c 5 2a 1d 5f b fffb45c8 49
FIXUPS: 539c9 3a 33 47 b 33 22 20 14 23 1f 19 16 4b 31 18 c 8 8 9 16 11
FIXUPS: 53c71 2dc58 7 14 7 d a 24 7 14 7 14 6 14 6 14 7 14 7 d fff8dd63
FIXUPS: 819e0 13 2d 13 fff8dd0d 25 1c 40 1c 2d b 8fa81 fffe2277 2b 7 76
FIXUPS: 815eb 4a 21 7 13 3b 13 23 b 30 33 18 7 a 13 20 16 23 6 23 6 a 26
FIXUPS: 81865 14 7 21 7 fffff76f d b 37 f 9 9 9 9 b 4f 7 1e 13 12 25 42
FIXUPS: 811af 45 19 28 11 13 7 46 f 29 30 89 41 16 10c fffff850 9 13 28
FIXUPS: 80d97 21 9 13 29 43 a c 1c 27 11 1f 10 9 d e 28 24 15 e 9 9 d b
FIXUPS: 80fc7 24 11 d fffffad3 9 13 22 2b a 12 f 1a 1a 9 7 13 9 13 2b a
FIXUPS: 80c2a f 1b 1a 9 1a 9 7 11 9 1b 2b a 13 7 fffffa61 22 3e a 2a d
FIXUPS: 8084a 1a 1c 1c 8 13 8 17 f 18 15 31 42 9 10 25 25 d 1c 25 22 9
FIXUPS: 80a6c 2f a 12 fffffa00 2c 1c 11 7 1c 3c 1c 11 18 2c 10 7 8 18 11
FIXUPS: 8063c 21 6 f 8 13 2b a 13 29 a 13 29 a 1c 9 fffffa98 8 7 13 29
FIXUPS: 8025e 7 13 29 8 7 13 29 e 7 13 29 8 f 7 13 2d 8 19 2b c 29 1c 11
FIXUPS: 80450 1c 2f fffffa18 b 2b 35 10 7 2a 2b 26 2b 8 24 2b a b 13 3c
FIXUPS: 800c1 8 7 1e 2b 8 29 2b 8 7 13 29 8 7 13 fffff7bd 17 97 1b 18 17
FIXUPS: 7fb6e 2c 1b 2f 37 21 29 23 4d 13 19 25 29 19 14 18 19 d 18 27 11
FIXUPS: 7fe22 10 1b 18 1a fffff388 21 86 2e 13 19 14 1c 25 34 13 b 2c 2b
FIXUPS: 7f442 18 29 3a 48 15 39 66 ac 18 117 18 47 95 42 16 36 17 fffff4cb
FIXUPS: 7ee0b 13 24 34 13 e 17 19 e 17 24 2c 17 35 49 2b 5e 2b 13 41 14
FIXUPS: 7f105 2b 19 b 20 1b 3b 13 b 10 fffff8e0 13 2b 25 26 1b 2a 1e 7
FIXUPS: 7ebe7 1f 7 a 13 46 8 1c 11 1c 12 17 11 9 15 13 f 2f 8 14 d 25 3b
FIXUPS: 7e752 b 30 2d 19 48 16 36 2a a 22 10 7 15 7 24 15 28 3c 10 3b 1c
FIXUPS: 7ea07 13 29 1c 11 10 f c 11 16 2cb8f 2f 13 ffff3d51 1c 2d b fffdef7f
FIXUPS: 7e3ec 5 2a 1d 63 12 f 36 c 9 b 7b c 9 b 3e 12 5e 9 b 5d 2f 21 2d
FIXUPS: ab399 17 7 1c 6 1c 6 d 1e 12 12 12 3a 1b 12 12 12 12 12 12 12 12
FIXUPS: ab596 7 14 7 d 2b 13 2d b b fffff8de 17 11 3a 53 b 3d 3b b7 d 16
FIXUPS: ab156 24 66 16 23 25 49 49 14 7 14 7 17 7 14 7 17 7 17 7 17 fffff737
FIXUPS: aaaf8 1a f b 16 14 7f a 5a f f 10 32 1d 17 1d 2f 51 42 19 d 17
FIXUPS: aadfa 22 a 18 27 13 1c b 39 fffff6aa 10 19 1a 1a 13 85 25 3b 2b
FIXUPS: aa72d 27 5 19 14 32 f f 4c 23 f f b5 4e 4a 34 1c 32 1c 44 e 19
FIXUPS: aa16c 18 3b 42 7f 46 8 38 1b 8 12 f f f 13 f 16 e 6e 8 22 9 b 40
FIXUPS: aa4d6 20 9 15 9 15 10 22 fffff7d8 40 11 13 b 1c 9 11 c 23 b 4b
FIXUPS: a9e9a 8 1c 8 19 57 47 58 11 19 1e 88 7 2c 10 19 c c 1e 18 fffff485
FIXUPS: a9652 4d 27 2f 1b 7 61 85 35 42 b4 20 8 10 1e 19 10 d0 fb 39 68
FIXUPS: a9c32 1c 14 1e 1a 17 7 11 2b 20 fffff3cb 9 b 26 47 19 17 4c 10
FIXUPS: a920b 37 58 10 1c 73 12 12 26 d6 16 92 11 e 19 10 1e f b 11 17
FIXUPS: a95bc a fffff559 33 1c 47 17 bb 2c 5b 1b 31 10 18 17 18 13 b 2d
FIXUPS: a8e09 10 17 11 67 12 1b e e b9 9 b 4f 26 20 fffd8e0a 23 13 5f b
FIXUPS: 9f493 15 58 15 93d3 1f 36 17 11 15 11 e 52 19 16 16 14 1f e 16
FIXUPS: a8a94 14 11 e 11 1c 17 ffff6a61 2a 1d 5f b fffe2477 24 43 1b 4b
FIXUPS: 81b6d 1b 22 a a 8 52 2b c 1b 22 a 8 3d 2c b 5b 2c b 3c 13 5f 2210d
FIXUPS: a3f94 19 1c 9 b 2d a2 18 17 2e 23 46 1f 38 12 17 28 32 24 13 fff6b5dd
FIXUPS: f885 1c 40 1c 2d b 94990 2c b ffffb26b 456b 11 48 2d 3f 2a 21 47
FIXUPS: a3c61 77 36 26 11 22 6 18 1e 14 f 40 2f 13 35 20 7 e 11 28 2c 13
FIXUPS: a3f35 23 ffffb70f 23 1c b 3a 12 25 1c b e7 13 c819 3a b fff638bf
FIXUPS: f980 30 25 1c 40 1c 2d b 40 2c b 24 13 93f22 b 48 19 fff9fa9f 7
FIXUPS: 4357b 7 5 1d 7 d 14 7 14 7 14 7 14 7 14 7 15 14 6 d 14 7 14 7 1a
FIXUPS: 436d1 14 7 d 5bf5c fffa3947 29 23 28 62 15 15 1a 19 14 1f f 26
FIXUPS: 43153 4b 3f 1b5 29 37 2c 12 27 67 22 14 7 14 7 14 7 14 7 fffff45f
FIXUPS: 429c3 3e 18 17 3b 21 15 11 e 48 8 31 15 22 3b 15 7 18 17 79 30
FIXUPS: 42cde 34 89 18 109 5 f 6 27 b fffff402 5 18 49 27 12 1f 2f 15 11
FIXUPS: 42438 f e 8 7 14 8d 34 16 8 54 7c 18 2c 42 39 b6 2b dd 52 36 7a
FIXUPS: 41f2e 29 4a 28 23 16 b 23 b 1f 1b 32 1a 1d 22 17 29 17 1b 18 3a
FIXUPS: 421da 17 11 12 13 21 29 17 1b 18 26 69e18 1e b 1c ffff4742 13 2d
FIXUPS: a08d3 5f b fff6f256 32169 21 22 22 22 1a 10 16 1a 1d 5 19 21 1a
FIXUPS: 41e6e 14 18 b 2b 12 c 5e30b 1d 17 1d 17 23 17 1d 17 1d 17 1d 17
FIXUPS: a0371 103 ae 1f 146 b 2d 3c 19 1b 15 15 1c 5d 5 2a 1d 22 13 fffff495
FIXUPS: 9fddf 12 f f f 54 c c c 9 b 95 c c c 9 b 66 14 f 11 c 31 11 c a8
FIXUPS: a0140 37 37 17 1d fffa3d12 7 14 7 14 7 15 14 6 d d 5b90b 2c b 38
FIXUPS: 9f94d 8 14 17 15 26 16 17 15 11c b e8 1f 1a 31 4d 17 fffa3fee 7
FIXUPS: 43ce6 7 17 7 17 7 17 7 17 7 17 7 1d e 30 7 1a e 6 47 7 17 7 17
FIXUPS: 43e9d d 14 7 14 7 fffff8d4 1e 49 69 2e 4a 66 17 37 17 78 6b 32
FIXUPS: 43b3d 37 5 1b e 1e e 37 22 14 7 14 7 14 7 14 7 17 7 5cd46 28 1b
FIXUPS: a0a48 16 63 3a 29 2c 17 23 2e 1a 1c 57 17 19 35 2e 37 2e 2d 17
FIXUPS: a0d95 17 23 52 fffa2939 17 a 8 1b 28888 17 2c 58 92 b6 1f 25 17
FIXUPS: 6c281 26 7 17 1b 7 10 15 7 3fe77 a 41 16 29 5 29 21 1a ffff46ee
FIXUPS: a098d 1a 39 5 fffcb13a 22 10 7a 1d 35 14 59 a b 28 8 13 35 a1 8
FIXUPS: 6bddd 32 1d 4f 13 16 12 1e 1b 2c b 2c 8 17 88 19 3524c 24 12 5c
FIXUPS: a1316 43 c c c c b 4c 4f 17 77 2b b 54 6d 5b fffb2c28 1815d 1c
FIXUPS: 6c3fb b 7f fffe7d5c 1a 178b0 d d 1a be2 88 33 56 25 66 8b 1d 18
FIXUPS: a0e9f 2e 49 14 32 3f 28 13 7 88 25 11 12 43 1f 19 26 1f 19 6a 19
FIXUPS: a1228 25 ac9 18 1c 16 b 4b 22 22 22 3e 5c 14 56 2f 37 1f f 2b 21
FIXUPS: a2011 1c 31 15 46 b fffca41d 22 25 78 6c 2b 4a 34fe3 1f 25 10 64
FIXUPS: a1759 1e 14 1b 34 25 f2 18 72 1f 25 68 22 3d 53 2c 22 2b 19 17
FIXUPS: a1bc9 1c 22 2d 15 24 3f a206 ffff6368 b 49 3e b 1f 19 2a 131 b0
FIXUPS: a251b 15 5 2a 1d 15 5 2a 1d 55 b 55 b fffca304 52 356fa 12 3e a
FIXUPS: a2156 2b 971f b 70 b be 12 42 19 25 12 25 25 46 c c c c b 26 8b
FIXUPS: abc1c 51 18 dc 19 1c b 55 47 3d 15 c fff9924e c 10 13 27c37 13
FIXUPS: 6cd80 d a0 13 d 14 11 20 fffffbcb 16 f 26 e0 75 89 e 25 34 3e9e2
FIXUPS: ab7a5 2f 12 32 12 37 b fff99388 10 9 1a 4a 14 17 14 17 14 d b 31
FIXUPS: 44d46 d 19 26 10 b 37 a4 25 2e 21 20 25 2e 61 2d 25 6e 13 fffff6ac
FIXUPS: 447c2 46 3a 12 57 18 11 e a1 6f 11 b 1f 28 35 c c c b 38 14 17
FIXUPS: 44b30 17 14 d b 12 9 2e 1f fffff65a 14 19 49 6 43 2a 37 17 2e 24
FIXUPS: 443d8 40 20 1a 35 14 25 27 1d 1c 17 24 8e 45 36 d 57 20 2d e 16
FIXUPS: 81f81 14 18 34 28 1c 23 18 8 32 17 26 fffc1ee1 12 f 23 1e 3a 43
FIXUPS: 440a6 26 f c c b 6d 38 c c b 3c 1f fffd2a5f 13 2d 13 2d 13 2d 13
FIXUPS: 16d80 13 2d 13 2d 13 2d 13 2d 13 2d 13 2d 13 8b9b4 5 1c 1a 1d fffdf5fb
FIXUPS: 81f2e 5 13 18 fff946ef b 33 17 2d 128 6a 35 b 60 b 26 14 7 14 7
FIXUPS: 169c7 1e b 6b 23 25 3c 12 1f 2b 9 b 6b 66 20 13 fffff5d3 21 b 4c
FIXUPS: 162ba 11 23 c 27 9 b 30 4e 5a 14 7 20 33 12 1c 14 12 28 9 b 70
FIXUPS: 16584 b 46 20 33 17 fffff674 34 1c b0 8 1e b 3e 8 1e b 3e 8 1e
FIXUPS: 15ec2 51 22 1c c2 1c 23 9 98 8 1e b 3e 8 1e b 4c 29 fffff6e2 d
FIXUPS: 1591c 15 27 9 9 9 b 29 14 7 20 33 29 16 17 24 28 b 60 b 22 a 36
FIXUPS: 15bb1 39 a 13 31 c 22 fffff717 e 24 20 33 29 16 17 24 31 b 60 b
FIXUPS: 1556e 1f 1c a 5c 22 38 8e 13 13 1e b 39 34 1c be 1c 11 21 fffff63b
FIXUPS: 14f35 8f 1c 1c 18 39 39 f 2f 6 14 6 20 42 16 26 1c 1f 9 b 52 1a
FIXUPS: 15269 9 b 70 9 b 22 25 e fffff761 14 a 16 f c 27 9 b 40 1c 1c 72
FIXUPS: 14c38 9 3b 2c 1c 1c 41 3e 1c 1c 19 9 9 3b 2e 1c 1c 57 28 fffff76f
FIXUPS: 1465a b 48 12 13 26 22 1c 1f c 9 b 7d c 9 b 22 ca 1c 18 1e b 4c
FIXUPS: 149c3 36 b 4c 1c 16 23 8 fffff71b 26 16 17 2c 28 1d 1f 9 b 25 3e
FIXUPS: 1433e 60 2c 2d b 30 1c 2c 5a 24 14 6 34 22 18 52 12 13 26 28 fffff74b
FIXUPS: 13d9b 45 1c 30 26 7 28 2d b 25 22 14 6 34 22 18 72 9 b 45 12 26
FIXUPS: 140ad 19 18 3e 1d 1f 9 b 4a fffff74b 48 29 22 19 18 3e 1d 1c b
FIXUPS: 13a97 13 27 9 b 77 13 13 2d 9 b 77 20 13 13 2d 9 b 4c 22 27 18
FIXUPS: 13412 51 7 38 2d b 30 1c 22 22 64 1c 22 22 22 65 14 6 34 22 18
FIXUPS: 1379f b 47 29 16 17 22 2c 28 1d 1c fffff6df 1c 45 1c 22 5e 1c 11
FIXUPS: 13112 30 c d 16 c 23 9 b 4b 11 1d 35 19 2e b 30 1c 1c 31 f 43 1c
FIXUPS: 133e0 fffff79d 12 26 19 18 1f 33 1d 1f 9 b 4a 12 26 16 17 18 33
FIXUPS: 12daf 1d 1f 9 b 25 29 1c 45 1c 49 1c 45 1c fffff6ee 2b 9 b 62 1d
FIXUPS: 1275b f c 1f b 2a 9 b 40 22 22 31 61 22 22 24 95 1d 46 2c 14 7
FIXUPS: 12abb 69 9 b fffff7b3 1c e 2b 1c e 2b 1c e 2b 1c e 20 1c 22 10
FIXUPS: 124a3 1b 21 1b 21 1d 2b 1a 7 14 7 35 16 26 1c 19 fffff629 40 1c
FIXUPS: 11cef 31 3c 1a 4f 48 1f 40 22 1c 1c 24 45 1c 23 44 6e d8 1c 16
FIXUPS: 12145 24 47 14 18 b 3a 41 1c fffff3fa 17 71 60 1d 1f f c 18 b 25
FIXUPS: 11827 2d 9 b 30 23 65 1d 56 2f 32 36 1c 25 31 3c 46 44 67 38 39
FIXUPS: 110c8 9 b 40 22 22 24 25 56 64 25 1d 3e 22 22 31 51 5d 28 29 20
FIXUPS: 1148f 3a 52 28 20 20 18 3a 1c 25 24 fffff65d 5b 21 56 14 7 14 7
FIXUPS: 10dd4 1b 26 22 22 1b f f 77 9 b 3a 12 26 22 1c 19 11 f f 8 12 10
FIXUPS: 110bc fffff66f 25 1f 9 14 25 23 9 14 2c 83 a a a 9 9 b 40 22 22
FIXUPS: 10990 61 22 22 24 95 1d 63 13 26 35 71 fffff61c 1a 1c b 34 2b 4e
FIXUPS: 10367 37 2d b 4b 10 3b 2d b 4b 10 37 2d b 4b 2c 24 f 1d 21 1b 9
FIXUPS: 106d4 13 15 fffff688 10 16 38 12 10 2b 9 b 7c 1c 16 17 17 1a 17
FIXUPS: ff67 17 17 17 16 16 16 16 16 fb 12 68 1e b 37 3c 79e1 c 30 9 9
FIXUPS: 17c65 55 1c 8 26 c 27 9 b 39 1c 54 1c 54 14 7 4e 37 2c 13 ffff7cad
FIXUPS: fc2d ea c 16 24 11 7b73 23 15 27 9 9 b 55 1c f 1e b 55 1c f f a
FIXUPS: 17ab3 a 1c 1c 15 27 9 9 b 55 1c 1e 16 9 6 fffff639 9a 36 19 6a
FIXUPS: 173b0 1c 72 22 1c 72 1c 72 1c 21 9 45 1c 21 9 45 1c 21 9 45 1c
FIXUPS: 17755 93 34 1c 80 1c 8b7ea 3d 41 41 69 9 15 14 18 11 23 1f 3b 11
FIXUPS: a32de fff73c77 12 53 9 b 4c 2a 9 b 3f 32 7d a 70 21 32 20 9a1c5
FIXUPS: a2971 3f 2f 43 3b 3b 33 3b 3b 3f 37 33 4b 3f 3b 3f 47 3f 33 37
FIXUPS: a2e11 33 33 37 3f 3f 43 3f 47 4b 33 dfb5 41 c 10 13 41 c 10 13
FIXUPS: b114c c 10 13 29 45 c 10 13 30 41 c 10 13 2e 43 c 10 13 30 41 c
FIXUPS: b13e5 fffff8c3 41 c 10 13 41 c 10 13 41 c 10 13 41 c 10 13 41 c
FIXUPS: b0ec5 13 41 c 10 13 41 c 10 13 41 c 10 fffff913 41 c 10 13 41 c
FIXUPS: b09f5 13 41 c 10 13 41 c 10 13 41 c 10 13 41 c 10 13 41 c 10 13
FIXUPS: b0c79 c 10 fffff924 c 10 13 41 c 10 13 41 c 10 13 41 c 10 13 41
FIXUPS: b0785 10 13 34 3d c 10 13 41 c 10 13 41 c 10 fffff913 10 13 3e
FIXUPS: b0295 10 13 44 c 10 13 3e c 10 13 41 c 10 13 41 c 10 13 2a 37 c
FIXUPS: b04f5 13 44 c 10 13 fffff8fd 41 c 10 13 41 c 10 13 41 c 10 13 2a
FIXUPS: b0029 c 10 13 41 c 10 13 41 c 10 13 41 c 10 13 32 42 fffff8bc 2a
FIXUPS: afb39 c 10 13 2a 37 c 10 13 2d 44 c 10 13 41 c 10 13 41 c 10 13
FIXUPS: afdb9 c 10 13 2a 37 c 10 fffff904 c 10 13 41 c 10 13 2a 37 c 10
FIXUPS: af898 2a 37 c 10 13 2a 37 c 10 13 2a 37 c 10 13 2a 37 c 10 fffff924
FIXUPS: af3f5 10 13 44 c 10 13 3e c 10 13 41 c 10 13 41 c 10 13 44 c 10
FIXUPS: af64b 3e c 10 13 41 c 10 13 fffff941 c 10 13 41 c 10 13 41 c 10
FIXUPS: af178 41 c 10 13 41 c 10 13 41 c 10 13 41 c 10 13 41 c 10 13 fffffa88
FIXUPS: aee40 10 10 10 10 10 10 10 10 10 10 d d d d d d d d d d d d d d
FIXUPS: aefa3 e 48 c 10 13 fffffc08 10 10 10 10 10 10 10 10 10 10 10 10
FIXUPS: aed00 10 10 10 10 10 10 10 10 10 10 10 10 10 10 10 10 10 10 fffffa27
FIXUPS: ae876 50 2c 4d 2c 4d 2c 4d 2c 4d 36 10 10 10 10 10 10 10 10 10
FIXUPS: aeb80 10 10 10 10 10 10 10 10 10 10 fffff473 2f 4d 2f 4d 2f 4d
FIXUPS: ae236 4d 2f 4d 2f 4d 2f 4d 2c 4d 2f 4d 2f 4d 2c 4d 2f 4d 2f 4d
FIXUPS: ae708 4d 2c 4d 2c fffff12d 2c 4d 2c 4d 2c 4d 2c 32 29 32 2c 50
FIXUPS: adbf3 4d 2f 4d 2c 4d 2c 4d 2c 4d 2f 4d 2f 4d 2f 4d 2f 4d 2f fffff13c
FIXUPS: ad1ae 4d 2c 4d 2c 4d 2c 4d 2c 4d 2c 4d 2c 4d 2f 4d 2c 4d 2f 4d
FIXUPS: ad66e 4d 2f 50 2f 4d 2f 50 2c 4d 2c fffff16c 26 3e 23 3e 23 3e
FIXUPS: acb92 41 29 4d 2f 4d 2f 4d 2c 4d 2c 4d 2c 4d 2c 4d 2c 4d 2c 4d
FIXUPS: ad043 4d 2c 4d 2c fffa74a3 6e 4d e 7d 14 fffc386e 20 24 30 94608
FIXUPS: ac62c 3e 26 3e 23 3e 26 3e 23 3e 23 3e 26 3e 23 3e 23 3e 26 3e
FIXUPS: aca05 fffffaad a e 6c e 5 2e 10 14 1f 14 fffa7cc0 22 e 18 2c e
FIXUPS: 54369 17 4d 2c e 59 17 5 26 17 1b 18 4d e 7d 4f282 16 16 b 34 7
FIXUPS: a38cf 10 23 35 18 8 33 b 2b 13 8941 15 7 1e b 33 34 17 7 17 7 40
FIXUPS: ac443 12 d 42 ffff6eb1 14 d 16 d 19 53 15 7 1c b 2f 2c 20 e 1d
FIXUPS: a3574 30 23 17 4a 17 10 2c 3e 73 26 4d 66 17 15 c
