 oleaut32

 Timestamp is 5da3536e (Sun Oct 13 09:40:14 2019)

 Preferred load address is 10000000

 Start         Length     Name                   Class
 0001:00000000 00060232H .text                   CODE
 0002:00000000 00000004H .CRT$XCA                DATA
 0002:00000004 00000008H .CRT$XCU                DATA
 0002:0000000c 00000004H .CRT$XCZ                DATA
 0002:00000010 00000004H .CRT$XIA                DATA
 0002:00000014 00000004H .CRT$XIZ                DATA
 0002:00000020 00001098H .rdata                  DATA
 0002:000010c0 00000e9dH .edata                  DATA
 0003:00000000 00004cb0H .data                   DATA
 0003:00004cb0 00000250H .bss                    DATA
 0004:00000000 00000078H .idata$2                DATA
 0004:00000078 00000014H .idata$3                DATA
 0004:0000008c 0000022cH .idata$4                DATA
 0004:000002b8 0000022cH .idata$5                DATA
 0004:000004e4 00000800H .idata$6                DATA
 0005:00000000 000000bcH .rsrc$01                DATA
 0005:000000c0 000005f0H .rsrc$02                DATA
 0007:00000000 00000110H .debug$E                DATA
 0007:00000110 00000030H .debug$F                DATA
 0007:00000140 00023ff4H .debug$G                DATA
 0007:00024134 00000008H .debug$H                DATA
 0007:0002413c 00035330H .debug$P                DATA
 0007:0005946c 000b1b3cH .debug$S                DATA
 0007:0010afa8 000dade0H .debug$T                DATA

  Address         Publics by Value              Rva+Base   Lib:Object

 0001:00000000       ?FIsBadReadPtr@@YGHPBXI@Z  10001000 f validat.obj
 0001:00000020       ?FIsBadWritePtr@@YGHPAXI@Z 10001020 f validat.obj
 0001:00000040       ?FIsBadCodePtr@@YGHPAX@Z   10001040 f validat.obj
 0001:0000005c       ?FIsBadStringPtr@@YGHPAGI@Z 1000105c f validat.obj
 0001:000000cb       ?FIsBadInterface@@YGHPAXI@Z 100010cb f validat.obj
 0001:00000170       ?IsBadDispParams@@YGHPAUtagDISPPARAMS@@@Z 10001170 f validat.obj
 0001:0000021a       ?IsBadReadSA@@YGHPAUtagSAFEARRAY@@@Z 1000121a f validat.obj
 0001:0000027b       ?IsBadWriteSA@@YGHPAUtagSAFEARRAY@@@Z 1000127b f validat.obj
 0001:000002e0       ?AssertDlgProc@@YGHPAUHWND__@@GGJ@Z 100012e0 f assert.obj
 0001:000003bd       _DispAssert@12             100013bd f assert.obj
 0001:000004e0       _DllMain@12                100014e0 f oledisp.obj
 0001:000005f0       ?Pappdata@@YAPAUAPP_DATA@@XZ 100015f0 f oledisp.obj
 0001:00000640       ?Create@COleAutomationPSFactory@@SAPAUIPSFactoryBuffer@@XZ 10001640 f psfactry.obj
 0001:0000069a       ?QueryInterface@COleAutomationPSFactory@@UAGJABU_GUID@@PAPAX@Z 1000169a f psfactry.obj
 0001:00000713       ?AddRef@COleAutomationPSFactory@@UAGKXZ 10001713 f psfactry.obj
 0001:00000731       ?Release@COleAutomationPSFactory@@UAGKXZ 10001731 f psfactry.obj
 0001:0000077e       ?CreateProxy@COleAutomationPSFactory@@UAGJPAUIUnknown@@ABU_GUID@@PAPAUIRpcProxyBuffer@@PAPAX@Z 1000177e f psfactry.obj
 0001:000009fe       ?CreateStub@COleAutomationPSFactory@@UAGJABU_GUID@@PAUIUnknown@@PAPAUIRpcStubBuffer@@@Z 100019fe f psfactry.obj
 0001:00000c11       ?IsAutomationCLSID@@YAHABU_GUID@@@Z 10001c11 f psfactry.obj
 0001:00000cf5       _DllGetClassObject@12      10001cf5 f psfactry.obj
 0001:00000d50       ?ProxyStubCLSIDOfInterface@@YAJABU_GUID@@PAU1@@Z 10001d50 f psfactry.obj
 0001:00000e60       ??0COleAutomationPSFactory@@QAE@XZ 10001e60 f psfactry.obj
 0001:00000ea0       ??0IPSFactoryBuffer@@QAE@XZ 10001ea0 f psfactry.obj
 0001:00000ed0       ??0IUnknown@@QAE@XZ        10001ed0 f psfactry.obj
 0001:00000f00       ?IsEqualGUID@@YAHABU_GUID@@0@Z 10001f00 f psfactry.obj
 0001:00000f40       ??8@YAHABU_GUID@@0@Z       10001f40 f psfactry.obj
 0001:00000f80       ?BstrWrite@@YAJPAUIStream@@PAGW4tagSYSKIND@@@Z 10001f80 f dispmrsh.obj
 0001:0000111d       ?BstrRead@@YAJPAUIStream@@PAPAGW4tagSYSKIND@@@Z 1000211d f dispmrsh.obj
 0001:00001313       _DispMarshalHresult@8      10002313 f dispmrsh.obj
 0001:00001425       _DispUnmarshalHresult@8    10002425 f dispmrsh.obj
 0001:00001539       ?VariantWrite@@YAJPAUIStream@@PAUtagVARIANT@@W4tagSYSKIND@@@Z 10002539 f dispmrsh.obj
 0001:000019f6       ?VariantRead@@YAJPAUIStream@@PAUtagVARIANT@@1W4tagSYSKIND@@@Z 100029f6 f dispmrsh.obj
 0001:00001eae       ?VariantReadType@@YAJPAUIStream@@PAUtagVARIANT@@W4tagSYSKIND@@@Z 10002eae f dispmrsh.obj
 0001:00002505       ?ExcepinfoRead@@YAJPAUIStream@@PAUtagEXCEPINFO@@W4tagSYSKIND@@@Z 10003505 f dispmrsh.obj
 0001:00002607       ?ExcepinfoWrite@@YAJPAUIStream@@PAUtagEXCEPINFO@@W4tagSYSKIND@@@Z 10003607 f dispmrsh.obj
 0001:00002731       ?MarshalErrorInfo@@YAJPAUIStream@@W4tagSYSKIND@@@Z 10003731 f dispmrsh.obj
 0001:000029b0       ?UnmarshalErrorInfo@@YAJPAUIStream@@W4tagSYSKIND@@@Z 100039b0 f dispmrsh.obj
 0001:00002c42       ?SafeArrayWrite@@YAJPAUIStream@@PAUtagSAFEARRAY@@W4tagSYSKIND@@@Z 10003c42 f dispmrsh.obj
 0001:00003027       ?SafeArrayReadData@@YAJPAUIStream@@PAUtagSAFEARRAY@@W4tagSYSKIND@@@Z 10004027 f dispmrsh.obj
 0001:0000332b       ?SafeArrayRead@@YAJPAUIStream@@PAPAUtagSAFEARRAY@@W4tagSYSKIND@@@Z 1000432b f dispmrsh.obj
 0001:000035b7       ?SafeArrayReadExisting@@YGJPAUIStream@@EPAPAUtagSAFEARRAY@@W4tagSYSKIND@@@Z 100045b7 f dispmrsh.obj
 0001:00003a69       ?StructWrite@@YAJPAUIStream@@PAUtagFIELDDESC@@PAXW4tagSYSKIND@@@Z 10004a69 f dispmrsh.obj
 0001:00003d0a       ?StructRead@@YAJPAUIStream@@PAUtagFIELDDESC@@PAXW4tagSYSKIND@@@Z 10004d0a f dispmrsh.obj
 0001:00003fa9       ??0CHolder@@QAE@XZ         10004fa9 f dispmrsh.obj
 0001:00003fe7       ??1CHolder@@QAE@XZ         10004fe7 f dispmrsh.obj
 0001:00004025       ?QueryInterface@CHolder@@UAGJABU_GUID@@PAPAX@Z 10005025 f dispmrsh.obj
 0001:00004073       ?AddRef@CHolder@@UAGKXZ    10005073 f dispmrsh.obj
 0001:00004091       ?Release@CHolder@@UAGKXZ   10005091 f dispmrsh.obj
 0001:000040eb       _DispMarshalInterface@12   100050eb f dispmrsh.obj
 0001:00004283       _DispUnmarshalInterface@12 10005283 f dispmrsh.obj
 0001:00004390       ??_GCHolder@@QAEPAXI@Z     10005390 f dispmrsh.obj
 0001:000043d0       ??0CProxDisp@@AAE@PAUIUnknown@@ABU_GUID@@@Z 100053d0 f dispprox.obj
 0001:0000444d       ??1CProxDisp@@AAE@XZ       1000544d f dispprox.obj
 0001:00004481       ?Create@CProxDisp@@SAPAUIUnknown@@PAU2@ABU_GUID@@@Z 10005481 f dispprox.obj
 0001:000044e8       ??0CPDUnkImpl@@QAE@PAVCProxDisp@@@Z 100054e8 f dispprox.obj
 0001:0000451d       ??1CPDUnkImpl@@QAE@XZ      1000551d f dispprox.obj
 0001:0000453c       ?QueryInterface@CPDUnkImpl@@UAGJABU_GUID@@PAPAX@Z 1000553c f dispprox.obj
 0001:00004631       ?AddRef@CPDUnkImpl@@UAGKXZ 10005631 f dispprox.obj
 0001:00004655       ?Release@CPDUnkImpl@@UAGKXZ 10005655 f dispprox.obj
 0001:000046bb       ??0CPDProxImpl@@QAE@PAVCProxDisp@@@Z 100056bb f dispprox.obj
 0001:000046f0       ??1CPDProxImpl@@QAE@XZ     100056f0 f dispprox.obj
 0001:00004744       ?QueryInterface@CPDProxImpl@@UAGJABU_GUID@@PAPAX@Z 10005744 f dispprox.obj
 0001:0000476f       ?AddRef@CPDProxImpl@@UAGKXZ 1000576f f dispprox.obj
 0001:00004793       ?Release@CPDProxImpl@@UAGKXZ 10005793 f dispprox.obj
 0001:000047b7       ?Connect@CPDProxImpl@@UAGJPAUIRpcChannelBuffer@@@Z 100057b7 f dispprox.obj
 0001:0000480d       ?Disconnect@CPDProxImpl@@UAGXXZ 1000580d f dispprox.obj
 0001:00004854       ??0CPDDispImpl@@QAE@PAVCProxDisp@@@Z 10005854 f dispprox.obj
 0001:00004889       ??1CPDDispImpl@@QAE@XZ     10005889 f dispprox.obj
 0001:000048a8       ?QueryInterface@CPDDispImpl@@UAGJABU_GUID@@PAPAX@Z 100058a8 f dispprox.obj
 0001:000048d9       ?AddRef@CPDDispImpl@@UAGKXZ 100058d9 f dispprox.obj
 0001:00004903       ?Release@CPDDispImpl@@UAGKXZ 10005903 f dispprox.obj
 0001:0000492d       ?SysKind@CPDDispImpl@@UAGJXZ 1000592d f dispprox.obj
 0001:00004a58       ?ProxyGetTypeInfoCount@@YAJPAUIRpcChannelBuffer@@W4tagSYSKIND@@PAI@Z 10005a58 f dispprox.obj
 0001:00004bf7       ?GetTypeInfoCount@CPDDispImpl@@UAGJPAI@Z 10005bf7 f dispprox.obj
 0001:00004c26       ?ProxyGetTypeInfo@@YAJPAUIRpcChannelBuffer@@W4tagSYSKIND@@IKPAPAUITypeInfo@@@Z 10005c26 f dispprox.obj
 0001:00004e30       ?GetTypeInfo@CPDDispImpl@@UAGJIKPAPAUITypeInfo@@@Z 10005e30 f dispprox.obj
 0001:00004e67       ?ProxyGetIDsOfNames@@YAJPAUIRpcChannelBuffer@@W4tagSYSKIND@@ABU_GUID@@PAPAGIKPAJ@Z 10005e67 f dispprox.obj
 0001:000053b9       ?GetIDsOfNames@CPDDispImpl@@UAGJABU_GUID@@PAPAGIKPAJ@Z 100063b9 f dispprox.obj
 0001:000053f8       ?ProxyInvoke@@YAJPAUIRpcChannelBuffer@@W4tagSYSKIND@@JABU_GUID@@KGPAUtagDISPPARAMS@@PAUtagVARIANT@@PAUtagEXCEPINFO@@PAI@Z 100063f8 f dispprox.obj
 0001:0000596e       ?Invoke@CPDDispImpl@@UAGJJABU_GUID@@KGPAUtagDISPPARAMS@@PAUtagVARIANT@@PAUtagEXCEPINFO@@PAI@Z 1000696e f dispprox.obj
 0001:000059c0       ??_GCProxDisp@@AAEPAXI@Z   100069c0 f dispprox.obj
 0001:00005a00       ??0IRpcProxyBuffer@@QAE@XZ 10006a00 f dispprox.obj
 0001:00005a30       ??0IDispatch@@QAE@XZ       10006a30 f dispprox.obj
 0001:00005a60       ?ValidateWritePtr@@YAJPAXI@Z 10006a60 f dispprox.obj
 0001:00005aa0       ??0CStubDisp@@AAE@XZ       10006aa0 f dispstub.obj
 0001:00005b09       ??1CStubDisp@@AAE@XZ       10006b09 f dispstub.obj
 0001:00005b31       ?Create@CStubDisp@@SAJPAUIUnknown@@ABU_GUID@@PAPAUIRpcStubBuffer@@@Z 10006b31 f dispstub.obj
 0001:00005bda       ?QueryInterface@CStubDisp@@UAGJABU_GUID@@PAPAX@Z 10006bda f dispstub.obj
 0001:00005c53       ?AddRef@CStubDisp@@UAGKXZ  10006c53 f dispstub.obj
 0001:00005c71       ?Release@CStubDisp@@UAGKXZ 10006c71 f dispstub.obj
 0001:00005ccb       ?Connect@CStubDisp@@UAGJPAUIUnknown@@@Z 10006ccb f dispstub.obj
 0001:00005d58       ?Disconnect@CStubDisp@@UAGXXZ 10006d58 f dispstub.obj
 0001:00005dbc       ?DispatchGetSysKind@@YGJPAUIStream@@@Z 10006dbc f dispstub.obj
 0001:00005e15       ?StubGetTypeInfoCount@@YAJPAUIDispatch@@PAUIStream@@@Z 10006e15 f dispstub.obj
 0001:00005ea6       ?StubGetTypeInfo@@YAJPAUIDispatch@@PAUIStream@@@Z 10006ea6 f dispstub.obj
 0001:00005fe1       ?StubGetIDsOfNames@@YAJPAUIDispatch@@PAUIStream@@@Z 10006fe1 f dispstub.obj
 0001:000064e1       ?StubInvoke@@YAJPAUIDispatch@@PAUIStream@@@Z 100074e1 f dispstub.obj
 0001:00006c5a       ?Invoke@CStubDisp@@UAGJPAUtagRPCOLEMESSAGE@@PAUIRpcChannelBuffer@@@Z 10007c5a f dispstub.obj
 0001:00006dd3       ?IsIIDSupported@CStubDisp@@UAGPAUIRpcStubBuffer@@ABU_GUID@@@Z 10007dd3 f dispstub.obj
 0001:00006e1d       ?CountRefs@CStubDisp@@UAGKXZ 10007e1d f dispstub.obj
 0001:00006e5c       ?DebugServerQueryInterface@CStubDisp@@UAGJPAPAX@Z 10007e5c f dispstub.obj
 0001:00006e7b       ?DebugServerRelease@CStubDisp@@UAGXPAX@Z 10007e7b f dispstub.obj
 0001:00006e90       ??0IRpcStubBuffer@@QAE@XZ  10007e90 f dispstub.obj
 0001:00006ec0       ??_GCStubDisp@@AAEPAXI@Z   10007ec0 f dispstub.obj
 0001:00006f00       ??_GCStreamOnBuffer@@QAEPAXI@Z 10007f00 f dispstub.obj
 0001:00006f40       ??0CProxEnumVARIANT@@AAE@PAUIUnknown@@@Z 10007f40 f evprox.obj
 0001:00006f9e       ?Create@CProxEnumVARIANT@@SAPAUIUnknown@@PAU2@@Z 10007f9e f evprox.obj
 0001:00007001       ??0CPEVUnkImpl@@QAE@PAVCProxEnumVARIANT@@@Z 10008001 f evprox.obj
 0001:00007036       ?QueryInterface@CPEVUnkImpl@@UAGJABU_GUID@@PAPAX@Z 10008036 f evprox.obj
 0001:0000710d       ?AddRef@CPEVUnkImpl@@UAGKXZ 1000810d f evprox.obj
 0001:00007131       ?Release@CPEVUnkImpl@@UAGKXZ 10008131 f evprox.obj
 0001:00007197       ??0CPEVProxImpl@@QAE@PAVCProxEnumVARIANT@@@Z 10008197 f evprox.obj
 0001:000071cc       ??1CPEVProxImpl@@QAE@XZ    100081cc f evprox.obj
 0001:00007213       ?QueryInterface@CPEVProxImpl@@UAGJABU_GUID@@PAPAX@Z 10008213 f evprox.obj
 0001:0000723e       ?AddRef@CPEVProxImpl@@UAGKXZ 1000823e f evprox.obj
 0001:00007262       ?Release@CPEVProxImpl@@UAGKXZ 10008262 f evprox.obj
 0001:00007286       ?Connect@CPEVProxImpl@@UAGJPAUIRpcChannelBuffer@@@Z 10008286 f evprox.obj
 0001:000072c6       ?Disconnect@CPEVProxImpl@@UAGXXZ 100082c6 f evprox.obj
 0001:0000730d       ??0CPEVEnumVARIANTImpl@@QAE@PAVCProxEnumVARIANT@@@Z 1000830d f evprox.obj
 0001:00007342       ?QueryInterface@CPEVEnumVARIANTImpl@@UAGJABU_GUID@@PAPAX@Z 10008342 f evprox.obj
 0001:00007373       ?AddRef@CPEVEnumVARIANTImpl@@UAGKXZ 10008373 f evprox.obj
 0001:0000739d       ?Release@CPEVEnumVARIANTImpl@@UAGKXZ 1000839d f evprox.obj
 0001:000073c7       ?Next@CPEVEnumVARIANTImpl@@UAGJKPAUtagVARIANT@@PAK@Z 100083c7 f evprox.obj
 0001:0000769d       ?Skip@CPEVEnumVARIANTImpl@@UAGJK@Z 1000869d f evprox.obj
 0001:000077f4       ?Reset@CPEVEnumVARIANTImpl@@UAGJXZ 100087f4 f evprox.obj
 0001:00007915       ?Clone@CPEVEnumVARIANTImpl@@UAGJPAPAUIEnumVARIANT@@@Z 10008915 f evprox.obj
 0001:00007a90       ??_GCProxEnumVARIANT@@QAEPAXI@Z 10008a90 f evprox.obj
 0001:00007ad0       ??1CProxEnumVARIANT@@QAE@XZ 10008ad0 f evprox.obj
 0001:00007b00       ??0IEnumVARIANT@@QAE@XZ    10008b00 f evprox.obj
 0001:00007b30       ??0CStubEnumVARIANT@@AAE@XZ 10008b30 f evstub.obj
 0001:00007b78       ??1CStubEnumVARIANT@@AAE@XZ 10008b78 f evstub.obj
 0001:00007ba0       ?Create@CStubEnumVARIANT@@SAJPAUIUnknown@@PAPAUIRpcStubBuffer@@@Z 10008ba0 f evstub.obj
 0001:00007c28       ?QueryInterface@CStubEnumVARIANT@@UAGJABU_GUID@@PAPAX@Z 10008c28 f evstub.obj
 0001:00007ca1       ?AddRef@CStubEnumVARIANT@@UAGKXZ 10008ca1 f evstub.obj
 0001:00007cbf       ?Release@CStubEnumVARIANT@@UAGKXZ 10008cbf f evstub.obj
 0001:00007d19       ?Connect@CStubEnumVARIANT@@UAGJPAUIUnknown@@@Z 10008d19 f evstub.obj
 0001:00007da4       ?Disconnect@CStubEnumVARIANT@@UAGXXZ 10008da4 f evstub.obj
 0001:00007e08       ?DispatchNext@@YGJPAUIEnumVARIANT@@PAUIStream@@@Z 10008e08 f evstub.obj
 0001:00008093       ?DispatchSkip@@YGJPAUIEnumVARIANT@@PAUIStream@@@Z 10009093 f evstub.obj
 0001:00008158       ?DispatchReset@@YGJPAUIEnumVARIANT@@PAUIStream@@@Z 10009158 f evstub.obj
 0001:00008195       ?DispatchClone@@YGJPAUIEnumVARIANT@@PAUIStream@@@Z 10009195 f evstub.obj
 0001:0000821a       ?Invoke@CStubEnumVARIANT@@UAGJPAUtagRPCOLEMESSAGE@@PAUIRpcChannelBuffer@@@Z 1000921a f evstub.obj
 0001:00008372       ?IsIIDSupported@CStubEnumVARIANT@@UAGPAUIRpcStubBuffer@@ABU_GUID@@@Z 10009372 f evstub.obj
 0001:000083bc       ?CountRefs@CStubEnumVARIANT@@UAGKXZ 100093bc f evstub.obj
 0001:000083fb       ?DebugServerQueryInterface@CStubEnumVARIANT@@UAGJPAPAX@Z 100093fb f evstub.obj
 0001:0000841a       ?DebugServerRelease@CStubEnumVARIANT@@UAGXPAX@Z 1000941a f evstub.obj
 0001:00008430       ??_GCStubEnumVARIANT@@AAEPAXI@Z 10009430 f evstub.obj
 0001:00008470       ??0CProxTypeInfo@@AAE@PAUIUnknown@@@Z 10009470 f tiprox.obj
 0001:000084ce       ?Create@CProxTypeInfo@@SAPAUIUnknown@@PAU2@@Z 100094ce f tiprox.obj
 0001:00008531       ??0CPTIUnkImpl@@QAE@PAVCProxTypeInfo@@@Z 10009531 f tiprox.obj
 0001:00008566       ?QueryInterface@CPTIUnkImpl@@UAGJABU_GUID@@PAPAX@Z 10009566 f tiprox.obj
 0001:0000863d       ?AddRef@CPTIUnkImpl@@UAGKXZ 1000963d f tiprox.obj
 0001:00008661       ?Release@CPTIUnkImpl@@UAGKXZ 10009661 f tiprox.obj
 0001:000086c7       ??0CPTIProxImpl@@QAE@PAVCProxTypeInfo@@@Z 100096c7 f tiprox.obj
 0001:000086fc       ??1CPTIProxImpl@@QAE@XZ    100096fc f tiprox.obj
 0001:00008743       ?QueryInterface@CPTIProxImpl@@UAGJABU_GUID@@PAPAX@Z 10009743 f tiprox.obj
 0001:0000876e       ?AddRef@CPTIProxImpl@@UAGKXZ 1000976e f tiprox.obj
 0001:00008792       ?Release@CPTIProxImpl@@UAGKXZ 10009792 f tiprox.obj
 0001:000087b6       ?Connect@CPTIProxImpl@@UAGJPAUIRpcChannelBuffer@@@Z 100097b6 f tiprox.obj
 0001:000087f6       ?Disconnect@CPTIProxImpl@@UAGXXZ 100097f6 f tiprox.obj
 0001:0000883d       ??0CPTITypeInfoImpl@@QAE@PAVCProxTypeInfo@@@Z 1000983d f tiprox.obj
 0001:00008872       ?QueryInterface@CPTITypeInfoImpl@@UAGJABU_GUID@@PAPAX@Z 10009872 f tiprox.obj
 0001:000088a3       ?AddRef@CPTITypeInfoImpl@@UAGKXZ 100098a3 f tiprox.obj
 0001:000088cd       ?Release@CPTITypeInfoImpl@@UAGKXZ 100098cd f tiprox.obj
 0001:000088f7       ?GetTypeAttr@CPTITypeInfoImpl@@UAGJPAPAUtagTYPEATTR@@@Z 100098f7 f tiprox.obj
 0001:00008b15       ?GetTypeComp@CPTITypeInfoImpl@@UAGJPAPAUITypeComp@@@Z 10009b15 f tiprox.obj
 0001:00008c8c       ?GetFuncDesc@CPTITypeInfoImpl@@UAGJIPAPAUtagFUNCDESC@@@Z 10009c8c f tiprox.obj
 0001:00008ee6       ?GetVarDesc@CPTITypeInfoImpl@@UAGJIPAPAUtagVARDESC@@@Z 10009ee6 f tiprox.obj
 0001:00009140       ?GetNames@CPTITypeInfoImpl@@UAGJJPAPAGIPAI@Z 1000a140 f tiprox.obj
 0001:000094dd       ?GetRefTypeOfImplType@CPTITypeInfoImpl@@UAGJIPAK@Z 1000a4dd f tiprox.obj
 0001:00009697       ?GetImplTypeFlags@CPTITypeInfoImpl@@UAGJIPAH@Z 1000a697 f tiprox.obj
 0001:00009851       ?GetIDsOfNames@CPTITypeInfoImpl@@UAGJPAPAGIPAJ@Z 1000a851 f tiprox.obj
 0001:00009868       ?Invoke@CPTITypeInfoImpl@@UAGJPAXJGPAUtagDISPPARAMS@@PAUtagVARIANT@@PAUtagEXCEPINFO@@PAI@Z 1000a868 f tiprox.obj
 0001:0000987f       ?GetDocumentation@CPTITypeInfoImpl@@UAGJJPAPAG0PAK0@Z 1000a87f f tiprox.obj
 0001:00009c90       ?GetDllEntry@CPTITypeInfoImpl@@UAGJJW4tagINVOKEKIND@@PAPAG1PAG@Z 1000ac90 f tiprox.obj
 0001:00009fcd       ?GetRefTypeInfo@CPTITypeInfoImpl@@UAGJKPAPAUITypeInfo@@@Z 1000afcd f tiprox.obj
 0001:0000a17a       ?AddressOfMember@CPTITypeInfoImpl@@UAGJJW4tagINVOKEKIND@@PAPAX@Z 1000b17a f tiprox.obj
 0001:0000a191       ?CreateInstance@CPTITypeInfoImpl@@UAGJPAUIUnknown@@ABU_GUID@@PAPAX@Z 1000b191 f tiprox.obj
 0001:0000a351       ?GetMops@CPTITypeInfoImpl@@UAGJJPAPAG@Z 1000b351 f tiprox.obj
 0001:0000a36e       ?GetContainingTypeLib@CPTITypeInfoImpl@@UAGJPAPAUITypeLib@@PAI@Z 1000b36e f tiprox.obj
 0001:0000a529       ?ReleaseTypeAttr@CPTITypeInfoImpl@@UAGXPAUtagTYPEATTR@@@Z 1000b529 f tiprox.obj
 0001:0000a556       ?DoReleaseDanglingTypeDesc@@YGXPAUtagTYPEDESC@@@Z 1000b556 f tiprox.obj
 0001:0000a65c       ?DoReleaseFuncDesc@@YGXPAUtagFUNCDESC@@@Z 1000b65c f tiprox.obj
 0001:0000a6ea       ?ReleaseFuncDesc@CPTITypeInfoImpl@@UAGXPAUtagFUNCDESC@@@Z 1000b6ea f tiprox.obj
 0001:0000a705       ?DoReleaseVarDesc@@YGXPAUtagVARDESC@@@Z 1000b705 f tiprox.obj
 0001:0000a73e       ?ReleaseVarDesc@CPTITypeInfoImpl@@UAGXPAUtagVARDESC@@@Z 1000b73e f tiprox.obj
 0001:0000a759       ?GetStream@CPTITypeInfoImpl@@QAEJHKPAPAUIStream@@@Z 1000b759 f tiprox.obj
 0001:0000a773       ?LrpcCall@CPTITypeInfoImpl@@QAEJPAUIStream@@PAJ@Z 1000b773 f tiprox.obj
 0001:0000a78d       _TypedescRead              1000b78d f tiprox.obj
 0001:0000a9e3       ?TypedescWrite@@YAJPAUIStream@@PAUtagTYPEDESC@@W4tagSYSKIND@@@Z 1000b9e3 f tiprox.obj
 0001:0000abd8       _TypedescReadOrWrite       1000bbd8 f tiprox.obj
 0001:0000ac13       ?TypeattrWrite@@YGJPAUIStream@@PAUtagTYPEATTR@@W4tagSYSKIND@@@Z 1000bc13 f tiprox.obj
 0001:0000ac9d       ?TypeattrRead@@YGJPAUIStream@@PAUtagTYPEATTR@@W4tagSYSKIND@@@Z 1000bc9d f tiprox.obj
 0001:0000ad3b       ?FuncdescWrite@@YGJPAUIStream@@PAUtagFUNCDESC@@W4tagSYSKIND@@@Z 1000bd3b f tiprox.obj
 0001:0000ade9       ?FuncdescRead@@YGJPAUIStream@@PAUtagFUNCDESC@@W4tagSYSKIND@@@Z 1000bde9 f tiprox.obj
 0001:0000af15       ?VardescWrite@@YGJPAUIStream@@PAUtagVARDESC@@W4tagSYSKIND@@@Z 1000bf15 f tiprox.obj
 0001:0000b004       ?VardescRead@@YGJPAUIStream@@PAUtagVARDESC@@W4tagSYSKIND@@@Z 1000c004 f tiprox.obj
 0001:0000b140       ??_GCProxTypeInfo@@QAEPAXI@Z 1000c140 f tiprox.obj
 0001:0000b180       ??1CProxTypeInfo@@QAE@XZ   1000c180 f tiprox.obj
 0001:0000b1b0       ??0ITypeInfo@@QAE@XZ       1000c1b0 f tiprox.obj
 0001:0000b1e0       ??0CStubTypeInfo@@AAE@XZ   1000c1e0 f tistub.obj
 0001:0000b232       ??1CStubTypeInfo@@AAE@XZ   1000c232 f tistub.obj
 0001:0000b25a       ?Create@CStubTypeInfo@@SAJPAUIUnknown@@PAPAUIRpcStubBuffer@@@Z 1000c25a f tistub.obj
 0001:0000b2e2       ?QueryInterface@CStubTypeInfo@@UAGJABU_GUID@@PAPAX@Z 1000c2e2 f tistub.obj
 0001:0000b35b       ?AddRef@CStubTypeInfo@@UAGKXZ 1000c35b f tistub.obj
 0001:0000b379       ?Release@CStubTypeInfo@@UAGKXZ 1000c379 f tistub.obj
 0001:0000b3d3       ?Connect@CStubTypeInfo@@UAGJPAUIUnknown@@@Z 1000c3d3 f tistub.obj
 0001:0000b45e       ?Disconnect@CStubTypeInfo@@UAGXXZ 1000c45e f tistub.obj
 0001:0000b4c2       ?Invoke@CStubTypeInfo@@UAGJPAUtagRPCOLEMESSAGE@@PAUIRpcChannelBuffer@@@Z 1000c4c2 f tistub.obj
 0001:0000b6e1       ?IsIIDSupported@CStubTypeInfo@@UAGPAUIRpcStubBuffer@@ABU_GUID@@@Z 1000c6e1 f tistub.obj
 0001:0000b72b       ?CountRefs@CStubTypeInfo@@UAGKXZ 1000c72b f tistub.obj
 0001:0000b76a       ?GetTypeAttr@CStubTypeInfo@@QAEJXZ 1000c76a f tistub.obj
 0001:0000b8cc       ?GetTypeComp@CStubTypeInfo@@QAEJXZ 1000c8cc f tistub.obj
 0001:0000b9a6       ?GetFuncDesc@CStubTypeInfo@@QAEJXZ 1000c9a6 f tistub.obj
 0001:0000bb43       ?GetVarDesc@CStubTypeInfo@@QAEJXZ 1000cb43 f tistub.obj
 0001:0000bcff       ?GetNames@CStubTypeInfo@@QAEJXZ 1000ccff f tistub.obj
 0001:0000bfdd       ?GetRefTypeOfImplType@CStubTypeInfo@@QAEJXZ 1000cfdd f tistub.obj
 0001:0000c0da       ?GetImplTypeFlags@CStubTypeInfo@@QAEJXZ 1000d0da f tistub.obj
 0001:0000c1dd       ?GetIDsOfNames@CStubTypeInfo@@QAEJXZ 1000d1dd f tistub.obj
 0001:0000c1f8       ?GetDocumentation@CStubTypeInfo@@QAEJXZ 1000d1f8 f tistub.obj
 0001:0000c495       ?GetDllEntry@CStubTypeInfo@@QAEJXZ 1000d495 f tistub.obj
 0001:0000c72b       ?GetRefTypeInfo@CStubTypeInfo@@QAEJXZ 1000d72b f tistub.obj
 0001:0000c83a       ?CreateInstance@CStubTypeInfo@@QAEJXZ 1000d83a f tistub.obj
 0001:0000c939       ?GetContainingTypeLib@CStubTypeInfo@@QAEJXZ 1000d939 f tistub.obj
 0001:0000ca30       ?MarshalResult@CStubTypeInfo@@QAEJXZ 1000da30 f tistub.obj
 0001:0000ca59       ?DebugServerQueryInterface@CStubTypeInfo@@UAGJPAPAX@Z 1000da59 f tistub.obj
 0001:0000ca78       ?DebugServerRelease@CStubTypeInfo@@UAGXPAX@Z 1000da78 f tistub.obj
 0001:0000ca90       ??_GCStubTypeInfo@@AAEPAXI@Z 1000da90 f tistub.obj
 0001:0000cad0       ??0CErrorInfo@@QAE@XZ      1000dad0 f errinfo.obj
 0001:0000cb62       ??1CErrorInfo@@QAE@XZ      1000db62 f errinfo.obj
 0001:0000cbaf       ?Create@CErrorInfo@@SAJPAPAV1@@Z 1000dbaf f errinfo.obj
 0001:0000cc18       ?QueryInterface@CErrorInfo@@UAGJABU_GUID@@PAPAX@Z 1000dc18 f errinfo.obj
 0001:0000cce3       ?AddRef@CErrorInfo@@UAGKXZ 1000dce3 f errinfo.obj
 0001:0000cd01       ?Release@CErrorInfo@@UAGKXZ 1000dd01 f errinfo.obj
 0001:0000cd7e       ?GetGUID@CErrorInfo@@UAGJPAU_GUID@@@Z 1000dd7e f errinfo.obj
 0001:0000cddd       ?GetSource@CErrorInfo@@UAGJPAPAG@Z 1000dddd f errinfo.obj
 0001:0000cea5       ?GetDescription@CErrorInfo@@UAGJPAPAG@Z 1000dea5 f errinfo.obj
 0001:0000cef6       ?GetHelpFile@CErrorInfo@@UAGJPAPAG@Z 1000def6 f errinfo.obj
 0001:0000cf47       ?GetHelpContext@CErrorInfo@@UAGJPAK@Z 1000df47 f errinfo.obj
 0001:0000cf92       ?SetGUID@CErrorInfo@@UAGJABU_GUID@@@Z 1000df92 f errinfo.obj
 0001:0000cff1       ?SetSource@CErrorInfo@@UAGJPAG@Z 1000dff1 f errinfo.obj
 0001:0000d050       ?SetDescription@CErrorInfo@@UAGJPAG@Z 1000e050 f errinfo.obj
 0001:0000d0af       ?SetHelpFile@CErrorInfo@@UAGJPAG@Z 1000e0af f errinfo.obj
 0001:0000d10e       ?SetHelpContext@CErrorInfo@@UAGJK@Z 1000e10e f errinfo.obj
 0001:0000d12b       _SetErrorInfo@8            1000e12b f errinfo.obj
 0001:0000d1dc       _GetErrorInfo@8            1000e1dc f errinfo.obj
 0001:0000d27c       _CreateErrorInfo@4         1000e27c f errinfo.obj
 0001:0000d310       ??0IErrorInfo@@QAE@XZ      1000e310 f errinfo.obj
 0001:0000d340       ??0ICreateErrorInfo@@QAE@XZ 1000e340 f errinfo.obj
 0001:0000d370       ??_GCErrorInfo@@QAEPAXI@Z  1000e370 f errinfo.obj
 0001:0000d3b0       ?ValidateReadPtr@@YAJPBXI@Z 1000e3b0 f errinfo.obj
 0001:0000d3f0       ?GetAppData@@YAJPAPAUAPP_DATA@@@Z 1000e3f0 f errinfo.obj
 0001:0000d440       ?QueryInterface@CErrorInfo@@W3AGJABU_GUID@@PAPAX@Z 1000e440 f errinfo.obj
 0001:0000d450       ?AddRef@CErrorInfo@@W3AGKXZ 1000e450 f errinfo.obj
 0001:0000d460       ?Release@CErrorInfo@@W3AGKXZ 1000e460 f errinfo.obj
 0001:0000d470       ?GetPrimaryInterface@@YGJPAUITypeInfo@@PAPAU1@@Z 1000e470 f tiutil.obj
 0001:0000d700       ??0CProxTypeLib@@AAE@PAUIUnknown@@@Z 1000e700 f tlprox.obj
 0001:0000d75e       ?Create@CProxTypeLib@@SAPAUIUnknown@@PAU2@@Z 1000e75e f tlprox.obj
 0001:0000d7c1       ??0CPTLibUnkImpl@@QAE@PAVCProxTypeLib@@@Z 1000e7c1 f tlprox.obj
 0001:0000d7f6       ?QueryInterface@CPTLibUnkImpl@@UAGJABU_GUID@@PAPAX@Z 1000e7f6 f tlprox.obj
 0001:0000d8b5       ?AddRef@CPTLibUnkImpl@@UAGKXZ 1000e8b5 f tlprox.obj
 0001:0000d8d9       ?Release@CPTLibUnkImpl@@UAGKXZ 1000e8d9 f tlprox.obj
 0001:0000d93f       ??0CPTLibProxImpl@@QAE@PAVCProxTypeLib@@@Z 1000e93f f tlprox.obj
 0001:0000d974       ??1CPTLibProxImpl@@QAE@XZ  1000e974 f tlprox.obj
 0001:0000d9bb       ?QueryInterface@CPTLibProxImpl@@UAGJABU_GUID@@PAPAX@Z 1000e9bb f tlprox.obj
 0001:0000d9e6       ?AddRef@CPTLibProxImpl@@UAGKXZ 1000e9e6 f tlprox.obj
 0001:0000da0a       ?Release@CPTLibProxImpl@@UAGKXZ 1000ea0a f tlprox.obj
 0001:0000da2e       ?Connect@CPTLibProxImpl@@UAGJPAUIRpcChannelBuffer@@@Z 1000ea2e f tlprox.obj
 0001:0000da7a       ?Disconnect@CPTLibProxImpl@@UAGXXZ 1000ea7a f tlprox.obj
 0001:0000dac1       ??0CPTLibTypeLibImpl@@QAE@PAVCProxTypeLib@@@Z 1000eac1 f tlprox.obj
 0001:0000db00       ?QueryInterface@CPTLibTypeLibImpl@@UAGJABU_GUID@@PAPAX@Z 1000eb00 f tlprox.obj
 0001:0000db31       ?AddRef@CPTLibTypeLibImpl@@UAGKXZ 1000eb31 f tlprox.obj
 0001:0000db5b       ?Release@CPTLibTypeLibImpl@@UAGKXZ 1000eb5b f tlprox.obj
 0001:0000db85       ?DoGetTypeInfoCount@CPTLibTypeLibImpl@@QAEJPAI@Z 1000eb85 f tlprox.obj
 0001:0000dcb5       ?GetTypeInfoCount@CPTLibTypeLibImpl@@UAGIXZ 1000ecb5 f tlprox.obj
 0001:0000dcf3       ?GetTypeInfo@CPTLibTypeLibImpl@@UAGJIPAPAUITypeInfo@@@Z 1000ecf3 f tlprox.obj
 0001:0000dea6       ?GetTypeInfoType@CPTLibTypeLibImpl@@UAGJIPAW4tagTYPEKIND@@@Z 1000eea6 f tlprox.obj
 0001:0000e069       ?GetTypeInfoOfGuid@CPTLibTypeLibImpl@@UAGJABU_GUID@@PAPAUITypeInfo@@@Z 1000f069 f tlprox.obj
 0001:0000e216       ?GetLibAttr@CPTLibTypeLibImpl@@UAGJPAPAUtagTLIBATTR@@@Z 1000f216 f tlprox.obj
 0001:0000e3d5       ?GetTypeComp@CPTLibTypeLibImpl@@UAGJPAPAUITypeComp@@@Z 1000f3d5 f tlprox.obj
 0001:0000e54c       ?GetDocumentation@CPTLibTypeLibImpl@@UAGJHPAPAG0PAK0@Z 1000f54c f tlprox.obj
 0001:0000e9c6       ?IsName@CPTLibTypeLibImpl@@UAGJPAGKPAH@Z 1000f9c6 f tlprox.obj
 0001:0000ebf5       ?FindName@CPTLibTypeLibImpl@@UAGJPAGKPAPAUITypeInfo@@PAJ0@Z 1000fbf5 f tlprox.obj
 0001:0000efb9       ?ReleaseTLibAttr@CPTLibTypeLibImpl@@UAGXPAUtagTLIBATTR@@@Z 1000ffb9 f tlprox.obj
 0001:0000eff0       ?SysKind@CPTLibTypeLibImpl@@QAEJXZ 1000fff0 f tlprox.obj
 0001:0000f159       ?ReadLibAttr@@YGJPAUIStream@@PAUtagTLIBATTR@@@Z 10010159 f tlprox.obj
 0001:0000f29f       ?WriteLibAttr@@YGJPAUIStream@@PAUtagTLIBATTR@@@Z 1001029f f tlprox.obj
 0001:0000f3f0       ??_GCProxTypeLib@@QAEPAXI@Z 100103f0 f tlprox.obj
 0001:0000f430       ??1CProxTypeLib@@QAE@XZ    10010430 f tlprox.obj
 0001:0000f460       ??0ITypeLib@@QAE@XZ        10010460 f tlprox.obj
 0001:0000f490       ??0CStubTypeLib@@AAE@XZ    10010490 f tlstub.obj
 0001:0000f4ec       ??1CStubTypeLib@@AAE@XZ    100104ec f tlstub.obj
 0001:0000f514       ?Create@CStubTypeLib@@SAJPAUIUnknown@@PAPAUIRpcStubBuffer@@@Z 10010514 f tlstub.obj
 0001:0000f59c       ?QueryInterface@CStubTypeLib@@UAGJABU_GUID@@PAPAX@Z 1001059c f tlstub.obj
 0001:0000f615       ?AddRef@CStubTypeLib@@UAGKXZ 10010615 f tlstub.obj
 0001:0000f633       ?Release@CStubTypeLib@@UAGKXZ 10010633 f tlstub.obj
 0001:0000f68d       ?Connect@CStubTypeLib@@UAGJPAUIUnknown@@@Z 1001068d f tlstub.obj
 0001:0000f718       ?Disconnect@CStubTypeLib@@UAGXXZ 10010718 f tlstub.obj
 0001:0000f77c       ?Invoke@CStubTypeLib@@UAGJPAUtagRPCOLEMESSAGE@@PAUIRpcChannelBuffer@@@Z 1001077c f tlstub.obj
 0001:0000f943       ?IsIIDSupported@CStubTypeLib@@UAGPAUIRpcStubBuffer@@ABU_GUID@@@Z 10010943 f tlstub.obj
 0001:0000f98d       ?CountRefs@CStubTypeLib@@UAGKXZ 1001098d f tlstub.obj
 0001:0000f9cc       ?GetTypeInfoCount@CStubTypeLib@@QAEJXZ 100109cc f tlstub.obj
 0001:0000fa23       ?GetTypeInfo@CStubTypeLib@@QAEJXZ 10010a23 f tlstub.obj
 0001:0000fb59       ?GetTypeInfoType@CStubTypeLib@@QAEJXZ 10010b59 f tlstub.obj
 0001:0000fc7d       ?GetTypeInfoOfGuid@CStubTypeLib@@QAEJXZ 10010c7d f tlstub.obj
 0001:0000fdad       ?GetLibAttr@CStubTypeLib@@QAEJXZ 10010dad f tlstub.obj
 0001:0000fea2       ?GetTypeComp@CStubTypeLib@@QAEJXZ 10010ea2 f tlstub.obj
 0001:0000ff92       ?GetDocumentation@CStubTypeLib@@QAEJXZ 10010f92 f tlstub.obj
 0001:00010340       ?IsName@CStubTypeLib@@QAEJXZ 10011340 f tlstub.obj
 0001:000104ae       ?FindName@CStubTypeLib@@QAEJXZ 100114ae f tlstub.obj
 0001:00010879       ?SysKind@CStubTypeLib@@QAEJXZ 10011879 f tlstub.obj
 0001:0001091d       ?DebugServerQueryInterface@CStubTypeLib@@UAGJPAPAX@Z 1001191d f tlstub.obj
 0001:0001093c       ?DebugServerRelease@CStubTypeLib@@UAGXPAX@Z 1001193c f tlstub.obj
 0001:00010950       ??_GCStubTypeLib@@AAEPAXI@Z 10011950 f tlstub.obj
 0001:00010990       ??0CProxTypeComp@@AAE@PAUIUnknown@@@Z 10011990 f tcprox.obj
 0001:000109ee       ?Create@CProxTypeComp@@SAPAUIUnknown@@PAU2@@Z 100119ee f tcprox.obj
 0001:00010a51       ??0CPTCompUnkImpl@@QAE@PAVCProxTypeComp@@@Z 10011a51 f tcprox.obj
 0001:00010a86       ?QueryInterface@CPTCompUnkImpl@@UAGJABU_GUID@@PAPAX@Z 10011a86 f tcprox.obj
 0001:00010b45       ?AddRef@CPTCompUnkImpl@@UAGKXZ 10011b45 f tcprox.obj
 0001:00010b69       ?Release@CPTCompUnkImpl@@UAGKXZ 10011b69 f tcprox.obj
 0001:00010bcf       ??0CPTCompProxImpl@@QAE@PAVCProxTypeComp@@@Z 10011bcf f tcprox.obj
 0001:00010c04       ??1CPTCompProxImpl@@QAE@XZ 10011c04 f tcprox.obj
 0001:00010c4b       ?QueryInterface@CPTCompProxImpl@@UAGJABU_GUID@@PAPAX@Z 10011c4b f tcprox.obj
 0001:00010c76       ?AddRef@CPTCompProxImpl@@UAGKXZ 10011c76 f tcprox.obj
 0001:00010c9a       ?Release@CPTCompProxImpl@@UAGKXZ 10011c9a f tcprox.obj
 0001:00010cbe       ?Connect@CPTCompProxImpl@@UAGJPAUIRpcChannelBuffer@@@Z 10011cbe f tcprox.obj
 0001:00010d0a       ?Disconnect@CPTCompProxImpl@@UAGXXZ 10011d0a f tcprox.obj
 0001:00010d51       ??0CPTCompTypeCompImpl@@QAE@PAVCProxTypeComp@@@Z 10011d51 f tcprox.obj
 0001:00010d90       ?QueryInterface@CPTCompTypeCompImpl@@UAGJABU_GUID@@PAPAX@Z 10011d90 f tcprox.obj
 0001:00010dc1       ?AddRef@CPTCompTypeCompImpl@@UAGKXZ 10011dc1 f tcprox.obj
 0001:00010deb       ?Release@CPTCompTypeCompImpl@@UAGKXZ 10011deb f tcprox.obj
 0001:00010e15       ?Bind@CPTCompTypeCompImpl@@UAGJPAGKGPAPAUITypeInfo@@PAW4tagDESCKIND@@PATtagBINDPTR@@@Z 10011e15 f tcprox.obj
 0001:000112cd       ?BindType@CPTCompTypeCompImpl@@UAGJPAGKPAPAUITypeInfo@@PAPAUITypeComp@@@Z 100122cd f tcprox.obj
 0001:0001158d       ?SysKind@CPTCompTypeCompImpl@@QAEJXZ 1001258d f tcprox.obj
 0001:00011700       ??_GCProxTypeComp@@QAEPAXI@Z 10012700 f tcprox.obj
 0001:00011740       ??1CProxTypeComp@@QAE@XZ   10012740 f tcprox.obj
 0001:00011770       ??0ITypeComp@@QAE@XZ       10012770 f tcprox.obj
 0001:000117a0       ??0CStubTypeComp@@AAE@XZ   100127a0 f tcstub.obj
 0001:000117fc       ??1CStubTypeComp@@AAE@XZ   100127fc f tcstub.obj
 0001:00011824       ?Create@CStubTypeComp@@SAJPAUIUnknown@@PAPAUIRpcStubBuffer@@@Z 10012824 f tcstub.obj
 0001:000118ac       ?QueryInterface@CStubTypeComp@@UAGJABU_GUID@@PAPAX@Z 100128ac f tcstub.obj
 0001:00011925       ?AddRef@CStubTypeComp@@UAGKXZ 10012925 f tcstub.obj
 0001:00011943       ?Release@CStubTypeComp@@UAGKXZ 10012943 f tcstub.obj
 0001:0001199d       ?Connect@CStubTypeComp@@UAGJPAUIUnknown@@@Z 1001299d f tcstub.obj
 0001:00011a28       ?Disconnect@CStubTypeComp@@UAGXXZ 10012a28 f tcstub.obj
 0001:00011a8c       ?Invoke@CStubTypeComp@@UAGJPAUtagRPCOLEMESSAGE@@PAUIRpcChannelBuffer@@@Z 10012a8c f tcstub.obj
 0001:00011bc2       ?IsIIDSupported@CStubTypeComp@@UAGPAUIRpcStubBuffer@@ABU_GUID@@@Z 10012bc2 f tcstub.obj
 0001:00011c0c       ?CountRefs@CStubTypeComp@@UAGKXZ 10012c0c f tcstub.obj
 0001:00011c4b       ?Bind@CStubTypeComp@@QAEJXZ 10012c4b f tcstub.obj
 0001:0001206d       ?BindType@CStubTypeComp@@QAEJXZ 1001306d f tcstub.obj
 0001:000121f2       ?SysKind@CStubTypeComp@@QAEJXZ 100131f2 f tcstub.obj
 0001:00012296       ?DebugServerQueryInterface@CStubTypeComp@@UAGJPAPAX@Z 10013296 f tcstub.obj
 0001:000122b5       ?DebugServerRelease@CStubTypeComp@@UAGXPAX@Z 100132b5 f tcstub.obj
 0001:000122d0       ??_GCStubTypeComp@@AAEPAXI@Z 100132d0 f tcstub.obj
 0001:00012310       ??0CProxUniv@@QAE@PAUIUnknown@@@Z 10013310 f ups.obj
 0001:000123c6       ??1CProxUniv@@QAE@XZ       100133c6 f ups.obj
 0001:0001249d       ?CanWeRemoteIt@@YAJPAUITypeInfo@@PAGPAH@Z 1001349d f ups.obj
 0001:000125d0       ?Create@CProxUniv@@SAJPAUIUnknown@@ABU_GUID@@PAPAU2@@Z 100135d0 f ups.obj
 0001:00012897       ?CacheFuncDescs@CProxUniv@@QAEJPAUITypeInfo@@@Z 10013897 f ups.obj
 0001:00012b41       ?QueryInterface@CPriv@CProxUniv@@UAGJABU_GUID@@PAPAX@Z 10013b41 f ups.obj
 0001:00012bed       ?AddRef@CPriv@CProxUniv@@UAGKXZ 10013bed f ups.obj
 0001:00012c19       ?Release@CPriv@CProxUniv@@UAGKXZ 10013c19 f ups.obj
 0001:00012c7e       ?Connect@CPriv@CProxUniv@@UAGJPAUIRpcChannelBuffer@@@Z 10013c7e f ups.obj
 0001:00012cec       ?Disconnect@CPriv@CProxUniv@@UAGXXZ 10013cec f ups.obj
 0001:00012d3f       ?PSInit@CProxUniv@@QAEJXZ  10013d3f f ups.obj
 0001:00012f46       _ProxyMethod@16            10013f46 f ups.obj
 0001:0001378f       ??0CStubUniv@@AAE@XZ       1001478f f ups.obj
 0001:00013816       ??1CStubUniv@@AAE@XZ       10014816 f ups.obj
 0001:0001383e       ?Create@CStubUniv@@SAJPAUIUnknown@@ABU_GUID@@PAPAUIRpcStubBuffer@@@Z 1001483e f ups.obj
 0001:000138e2       ?QueryInterface@CStubUniv@@UAGJABU_GUID@@PAPAX@Z 100148e2 f ups.obj
 0001:0001395b       ?AddRef@CStubUniv@@UAGKXZ  1001495b f ups.obj
 0001:00013979       ?Release@CStubUniv@@UAGKXZ 10014979 f ups.obj
 0001:000139d3       ?Connect@CStubUniv@@UAGJPAUIUnknown@@@Z 100149d3 f ups.obj
 0001:00013a63       ?Disconnect@CStubUniv@@UAGXXZ 10014a63 f ups.obj
 0001:00013ac7       ?Invoke@CStubUniv@@UAGJPAUtagRPCOLEMESSAGE@@PAUIRpcChannelBuffer@@@Z 10014ac7 f ups.obj
 0001:00013d52       ?IsIIDSupported@CStubUniv@@UAGPAUIRpcStubBuffer@@ABU_GUID@@@Z 10014d52 f ups.obj
 0001:00013d9e       ?CountRefs@CStubUniv@@UAGKXZ 10014d9e f ups.obj
 0001:00013ddd       ?DebugServerQueryInterface@CStubUniv@@UAGJPAPAX@Z 10014ddd f ups.obj
 0001:00013dfc       ?DebugServerRelease@CStubUniv@@UAGXPAX@Z 10014dfc f ups.obj
 0001:00013e0e       ?PSInit@CStubUniv@@QAEJXZ  10014e0e f ups.obj
 0001:00013f4c       ?DispatchMethod@CStubUniv@@QAEJH@Z 10014f4c f ups.obj
 0001:0001456f       ?VarVtOfIface@@YAJPAUITypeInfo@@PAUtagTYPEATTR@@PAGPAU_GUID@@@Z 1001556f f ups.obj
 0001:0001462c       ?VarVtOfUDT@@YAJPAUITypeInfo@@PAUtagTYPEDESC@@PAGPAU_GUID@@@Z 1001562c f ups.obj
 0001:0001484a       ?VarVtOfTypeDesc@@YAJPAUITypeInfo@@PAUtagTYPEDESC@@PAGPAU_GUID@@@Z 1001584a f ups.obj
 0001:00014b12       ?SzLibIdOfIID@@YAJABU_GUID@@PADJ@Z 10015b12 f ups.obj
 0001:00014b81       ?FIsLCID@@YAHPAD@Z         10015b81 f ups.obj
 0001:00014bf1       ?GetTypeInfoOfIID@@YAJABU_GUID@@PAPAUITypeInfo@@@Z 10015bf1 f ups.obj
 0001:000150c2       ?GetCbStackCleanupOfFuncDesc@@YAJPAUtagFUNCDESC@@PAUITypeInfo@@PAH@Z 100160c2 f ups.obj
 0001:00015210       ??0CPriv@CProxUniv@@QAE@XZ 10016210 f ups.obj
 0001:00015240       ??_GCProxUniv@@QAEPAXI@Z   10016240 f ups.obj
 0001:00015280       ?PProx@CPriv@CProxUniv@@QAEPAV2@XZ 10016280 f ups.obj
 0001:000152e0       ??_GCStubUniv@@AAEPAXI@Z   100162e0 f ups.obj
 0001:00015320       ?UnivQueryInterface@@YGJPAVCProxUniv@@ABU_GUID@@PAPAX@Z 10016320 f uvft.obj
 0001:0001534b       ?UnivAddRef@@YGKPAVCProxUniv@@@Z 1001634b f uvft.obj
 0001:0001536f       ?UnivRelease@@YGKPAVCProxUniv@@@Z 1001636f f uvft.obj
 0001:00015393       ?UnivGetTypeInfoCount@@YGJPAVCProxUniv@@PAI@Z 10016393 f uvft.obj
 0001:000153bf       ?UnivGetTypeInfo@@YGJPAVCProxUniv@@IKPAPAUITypeInfo@@@Z 100163bf f uvft.obj
 0001:000153f3       ?UnivGetIDsOfNames@@YGJPAVCProxUniv@@ABU_GUID@@PAPAGIKPAJ@Z 100163f3 f uvft.obj
 0001:0001542f       ?UnivInvoke@@YGJPAVCProxUniv@@JABU_GUID@@KGPAUtagDISPPARAMS@@PAUtagVARIANT@@PAUtagEXCEPINFO@@PAI@Z 1001642f f uvft.obj
 0001:00015480       ??0CStreamOnBuffer@@QAE@PAUIRpcChannelBuffer@@PAUtagRPCOLEMESSAGE@@ABU_GUID@@K@Z 10016480 f dispstrm.obj
 0001:0001557e       ??1CStreamOnBuffer@@QAE@XZ 1001657e f dispstrm.obj
 0001:000155c3       ?QueryInterface@CStreamOnBuffer@@UAGJABU_GUID@@PAPAX@Z 100165c3 f dispstrm.obj
 0001:00015642       ?AddRef@CStreamOnBuffer@@UAGKXZ 10016642 f dispstrm.obj
 0001:00015660       ?Release@CStreamOnBuffer@@UAGKXZ 10016660 f dispstrm.obj
 0001:000156d8       ?Read@CStreamOnBuffer@@UAGJPAXKPAK@Z 100166d8 f dispstrm.obj
 0001:000157a6       ?Write@CStreamOnBuffer@@UAGJPBXKPAK@Z 100167a6 f dispstrm.obj
 0001:0001589f       ?Seek@CStreamOnBuffer@@UAGJT_LARGE_INTEGER@@KPAT_ULARGE_INTEGER@@@Z 1001689f f dispstrm.obj
 0001:00015988       ?SetSize@CStreamOnBuffer@@UAGJT_ULARGE_INTEGER@@@Z 10016988 f dispstrm.obj
 0001:0001599f       ?CopyTo@CStreamOnBuffer@@UAGJPAUIStream@@T_ULARGE_INTEGER@@PAT3@2@Z 1001699f f dispstrm.obj
 0001:000159b6       ?Commit@CStreamOnBuffer@@UAGJK@Z 100169b6 f dispstrm.obj
 0001:000159cd       ?Revert@CStreamOnBuffer@@UAGJXZ 100169cd f dispstrm.obj
 0001:000159e4       ?LockRegion@CStreamOnBuffer@@UAGJT_ULARGE_INTEGER@@0K@Z 100169e4 f dispstrm.obj
 0001:000159fb       ?UnlockRegion@CStreamOnBuffer@@UAGJT_ULARGE_INTEGER@@0K@Z 100169fb f dispstrm.obj
 0001:00015a12       ?Stat@CStreamOnBuffer@@UAGJPAUtagSTATSTG@@K@Z 10016a12 f dispstrm.obj
 0001:00015a29       ?Clone@CStreamOnBuffer@@UAGJPAPAUIStream@@@Z 10016a29 f dispstrm.obj
 0001:00015a40       ?Call@CStreamOnBuffer@@UAGJXZ 10016a40 f dispstrm.obj
 0001:00015b69       ?RewindBuffer@CStreamOnBuffer@@UAGJXZ 10016b69 f dispstrm.obj
 0001:00015c03       ?ResetBuffer@CStreamOnBuffer@@UAGJXZ 10016c03 f dispstrm.obj
 0001:00015ce6       ?ResizeBuffer@CStreamOnBuffer@@UAGJK@Z 10016ce6 f dispstrm.obj
 0001:00015dd0       ??0IStream@@QAE@XZ         10016dd0 f dispstrm.obj
 0001:00015e00       ??0ISequentialStream@@QAE@XZ 10016e00 f dispstrm.obj
 0001:00015e30       ?GetMalloc@@YAJPAPAUIMalloc@@@Z 10016e30 f dispstrm.obj
 0001:00015e70       ?Pmalloc@@YAPAUIMalloc@@XZ 10016e70 f dispstrm.obj
 0001:00015e90       _IndexOfParam@12           10016e90 f disphelp.obj
 0001:00015f4d       _DispGetParam@20           10016f4d f disphelp.obj
 0001:00015fcd       _DispGetIDsOfNames@16      10016fcd f disphelp.obj
 0001:00015ff7       _DispInvoke@32             10016ff7 f disphelp.obj
 0001:00016040       _DoInvokeMethod@32         10017040 f invhelp.obj
 0001:000160f4       _InvokeCdecl               100170f4 f invoke.obj
 0001:0001626d       _InvokeStdCall             1001726d f invoke.obj
 0001:000163e3       _UM3                       100173e3   invoke.obj
 0001:000163ed       _UM4                       100173ed   invoke.obj
 0001:000163f7       _UM5                       100173f7   invoke.obj
 0001:00016401       _UM6                       10017401   invoke.obj
 0001:0001640b       _UM7                       1001740b   invoke.obj
 0001:00016415       _UM8                       10017415   invoke.obj
 0001:0001641f       _UM9                       1001741f   invoke.obj
 0001:00016429       _UM10                      10017429   invoke.obj
 0001:00016433       _UM11                      10017433   invoke.obj
 0001:0001643d       _UM12                      1001743d   invoke.obj
 0001:00016447       _UM13                      10017447   invoke.obj
 0001:00016451       _UM14                      10017451   invoke.obj
 0001:0001645b       _UM15                      1001745b   invoke.obj
 0001:00016465       _UM16                      10017465   invoke.obj
 0001:0001646f       _UM17                      1001746f   invoke.obj
 0001:00016479       _UM18                      10017479   invoke.obj
 0001:00016483       _UM19                      10017483   invoke.obj
 0001:0001648d       _UM20                      1001748d   invoke.obj
 0001:00016497       _UM21                      10017497   invoke.obj
 0001:000164a1       _UM22                      100174a1   invoke.obj
 0001:000164ab       _UM23                      100174ab   invoke.obj
 0001:000164b5       _UM24                      100174b5   invoke.obj
 0001:000164bf       _UM25                      100174bf   invoke.obj
 0001:000164c9       _UM26                      100174c9   invoke.obj
 0001:000164d3       _UM27                      100174d3   invoke.obj
 0001:000164dd       _UM28                      100174dd   invoke.obj
 0001:000164e7       _UM29                      100174e7   invoke.obj
 0001:000164f1       _UM30                      100174f1   invoke.obj
 0001:000164fb       _UM31                      100174fb   invoke.obj
 0001:00016505       _UM32                      10017505   invoke.obj
 0001:0001650f       _UM33                      1001750f   invoke.obj
 0001:00016519       _UM34                      10017519   invoke.obj
 0001:00016523       _UM35                      10017523   invoke.obj
 0001:0001652d       _UM36                      1001752d   invoke.obj
 0001:00016537       _UM37                      10017537   invoke.obj
 0001:00016541       _UM38                      10017541   invoke.obj
 0001:0001654b       _UM39                      1001754b   invoke.obj
 0001:00016555       _UM40                      10017555   invoke.obj
 0001:0001655f       _UM41                      1001755f   invoke.obj
 0001:00016569       _UM42                      10017569   invoke.obj
 0001:00016573       _UM43                      10017573   invoke.obj
 0001:0001657d       _UM44                      1001757d   invoke.obj
 0001:00016587       _UM45                      10017587   invoke.obj
 0001:00016591       _UM46                      10017591   invoke.obj
 0001:0001659b       _UM47                      1001759b   invoke.obj
 0001:000165a5       _UM48                      100175a5   invoke.obj
 0001:000165af       _UM49                      100175af   invoke.obj
 0001:000165b9       _UM50                      100175b9   invoke.obj
 0001:000165c3       _UM51                      100175c3   invoke.obj
 0001:000165cd       _UM52                      100175cd   invoke.obj
 0001:000165d7       _UM53                      100175d7   invoke.obj
 0001:000165e1       _UM54                      100175e1   invoke.obj
 0001:000165eb       _UM55                      100175eb   invoke.obj
 0001:000165f5       _UM56                      100175f5   invoke.obj
 0001:000165ff       _UM57                      100175ff   invoke.obj
 0001:00016609       _UM58                      10017609   invoke.obj
 0001:00016613       _UM59                      10017613   invoke.obj
 0001:0001661d       _UM60                      1001761d   invoke.obj
 0001:00016627       _UM61                      10017627   invoke.obj
 0001:00016631       _UM62                      10017631   invoke.obj
 0001:0001663b       _UM63                      1001763b   invoke.obj
 0001:00016645       _UM64                      10017645   invoke.obj
 0001:0001664f       _UM65                      1001764f   invoke.obj
 0001:00016659       _UM66                      10017659   invoke.obj
 0001:00016663       _UM67                      10017663   invoke.obj
 0001:0001666d       _UM68                      1001766d   invoke.obj
 0001:00016677       _UM69                      10017677   invoke.obj
 0001:00016681       _UM70                      10017681   invoke.obj
 0001:0001668b       _UM71                      1001768b   invoke.obj
 0001:00016695       _UM72                      10017695   invoke.obj
 0001:0001669f       _UM73                      1001769f   invoke.obj
 0001:000166a9       _UM74                      100176a9   invoke.obj
 0001:000166b3       _UM75                      100176b3   invoke.obj
 0001:000166bd       _UM76                      100176bd   invoke.obj
 0001:000166c7       _UM77                      100176c7   invoke.obj
 0001:000166d1       _UM78                      100176d1   invoke.obj
 0001:000166db       _UM79                      100176db   invoke.obj
 0001:000166e5       _UM80                      100176e5   invoke.obj
 0001:000166ef       _UM81                      100176ef   invoke.obj
 0001:000166f9       _UM82                      100176f9   invoke.obj
 0001:00016703       _UM83                      10017703   invoke.obj
 0001:0001670d       _UM84                      1001770d   invoke.obj
 0001:00016717       _UM85                      10017717   invoke.obj
 0001:00016721       _UM86                      10017721   invoke.obj
 0001:0001672b       _UM87                      1001772b   invoke.obj
 0001:00016735       _UM88                      10017735   invoke.obj
 0001:0001673f       _UM89                      1001773f   invoke.obj
 0001:00016749       _UM90                      10017749   invoke.obj
 0001:00016753       _UM91                      10017753   invoke.obj
 0001:0001675d       _UM92                      1001775d   invoke.obj
 0001:00016767       _UM93                      10017767   invoke.obj
 0001:00016771       _UM94                      10017771   invoke.obj
 0001:0001677b       _UM95                      1001777b   invoke.obj
 0001:00016785       _UM96                      10017785   invoke.obj
 0001:0001678f       _UM97                      1001778f   invoke.obj
 0001:00016799       _UM98                      10017799   invoke.obj
 0001:000167a3       _UM99                      100177a3   invoke.obj
 0001:000167ad       _UM100                     100177ad   invoke.obj
 0001:000167b7       _UM101                     100177b7   invoke.obj
 0001:000167c1       _UM102                     100177c1   invoke.obj
 0001:000167cb       _UM103                     100177cb   invoke.obj
 0001:000167d5       _UM104                     100177d5   invoke.obj
 0001:000167df       _UM105                     100177df   invoke.obj
 0001:000167e9       _UM106                     100177e9   invoke.obj
 0001:000167f3       _UM107                     100177f3   invoke.obj
 0001:000167fd       _UM108                     100177fd   invoke.obj
 0001:00016807       _UM109                     10017807   invoke.obj
 0001:00016811       _UM110                     10017811   invoke.obj
 0001:0001681b       _UM111                     1001781b   invoke.obj
 0001:00016825       _UM112                     10017825   invoke.obj
 0001:0001682f       _UM113                     1001782f   invoke.obj
 0001:00016839       _UM114                     10017839   invoke.obj
 0001:00016843       _UM115                     10017843   invoke.obj
 0001:0001684d       _UM116                     1001784d   invoke.obj
 0001:00016857       _UM117                     10017857   invoke.obj
 0001:00016861       _UM118                     10017861   invoke.obj
 0001:0001686b       _UM119                     1001786b   invoke.obj
 0001:00016875       _UM120                     10017875   invoke.obj
 0001:0001687f       _UM121                     1001787f   invoke.obj
 0001:00016889       _UM122                     10017889   invoke.obj
 0001:00016893       _UM123                     10017893   invoke.obj
 0001:0001689d       _UM124                     1001789d   invoke.obj
 0001:000168a7       _UM125                     100178a7   invoke.obj
 0001:000168b1       _UM126                     100178b1   invoke.obj
 0001:000168bb       _UM127                     100178bb   invoke.obj
 0001:000168c5       _UM128                     100178c5   invoke.obj
 0001:000168cf       _UM129                     100178cf   invoke.obj
 0001:000168d9       _UM130                     100178d9   invoke.obj
 0001:000168e3       _UM131                     100178e3   invoke.obj
 0001:000168ed       _UM132                     100178ed   invoke.obj
 0001:000168f7       _UM133                     100178f7   invoke.obj
 0001:00016901       _UM134                     10017901   invoke.obj
 0001:0001690b       _UM135                     1001790b   invoke.obj
 0001:00016915       _UM136                     10017915   invoke.obj
 0001:0001691f       _UM137                     1001791f   invoke.obj
 0001:00016929       _UM138                     10017929   invoke.obj
 0001:00016933       _UM139                     10017933   invoke.obj
 0001:0001693d       _UM140                     1001793d   invoke.obj
 0001:00016947       _UM141                     10017947   invoke.obj
 0001:00016951       _UM142                     10017951   invoke.obj
 0001:0001695b       _UM143                     1001795b   invoke.obj
 0001:00016965       _UM144                     10017965   invoke.obj
 0001:0001696f       _UM145                     1001796f   invoke.obj
 0001:00016979       _UM146                     10017979   invoke.obj
 0001:00016983       _UM147                     10017983   invoke.obj
 0001:0001698d       _UM148                     1001798d   invoke.obj
 0001:00016997       _UM149                     10017997   invoke.obj
 0001:000169a1       _UM150                     100179a1   invoke.obj
 0001:000169ab       _UM151                     100179ab   invoke.obj
 0001:000169b5       _UM152                     100179b5   invoke.obj
 0001:000169bf       _UM153                     100179bf   invoke.obj
 0001:000169c9       _UM154                     100179c9   invoke.obj
 0001:000169d3       _UM155                     100179d3   invoke.obj
 0001:000169dd       _UM156                     100179dd   invoke.obj
 0001:000169e7       _UM157                     100179e7   invoke.obj
 0001:000169f1       _UM158                     100179f1   invoke.obj
 0001:000169fb       _UM159                     100179fb   invoke.obj
 0001:00016a05       _UM160                     10017a05   invoke.obj
 0001:00016a0f       _UM161                     10017a0f   invoke.obj
 0001:00016a19       _UM162                     10017a19   invoke.obj
 0001:00016a23       _UM163                     10017a23   invoke.obj
 0001:00016a2d       _UM164                     10017a2d   invoke.obj
 0001:00016a37       _UM165                     10017a37   invoke.obj
 0001:00016a41       _UM166                     10017a41   invoke.obj
 0001:00016a4b       _UM167                     10017a4b   invoke.obj
 0001:00016a55       _UM168                     10017a55   invoke.obj
 0001:00016a5f       _UM169                     10017a5f   invoke.obj
 0001:00016a69       _UM170                     10017a69   invoke.obj
 0001:00016a73       _UM171                     10017a73   invoke.obj
 0001:00016a7d       _UM172                     10017a7d   invoke.obj
 0001:00016a87       _UM173                     10017a87   invoke.obj
 0001:00016a91       _UM174                     10017a91   invoke.obj
 0001:00016a9b       _UM175                     10017a9b   invoke.obj
 0001:00016aa5       _UM176                     10017aa5   invoke.obj
 0001:00016aaf       _UM177                     10017aaf   invoke.obj
 0001:00016ab9       _UM178                     10017ab9   invoke.obj
 0001:00016ac3       _UM179                     10017ac3   invoke.obj
 0001:00016acd       _UM180                     10017acd   invoke.obj
 0001:00016ad7       _UM181                     10017ad7   invoke.obj
 0001:00016ae1       _UM182                     10017ae1   invoke.obj
 0001:00016aeb       _UM183                     10017aeb   invoke.obj
 0001:00016af5       _UM184                     10017af5   invoke.obj
 0001:00016aff       _UM185                     10017aff   invoke.obj
 0001:00016b09       _UM186                     10017b09   invoke.obj
 0001:00016b13       _UM187                     10017b13   invoke.obj
 0001:00016b1d       _UM188                     10017b1d   invoke.obj
 0001:00016b27       _UM189                     10017b27   invoke.obj
 0001:00016b31       _UM190                     10017b31   invoke.obj
 0001:00016b3b       _UM191                     10017b3b   invoke.obj
 0001:00016b45       _UM192                     10017b45   invoke.obj
 0001:00016b4f       _UM193                     10017b4f   invoke.obj
 0001:00016b59       _UM194                     10017b59   invoke.obj
 0001:00016b63       _UM195                     10017b63   invoke.obj
 0001:00016b6d       _UM196                     10017b6d   invoke.obj
 0001:00016b77       _UM197                     10017b77   invoke.obj
 0001:00016b81       _UM198                     10017b81   invoke.obj
 0001:00016b8b       _UM199                     10017b8b   invoke.obj
 0001:00016b95       _UM200                     10017b95   invoke.obj
 0001:00016b9f       _UM201                     10017b9f   invoke.obj
 0001:00016ba9       _UM202                     10017ba9   invoke.obj
 0001:00016bb3       _UM203                     10017bb3   invoke.obj
 0001:00016bbd       _UM204                     10017bbd   invoke.obj
 0001:00016bc7       _UM205                     10017bc7   invoke.obj
 0001:00016bd1       _UM206                     10017bd1   invoke.obj
 0001:00016bdb       _UM207                     10017bdb   invoke.obj
 0001:00016be5       _UM208                     10017be5   invoke.obj
 0001:00016bef       _UM209                     10017bef   invoke.obj
 0001:00016bf9       _UM210                     10017bf9   invoke.obj
 0001:00016c03       _UM211                     10017c03   invoke.obj
 0001:00016c0d       _UM212                     10017c0d   invoke.obj
 0001:00016c17       _UM213                     10017c17   invoke.obj
 0001:00016c21       _UM214                     10017c21   invoke.obj
 0001:00016c2b       _UM215                     10017c2b   invoke.obj
 0001:00016c35       _UM216                     10017c35   invoke.obj
 0001:00016c3f       _UM217                     10017c3f   invoke.obj
 0001:00016c49       _UM218                     10017c49   invoke.obj
 0001:00016c53       _UM219                     10017c53   invoke.obj
 0001:00016c5d       _UM220                     10017c5d   invoke.obj
 0001:00016c67       _UM221                     10017c67   invoke.obj
 0001:00016c71       _UM222                     10017c71   invoke.obj
 0001:00016c7b       _UM223                     10017c7b   invoke.obj
 0001:00016c85       _UM224                     10017c85   invoke.obj
 0001:00016c8f       _UM225                     10017c8f   invoke.obj
 0001:00016c99       _UM226                     10017c99   invoke.obj
 0001:00016ca3       _UM227                     10017ca3   invoke.obj
 0001:00016cad       _UM228                     10017cad   invoke.obj
 0001:00016cb7       _UM229                     10017cb7   invoke.obj
 0001:00016cc1       _UM230                     10017cc1   invoke.obj
 0001:00016ccb       _UM231                     10017ccb   invoke.obj
 0001:00016cd5       _UM232                     10017cd5   invoke.obj
 0001:00016cdf       _UM233                     10017cdf   invoke.obj
 0001:00016ce9       _UM234                     10017ce9   invoke.obj
 0001:00016cf3       _UM235                     10017cf3   invoke.obj
 0001:00016cfd       _UM236                     10017cfd   invoke.obj
 0001:00016d07       _UM237                     10017d07   invoke.obj
 0001:00016d11       _UM238                     10017d11   invoke.obj
 0001:00016d1b       _UM239                     10017d1b   invoke.obj
 0001:00016d25       _UM240                     10017d25   invoke.obj
 0001:00016d2f       _UM241                     10017d2f   invoke.obj
 0001:00016d39       _UM242                     10017d39   invoke.obj
 0001:00016d43       _UM243                     10017d43   invoke.obj
 0001:00016d4d       _UM244                     10017d4d   invoke.obj
 0001:00016d57       _UM245                     10017d57   invoke.obj
 0001:00016d61       _UM246                     10017d61   invoke.obj
 0001:00016d6b       _UM247                     10017d6b   invoke.obj
 0001:00016d75       _UM248                     10017d75   invoke.obj
 0001:00016d7f       _UM249                     10017d7f   invoke.obj
 0001:00016d89       _UM250                     10017d89   invoke.obj
 0001:00016d93       _UM251                     10017d93   invoke.obj
 0001:00016d9d       _UM252                     10017d9d   invoke.obj
 0001:00016da7       _UM253                     10017da7   invoke.obj
 0001:00016db1       _UM254                     10017db1   invoke.obj
 0001:00016dbb       _UM255                     10017dbb   invoke.obj
 0001:00016dc5       _UM256                     10017dc5   invoke.obj
 0001:00016dcf       _UM257                     10017dcf   invoke.obj
 0001:00016dd9       _UM258                     10017dd9   invoke.obj
 0001:00016de3       _UM259                     10017de3   invoke.obj
 0001:00016ded       _UM260                     10017ded   invoke.obj
 0001:00016df7       _UM261                     10017df7   invoke.obj
 0001:00016e01       _UM262                     10017e01   invoke.obj
 0001:00016e0b       _UM263                     10017e0b   invoke.obj
 0001:00016e15       _UM264                     10017e15   invoke.obj
 0001:00016e1f       _UM265                     10017e1f   invoke.obj
 0001:00016e29       _UM266                     10017e29   invoke.obj
 0001:00016e33       _UM267                     10017e33   invoke.obj
 0001:00016e3d       _UM268                     10017e3d   invoke.obj
 0001:00016e47       _UM269                     10017e47   invoke.obj
 0001:00016e51       _UM270                     10017e51   invoke.obj
 0001:00016e5b       _UM271                     10017e5b   invoke.obj
 0001:00016e65       _UM272                     10017e65   invoke.obj
 0001:00016e6f       _UM273                     10017e6f   invoke.obj
 0001:00016e79       _UM274                     10017e79   invoke.obj
 0001:00016e83       _UM275                     10017e83   invoke.obj
 0001:00016e8d       _UM276                     10017e8d   invoke.obj
 0001:00016e97       _UM277                     10017e97   invoke.obj
 0001:00016ea1       _UM278                     10017ea1   invoke.obj
 0001:00016eab       _UM279                     10017eab   invoke.obj
 0001:00016eb5       _UM280                     10017eb5   invoke.obj
 0001:00016ebf       _UM281                     10017ebf   invoke.obj
 0001:00016ec9       _UM282                     10017ec9   invoke.obj
 0001:00016ed3       _UM283                     10017ed3   invoke.obj
 0001:00016edd       _UM284                     10017edd   invoke.obj
 0001:00016ee7       _UM285                     10017ee7   invoke.obj
 0001:00016ef1       _UM286                     10017ef1   invoke.obj
 0001:00016efb       _UM287                     10017efb   invoke.obj
 0001:00016f05       _UM288                     10017f05   invoke.obj
 0001:00016f0f       _UM289                     10017f0f   invoke.obj
 0001:00016f19       _UM290                     10017f19   invoke.obj
 0001:00016f23       _UM291                     10017f23   invoke.obj
 0001:00016f2d       _UM292                     10017f2d   invoke.obj
 0001:00016f37       _UM293                     10017f37   invoke.obj
 0001:00016f41       _UM294                     10017f41   invoke.obj
 0001:00016f4b       _UM295                     10017f4b   invoke.obj
 0001:00016f55       _UM296                     10017f55   invoke.obj
 0001:00016f5f       _UM297                     10017f5f   invoke.obj
 0001:00016f69       _UM298                     10017f69   invoke.obj
 0001:00016f73       _UM299                     10017f73   invoke.obj
 0001:00016f7d       _UM300                     10017f7d   invoke.obj
 0001:00016f87       _UM301                     10017f87   invoke.obj
 0001:00016f91       _UM302                     10017f91   invoke.obj
 0001:00016f9b       _UM303                     10017f9b   invoke.obj
 0001:00016fa5       _UM304                     10017fa5   invoke.obj
 0001:00016faf       _UM305                     10017faf   invoke.obj
 0001:00016fb9       _UM306                     10017fb9   invoke.obj
 0001:00016fc3       _UM307                     10017fc3   invoke.obj
 0001:00016fcd       _UM308                     10017fcd   invoke.obj
 0001:00016fd7       _UM309                     10017fd7   invoke.obj
 0001:00016fe1       _UM310                     10017fe1   invoke.obj
 0001:00016feb       _UM311                     10017feb   invoke.obj
 0001:00016ff5       _UM312                     10017ff5   invoke.obj
 0001:00016fff       _UM313                     10017fff   invoke.obj
 0001:00017009       _UM314                     10018009   invoke.obj
 0001:00017013       _UM315                     10018013   invoke.obj
 0001:0001701d       _UM316                     1001801d   invoke.obj
 0001:00017027       _UM317                     10018027   invoke.obj
 0001:00017031       _UM318                     10018031   invoke.obj
 0001:0001703b       _UM319                     1001803b   invoke.obj
 0001:00017045       _UM320                     10018045   invoke.obj
 0001:0001704f       _UM321                     1001804f   invoke.obj
 0001:00017059       _UM322                     10018059   invoke.obj
 0001:00017063       _UM323                     10018063   invoke.obj
 0001:0001706d       _UM324                     1001806d   invoke.obj
 0001:00017077       _UM325                     10018077   invoke.obj
 0001:00017081       _UM326                     10018081   invoke.obj
 0001:0001708b       _UM327                     1001808b   invoke.obj
 0001:00017095       _UM328                     10018095   invoke.obj
 0001:0001709f       _UM329                     1001809f   invoke.obj
 0001:000170a9       _UM330                     100180a9   invoke.obj
 0001:000170b3       _UM331                     100180b3   invoke.obj
 0001:000170bd       _UM332                     100180bd   invoke.obj
 0001:000170c7       _UM333                     100180c7   invoke.obj
 0001:000170d1       _UM334                     100180d1   invoke.obj
 0001:000170db       _UM335                     100180db   invoke.obj
 0001:000170e5       _UM336                     100180e5   invoke.obj
 0001:000170ef       _UM337                     100180ef   invoke.obj
 0001:000170f9       _UM338                     100180f9   invoke.obj
 0001:00017103       _UM339                     10018103   invoke.obj
 0001:0001710d       _UM340                     1001810d   invoke.obj
 0001:00017117       _UM341                     10018117   invoke.obj
 0001:00017121       _UM342                     10018121   invoke.obj
 0001:0001712b       _UM343                     1001812b   invoke.obj
 0001:00017135       _UM344                     10018135   invoke.obj
 0001:0001713f       _UM345                     1001813f   invoke.obj
 0001:00017149       _UM346                     10018149   invoke.obj
 0001:00017153       _UM347                     10018153   invoke.obj
 0001:0001715d       _UM348                     1001815d   invoke.obj
 0001:00017167       _UM349                     10018167   invoke.obj
 0001:00017171       _UM350                     10018171   invoke.obj
 0001:0001717b       _UM351                     1001817b   invoke.obj
 0001:00017185       _UM352                     10018185   invoke.obj
 0001:0001718f       _UM353                     1001818f   invoke.obj
 0001:00017199       _UM354                     10018199   invoke.obj
 0001:000171a3       _UM355                     100181a3   invoke.obj
 0001:000171ad       _UM356                     100181ad   invoke.obj
 0001:000171b7       _UM357                     100181b7   invoke.obj
 0001:000171c1       _UM358                     100181c1   invoke.obj
 0001:000171cb       _UM359                     100181cb   invoke.obj
 0001:000171d5       _UM360                     100181d5   invoke.obj
 0001:000171df       _UM361                     100181df   invoke.obj
 0001:000171e9       _UM362                     100181e9   invoke.obj
 0001:000171f3       _UM363                     100181f3   invoke.obj
 0001:000171fd       _UM364                     100181fd   invoke.obj
 0001:00017207       _UM365                     10018207   invoke.obj
 0001:00017211       _UM366                     10018211   invoke.obj
 0001:0001721b       _UM367                     1001821b   invoke.obj
 0001:00017225       _UM368                     10018225   invoke.obj
 0001:0001722f       _UM369                     1001822f   invoke.obj
 0001:00017239       _UM370                     10018239   invoke.obj
 0001:00017243       _UM371                     10018243   invoke.obj
 0001:0001724d       _UM372                     1001824d   invoke.obj
 0001:00017257       _UM373                     10018257   invoke.obj
 0001:00017261       _UM374                     10018261   invoke.obj
 0001:0001726b       _UM375                     1001826b   invoke.obj
 0001:00017275       _UM376                     10018275   invoke.obj
 0001:0001727f       _UM377                     1001827f   invoke.obj
 0001:00017289       _UM378                     10018289   invoke.obj
 0001:00017293       _UM379                     10018293   invoke.obj
 0001:0001729d       _UM380                     1001829d   invoke.obj
 0001:000172a7       _UM381                     100182a7   invoke.obj
 0001:000172b1       _UM382                     100182b1   invoke.obj
 0001:000172bb       _UM383                     100182bb   invoke.obj
 0001:000172c5       _UM384                     100182c5   invoke.obj
 0001:000172cf       _UM385                     100182cf   invoke.obj
 0001:000172d9       _UM386                     100182d9   invoke.obj
 0001:000172e3       _UM387                     100182e3   invoke.obj
 0001:000172ed       _UM388                     100182ed   invoke.obj
 0001:000172f7       _UM389                     100182f7   invoke.obj
 0001:00017301       _UM390                     10018301   invoke.obj
 0001:0001730b       _UM391                     1001830b   invoke.obj
 0001:00017315       _UM392                     10018315   invoke.obj
 0001:0001731f       _UM393                     1001831f   invoke.obj
 0001:00017329       _UM394                     10018329   invoke.obj
 0001:00017333       _UM395                     10018333   invoke.obj
 0001:0001733d       _UM396                     1001833d   invoke.obj
 0001:00017347       _UM397                     10018347   invoke.obj
 0001:00017351       _UM398                     10018351   invoke.obj
 0001:0001735b       _UM399                     1001835b   invoke.obj
 0001:00017365       _UM400                     10018365   invoke.obj
 0001:0001736f       _UM401                     1001836f   invoke.obj
 0001:00017379       _UM402                     10018379   invoke.obj
 0001:00017383       _UM403                     10018383   invoke.obj
 0001:0001738d       _UM404                     1001838d   invoke.obj
 0001:00017397       _UM405                     10018397   invoke.obj
 0001:000173a1       _UM406                     100183a1   invoke.obj
 0001:000173ab       _UM407                     100183ab   invoke.obj
 0001:000173b5       _UM408                     100183b5   invoke.obj
 0001:000173bf       _UM409                     100183bf   invoke.obj
 0001:000173c9       _UM410                     100183c9   invoke.obj
 0001:000173d3       _UM411                     100183d3   invoke.obj
 0001:000173dd       _UM412                     100183dd   invoke.obj
 0001:000173e7       _UM413                     100183e7   invoke.obj
 0001:000173f1       _UM414                     100183f1   invoke.obj
 0001:000173fb       _UM415                     100183fb   invoke.obj
 0001:00017405       _UM416                     10018405   invoke.obj
 0001:0001740f       _UM417                     1001840f   invoke.obj
 0001:00017419       _UM418                     10018419   invoke.obj
 0001:00017423       _UM419                     10018423   invoke.obj
 0001:0001742d       _UM420                     1001842d   invoke.obj
 0001:00017437       _UM421                     10018437   invoke.obj
 0001:00017441       _UM422                     10018441   invoke.obj
 0001:0001744b       _UM423                     1001844b   invoke.obj
 0001:00017455       _UM424                     10018455   invoke.obj
 0001:0001745f       _UM425                     1001845f   invoke.obj
 0001:00017469       _UM426                     10018469   invoke.obj
 0001:00017473       _UM427                     10018473   invoke.obj
 0001:0001747d       _UM428                     1001847d   invoke.obj
 0001:00017487       _UM429                     10018487   invoke.obj
 0001:00017491       _UM430                     10018491   invoke.obj
 0001:0001749b       _UM431                     1001849b   invoke.obj
 0001:000174a5       _UM432                     100184a5   invoke.obj
 0001:000174af       _UM433                     100184af   invoke.obj
 0001:000174b9       _UM434                     100184b9   invoke.obj
 0001:000174c3       _UM435                     100184c3   invoke.obj
 0001:000174cd       _UM436                     100184cd   invoke.obj
 0001:000174d7       _UM437                     100184d7   invoke.obj
 0001:000174e1       _UM438                     100184e1   invoke.obj
 0001:000174eb       _UM439                     100184eb   invoke.obj
 0001:000174f5       _UM440                     100184f5   invoke.obj
 0001:000174ff       _UM441                     100184ff   invoke.obj
 0001:00017509       _UM442                     10018509   invoke.obj
 0001:00017513       _UM443                     10018513   invoke.obj
 0001:0001751d       _UM444                     1001851d   invoke.obj
 0001:00017527       _UM445                     10018527   invoke.obj
 0001:00017531       _UM446                     10018531   invoke.obj
 0001:0001753b       _UM447                     1001853b   invoke.obj
 0001:00017545       _UM448                     10018545   invoke.obj
 0001:0001754f       _UM449                     1001854f   invoke.obj
 0001:00017559       _UM450                     10018559   invoke.obj
 0001:00017563       _UM451                     10018563   invoke.obj
 0001:0001756d       _UM452                     1001856d   invoke.obj
 0001:00017577       _UM453                     10018577   invoke.obj
 0001:00017581       _UM454                     10018581   invoke.obj
 0001:0001758b       _UM455                     1001858b   invoke.obj
 0001:00017595       _UM456                     10018595   invoke.obj
 0001:0001759f       _UM457                     1001859f   invoke.obj
 0001:000175a9       _UM458                     100185a9   invoke.obj
 0001:000175b3       _UM459                     100185b3   invoke.obj
 0001:000175bd       _UM460                     100185bd   invoke.obj
 0001:000175c7       _UM461                     100185c7   invoke.obj
 0001:000175d1       _UM462                     100185d1   invoke.obj
 0001:000175db       _UM463                     100185db   invoke.obj
 0001:000175e5       _UM464                     100185e5   invoke.obj
 0001:000175ef       _UM465                     100185ef   invoke.obj
 0001:000175f9       _UM466                     100185f9   invoke.obj
 0001:00017603       _UM467                     10018603   invoke.obj
 0001:0001760d       _UM468                     1001860d   invoke.obj
 0001:00017617       _UM469                     10018617   invoke.obj
 0001:00017621       _UM470                     10018621   invoke.obj
 0001:0001762b       _UM471                     1001862b   invoke.obj
 0001:00017635       _UM472                     10018635   invoke.obj
 0001:0001763f       _UM473                     1001863f   invoke.obj
 0001:00017649       _UM474                     10018649   invoke.obj
 0001:00017653       _UM475                     10018653   invoke.obj
 0001:0001765d       _UM476                     1001865d   invoke.obj
 0001:00017667       _UM477                     10018667   invoke.obj
 0001:00017671       _UM478                     10018671   invoke.obj
 0001:0001767b       _UM479                     1001867b   invoke.obj
 0001:00017685       _UM480                     10018685   invoke.obj
 0001:0001768f       _UM481                     1001868f   invoke.obj
 0001:00017699       _UM482                     10018699   invoke.obj
 0001:000176a3       _UM483                     100186a3   invoke.obj
 0001:000176ad       _UM484                     100186ad   invoke.obj
 0001:000176b7       _UM485                     100186b7   invoke.obj
 0001:000176c1       _UM486                     100186c1   invoke.obj
 0001:000176cb       _UM487                     100186cb   invoke.obj
 0001:000176d5       _UM488                     100186d5   invoke.obj
 0001:000176df       _UM489                     100186df   invoke.obj
 0001:000176e9       _UM490                     100186e9   invoke.obj
 0001:000176f3       _UM491                     100186f3   invoke.obj
 0001:000176fd       _UM492                     100186fd   invoke.obj
 0001:00017707       _UM493                     10018707   invoke.obj
 0001:00017711       _UM494                     10018711   invoke.obj
 0001:00017718       _UM495                     10018718   invoke.obj
 0001:0001771f       _UM496                     1001871f   invoke.obj
 0001:00017726       _UM497                     10018726   invoke.obj
 0001:0001772d       _UM498                     1001872d   invoke.obj
 0001:00017734       _UM499                     10018734   invoke.obj
 0001:0001773b       _UM500                     1001873b   invoke.obj
 0001:00017742       _UM501                     10018742   invoke.obj
 0001:00017749       _UM502                     10018749   invoke.obj
 0001:00017750       _UM503                     10018750   invoke.obj
 0001:00017757       _UM504                     10018757   invoke.obj
 0001:0001775e       _UM505                     1001875e   invoke.obj
 0001:00017765       _UM506                     10018765   invoke.obj
 0001:0001776c       _UM507                     1001876c   invoke.obj
 0001:00017773       _UM508                     10018773   invoke.obj
 0001:0001777a       _UM509                     1001877a   invoke.obj
 0001:00017781       _UM510                     10018781   invoke.obj
 0001:00017788       _UM511                     10018788   invoke.obj
 0001:0001778f       _UM512                     1001878f   invoke.obj
 0001:00017796       _lblUmCommon               10018796   invoke.obj
 0001:000177c0       ?Create@CDispTypeInfo@@SAJW4tagTYPEKIND@@PAUtagINTERFACEDATA@@KPAPAUITypeInfo@@@Z 100187c0 f cdispti.obj
 0001:00017846       _CreateDispTypeInfo@12     10018846 f cdispti.obj
 0001:00017896       ??0CDispTypeInfo@@QAE@XZ   10018896 f cdispti.obj
 0001:000178d4       ?QueryInterface@CDispTypeInfo@@UAGJABU_GUID@@PAPAX@Z 100188d4 f cdispti.obj
 0001:0001795f       ?AddRef@CDispTypeInfo@@UAGKXZ 1001895f f cdispti.obj
 0001:0001797d       ?Release@CDispTypeInfo@@UAGKXZ 1001897d f cdispti.obj
 0001:000179ca       ?GetTypeAttr@CDispTypeInfo@@UAGJPAPAUtagTYPEATTR@@@Z 100189ca f cdispti.obj
 0001:00017b23       ?GetTypeComp@CDispTypeInfo@@UAGJPAPAUITypeComp@@@Z 10018b23 f cdispti.obj
 0001:00017b3a       ?InvkindOfDispkind@@YGJGPAW4tagINVOKEKIND@@@Z 10018b3a f cdispti.obj
 0001:00017be3       ?GetFuncDesc@CDispTypeInfo@@UAGJIPAPAUtagFUNCDESC@@@Z 10018be3 f cdispti.obj
 0001:00017df7       ?GetVarDesc@CDispTypeInfo@@UAGJIPAPAUtagVARDESC@@@Z 10018df7 f cdispti.obj
 0001:00017e0e       ?GetNames@CDispTypeInfo@@UAGJJPAPAGIPAI@Z 10018e0e f cdispti.obj
 0001:00017fa1       ?GetRefTypeOfImplType@CDispTypeInfo@@UAGJIPAK@Z 10018fa1 f cdispti.obj
 0001:00017fd5       ?GetImplTypeFlags@CDispTypeInfo@@UAGJIPAH@Z 10018fd5 f cdispti.obj
 0001:00017fec       ?GetIDsOfNames@CDispTypeInfo@@UAGJPAPAGIPAJ@Z 10018fec f cdispti.obj
 0001:00018221       ?Invoke@CDispTypeInfo@@UAGJPAXJGPAUtagDISPPARAMS@@PAUtagVARIANT@@PAUtagEXCEPINFO@@PAI@Z 10019221 f cdispti.obj
 0001:00018652       ?AllocInvokeArgs@CDispTypeInfo@@AAEJIPAPAUtagINVOKEARGS@@@Z 10019652 f cdispti.obj
 0001:000187eb       ?GetInvokeArgs@CDispTypeInfo@@AAEJPAUtagMETHODDATA@@GPAUtagDISPPARAMS@@PAPAUtagINVOKEARGS@@PAI@Z 100197eb f cdispti.obj
 0001:00018af5       ?ReleaseInvokeArgs@CDispTypeInfo@@AAEXPAUtagINVOKEARGS@@@Z 10019af5 f cdispti.obj
 0001:00018bdd       ?GetDocumentation@CDispTypeInfo@@UAGJJPAPAG0PAK0@Z 10019bdd f cdispti.obj
 0001:00018c8e       ?GetDllEntry@CDispTypeInfo@@UAGJJW4tagINVOKEKIND@@PAPAG1PAG@Z 10019c8e f cdispti.obj
 0001:00018ca5       ?GetRefTypeInfo@CDispTypeInfo@@UAGJKPAPAUITypeInfo@@@Z 10019ca5 f cdispti.obj
 0001:00018d26       ?AddressOfMember@CDispTypeInfo@@UAGJJW4tagINVOKEKIND@@PAPAX@Z 10019d26 f cdispti.obj
 0001:00018d3d       ?CreateInstance@CDispTypeInfo@@UAGJPAUIUnknown@@ABU_GUID@@PAPAX@Z 10019d3d f cdispti.obj
 0001:00018d54       ?GetMops@CDispTypeInfo@@UAGJJPAPAG@Z 10019d54 f cdispti.obj
 0001:00018d6b       ?GetContainingTypeLib@CDispTypeInfo@@UAGJPAPAUITypeLib@@PAI@Z 10019d6b f cdispti.obj
 0001:00018d82       ?ReleaseTypeAttr@CDispTypeInfo@@UAGXPAUtagTYPEATTR@@@Z 10019d82 f cdispti.obj
 0001:00018daf       ?ReleaseFuncDesc@CDispTypeInfo@@UAGXPAUtagFUNCDESC@@@Z 10019daf f cdispti.obj
 0001:00018df7       ?ReleaseVarDesc@CDispTypeInfo@@UAGXPAUtagVARDESC@@@Z 10019df7 f cdispti.obj
 0001:00018e1f       ?PmdataOfDispid@CDispTypeInfo@@AAEJJGPAPAUtagMETHODDATA@@@Z 10019e1f f cdispti.obj
 0001:00018ec0       ?StrICmp@CDispTypeInfo@@QAEHPAGH0H@Z 10019ec0 f cdispti.obj
 0001:00018f50       ?PmdataOfPropGet@CDispTypeInfo@@AAEJJPAPAUtagMETHODDATA@@@Z 10019f50 f cdispti.obj
 0001:00018f80       ?IsPropGet@CDispTypeInfo@@ABEHG@Z 10019f80 f cdispti.obj
 0001:00018fb0       ?IsPropPut@CDispTypeInfo@@ABEHG@Z 10019fb0 f cdispti.obj
 0001:00018fe0       ?IsLegalInvokeFlags@CDispTypeInfo@@ABEHG@Z 10019fe0 f cdispti.obj
 0001:00019020       _CreateStdDispatch@16      1001a020 f stddisp.obj
 0001:0001904a       ??0CStdDisp@@QAE@XZ        1001a04a f stddisp.obj
 0001:000190ab       ?Create@CStdDisp@@SAJPAUIUnknown@@PAXPAUITypeInfo@@PAPAU2@@Z 1001a0ab f stddisp.obj
 0001:00019165       ??0CStdDispUnkImpl@@QAE@PAVCStdDisp@@@Z 1001a165 f stddisp.obj
 0001:0001919a       ?QueryInterface@CStdDispUnkImpl@@UAGJABU_GUID@@PAPAX@Z 1001a19a f stddisp.obj
 0001:0001922e       ?AddRef@CStdDispUnkImpl@@UAGKXZ 1001a22e f stddisp.obj
 0001:00019252       ?Release@CStdDispUnkImpl@@UAGKXZ 1001a252 f stddisp.obj
 0001:000192d3       ?QueryInterface@CStdDisp@@UAGJABU_GUID@@PAPAX@Z 1001a2d3 f stddisp.obj
 0001:000192fe       ?AddRef@CStdDisp@@UAGKXZ   1001a2fe f stddisp.obj
 0001:00019322       ?Release@CStdDisp@@UAGKXZ  1001a322 f stddisp.obj
 0001:00019346       ?GetTypeInfoCount@CStdDisp@@UAGJPAI@Z 1001a346 f stddisp.obj
 0001:0001937e       ?GetTypeInfo@CStdDisp@@UAGJIKPAPAUITypeInfo@@@Z 1001a37e f stddisp.obj
 0001:000193c3       ?GetIDsOfNames@CStdDisp@@UAGJABU_GUID@@PAPAGIKPAJ@Z 1001a3c3 f stddisp.obj
 0001:00019410       ?Invoke@CStdDisp@@UAGJJABU_GUID@@KGPAUtagDISPPARAMS@@PAUtagVARIANT@@PAUtagEXCEPINFO@@PAI@Z 1001a410 f stddisp.obj
 0001:00019470       _DosDateTimeToVariantTime@12 1001a470 f time-api.obj
[...]
FIXUPS: 20455 3e 1d 2d 1d 2d ffffecf6 7e 2c 67 22 61 24 87 1f 56 16d 1d
FIXUPS: 1f6b6 1e 3f be 10c 6f 231 27 2b 72 d9 68 16 36 122 36 1d 2d 1d
FIXUPS: 1ffbc ffffe761 59 1f 48 2c 80 2e 6d 43 31 31 2f 23 1d 31 23 1d
FIXUPS: 1eae9 1a2 ac ac ac ac be 46 25 2c 93 3d 19 78 13 ffffe224 38 191
FIXUPS: 1d66f ba db 19 119 33 68 28 26 4c b6 a7 b0 cc 36 28 19 124 33 68
FIXUPS: 1dfa2 4c 79 a7 1ac 102 9c 127 102 49c6 21 22 21 21 25 25 27 1a5
FIXUPS: 23303 1c9 ffff9a1c 1b 6e 2a 39 29 43 e3 56 16 1f 57 1e 2a 5b 3a
FIXUPS: 1d2fb 34 31 4e 2c 53a3 a7 1b 1b 1f 21 26 ba 2d 1f 21 21 ba 4e 21
FIXUPS: 22b52 c1 66 21 c6 1c 1b 1b 1f 21 d9 2b 2a 24 18 21 21 ffffec0d
FIXUPS: 21c26 a7 6a 37 42 3b 2c 101 1a 6e 123 3f bf 5a 27 82 27 a9 3b 2c
FIXUPS: 22421 2c 13 ed 80 fd 1b 1b 1f 21 1c 3450 12 ff 25 dd 2d 407 1b
FIXUPS: 263e7 28a 32 18 31 2e 44 28 36 16 22 1a 219 56 296 16b 1a 1ab 5e
FIXUPS: 270cc 29 f0 ffffa97e 11 33f0 3a b0 10 9 11 4e 4b 43 58 39 13 37
FIXUPS: 25277 2af 2b d 4c 2a d 3d 2e f9 16 49 144 f2 78 78 48 36 30 ffffedf1
FIXUPS: 2499e 3f 2a 3e 29 41 3a 44 d 52 28 3f 1f 1f 1f 1f 23 1f 3d e 19
FIXUPS: 24d51 41 2a 34 d 7b 42 2e 11 51 fffff00e 23 3d 22 19 dd 15 ae 1e
FIXUPS: 241cf 11 30 4f e8 96 23 3d 1a 1e 2e 8b 64 66 29 19 db 39 23 36
FIXUPS: 2484f 100 9 ffffec67 156 78 39 19 da 49 11 2b b2 43 37 1a 29 46
FIXUPS: 23b0d 2e a4 43 35 23 5b 22 19 a1 50 c 11 2b 74 24 43 55c7 10 18
FIXUPS: 29560 17 109 17 10 29 17 1d 7 65 13 ffffe55a 3c 31 78 89 20 fffffbdc
FIXUPS: 27ac3 15d fffff89d 1f a4 9 cb 84 79 9 ffffbde4 5acd 22 50 43 39
FIXUPS: 29133 56 18 1f 18 67 14 4d 17 13 f 7 b 18 d 17 79 20 17 10 29 17
FIXUPS: 29437 29 17 4d 10 fffff70a 8 8 17 47 10 17 17 21 40 47 10 17 10
FIXUPS: 28d8e 2d 21 26 10 36 b b 15 1d 1e 37 1a 5e 17 57 21 14 fffff781
FIXUPS: 28791 1a 55 1d 25 23 18 15 1c 9 21 24 1e 36 10 17 31 14 13 2b 4c
FIXUPS: 28a8d 14 1f 1e 14 6d 17 31 10 17 fffff592 10 17 14 47 2a a 11 47
FIXUPS: 2829b 74 28 4f 4a 1a 22 82 33 26 24 2f 4b 18 50 27 33 32 5b 19
FIXUPS: 2871e 14 26 1253 92 12 14 4a 35 27 1c 1b 5f 12 75 fffffb8e 24 47
FIXUPS: 29844 c ffffe655 2e 18 21 50 45 20 23 68 14 44 17 3b 15 24 23e6
FIXUPS: 2a52c 1f 38 11 17 2b 17 27 3a 4c e 2d 48 34 17 14 29 14 23 31 17
FIXUPS: 2a834 f 19 3e b 38 58 6c ffffefdd 12 438 1e 6c 1e 4e 86 2f 23 1b
FIXUPS: 29fc3 41 3c 2c 5d 1a 29 31 a4 24 f 2a 18 4b 34 24 67 2f 2e 7d 39
FIXUPS: 2a4e0 10 12c1 6f 99 8e 20 3b 11 18 63 b 50 2f 45 52 ffffeef1 20
FIXUPS: 2aa8f 1c 2f4 7e 34 b4 6a 35 b2 ffffec68 18 58 e 18 11 2d 99b9 7
FIXUPS: 3378a 6a 21 1a 27 7 89 10 10 ffff827a 7c 21 3e 192 21 3e 150 89
FIXUPS: 2b41b 4c 46 2e 57 11 18 26 9d be 2b 1b 7c16 17 18 29 10 7 11 17
FIXUPS: 333eb 17 13 37 27 40 41 17 29 7 49 7 59 17 14 7 5e 21 21 1a 1e
FIXUPS: 33702 24 10 ffffec61 41 2b 23 13 ad 14 6c 14 3c aa b 545 13 2d
FIXUPS: 32c20 30 74 41 6f 1ef 30 110 9d 10 90 90 40 13 4d 10 7 ffffe8ec
FIXUPS: 31c30 7a 77 7 36 4c 7 27 7 41 13 2d 13 5d 40 84 8c 58 28 17 10
FIXUPS: 320e4 14 14b 71 18 e 22 13 13 5e fffff1bd 20 b 16 16 10 67 1c 1c
FIXUPS: 31677 4c 7 2e 13 1d 57 13 7 2b 30 1c 93 77 7 34 49 33 5b 7f e1
FIXUPS: 31b93 6d fffff52e 3e 89 48 3a 4c 4d 18 13 7 b 7 d 3b 13 51 10 d
FIXUPS: 31424 7 17 2a 7 11 1e 25 6 20 7 25 7 15 fffff4ab 21 2e 14 5f 10
FIXUPS: 30af0 13 c 7 65 60 40 22 3f 7 10 7 43 11 6c 3a 1af 2c 1f 9 5b 1d
FIXUPS: 3104a 6b 21 1d fffff264 23 80 38 30 18 2b 74 3f a0 1a 3d 59 19
FIXUPS: 306e2 2f 28 2f b3 2a 7 10 7 d 6b 2c 28 7 7 18 21 26 fffff50b 8
FIXUPS: 2feb6 17 10 7 18 18 18 30 40 23 15 b 20 7 56 2c 18 39 18 42 18
FIXUPS: 3018e 23 80 2b 18 2b 18 42 18 fffff4b9 18 13 1e 7 11 1f 7 40 8c
FIXUPS: 2fa77 7 17 16 7 7 7 29 83 b b4 135 c 1f c 70 56 11 7 10 7 8 fffff4ad
FIXUPS: 2f348 20 1d 50 7 24 8 34 21 24 2d 2d 29 b 2b 4e 7 38 46 25 7 b
FIXUPS: 2f667 4b 7 20 4b 7 5c 1d 13 fffff580 d 1f 9 32 35 17 7 22 39 7
FIXUPS: 2ee7c 2b 7 58 46 1d 2a 9 c5 84 7 da 4f 7 20 46 25 7 b 23 1d fffff631
FIXUPS: 2e936 7 22 21 c 7 23 21 c 7 20 39 13 7 19 7 37 2e 13 8d 6e 13 7
FIXUPS: 2ec43 13 7 b 42 7 40 22 fffff770 30 13 21 1e 46 17 9 19 53 59 27
FIXUPS: 2e688 6a 3c 19 9 7 8 14 21 11 3f 25 7 28 7 b 11 2a 49 3b fffff5e8
FIXUPS: 2df34 1e 69 17 10 2c 49 57 7 14 7 17 6c 7 29 7 9 19 7 29 7 9 7a
FIXUPS: 2e39d 4b 24 25 7 28 7 b fffff47c 42 4c 7 18 7 17 5f 87 44 7 1a
FIXUPS: 2db1b 20 15 4f 7 28 26 7 ab 7 2d 23 46 31 67 7 18 7 17 5f fffff46d
FIXUPS: 2d317 9b f f 13 9 7 8 5b 54 57 b 46 12 9 9 87 1e 2b 37 26 3e 57
FIXUPS: 2d748 10 6d 44 22 33 71 18 fffff660 7 1f a 14 4f 10 7 11 3a b 12
FIXUPS: 2d06e 9 4f 7 23 7 1f 7 17 10 7 a b 4a 51 1d 29 11 38 4a fffff8d1
FIXUPS: 2cbae 7 40 7a 9b 17 10 7 d 18 20 22 22 9 8 9 8 b 3b b 13 b 1e f
FIXUPS: 2ce8b 38 1f d 11 7 37 fffff720 36 7 17 29 4c 76 12 26 15 11 8 70
FIXUPS: 2c898 18 13 2b 18 35 2d 2f 9 35 10 1e 37 4c 29 57 14 3a 32 a82a
FIXUPS: 373c0 14 6c 14 10 2c 10 10 14 ffff4ca7 10 34 11 7 51 52 51 64 14
FIXUPS: 2c385 2d 1f 5d 3e 7 30 7 29 7 9 7a a4a3 a0 123 10d 17 17c 13 27
FIXUPS: 36ea8 11 6a 42 13 24 34 10 7 39 10 7 3c 2d d4 34 30 2e 32 a8 10
FIXUPS: 37304 10 8c ffffeb14 12 9 b 30 28 26 b6 b6 7a 25 16b 31 7f 8d 1e
FIXUPS: 36432 34 6f 45 156 48 1a 54 11 16 36 3e 64 1a e1 70 ffffeef8 17
FIXUPS: 358aa e 1d 10 21 13 48 3b 48 d b 10 16 17 11 1f 3f 3e 21 4a 5c
FIXUPS: 35c4e 3e 3a 4b 32 28 c9 49 27 ffffef67 1d 10 9 1f 63 e 11 1d d
FIXUPS: 34f40 6e 50 e 11 2b d 3e 25 42 63 f 53 c4 9 15b 98 22d 4b 15 aa
FIXUPS: 3587a fffff14d 25 7 28 18 10 10 18 17 8b 25 b 30 10 9 49 e 11 2b
FIXUPS: 34c26 19 3e 28 45 68 2a c 18 b 1a 1e 10 fffff207 e8 127 f4 12a
FIXUPS: 34476 65 c2 2d c 37 18 10 1d 31 fb 43 18 1e b b 80 2d 16 1e 7 25
FIXUPS: 34921 3d 2b 19 1e fffff2fc 11 7 b 17 10 1c b 2e b e 4a 16 7 1e
FIXUPS: 33e06 9 11 17 13 15 7 7b 16 d 9 11 17 13 15 7 86 3a66 9 107 1c
FIXUPS: 37ba0 28 3c 16 10 ffffbcf6 3a 71 b 12 20 43 46 c 2a 2b 7 1d 13
FIXUPS: 33b34 11 e 2a 1f 12 55 58 b 556e ffffe33c 7 38 23 10 1a 12 7 28
FIXUPS: 375e5 9 21 34 34 34 54 34 4f 73 10 40 1f 10 59 8 9 71 d 1c 15 41
FIXUPS: 38c3d 2e 1c 11 f a6 4f f 6 85 10 4e 14 f 32 9 39 17 3e 19 f c f
FIXUPS: 39011 15 64 2a 1c 17 2d b1 9 fffff65c 7 9 7 6 21 20 5b 27 2f 1c
FIXUPS: 38964 32 e 22 27 c c 9 43 c c f 48 57 34 c f 44 9 33 1d fffff854
FIXUPS: 384ad c 7 9 7 6 21 23 35 b 33 c 7 9 7 6 27 1b 17 11 1d 29 2a 13
FIXUPS: 38736 44 c c f 2d 2f fffff87f 26 24 1c 14 17 20 11 c 23 22 23 22
FIXUPS: 38215 23 3c 1a 2d 7 9 7 6 20 27 13 1c f f 1b 56 e 2d 98e2 39 34
FIXUPS: 41dd6 10 10 ffff5e5a 44 10 3e 18 2c 4c 13 46 4b 35 8 3a 1c 1c 1f
FIXUPS: 37f08 c 27 26 4d 1c 1e 3b 27 26 9684 9 17 14 4c 9 17 14 2f 2c ee
FIXUPS: 4191c 38 52 2a 10 f 77 2a 14 f 3e c 87 c c c c 8d 6 14 8b fffff46f
FIXUPS: 41195 13 1d 13 12 26 13 2d 30 17 10 29 17 39 17 10 29 17 24 fb
FIXUPS: 414b6 41 1a 3e 45 9 17 14 39 c c1 fffff3fa 1b c4 16 17 38 53 bc
FIXUPS: 40d53 55 98 1c 1e 23 14 8 c 25 19 21 36 56 23 c 48 11 26 54 12
FIXUPS: 410d3 18 43 fffff554 7 7 24 24 12 2e 1b 16 1a 14 12 1c 15 1c 69
FIXUPS: 40848 1e b 2f 22 37 2e 26 20 21 10 b 39 75 20 32 fffff4b7 21 32
FIXUPS: 3ffd5 43 26 27 3a 43 1b 26 26 3e 62 29 6f 4f 29 25 4b 2f 15d e
FIXUPS: 40513 15 37 8a 48 1f 10 10 b fffff40c 36 20 11 6 e 25 c c 9 18
FIXUPS: 3fb9b 17 33 21 17 53 d 2a 29 2d 2d 2d 29 2a 29 30 28 2a 2a 84 47
FIXUPS: 3f69f 47 3c 24 1f 2f 35 21 34 23 c 18 8 12 12 8 34 32 8 4b 13 c
FIXUPS: 3f983 f 18 1b 11 f e 48 1e 28 fffff6da 24 2b 24 2b 24 24 24 29
FIXUPS: 3f2b2 45 27 41 26 29 24 24 24 24 24 4d 37 24 2d 50 37 1d 16 28
FIXUPS: 3f645 10 f fffff426 13 17 16 20 16 2c 84 a2 22 c 3f 9 42 17 c c
FIXUPS: 3ed94 5a 3d 9 75 2e 55 30 30 f3 1f 1b 51 8 21 fffff33f 37 37 8
FIXUPS: 3e505 59 80 1a 30 13 3f 69 21 6a 98 12 f 29 37 5c 10 21 f 36 10
FIXUPS: 3e98c 16 48 e 31 f 43 fffff4b7 12 43 19 2c 1b 95 1d b f 31 14 2c
FIXUPS: 3e14c 2a 45 53 62 6f 14 2f 1d 27 7 2e 7 3b 10 1d 10 3a 16 fffff631
FIXUPS: 3dab4 1b 44 53 2a 22 f 2b 5b 46 21 f 39 16 6 1a 21 2c f 3b e 18
FIXUPS: 3de29 2f 23 18 a 1b 23 1c 25 fffff6ff 13 23 44 21 1e 1f 10 23 10
FIXUPS: 3d75f 12 9 7 b 17 10 18 9 7 e a7 10 20 18 3f 10 c2 1d 1e 13 3b
FIXUPS: 3d19e 25 15 e 35 16 1b 22 35 1a 14 5f 8 34 27 22 20 26 1c 18 21
FIXUPS: 3d45f 28 17 b 7b 24 f 68 b 19 1b fffff676 4e 74 9 7f 1a 9 23 18
FIXUPS: 3ce28 c 12 25 1a c 13 2e 35 24 1d 8 c ac 86 27 23 18 f 20 22 2f
FIXUPS: 3d17b fffff4ad 1f 24 9 6 f 2b 22 29 61 1f 24 9 6 f 2b 4d 18 44
FIXUPS: 3c972 23 12 2d 73 2a 4e 3b 47 3d 40 29 50 fffff44f b 1d fa 4e 12
FIXUPS: 3c221 25 6 28 d 1e 16 d 11 47 2d 3b 71 23 1d c 2d 1c 29 f 1c 33
FIXUPS: 3c527 6b 9 9 fffff796 4a 29 57 7 36 30 16 8 14 8 23 4f 16 51 16
FIXUPS: 3bfa2 14 8 7 c 8 6 f 8 c 9 f 37 e e e fffff4db 23 5e 58 37 ad 16
FIXUPS: 3b761 a6 34 42 17 26 28 27 27 23 34 18 ba 26 41 19 86 b b b e e
FIXUPS: 3bbaa e 15d ffffefcb 63 6f 1d 6b c8 40 31 1b 11 39 17 64 5c 2e
FIXUPS: 3b10e f 1c 42 14 2d 26 36 1a 32 53 50 185 22 16 30 31 fffff208
FIXUPS: 3a748 19 2f 10 34 1f 36 11 2a 4c b4 8 4b 14 7 24 14 7 16 4f 31
FIXUPS: 3aad5 44 43 23 1f 24 7 30 2a 4d fffff13b 1b 5f 2c 2c 41 2c 37 43
FIXUPS: 39f90 48 3b 8d 9a d4 73 14d 1f d2 23 1c 14 f 19 34 2c 1c 12 83
FIXUPS: 3a6d4 11 1b ffffee04 f 13 e2 27 29 2d 53 45 58 36 9a 36 26 39 2c
FIXUPS: 3995a 3e 2a 2b 8f 1d 1a 29 3c 35 2e 60 64 41 82 29 8377 94 54 2e
FIXUPS: 421d9 2e 65 2e 2b 2e 2c 44 4c 20 c3 fb 3c 50 92 7e 25 b4 9 ffff6a0f
FIXUPS: 39243 3e 22 26 b4 22 65 95 9864 1a 47 1a 11 6 11 11 24 27 24 38
FIXUPS: 42e69 a 1f 4f 21 1e 1d 21 1e 6 17 11 15 fb ffffed98 44 2d 2f 18
FIXUPS: 41f4a 2ae5 38 2c ffffddf3 57 1c 29 18 25 1e 2d 94 70 18 10 d 7
FIXUPS: 42af3 9 12 1b b 16 24 16 12 1b 42 39 31 14 1f 1822 13 17 10 14
FIXUPS: 4451c 23 32 e 30 13 17 13 17 17 17 10 14 1f 6b 18 2c 2f 3f 43 2b
FIXUPS: 4482a 2e 4b 30 30 121 fffff70b 1d b 2c 11 54 23 25 4d 24 23 23
FIXUPS: 44328 7 e b 8 b e 10 26 1a 27 b 2b 13 10 14 1c 12 10 b fffff824
FIXUPS: 43cde 22 5e 7 52 b 8 b e 11 7 b 2a 14 27 c 2c 17 34 48 b 13 41
FIXUPS: 43fda 34 21 34 24 4c 24 20 fffff5ec 1d 46 3f e b 16 2b 18 e4 3a
FIXUPS: 43943 b 2e 26 33 52 1d 3f 21 22 50 22 26 2c 14 7 17 2b 35 48 30
FIXUPS: 4327a 24 1f 1d 30 16 27 37 42 28 18 4e 15 1d 13 18 15 22 10 15
FIXUPS: 4351f f 10 3a 18 1b 1f 9f 14 11 23 2c 38e3 52 14 2f 14 35 a5 17
FIXUPS: 4718b 38 30 35 2d 15 27 18 21 d5 11 48 ffffd6ca e ffffe613 b 53
FIXUPS: 43167 17 10 17 6b 3b 1a 34d4 4e d3 f 47 25 f 32 1a 25 87 2d 41
FIXUPS: 46a9c 17 2d 46 4f 29 17 be 26 49 1d 2f e 2e 40 7e 1e 39 106 fffff32d
FIXUPS: 462de 22 3b 1b c 26 c 26 c 39 27 31 3b 3d f 2f 1b 2e 76 f 2c e
FIXUPS: 4663b e 21 e 37 d 25 13 18 fffff5fd 4d 12e 26 11 42 b 62 12 17
FIXUPS: 45fa0 2e 3a 3a 11 f 2c 1e 2c 26 39 24 13 59 31 11 2c 11 f 29 1c
FIXUPS: 462a6 fffff228 27 7 fd 15 2e 38 3d 3d 4c d8 38 47 4f 6c 39 36 13
FIXUPS: 45a11 30 32 1d 45 20 1c 53 2d 66 28 35 19 22 fffff04d 10 1c 7 60
FIXUPS: 44d7c d f2 54 39 6a 8f 13 59 3f 13 7d 23 86 af 23 3f 3d 3a 2a 4f
FIXUPS: 453fc 7 47 6 5d 1a 5539 a 3a 34 30 30 ffffc9cf 1a 67 43 19 1a 81
FIXUPS: 47637 4a 24 28 70 d 36 a 31 c7 14 4c 68 46 38 31 e4 32 dc 2275
FIXUPS: 49e77 39 140 10 10 40 130 70 70 40 100 17 1e9 b a ab a 7c 3f d
FIXUPS: 4a760 10 10 43 34 49 b b a f0 70 fffff167 26 b 40 2c 2f 20 a 9
FIXUPS: 49c35 a a a d a a 19 2a d a b c 22 c 26 1b b 20 9 7 19 9 fffff8f0
FIXUPS: 496b8 44 26 b 10 17 1e 24 3e b a 22 3b b 14 11 11 11 11 11 14 87
FIXUPS: 4997c 46 61 7 20 13 30 17 26 fffff897 1e b 17 10 1b 2f 32 23 30
FIXUPS: 494b1 30 23 2d e 7 2d e 7 2d e 7 2e b 10 17 10 10 10 17 10 10 fffff8b0
FIXUPS: 48f62 25 8 18 56 18 d 31 8 18 38 11 13 35 6 33 14 1e 7 17 24 4d
FIXUPS: 4921a 1a 7 7 5b e 11 19 7f fffff743 24 29 48 14 24 24 24 24 24
FIXUPS: 48c18 24 24 24 24 24 24 24 21 3a 7 18 3b 21 25 8 18 56 21 25 8
FIXUPS: 48eeb fffff80f 1e 18 27 2a 1c b 13 9 14 10 2e a 34 14 b 10 9 a
FIXUPS: 488c7 14 25 25 25 25 25 25 25 25 25 25 25 fffff9a7 10 20 d 8 10
FIXUPS: 48477 8 18 a 24 b 10 7 12 9 7 c 1a e0 14 b 10 1c b 18 11 b 1e b
FIXUPS: 486d3 18 fffff9cd 53 3f 27 1c 14 33 11 d 24 1c 10 c 25 d 9 f d
FIXUPS: 482bc 10 c 63 c d 34 14 b 1e 8 1c 18 8 8307 347 100 cc 41 34 3c
FIXUPS: 50cec b 1f 10 13 2b 32 7 23 17 ffff703e 21 21 24 24 e1 23 10 d
FIXUPS: 47fdf 10 27 18 3c 43 7aaf 14 11 f 9 b 18 29 7 18 34 7 18 47 7 18
FIXUPS: 4fd00 40 100 17 10 39 11 11f 1b1 123 35 10 42 47 31e 40 fffff159
FIXUPS: 4f84c f 22 1b 1c 1f 42 7 7 7 1d 1e e 24 2e 18 23 14 11 12 9 b 24
FIXUPS: 4fa7f 1e b 17 10 24 2e 18 fffff6c0 13 1d 70 cf b 17 12 9 b 17 10
FIXUPS: 4f413 7 73 f9 34 28 2b 42 a 10 a 1a 1a 2a 1d b 1c 24 84 3c fffff559
FIXUPS: 4ed5d b b 9 21 1c b e e 9 2c 7 3c 1f 18 4c 5f 13d 21 24 55 14 7
FIXUPS: 4f133 7 25 50 14 7 7 7 fffff854 1b 11 b 17 1a 11 b 17 20 23 f 29
FIXUPS: 4eb61 2a 23 12 29 7 17 10 23 1d 11 b 17 1a 11 b 17 1c 31 fffffa2b
FIXUPS: 4e76d b 11 20 16 9 19 23 11 b 11 b 1e b 11 20 16 9 23 10 41 7 17
FIXUPS: 4e957 1f 2a 23 12 29 7 17 fffff98d 38 7 26 7 26 34 1c b 16 24 b
FIXUPS: 4e501 7 24 1a b b 48 e 26 7 26 4c 5d 23 25 e 16 9 10 11 fffff886
FIXUPS: 4dfe2 1a 14 23 7 17 10 1b 1c 1c 5b 7 23 1c 32 18 25 b 1a a 1e d
FIXUPS: 4e236 b 2a 1a 21 60 7 26 1c fffff98b 14 34 26 9 18 11 b 17 19 11
FIXUPS: 4ddd1 17 15 9 11 37 39 7 17 10 2b 7 21 25 1d 11 b 17 1a 11 b fffffacf
FIXUPS: 4da9d 2a d d a 11 c b 34 d 7 7 21 6 c f 17 12 17 1d 18 f f 8 12
FIXUPS: 4dc58 1a 7 18 2a 12 fffff984 18 f a 2a 16 1e 19 7 9 7 2e cb 2a
FIXUPS: 4d84a 18 f 8 11 7 2f 2a 43 18 11 6c 10 7 17 10 4b 28 fffff74f b
FIXUPS: 4d1de b 9 7 27 3a 31 28 38 1e 19 17 18 f 1e e 7 7 12 12c 28 33
FIXUPS: 4d551 19 17 18 f a 58 30 fffff8df 23 2b e 18 f 8 f 7 19 d a a c
FIXUPS: 4d00a a 11 18 44 b 2e 21 9 f 22 21 9 b 2a 1b 7 23 fffff8ff 16 1e
FIXUPS: 4cb0c 1d 16 14 20 c e 10 cb 34 1e 1f 1d 16 14 15 3b c e 10 17 87
FIXUPS: 4ce64 23 21 22 7 17 10 fffff836 1e 9 18 27 10 11 1d 37 1b 1e 9
FIXUPS: 4c863 2e 62 10 7 28 b 9 7 44 47 26 13 a 15 19 29 1f 6 11 fffff84e
FIXUPS: 4c30a 10 b 16 30 af 5a 1b 13 11 b 17 1d b 29 c d 2a 18 45 37 b
FIXUPS: 4c61b 10 39 18 34 d 10 f 37 fffff809 38 19 7 7 36 17 10 10 19 2a
FIXUPS: 4c048 19 10 1d 16 16 22 14 10 b 16 25 26 1b 12 10 c6 29 17 19 c
FIXUPS: 4bc2d 7 11 37 5c f 25 c 1a b 29 1f 1a 20 1b 17 10 14 9 9 1f 27
FIXUPS: 4be7d 17 10 1d 10 10 12 9 b b fffff9f9 e 18 1d 1c 3e 27 14 c d
FIXUPS: 4ba2d 2e 10 10 1b 21 f 19 f 1d 1c 1c a 14 a d 3b 7 2a 14 11 10
FIXUPS: 4b4b7 10 59 30 13 17 a 15 28 1a 1c f 48 b 2b f d 1c 12 17 18 29
FIXUPS: 4b740 9a 15 2a 1b 1b 2a 17 f 2a fffff8a8 1c 24 2b 11 10 12 9 b
FIXUPS: 4b233 1f 10 1f 1f 4c 9 9 47 3c 1b 13 11 b 17 1d 24 c 11 18 31 10
FIXUPS: 4b4a0 fffff95e b 11 16 2b 39 16 a 25 c 11 b 10 29 1d 1f 1f 26 b
FIXUPS: 4afd7 11 1c 35 28 c 9 22 d 27 10 2b 2f a12e 14 4c 9 17 24 14 44
FIXUPS: 5536f ffff57ee 14 10 14 10 10 10 23 18 14 10 14 10 14 11 bc 1e
FIXUPS: 4ad52 17 10 16 2f d 9fc7 11 3d 10 12 10 12 17 10 25 11 3f 70 100
FIXUPS: 55054 9 17 14 3c 9 17 14 4c 9 17 14 4c 9 17 14 4c 9 fffff580 17
FIXUPS: 547f4 10 29 17 58 17 3d 18 19 b 19 27 f e 7 13 61 ea b 55 4d c
FIXUPS: 54bf2 2e 11 9f 40 40 1d 1a fffff51f 27 52 7 22 3e 16 1a 1f 1c 9
FIXUPS: 5440c 25 3f 31 b4 7a 92 28 16 7 1c 7 44 16 7 1e 26 b f f 1c fffff425
FIXUPS: 53be3 b 11 b 11 148 37 29 20 b6 30 28 29 20 aa 79 94 7 1e 1a 17
FIXUPS: 5415c 22 15 29 6 4c 21 7 1e 7 fffff5e3 22 25 7 17 7 16 7 f 63 2b
FIXUPS: 5398d e 6 18 15 1e 14 16 2c 1c 12 17 1a 26 22 33 1e 3d 16 7 1e
FIXUPS: 5328c cc 3a 22 21 b b 14 5b 16 18 2d 23 c 30 69 6d 29 29 5d 19
FIXUPS: 536d6 24 48 1b 24 24 41 7 16 7 1e fffff6aa 14 90 7 17 26 26 7 61
FIXUPS: 5305b 13 13 17 25 d 28 7 1e 16 e 13 19 16 13 2a 1a 13 14 13 26
FIXUPS: 53262 15 fffff88d 16 e 15 25 29 67 62 23 b 17 19 b b 10 21 10 1a
FIXUPS: 52d33 17 10 10 10 17 10 1a 1c d 38 32 30 49 fffff7a5 21 16 10 17
FIXUPS: 52704 ba 11 57 b 6 e b b 26 30 47 34 23 e 15 16 19 10 17 29 33
FIXUPS: 52a67 35 b f 1b fffff73b 1d 2a 36 24 b 17 10 2a b c 58 19 b 10
FIXUPS: 523c3 10 c 17 25 5b 3c 7d b b 14 1a 1d 3a 2d 19 14 fffff801 14
FIXUPS: 51e47 10 2c 10 9 1c 2a 2c f 4b 64 21 b 17 10 31 c 8 1a 9 5f 26
FIXUPS: 52141 2d 7 1e 16 1e 13 15 fffff7e8 17 65 42 17 2b 2c 17 16 7 6b
FIXUPS: 51bcb 13 2f b 10 b 19 20 2c 18 2e 23 11 25 2b 22 13 19 c 30 13
FIXUPS: 514a1 21 47 44 b 73 3c 76 b 1f 24 24 7 24 7 21 b a1 25 2c 2c 23
FIXUPS: 51895 1c 2b 4f 16 18 1b 2d 1c 13 fffff6f6 e b b 11 1c 10 16 7 e
FIXUPS: 5115d b 26 b 17 9 7 100 1b 10 12 9 b 2a 9 16 af 7 2d b 21 2d 4876
FIXUPS: 55d12 10 ffffb0eb 8 2e 16 20 36 7 30 21 36 22 10 12 9 b 1d b a
FIXUPS: 50fee 9 d 9 a 5c 7 11 7 17 16 4752 32 21 2c 49 4f 15 1f 4a 81 b
FIXUPS: 55a38 d a 8 3d 18 34 9 3b 45 1e 31 1f 22 b 50 13 f 3e c 12 fffff780
FIXUPS: 55473 50 27 c 24 55 24 19 23 f c a a 11 42 2b 13 18 38 7 1f 19
FIXUPS: 55736 13 d 7 8 6 14 31 4d 18bd 25 24 25 24 24 24 3e 31 2d 17 22
FIXUPS: 57283 1a 17 17 14 12 2f 13 d1 d 5d 55 10 38 25 17 1a ffffde92 22
FIXUPS: 55428 1810 7 7 1e 7 25 21 1a 17 2f 27 21 1a 17 2d 23 17 13 7 37
FIXUPS: 56e88 3e 14 21 21 21 24 24 24 24 b4 14 fffff81f 12 8 7 1c 13 17
FIXUPS: 56932 2e 12 2b 14 b 24 47 24 20 69 1b 74 b 10 14 6 13 11 c c 8
FIXUPS: 56be3 f 20 fffff913 17 17 31 1d 10 f 18 1e 2e b b 47 16 7 1e 1f
FIXUPS: 566ed 27 10 17 12 8 21 23 17 1a 24 16 1f 12 5e fffff912 7 37 27
FIXUPS: 5623f 20 17 37 7 1c 16 f 6 1d 2e 10 7 b 18 23 6f f 48 7 b b 2e
FIXUPS: 564d5 12 8 7 1c 1fb7 13 18 30 17 28 6e 7 27 20 19 12 36 13 fffff093
FIXUPS: 57740 ffffe7fe 1e 24 38 b 8a 8 2f 24 20 32 7 1e 7 21 4e 1edc 18
FIXUPS: 58099 17 14 59 23 32 26 80 7 44 25 53 b 22 7 17 16 1a 1a 1b 1a
FIXUPS: 583bf 1b 1a 1a 1c 48 14 18 13 fffff89e 86 7 25 42 b b f 1e 9 b
FIXUPS: 57eaa 1f 10 1f 10 10 20 b 41 13 10 13 7 17 10 21 b 11 15 c b fffff8ab
FIXUPS: 5792a 41 10 b e e 15 20 9 22 9 26 3f 10 24 29 28 17 16 b b 9 8b
FIXUPS: 57c00 14 2f 56 17 24 37 17 1b4d 4c 1a 20 20 1a 34 16 23 17 2e 1a
FIXUPS: 59a12 1a 1a 2b 1a 27 2a 14 22 33 b 44 2e e8 ffffdbaa 21 17 1d 7
FIXUPS: 578b7 1b75 2c 42 28 15 b 8 6e 22 19 e c 7 7 c 1c 38 3b 34 18 4a
FIXUPS: 5970b 48 1c 2b 6 c 3e f b 38 22 fffff661 15 8a 2f 30 10 1c 69 29
FIXUPS: 5909b 1c f 26 1a 1a 44 1d 1a 10 31 48 58 18 35 1c 23 54 38 6 17
FIXUPS: 593c1 3c fffff5a5 21 2e 2f 3d 1f 24 f 2d 1d 23 24 24 1f 37 77 1a
FIXUPS: 58c5b 2a 23 f 10 41 10 b 1a 10 9 5f a7 31 22 2bbf 5e 20 19 19 10
FIXUPS: 5bb7b 5b d 1e 70 e 5 2f f 5 ffffca4c b 52 10 b 27 21 2e 28 2a 3f
FIXUPS: 588a1 5f 27 25 35 276e 17 1f 1c 58 8 1e 1e 96 2f 48 28 4d 1a 18
FIXUPS: 5b3b8 18 f9 23f 7a 23 2b d b2 11 75 22 52 2a 48 2b d ffffedaf 8
FIXUPS: 5a83d 3c 55 a 48 68 d 3f 5e 49 26 99 2a 65 c4 5b d 9b 11 2e 1c
FIXUPS: 5ae03 25 36 4c 74 49 78 d 79 ffffeea1 8 48 68 17 21 26 ca 38 56
FIXUPS: 5a197 bb 61 34 e7 5d aa 19 a 5b f 2c 45 51 8 39 15 12 76 29 64
FIXUPS: 5a7a9 2aa9 19 24 7 21 1a 17 21 1b 23 3f 17 22 12 2f 13 90 40 5d
FIXUPS: 5d560 10 30 20 10 41 63 9 17 14 ffffc6e8 f8 2c 30f5 44 10 13 19
FIXUPS: 5d03d 7 6 13 7 22 1f 10 10 10 17 21 1d 7 9 8 7 1f 8 9 8 9 4e 7
FIXUPS: 5d200 1a 17 fffff996 28 1f 10 26 49 10 1d 10 42 b 18 21 f 14 14
FIXUPS: 5cda5 2b 29 10 71 10 12 3c 7 17 10 7 15 7 42 1d fffff906 24 b d
FIXUPS: 5c8d6 c 8 7 f 25 11 9 d 14 44 1e 1e 2c 3e 81 8 8 12 18 21 e 1f
FIXUPS: 5cb6a 1e b c 18 fffff953 21 12 32 17 2a 1e b 10 11 10 11 10 18
FIXUPS: 5c664 44 10 13 32 17 10 10 36 28 7 10 7 66 7 6 2f 7 fffff77d 39
FIXUPS: 5c035 7 21 7 2d 24 51 2a 43 7 25 21 17 15 23 33 a8 3c 5c 3d 3b
FIXUPS: 5c401 25 21 15 20 8 40 20 10 1c3f 10 1c 48 10 7 41 41 41 3f 13
FIXUPS: 5e300 10 10 14 ffffda8d 8 2f 24 50 14 7 28 42 b 2a 7 21 7 2d 2f
FIXUPS: 5bfb8 1ce9 1d 3e 9 7 35 9 7 1f 11 4a 7 10 40 22 12 1c 15 48 5b
FIXUPS: 5df47 5c 33 31 38 7 2b 2d 15 26 8 1d 728 1d 2d 36 ffffeeea 82 f
FIXUPS: 5d842 18 13 17 b 79 34 34 6d 48 34 9 23 73 13 45 7 2b 2d 1c 4f
FIXUPS: 5dc36 7 7 3e 2ace b0 6a 21 117 d0 29 9 57 21 5d 78 5a a5 30 ffffd6ac
FIXUPS: 5e3d9 1f 1b 85 14 6f 2f 13f 1f 29 19 42 1f 29 4e 1e 1639 88 29
FIXUPS: 5fed3 c6 9d 81 25 18 66 d5 29 29 29 29 29 29 42 22 2b 68 25 18
FIXUPS: 604c4 b8 39 18 5d 9c 29 9 37 ffffed17 4a 2b 1f 53 15f 36 4d 20
FIXUPS: 5f75b 2f 29 26 1f 27 20 84 222 29 29 29 29 29 29 29 29 29 5b 4a
FIXUPS: 5fd6a 25 18 ffffec0b 70 2b ea bf 38 21 94 36 d1 21 88 29 9 64 6d
FIXUPS: 5efd2 1a 30 61 23 1c 3b e fa 25 18 69 21 de 2a 36
