 setupldr

 Timestamp is 5d9d60cc (Tue Oct 08 21:23:40 2019)

 Preferred load address is 00300000

 Start         Length     Name                   Class
 0001:00000000 0003410cH .text                   CODE
 0001:00034110 0000015fH .text$00                CODE
 0001:00034270 00000a53H .text$01                CODE
 0002:00000000 000001baH INIT                    CODE
 0003:00000000 0000035aH .rdata                  DATA
 0004:00000000 0000091aH .data                   DATA
 0004:0000091c 000261b0H .bss                    DATA
 0005:00000000 00000749H .edata                  DATA
 0006:00000000 000000a0H .rsrc$01                DATA
 0006:000000a0 00001a74H .rsrc$02                DATA

  Address         Publics by Value              Rva+Base   Lib:Object

 0001:00000069       _NtProcessStartup@4        00301069 f boot:entry.obj
 0001:00000313       _BlDetectHardware@8        00301313 f boot:entry.obj
 0001:0000068d       _DoGlobalInitialization@4  0030168d f boot:entry.obj
 0001:0000076d       _BlGetActivePartition@4    0030176d f boot:entry.obj
 0001:00000870       _BlIsElToritoCDBoot@4      00301870 f boot:entry.obj
 0001:00000900       _BlSetAllocationPolicy@8   00301900 f boot:blmemory.obj
 0001:00000930       _BlInsertDescriptor@4      00301930 f boot:blmemory.obj
 0001:00000ac0       _BlMemoryInitialize@0      00301ac0 f boot:blmemory.obj
 0001:00000e30       _BlAllocateAlignedDescriptor@20 00301e30 f boot:blmemory.obj
 0001:00000ff0       _BlAllocateHeapAligned@4   00301ff0 f boot:blmemory.obj
 0001:00001071       _BlAllocateHeap@4          00302071 f boot:blmemory.obj
 0001:000012f0       _BlGenerateNewHeap@12      003022f0 f boot:blmemory.obj
 0001:00001420       _BlGenerateDescriptor@16   00302420 f boot:blmemory.obj
 0001:00001610       _BlFindMemoryDescriptor@4  00302610 f boot:blmemory.obj
 0001:000016b0       _BlIoInitialize@0          003026b0 f boot:blio.obj
 0001:00001760       _BlGetFsInfo@4             00302760 f boot:blio.obj
 0001:00001850       _BlClose@4                 00302850 f boot:blio.obj
 0001:000018b0       _BlMount@8                 003028b0 f boot:blio.obj
 0001:000018d0       _BlOpen@16                 003028d0 f boot:blio.obj
 0001:00001b30       _BlRead@16                 00302b30 f boot:blio.obj
 0001:00001bb0       _BlGetReadStatus@4         00302bb0 f boot:blio.obj
 0001:00001bd0       _BlSeek@12                 00302bd0 f boot:blio.obj
 0001:00001c30       _BlWrite@16                00302c30 f boot:blio.obj
 0001:00001cb0       _BlGetFileInformation@8    00302cb0 f boot:blio.obj
 0001:00001d10       _BlSetFileInformation@12   00302d10 f boot:blio.obj
 0001:00001d70       _BlRename@8                00302d70 f boot:blio.obj
 0001:00001de2       _BlLoadImage@20            00302de2 f boot:peldr.obj
 0001:00002600       _ChkSum@12                 00303600 f boot:peldr.obj
 0001:00002660       _BlAllocateDataTableEntry@16 00303660 f boot:blbind.obj
 0001:00002840       _BlCheckForLoadedDll@8     00303840 f boot:blbind.obj
 0001:000028c0       _BlScanImportDescriptorTable@16 003038c0 f boot:blbind.obj
 0001:00002ae0       _BlpBindImportName@24      00303ae0 f boot:blbind.obj
 0001:00002e60       _BlpCompareDllName@8       00303e60 f boot:blbind.obj
 0001:00002f40       _BlpScanImportAddressTable@12 00303f40 f boot:blbind.obj
 0001:00002ff0       _BlScanOsloaderBoundImportTable@4 00303ff0 f boot:blbind.obj
 0001:000030ca       _KeBugCheck@4              003040ca f boot:stubs.obj
 0001:00003100       _MmDbgReadCheck@4          00304100 f boot:stubs.obj
 0001:00003120       _MmDbgTranslatePhysicalAddress@8 00304120 f boot:stubs.obj
 0001:00003140       _MmDbgWriteCheck@4         00304140 f boot:stubs.obj
 0001:00003188       _RtlAssert@16              00304188 f boot:stubs.obj
 0001:000031e3       _DbgBreakPoint@0           003041e3 f boot:stubs.obj
 0001:00003200       _DbgPrint                  00304200 f boot:stubs.obj
 0001:00003453       _ScsiPortInitialize@16     00304453 f boot:scsiboot.obj
 0001:00003c20       _ScsiPortAllocationRoutine@16 00304c20 f boot:scsiboot.obj
 0001:00003c50       _SpBuildScatterGather@16   00304c50 f boot:scsiboot.obj
 0001:00003d40       _ScsiPortExecute@8         00304d40 f boot:scsiboot.obj
 0001:0000404b       _ScsiPortStartIo@8         0030504b f boot:scsiboot.obj
 0001:000042a4       _SpStartIoSynchronized@4   003052a4 f boot:scsiboot.obj
 0001:00004330       _ScsiPortInterrupt@8       00305330 f boot:scsiboot.obj
 0001:00004495       _ScsiPortCompletionDpc@16  00305495 f boot:scsiboot.obj
 0001:0000487c       _IssueInquiry@8            0030587c f boot:scsiboot.obj
 0001:00004bae       _ScsiBusScan@12            00305bae f boot:scsiboot.obj
 0001:00004e50       _CreateLogicalUnitExtension@4 00305e50 f boot:scsiboot.obj
 0001:00004f00       _ScsiPortGetPhysicalAddress@16 00305f00 f boot:scsiboot.obj
 0001:00005040       _ScsiPortGetVirtualAddress@12 00306040 f boot:scsiboot.obj
 0001:00005080       _ScsiPortGetLogicalUnit@16 00306080 f boot:scsiboot.obj
 0001:000051fb       _ScsiPortNotification      003061fb f boot:scsiboot.obj
 0001:00005400       _ScsiPortFlushDma@4        00306400 f boot:scsiboot.obj
 0001:00005460       _ScsiPortIoMapTransfer@16  00306460 f boot:scsiboot.obj
 0001:000054c0       _IssueRequestSense@8       003064c0 f boot:scsiboot.obj
 0001:00005650       _ScsiPortInternalCompletion@12 00306650 f boot:scsiboot.obj
 0001:00005754       _ScsiPortTickHandler@8     00306754 f boot:scsiboot.obj
 0001:0000588b       _IssueAbortRequest@8       0030688b f boot:scsiboot.obj
 0001:00005940       _SpCheckResetDelay@4       00306940 f boot:scsiboot.obj
 0001:000059e0       _SpGetInterruptState@4     003069e0 f boot:scsiboot.obj
 0001:00005b42       _ScsiPortLogError@28       00306b42 f boot:scsiboot.obj
 0001:00005c60       _ScsiPortCompleteRequest@20 00306c60 f boot:scsiboot.obj
 0001:00005df0       _ScsiPortMoveMemory@12     00306df0 f boot:scsiboot.obj
 0001:00005e20       _ScsiPortStallExecution@4  00306e20 f boot:scsiboot.obj
 0001:00005e40       _GetLogicalUnitExtension@8 00306e40 f boot:scsiboot.obj
 0001:00005ea2       _ScsiDebugPrint            00306ea2 f boot:scsiboot.obj
 0001:00005f10       _ScsiPortReadPortUchar@4   00306f10 f boot:scsiboot.obj
 0001:00005f30       _ScsiPortReadPortUshort@4  00306f30 f boot:scsiboot.obj
 0001:00005f50       _ScsiPortReadPortUlong@4   00306f50 f boot:scsiboot.obj
 0001:00005f70       _ScsiPortReadRegisterUchar@4 00306f70 f boot:scsiboot.obj
 0001:00005f90       _ScsiPortReadRegisterUshort@4 00306f90 f boot:scsiboot.obj
 0001:00005fb0       _ScsiPortReadRegisterUlong@4 00306fb0 f boot:scsiboot.obj
 0001:00005fd0       _ScsiPortReadRegisterBufferUchar@12 00306fd0 f boot:scsiboot.obj
 0001:00005ff0       _ScsiPortReadRegisterBufferUshort@12 00306ff0 f boot:scsiboot.obj
 0001:00006010       _ScsiPortReadRegisterBufferUlong@12 00307010 f boot:scsiboot.obj
 0001:00006030       _ScsiPortWritePortUchar@8  00307030 f boot:scsiboot.obj
 0001:00006050       _ScsiPortWritePortUshort@8 00307050 f boot:scsiboot.obj
 0001:00006070       _ScsiPortWritePortUlong@8  00307070 f boot:scsiboot.obj
 0001:00006090       _ScsiPortWriteRegisterUchar@8 00307090 f boot:scsiboot.obj
 0001:000060b0       _ScsiPortWriteRegisterUshort@8 003070b0 f boot:scsiboot.obj
 0001:000060d0       _ScsiPortWriteRegisterUlong@8 003070d0 f boot:scsiboot.obj
 0001:000060f0       _ScsiPortWriteRegisterBufferUchar@12 003070f0 f boot:scsiboot.obj
 0001:00006110       _ScsiPortWriteRegisterBufferUshort@12 00307110 f boot:scsiboot.obj
 0001:00006130       _ScsiPortWriteRegisterBufferUlong@12 00307130 f boot:scsiboot.obj
 0001:00006150       _ScsiPortConvertUlongToPhysicalAddress@4 00307150 f boot:scsiboot.obj
 0001:00006180       _ScsiPortConvertPhysicalAddressToUlong@8 00307180 f boot:scsiboot.obj
 0001:000061a0       _InitializeIrp@20          003071a0 f boot:scsiboot.obj
 0001:000062f0       _ScsiPortGetDeviceBase@28  003072f0 f boot:scsiboot.obj
 0001:00006370       _ScsiPortFreeDeviceBase@8  00307370 f boot:scsiboot.obj
 0001:00006390       _GetAdapterCapabilities@8  00307390 f boot:scsiboot.obj
 0001:000063c0       _GetInquiryData@8          003073c0 f boot:scsiboot.obj
 0001:000063f0       _SpInitializeConfiguration@16 003073f0 f boot:scsiboot.obj
 0001:00006560       _SpGetCommonBuffer@8       00307560 f boot:scsiboot.obj
 0001:000066a0       _ScsiPortGetUncachedExtension@12 003076a0 f boot:scsiboot.obj
 0001:0000684f       _ScsiPortGetBusData@24     0030784f f boot:scsiboot.obj
 0001:00006960       _ScsiPortGetSrb@20         00307960 f boot:scsiboot.obj
 0001:000069c0       _ScsiPortValidateRange@28  003079c0 f boot:scsiboot.obj
 0001:000069f0       _ScsiPortReadPortBufferUchar@12 003079f0 f boot:scsiboot.obj
 0001:00006a10       _ScsiPortReadPortBufferUshort@12 00307a10 f boot:scsiboot.obj
 0001:00006a30       _ScsiPortReadPortBufferUlong@12 00307a30 f boot:scsiboot.obj
 0001:00006a50       _ScsiPortWritePortBufferUchar@12 00307a50 f boot:scsiboot.obj
 0001:00006a70       _ScsiPortWritePortBufferUshort@12 00307a70 f boot:scsiboot.obj
 0001:00006a90       _ScsiPortWritePortBufferUlong@12 00307a90 f boot:scsiboot.obj
 0001:00006b20       _GetPciConfiguration@32    00307b20 f boot:scsiboot.obj
 0001:00006ef0       _ScsiPortSetBusDataByOffset@28 00307ef0 f boot:scsiboot.obj
 0001:00006f20       _BlPrint                   00307f20 f boot:display.obj
 0001:000072c0       _putwS@4                   003082c0 f boot:display.obj
 0001:00007310       _putx@4                    00308310 f boot:display.obj
 0001:00007370       _puti@4                    00308370 f boot:display.obj
 0001:000073d0       _putu@4                    003083d0 f boot:display.obj
 0001:00007420       _pTextCharOut@4            00308420 f boot:display.obj
 0001:00007460       _TextCharOut@4             00308460 f boot:display.obj
 0001:000074a0       _TextStringOut@4           003084a0 f boot:display.obj
 0001:000074e0       _TextClearToEndOfLine@0    003084e0 f boot:display.obj
 0001:00007510       _TextClearFromStartOfLine@0 00308510 f boot:display.obj
 0001:00007540       _TextClearToEndOfDisplay@0 00308540 f boot:display.obj
 0001:00007570       _TextClearDisplay@0        00308570 f boot:display.obj
 0001:000075a0       _TextSetCursorPosition@8   003085a0 f boot:display.obj
 0001:000075f0       _TextGetCursorPosition@8   003085f0 f boot:display.obj
 0001:00007620       _TextSetCurrentAttribute@4 00308620 f boot:display.obj
 0001:00007660       _TextGetCurrentAttribute@0 00308660 f boot:display.obj
 0001:00007680       _TextFillAttribute@8       00308680 f boot:display.obj
 0001:000076c0       _TextGetGraphicsCharacter@4 003086c0 f boot:display.obj
 0001:0000773d       _AEInitializeIo@4          0030873d f boot:arcemul.obj
 0001:00007890       _BlFillInSystemParameters@4 00308890 f boot:arcemul.obj
 0001:00007980       _AEGetMemoryDescriptor@4   00308980 f boot:arcemul.obj
 0001:00007a28       _BlArcNotYetImplemented@4  00308a28 f boot:arcemul.obj
 0001:00007a50       _FwGetChild@4              00308a50 f boot:arcemul.obj
 0001:00007ad0       _FwGetPeer@4               00308ad0 f boot:arcemul.obj
 0001:00007b30       _AEGetParent@4             00308b30 f boot:arcemul.obj
 0001:00007b90       _AEGetConfigurationData@8  00308b90 f boot:arcemul.obj
 0001:00007c05       _AEGetEnvironment@4        00308c05 f boot:arcemul.obj
 0001:00007c70       _AEOpen@12                 00308c70 f boot:arcemul.obj
 0001:00007dc0       _AESeek@12                 00308dc0 f boot:arcemul.obj
 0001:00007e00       _AEClose@4                 00308e00 f boot:arcemul.obj
 0001:00007e30       _AEReadStatus@4            00308e30 f boot:arcemul.obj
 0001:00007e8e       _AERead@16                 00308e8e f boot:arcemul.obj
 0001:00007fa6       _AEWrite@16                00308fa6 f boot:arcemul.obj
 0001:000080a0       _AEGetFileInformation@8    003090a0 f boot:arcemul.obj
 0001:000080d0       _AEGetTime@0               003090d0 f boot:arcemul.obj
 0001:00008170       _AEGetRelativeTime@0       00309170 f boot:arcemul.obj
 0001:000081e8       _AEReboot@0                003091e8 f boot:arcemul.obj
 0001:0000828f       _HardDiskPartitionOpen@12  0030928f f boot:arcemul.obj
 0001:000087e1       _BlpTranslateDosToArc@8    003097e1 f boot:arcemul.obj
 0001:00008d20       _FwStallExecution@4        00309d20 f boot:arcemul.obj
 0001:00008d50       _FwGetPathMnemonicKey@12   00309d50 f boot:arcemul.obj
 0001:00008d80       _FwAddChild@12             00309d80 f boot:arcemul.obj
 0001:00008e40       _FwGetComponent@4          00309e40 f boot:arcemul.obj
 0001:00008f70       _FwDeleteComponent@4       00309f70 f boot:arcemul.obj
 0001:00008fb4       _InitializeMemorySubsystem@4 00309fb4 f boot:memory.obj
 0001:00009360       _InitializeMemoryDescriptors@0 0030a360 f boot:memory.obj
 0001:0000951c       _MempCopyGdt@0             0030a51c f boot:memory.obj
 0001:00009620       _MempSetDescriptorRegion@12 0030a620 f boot:memory.obj
 0001:000098d0       _MempAllocDescriptor@12    0030a8d0 f boot:memory.obj
 0001:00009c0a       _MempTurnOnPaging@0        0030ac0a f boot:memory.obj
 0001:00009cd0       _MempSetupPaging@8         0030acd0 f boot:memory.obj
 0001:0000a130       _MempDisablePages@0        0030b130 f boot:memory.obj
 0001:0000a2c2       _FwAllocateHeapPermanent@4 0030b2c2 f boot:memory.obj
 0001:0000a3b8       _FwAllocateHeap@4          0030b3b8 f boot:memory.obj
 0001:0000a500       _FwAllocatePool@4          0030b500 f boot:memory.obj
 0001:0000a578       _FwAllocateHeapAligned@4   0030b578 f boot:memory.obj
 0001:0000a5f0       _MmMapIoSpace@16           0030b5f0 f boot:memory.obj
 0001:0000a780       _MmUnmapIoSpace@8          0030b780 f boot:memory.obj
 0001:0000a7a6       _BlInitResources@4         0030b7a6 f boot:blres.obj
 0001:0000a9d0       _BlFindMessage@4           0030b9d0 f boot:blres.obj
 0001:0000ab50       _BlpFindDirectoryEntry@12  0030bb50 f boot:blres.obj
 0001:0000ac14       _BiosDiskClose@4           0030bc14 f boot:biosdrv.obj
 0001:0000ac94       _BiosPartitionClose@4      0030bc94 f boot:biosdrv.obj
 0001:0000ae22       _BiosPartitionOpen@12      0030be22 f boot:biosdrv.obj
 0001:0000b180       _BiosPartitionRead@16      0030c180 f boot:biosdrv.obj
 0001:0000b28c       _BiosPartitionSeek@12      0030c28c f boot:biosdrv.obj
 0001:0000b340       _BiosPartitionWrite@16     0030c340 f boot:biosdrv.obj
 0001:0000b467       _BiosConsoleOpen@12        0030c467 f boot:biosdrv.obj
 0001:0000b500       _BiosConsoleReadStatus@4   0030c500 f boot:biosdrv.obj
 0001:0000b550       _BiosConsoleRead@16        0030c550 f boot:biosdrv.obj
 0001:0000b5e0       _BiosConsoleFillBuffer@4   0030c5e0 f boot:biosdrv.obj
 0001:0000b850       _BiosConsoleWrite@16       0030c850 f boot:biosdrv.obj
 0001:0000bcc0       _BiosDiskOpen@12           0030ccc0 f boot:biosdrv.obj
 0001:0000c0e0       _BiospWritePartialSector@24 0030d0e0 f boot:biosdrv.obj
 0001:0000c210       _BiosDiskWrite@16          0030d210 f boot:biosdrv.obj
 0001:0000c6f0       _BiosDiskRead@16           0030d6f0 f boot:biosdrv.obj
 0001:0000cc60       _BiosEDDSDiskRead@16       0030dc60 f boot:biosdrv.obj
 0001:0000d0e0       _BiosGetFileInfo@8         0030e0e0 f boot:biosdrv.obj
 0001:0000d190       _BlLogInitialize@4         0030e190 f boot:bllog.obj
 0001:0000d240       _BlLogTerminate@0          0030e240 f boot:bllog.obj
 0001:0000d290       _BlLogPrint                0030e290 f boot:bllog.obj
 0001:0000d3bb       _BlLogArcDescriptors@4     0030e3bb f boot:bllog.obj
 0001:0000d56c       _BlLogMemoryDescriptors@4  0030e56c f boot:bllog.obj
 0001:0000d7e0       _BlLogWaitForKeystroke@0   0030e7e0 f boot:bllog.obj
 0001:0000d84e       _IsCdfsFileStructure@8     0030e84e f boot:cdfsboot.obj
 0001:0000db10       _CdfsClose@4               0030eb10 f boot:cdfsboot.obj
 0001:0000db40       _CdfsOpen@12               0030eb40 f boot:cdfsboot.obj
 0001:0000de80       _CdfsRead@16               0030ee80 f boot:cdfsboot.obj
 0001:0000dfc0       _CdfsSeek@12               0030efc0 f boot:cdfsboot.obj
 0001:0000e050       _CdfsWrite@16              0030f050 f boot:cdfsboot.obj
 0001:0000e070       _CdfsGetFileInformation@8  0030f070 f boot:cdfsboot.obj
 0001:0000e150       _CdfsSetFileInformation@12 0030f150 f boot:cdfsboot.obj
 0001:0000e170       _CdfsInitialize@0          0030f170 f boot:cdfsboot.obj
 0001:0000e190       _CdfsReadDisk@16           0030f190 f boot:cdfsboot.obj
 0001:0000e220       _CdfsFirstComponent@8      0030f220 f boot:cdfsboot.obj
 0001:0000e2e0       _CdfsCompareNames@8        0030f2e0 f boot:cdfsboot.obj
 0001:0000e500       _CdfsSearchDirectory@8     0030f500 f boot:cdfsboot.obj
 0001:0000e8d0       _CdfsGetDirectoryInfo@20   0030f8d0 f boot:cdfsboot.obj
 0001:0000e9c0       _CdfsFileMatch@8           0030f9c0 f boot:cdfsboot.obj
 0001:0000eaf0       _NtfsPrint                 0030faf0 f boot:ntfsboot.obj
 0001:0000eb40       _NtfsGetChar@0             0030fb40 f boot:ntfsboot.obj
 0001:0000eb79       _IsNtfsFileStructure@8     0030fb79 f boot:ntfsboot.obj
 0001:0000f1e0       _NtfsClose@4               003101e0 f boot:ntfsboot.obj
 0001:0000f210       _NtfsGetFileInformation@8  00310210 f boot:ntfsboot.obj
 0001:0000f440       _NtfsOpen@12               00310440 f boot:ntfsboot.obj
 0001:0000f900       _NtfsRead@16               00310900 f boot:ntfsboot.obj
 0001:0000fa30       _NtfsSeek@12               00310a30 f boot:ntfsboot.obj
 0001:0000fad0       _NtfsSetFileInformation@12 00310ad0 f boot:ntfsboot.obj
 0001:0000faf0       _NtfsWrite@16              00310af0 f boot:ntfsboot.obj
 0001:0000fb10       _NtfsInitialize@0          00310b10 f boot:ntfsboot.obj
 0001:0000fbc0       _NtfsReadDisk@20           00310bc0 f boot:ntfsboot.obj
 0001:0000fc60       _NtfsLookupAttribute@24    00310c60 f boot:ntfsboot.obj
 0001:00010310       _NtfsReadResidentAttribute@24 00311310 f boot:ntfsboot.obj
 0001:000103b0       _NtfsReadNonresidentAttribute@24 003113b0 f boot:ntfsboot.obj
 0001:000107a0       _NtfsReadAndDecodeFileRecord@16 003117a0 f boot:ntfsboot.obj
 0001:00010970       _NtfsDecodeUsa@8           00311970 f boot:ntfsboot.obj
 0001:00010a10       _NtfsSearchForFileName@36  00311a10 f boot:ntfsboot.obj
 0001:00010ce0       _NtfsIsRecordAllocated@16  00311ce0 f boot:ntfsboot.obj
 0001:00010da0       _NtfsLoadMcb@20            00311da0 f boot:ntfsboot.obj
 0001:00011520       _NtfsVboToLbo@24           00312520 f boot:ntfsboot.obj
 0001:00011800       _NtfsDecodeRetrievalInformation@20 00312800 f boot:ntfsboot.obj
 0001:00011a10       _NtfsFirstComponent@8      00312a10 f boot:ntfsboot.obj
 0001:00011ad0       _NtfsAreNamesEqual@16      00312ad0 f boot:ntfsboot.obj
 0001:00011bf0       _IsHpfsFileStructure@8     00312bf0 f boot:hpfsboot.obj
 0001:00011d50       _HpfsClose@4               00312d50 f boot:hpfsboot.obj
 0001:00011d80       _HpfsGetFileInformation@8  00312d80 f boot:hpfsboot.obj
 0001:00011e30       _HpfsOpen@12               00312e30 f boot:hpfsboot.obj
 0001:000120a0       _HpfsRead@16               003130a0 f boot:hpfsboot.obj
 0001:00012250       _HpfsSeek@12               00313250 f boot:hpfsboot.obj
 0001:000122e0       _HpfsSetFileInformation@12 003132e0 f boot:hpfsboot.obj
 0001:00012300       _HpfsWrite@16              00313300 f boot:hpfsboot.obj
 0001:00012320       _HpfsInitialize@0          00313320 f boot:hpfsboot.obj
 0001:00012340       _HpfsReadDisk@16           00313340 f boot:hpfsboot.obj
 0001:000123e0       _HpfsFirstComponent@8      003133e0 f boot:hpfsboot.obj
 0001:000124a0       _HpfsCompareNames@8        003134a0 f boot:hpfsboot.obj
 0001:000126c0       _HpfsSearchDirectory@20    003136c0 f boot:hpfsboot.obj
 0001:00012940       _HpfsLoadMcb@8             00313940 f boot:hpfsboot.obj
 0001:00012bf0       _HpfsVbnToLbn@12           00313bf0 f boot:hpfsboot.obj
 0001:00012cd0       _IsFatFileStructure@8      00313cd0 f boot:fatboot.obj
 0001:00013160       _FatClose@4                00314160 f boot:fatboot.obj
 0001:00013210       _FatGetDirectoryEntry@16   00314210 f boot:fatboot.obj
 0001:000134f0       _FatGetFileInformation@8   003144f0 f boot:fatboot.obj
 0001:00013630       _FatOpen@12                00314630 f boot:fatboot.obj
 0001:00013e00       _FatRead@16                00314e00 f boot:fatboot.obj
 0001:00013f60       _FatRename@8               00314f60 f boot:fatboot.obj
 0001:00014000       _FatSeek@12                00315000 f boot:fatboot.obj
 0001:00014080       _FatSetFileInformation@12  00315080 f boot:fatboot.obj
 0001:00014380       _FatWrite@16               00315380 f boot:fatboot.obj
 0001:00014550       _FatInitialize@0           00315550 f boot:fatboot.obj
 0001:00014570       _FatDiskRead@16            00315570 f boot:fatboot.obj
 0001:00014610       _FatDiskWrite@16           00315610 f boot:fatboot.obj
 0001:000146b0       _FatInterpretClusterType@8 003156b0 f boot:fatboot.obj
 0001:000148d0       _FatLookupFatEntry@20      003158d0 f boot:fatboot.obj
 0001:00014b20       _FatSetFatEntry@16         00315b20 f boot:fatboot.obj
 0001:00014da0       _FatFlushFatEntries@8      00315da0 f boot:fatboot.obj
 0001:00014e90       _FatIndexToLbo@8           00315e90 f boot:fatboot.obj
 0001:00014f10       _FatSearchForDirent@28     00315f10 f boot:fatboot.obj
 0001:00015600       _FatCreateDirent@20        00316600 f boot:fatboot.obj
 0001:000158a0       _FatSetDirent@12           003168a0 f boot:fatboot.obj
 0001:000159e0       _FatLoadMcb@12             003169e0 f boot:fatboot.obj
 0001:00015ca0       _FatVboToLbo@20            00316ca0 f boot:fatboot.obj
 0001:00015da0       _FatIncreaseFileAllocation@8 00316da0 f boot:fatboot.obj
 0001:00015f90       _FatTruncateFileAllocation@8 00316f90 f boot:fatboot.obj
 0001:000161d0       _FatAllocateClusters@20    003171d0 f boot:fatboot.obj
 0001:000164a0       _FatFirstComponent@8       003174a0 f boot:fatboot.obj
 0001:000166b0       _FatDirToArcDir@8          003176b0 f boot:fatboot.obj
 0001:00016806       _IsEtfsFileStructure@8     00317806 f boot:etfsboot.obj
 0001:00016b90       _EtfsClose@4               00317b90 f boot:etfsboot.obj
 0001:00016bc0       _EtfsOpen@12               00317bc0 f boot:etfsboot.obj
 0001:00016f00       _EtfsRead@16               00317f00 f boot:etfsboot.obj
 0001:00017040       _EtfsSeek@12               00318040 f boot:etfsboot.obj
 0001:000170d0       _EtfsWrite@16              003180d0 f boot:etfsboot.obj
 0001:000170f0       _EtfsGetFileInformation@8  003180f0 f boot:etfsboot.obj
 0001:000171d0       _EtfsSetFileInformation@12 003181d0 f boot:etfsboot.obj
 0001:000171f0       _EtfsInitialize@0          003181f0 f boot:etfsboot.obj
 0001:00017210       _EtfsReadDisk@16           00318210 f boot:etfsboot.obj
 0001:000172a0       _EtfsFirstComponent@8      003182a0 f boot:etfsboot.obj
 0001:00017360       _EtfsCompareNames@8        00318360 f boot:etfsboot.obj
 0001:00017580       _EtfsSearchDirectory@8     00318580 f boot:etfsboot.obj
 0001:00017950       _EtfsGetDirectoryInfo@20   00318950 f boot:etfsboot.obj
 0001:00017a40       _EtfsFileMatch@8           00318a40 f boot:etfsboot.obj
 0001:00017b70       _HalpCopyBufferMap@20      00318b70 f boot:ixhwsup.obj
 0001:00017c10       _HalGetAdapter@8           00318c10 f boot:ixhwsup.obj
 0001:0001826a       _IoAllocateAdapterChannel@20 0031926a f boot:ixhwsup.obj
 0001:00018330       _IoFreeAdapterChannel@4    00319330 f boot:ixhwsup.obj
 0001:00018350       _IoMapTransfer@24          00319350 f boot:ixhwsup.obj
 0001:00018800       _IoFlushAdapterBuffers@24  00319800 f boot:ixhwsup.obj
 0001:00018a30       _IoFreeMapRegisters@12     00319a30 f boot:ixhwsup.obj
 0001:00018a80       _MmGetPhysicalAddress@4    00319a80 f boot:ixhwsup.obj
 0001:00018ab0       _MmAllocateNonCachedMemory@4 00319ab0 f boot:ixhwsup.obj
 0001:00018ae0       _HalGetAdapterMca@8        00319ae0 f boot:ixhwsup.obj
 0001:00018d20       _IoMapTransferMca@24       00319d20 f boot:ixhwsup.obj
 0001:00019094       _READ_PORT_UCHAR@4         0031a094 f boot:xxioacc.obj
 0001:000190a0       _READ_PORT_USHORT@4        0031a0a0 f boot:xxioacc.obj
 0001:000190ac       _READ_PORT_ULONG@4         0031a0ac f boot:xxioacc.obj
 0001:000190b8       _READ_PORT_BUFFER_UCHAR@12 0031a0b8 f boot:xxioacc.obj
 0001:000190cc       _READ_PORT_BUFFER_USHORT@12 0031a0cc f boot:xxioacc.obj
 0001:000190e4       _READ_PORT_BUFFER_ULONG@12 0031a0e4 f boot:xxioacc.obj
 0001:000190f8       _WRITE_PORT_UCHAR@8        0031a0f8 f boot:xxioacc.obj
 0001:00019108       _WRITE_PORT_USHORT@8       0031a108 f boot:xxioacc.obj
 0001:00019118       _WRITE_PORT_ULONG@8        0031a118 f boot:xxioacc.obj
 0001:00019128       _WRITE_PORT_BUFFER_UCHAR@12 0031a128 f boot:xxioacc.obj
 0001:0001913c       _WRITE_PORT_BUFFER_USHORT@12 0031a13c f boot:xxioacc.obj
 0001:00019154       _WRITE_PORT_BUFFER_ULONG@12 0031a154 f boot:xxioacc.obj
 0001:00019170       _HalGetBusData@20          0031a170 f boot:ixbusdat.obj
 0001:000191a0       _HalGetBusDataByOffset@24  0031a1a0 f boot:ixbusdat.obj
 0001:00019280       _HalSetBusData@20          0031a280 f boot:ixbusdat.obj
 0001:000192b0       _HalSetBusDataByOffset@24  0031a2b0 f boot:ixbusdat.obj
 0001:00019310       _HalAssignSlotResources@32 0031a310 f boot:ixbusdat.obj
 0001:00019370       _HalTranslateBusAddress@24 0031a370 f boot:ixbusdat.obj
 0001:000193a0       _HalpGetPosData@20         0031a3a0 f boot:ixbusdat.obj
 0001:00019547       _HalpGetEisaData@20        0031a547 f boot:ixbusdat.obj
 0001:00019760       _RtlAnsiStringToUnicodeString@12 0031a760 f boot:nlsboot.obj
 0001:00019840       _RtlCompareUnicodeString@12 0031a840 f boot:nlsboot.obj
 0001:00019980       _RtlEqualUnicodeString@12  0031a980 f boot:nlsboot.obj
 0001:00019b30       _RtlInitString@8           0031ab30 f boot:nlsboot.obj
 0001:00019ba0       _RtlInitUnicodeString@8    0031aba0 f boot:nlsboot.obj
 0001:00019c30       _RtlAppendUnicodeStringToString@8 0031ac30 f boot:nlsboot.obj
 0001:00019d10       _RtlAppendUnicodeToString@8 0031ad10 f boot:nlsboot.obj
 0001:00019df0       _RtlUpcaseUnicodeChar@4    0031adf0 f boot:nlsboot.obj
 0001:00019e40       _RtlAnsiCharToUnicodeChar@4 0031ae40 f boot:nlsboot.obj
 0001:00019e70       _RtlUpcaseUnicodeToMultiByteN@20 0031ae70 f boot:nlsboot.obj
 0001:00019ef0       _RtlMultiByteToUnicodeN@20 0031aef0 f boot:nlsboot.obj
 0001:00019f70       _RtlUnicodeToMultiByteN@20 0031af70 f boot:nlsboot.obj
 0001:00019ff0       _TextTmPositionCursor@8    0031aff0 f boot:disp_tm.obj
 0001:0001a050       _TextTmStringOut@4         0031b050 f boot:disp_tm.obj
 0001:0001a090       _TextTmCharOut@4           0031b090 f boot:disp_tm.obj
 0001:0001a1d0       _TextTmFillAttribute@8     0031b1d0 f boot:disp_tm.obj
 0001:0001a220       _TextTmClearToEndOfLine@0  0031b220 f boot:disp_tm.obj
 0001:0001a290       _TextTmClearFromStartOfLine@0 0031b290 f boot:disp_tm.obj
 0001:0001a2f0       _TextTmClearToEndOfDisplay@0 0031b2f0 f boot:disp_tm.obj
 0001:0001a390       _TextTmClearDisplay@0      0031b390 f boot:disp_tm.obj
 0001:0001a3e0       _TextTmScrollDisplay@0     0031b3e0 f boot:disp_tm.obj
 0001:0001a4b0       _TextTmSetCurrentAttribute@4 0031b4b0 f boot:disp_tm.obj
 0001:0001a4c0       _TextTmGetGraphicsChar@4   0031b4c0 f boot:disp_tm.obj
 0001:0001a4e0       _GrWriteSBCSChar@4         0031b4e0 f boot:disp_gr.obj
 0001:0001a6c0       _GrDisplayMBCSChar@16      0031b6c0 f boot:disp_gr.obj
 0001:0001a860       _GrWriteMBCSString@8       0031b860 f boot:disp_gr.obj
 0001:0001a920       _GrIsDBCSLeadByte@4        0031b920 f boot:disp_gr.obj
 0001:0001a9a0       _GrGetDBCSFontImage@4      0031b9a0 f boot:disp_gr.obj
 0001:0001aa80       _GrGetSBCSFontImage@4      0031ba80 f boot:disp_gr.obj
 0001:0001ab40       _TextGrSetCurrentAttribute@4 0031bb40 f boot:disp_gr.obj
 0001:0001ac00       _TextGrPositionCursor@8    0031bc00 f boot:disp_gr.obj
 0001:0001ac80       _TextGrStringOut@4         0031bc80 f boot:disp_gr.obj
 0001:0001aca0       _TextGrCharOut@4           0031bca0 f boot:disp_gr.obj
 0001:0001acc0       _TextGrFillAttribute@8     0031bcc0 f boot:disp_gr.obj
 0001:0001ad40       _TextGrClearToEndOfLine@0  0031bd40 f boot:disp_gr.obj
 0001:0001ada0       _TextGrClearFromStartOfLine@0 0031bda0 f boot:disp_gr.obj
 0001:0001ae10       _TextGrClearToEndOfDisplay@0 0031be10 f boot:disp_gr.obj
 0001:0001aeb0       _TextGrClearDisplay@0      0031beb0 f boot:disp_gr.obj
 0001:0001aef0       _TextGrScrollDisplay@0     0031bef0 f boot:disp_gr.obj
 0001:0001afc0       _TextGrGetGraphicsChar@4   0031bfc0 f boot:disp_gr.obj
 0001:0001afee       _TextGrInitialize@4        0031bfee f boot:disp_gr.obj
 0001:0001b250       _TextGrTerminate@0         0031c250 f boot:disp_gr.obj
 0001:0001b290       _BlGetArgumentValue@12     0031c290 f boot:blmisc.obj
 0001:0001b350       _GetGraphicsChar@4         0031c350 f boot:blmisc.obj
 0001:0001b370       _ScsiDiskGetFileInformation@8 0031c370 f boot:scsidisk.obj
 0001:0001b400       _ScsiDiskClose@4           0031c400 f boot:scsidisk.obj
 0001:0001b430       _ScsiDiskMount@8           0031c430 f boot:scsidisk.obj
 0001:0001b482       _ScsiDiskOpen@12           0031c482 f boot:scsidisk.obj
 0001:0001b690       _ScsiDiskRead@16           0031c690 f boot:scsidisk.obj
 0001:0001bbb0       _ScsiDiskGetReadStatus@4   0031cbb0 f boot:scsidisk.obj
 0001:0001bbd0       _ScsiDiskSeek@12           0031cbd0 f boot:scsidisk.obj
 0001:0001bc50       _ScsiDiskWrite@16          0031cc50 f boot:scsidisk.obj
 0001:0001c241       _ScsiDiskBootPartitionOpen@12 0031d241 f boot:scsidisk.obj
 0001:0001c75f       _HardDiskInitialize@12     0031d75f f boot:scsidisk.obj
 0001:0001d0ac       _ScsiDiskBootIO@16         0031e0ac f boot:scsidisk.obj
 0001:0001d271       _ReadDriveCapacity@4       0031e271 f boot:scsidisk.obj
 0001:0001d469       _SendSrbSynchronous@20     0031e469 f boot:scsidisk.obj
 0001:0001dac2       _InterpretSenseInfo@12     0031eac2 f boot:scsidisk.obj
 0001:0001dfb0       _RetryRequest@8            0031efb0 f boot:scsidisk.obj
 0001:0001e079       _BuildRequest@16           0031f079 f boot:scsidisk.obj
 0001:0001e26a       _ScsiDiskStartUnit@4       0031f26a f boot:scsidisk.obj
 0001:0001e3cf       _ClassModeSense@16         0031f3cf f boot:scsidisk.obj
 0001:0001e4e0       _ClassFindModePage@12      0031f4e0 f boot:scsidisk.obj
 0001:0001e597       _IsFloppyDevice@4          0031f597 f boot:scsidisk.obj
 0001:0001e6d6       _ScsiDiskFilterBad@4       0031f6d6 f boot:scsidisk.obj
 0001:0001e8b0       _CheckFileId@4             0031f8b0 f boot:scsidisk.obj
 0001:0001e8f0       _BlConfigurationInitialize@8 0031f8f0 f boot:blconfig.obj
 0001:0001ebd0       _BlSearchConfigTree@20     0031fbd0 f boot:blconfig.obj
 0001:0001eca7       _BlGetPathnameFromComponent@8 0031fca7 f boot:blconfig.obj
 0001:0001ed20       _BlGetPathMnemonicKey@12   0031fd20 f boot:blconfig.obj
 0001:0001ef0a       _BlGenerateDeviceNames@12  0031ff0a f boot:blconfig.obj
 0001:0001f3e0       _BlGetNextToken@12         003203e0 f boot:blconfig.obj
 0001:0001f4b0       _BlMatchToken@8            003204b0 f boot:blconfig.obj
 0001:0001f5be       _MdGetPhysicalSectors@24   003205be f boot:machine.obj
 0001:0001f6de       _MdEddsGetPhysicalSectors@20 003206de f boot:machine.obj
 0001:0001f790       _MdPutPhysicalSectors@24   00320790 f boot:machine.obj
 0001:0001f860       _MdShutoffFloppy@0         00320860 f boot:machine.obj
 0001:0001f880       _MdResetDiskSystem@4       00320880 f boot:machine.obj
 0001:0001f8d0       _IopAllocateAdapter@12     003208d0 f boot:ixphwsup.obj
 0001:0001f964       _HalpInitializePciBus@0    00320964 f boot:ixpcibus.obj
 0001:0001fb50       _HalpGetPciBusHandler@4    00320b50 f boot:ixpcibus.obj
 0001:0001fba0       _HalpGetPCIData@20         00320ba0 f boot:ixpcibus.obj
 0001:0001fd30       _HalpSetPCIData@20         00320d30 f boot:ixpcibus.obj
 0001:0001ff00       _HalpReadPCIConfig@20      00320f00 f boot:ixpcibus.obj
 0001:0001ff70       _HalpWritePCIConfig@20     00320f70 f boot:ixpcibus.obj
 0001:0001ffc0       _HalpValidPCISlot@8        00320fc0 f boot:ixpcibus.obj
 0001:00020070       _HalpPCIConfig@24          00321070 f boot:ixpcibus.obj
 0001:00020110       _HalpPCISynchronizeType1@16 00321110 f boot:ixpcibus.obj
 0001:00020190       _HalpPCIReleaseSynchronzationType1@8 00321190 f boot:ixpcibus.obj
 0001:000201c0       _HalpPCIReadUcharType1@16  003211c0 f boot:ixpcibus.obj
 0001:00020230       _HalpPCIReadUshortType1@16 00321230 f boot:ixpcibus.obj
 0001:000202a0       _HalpPCIReadUlongType1@16  003212a0 f boot:ixpcibus.obj
 0001:00020300       _HalpPCIWriteUcharType1@16 00321300 f boot:ixpcibus.obj
 0001:00020370       _HalpPCIWriteUshortType1@16 00321370 f boot:ixpcibus.obj
 0001:000203e0       _HalpPCIWriteUlongType1@16 003213e0 f boot:ixpcibus.obj
 0001:00020440       _HalpPCISynchronizeType2@16 00321440 f boot:ixpcibus.obj
 0001:000204f0       _HalpPCIReleaseSynchronzationType2@8 003214f0 f boot:ixpcibus.obj
 0001:00020520       _HalpPCIReadUcharType2@16  00321520 f boot:ixpcibus.obj
 0001:00020560       _HalpPCIReadUshortType2@16 00321560 f boot:ixpcibus.obj
 0001:000205a0       _HalpPCIReadUlongType2@16  003215a0 f boot:ixpcibus.obj
 0001:000205e0       _HalpPCIWriteUcharType2@16 003215e0 f boot:ixpcibus.obj
 0001:00020620       _HalpPCIWriteUshortType2@16 00321620 f boot:ixpcibus.obj
 0001:00020660       _HalpPCIWriteUlongType2@16 00321660 f boot:ixpcibus.obj
 0001:000206a0       _HalpAssignPCISlotResources@12 003216a0 f boot:ixpcibus.obj
 0001:00020abc       _HalpGetCmosData@16        00321abc f boot:ixcmos.obj
 0001:00020b19       _sprintf                   00321b19 f libcntpr:sprintf.obj
 0001:00020b80       __alloca_probe             00321b80   libcntpr:chkstk.obj
 0001:00020b80       __chkstk                   00321b80   libcntpr:chkstk.obj
 0001:00020bc0       _strchr                    00321bc0 f libcntpr:strchr.obj
 0001:00020bc6       ___from_strstr_to_strchr   00321bc6   libcntpr:strchr.obj
 0001:00020c7c       __toupper                  00321c7c f libcntpr:toupper.obj
 0001:00020c84       _toupper                   00321c84 f libcntpr:toupper.obj
 0001:00020cd9       _vsprintf                  00321cd9 f libcntpr:vsprintf.obj
 0001:00020d40       _memmove                   00321d40 f libcntpr:memmove.obj
 0001:00020e90       _strncmp                   00321e90 f libcntpr:strncmp.obj
 0001:00020ed0       __strcmpi                  00321ed0 f libcntpr:stricmp.obj
 0001:00020ed0       __stricmp                  00321ed0 f libcntpr:stricmp.obj
 0001:00020f60       _strncpy                   00321f60 f libcntpr:strncpy.obj
 0001:0002105e       __tolower                  0032205e f libcntpr:tolower.obj
 0001:00021066       _tolower                   00322066 f libcntpr:tolower.obj
 0001:000210a0       _strrchr                   003220a0 f libcntpr:strrchr.obj
 0001:000210d0       __aullrem                  003220d0 f libcntpr:ullrem.obj
 0001:00021150       __aulldiv                  00322150 f libcntpr:ulldiv.obj
 0001:000211c0       __allrem                   003221c0 f libcntpr:llrem.obj
 0001:00021280       __alldiv                   00322280 f libcntpr:lldiv.obj
 0001:00021330       __aullshr                  00322330 f libcntpr:ullshr.obj
 0001:00021350       __allshl                   00322350 f libcntpr:llshl.obj
 0001:00021370       _strstr                    00322370 f libcntpr:strstr.obj
 0001:000213f0       __vsnprintf                003223f0 f libcntpr:vsnprint.obj
 0001:00021450       __allmul                   00322450 f libcntpr:llmul.obj
 0001:00021490       __allshr                   00322490 f libcntpr:llshr.obj
 0001:000214b1       _atol                      003224b1 f libcntpr:atox.obj
 0001:00021547       _atoi                      00322547 f libcntpr:atox.obj
 0001:00021554       __atoi64                   00322554 f libcntpr:atox.obj
 0001:0002161e       __flsbuf                   0032261e f libcntpr:_flsbuf.obj
 0001:0002162c       __output                   0032262c f libcntpr:output.obj
 0001:00021f65       __isctype                  00322f65 f libcntpr:isctype.obj
 0001:00021f68       _wctomb                    00322f68 f libcntpr:wctomb.obj
 0001:00021fac       _fflush                    00322fac f libcntpr:stubs.obj
 0001:00021fad       _fprintf                   00322fad f libcntpr:stubs.obj
 0001:00021fae       _abort                     00322fae f libcntpr:stubs.obj
 0001:00021faf       _read                      00322faf f libcntpr:stubs.obj
 0001:00021fb0       __read                     00322fb0 f libcntpr:stubs.obj
 0001:00021fb1       __assert                   00322fb1 f libcntpr:stubs.obj
 0001:00021fb2       __amsg_exit                00322fb2 f libcntpr:stubs.obj
 0001:00021fb3       __fptrap                   00322fb3 f libcntpr:crt0fp.obj
 0001:00021fc0       _RtlImageNtHeader@4        00322fc0 f bldrrtl:imagedir.obj
 0001:00022040       _RtlSectionTableFromVirtualAddress@12 00323040 f bldrrtl:imagedir.obj
 0001:000220c0       _RtlAddressInSectionTable@12 003230c0 f bldrrtl:imagedir.obj
 0001:00022120       _RtlImageDirectoryEntryToData@16 00323120 f bldrrtl:imagedir.obj
 0001:0002224a       _LdrRelocateImage@20       0032324a f bldrrtl:ldrreloc.obj
 0001:00022340       _LdrProcessRelocationBlock@16 00323340 f bldrrtl:ldrreloc.obj
 0001:000224a8       _READ_REGISTER_UCHAR@4     003234a8 f bldrrtl:ioaccess.obj
 0001:000224b4       _READ_REGISTER_USHORT@4    003234b4 f bldrrtl:ioaccess.obj
 0001:000224c0       _READ_REGISTER_ULONG@4     003234c0 f bldrrtl:ioaccess.obj
 0001:000224cc       _READ_REGISTER_BUFFER_UCHAR@12 003234cc f bldrrtl:ioaccess.obj
 0001:000224e8       _READ_REGISTER_BUFFER_USHORT@12 003234e8 f bldrrtl:ioaccess.obj
 0001:00022504       _READ_REGISTER_BUFFER_ULONG@12 00323504 f bldrrtl:ioaccess.obj
 0001:00022520       _WRITE_REGISTER_UCHAR@8    00323520 f bldrrtl:ioaccess.obj
 0001:00022534       _WRITE_REGISTER_USHORT@8   00323534 f bldrrtl:ioaccess.obj
 0001:00022548       _WRITE_REGISTER_ULONG@8    00323548 f bldrrtl:ioaccess.obj
 0001:0002255c       _WRITE_REGISTER_BUFFER_UCHAR@12 0032355c f bldrrtl:ioaccess.obj
 0001:0002257c       _WRITE_REGISTER_BUFFER_USHORT@12 0032357c f bldrrtl:ioaccess.obj
 0001:0002259c       _WRITE_REGISTER_BUFFER_ULONG@12 0032359c f bldrrtl:ioaccess.obj
 0001:000225c0       _RtlGetCompressionWorkSpaceSize@12 003235c0 f bldrrtl:compress.obj
 0001:00022650       _RtlCompressBuffer@32      00323650 f bldrrtl:compress.obj
 0001:000226f0       _RtlDecompressBuffer@24    003236f0 f bldrrtl:compress.obj
 0001:00022770       _RtlDecompressFragment@32  00323770 f bldrrtl:compress.obj
 0001:00022800       _RtlDescribeChunk@20       00323800 f bldrrtl:compress.obj
 0001:00022880       _RtlReserveChunk@20        00323880 f bldrrtl:compress.obj
 0001:00022900       _RtlDecompressChunks@28    00323900 f bldrrtl:compress.obj
 0001:00022cf8       _RtlCompressChunks@28      00323cf8 f bldrrtl:compress.obj
 0001:00022ee0       _RtlCompressWorkSpaceSizeNS@12 00323ee0 f bldrrtl:compress.obj
 0001:00022f00       _RtlCompressBufferNS@32    00323f00 f bldrrtl:compress.obj
 0001:00022f20       _RtlDecompressBufferNS@20  00323f20 f bldrrtl:compress.obj
 0001:00022f40       _RtlDecompressFragmentNS@28 00323f40 f bldrrtl:compress.obj
 0001:00022f60       _RtlDescribeChunkNS@16     00323f60 f bldrrtl:compress.obj
 0001:00022f80       _RtlReserveChunkNS@16      00323f80 f bldrrtl:compress.obj
 0001:00022fa0       _RtlCompressWorkSpaceSizeLZNT1@12 00323fa0 f bldrrtl:lznt1.obj
 0001:000230c9       _RtlCompressBufferLZNT1@32 003240c9 f bldrrtl:lznt1.obj
 0001:00023481       _RtlDecompressBufferLZNT1@20 00324481 f bldrrtl:lznt1.obj
 0001:00023a5e       _RtlDecompressFragmentLZNT1@28 00324a5e f bldrrtl:lznt1.obj
 0001:00023faa       _RtlDescribeChunkLZNT1@16  00324faa f bldrrtl:lznt1.obj
 0001:00024238       _RtlReserveChunkLZNT1@16   00325238 f bldrrtl:lznt1.obj
 0001:0002466c       _LZNT1CompressChunk@28     0032566c f bldrrtl:lznt1.obj
 0001:00024c50       _LZNT1FindMatchStandard@8  00325c50 f bldrrtl:lznt1.obj
 0001:00024ea0       _LZNT1FindMatchMaximum@8   00325ea0 f bldrrtl:lznt1.obj
 0001:00024f8a       _BlStartup@4               00325f8a f setupldr:initx86.obj
 0001:00025763       _SlInit@12                 00326763 f setupldr:setup.obj
 0001:0002712a       _SlGetSetupValues@4        0032812a f setupldr:setup.obj
 0001:000275d0       _BlOutputLoadMessage@8     003285d0 f setupldr:setup.obj
 0001:00027646       _SlLoadDriver@16           00328646 f setupldr:setup.obj
 0001:000277a0       _SlLoadOemDriver@16        003287a0 f setupldr:setup.obj
 0001:000278de       _SlpCreateDriverEntry@4    003288de f setupldr:setup.obj
 0001:000279c0       _SlGetDisk@4               003289c0 f setupldr:setup.obj
 0001:00027d5e       _SlCopyString@4            00328d5e f setupldr:setup.obj
 0001:00027e6a       _SlLoadSection@12          00328e6a f setupldr:setup.obj
 0001:0002814e       _SlpMarkDisks@0            0032914e f setupldr:setup.obj
 0001:000282bd       _SlpIsDiskVacant@4         003292bd f setupldr:setup.obj
 0001:0002847d       _SlpStampFTSignature@4     0032947d f setupldr:setup.obj
 0001:00028730       _SlCheckOemKeypress@0      00329730 f setupldr:setup.obj
 0001:000287c0       _SlInsertScsiDevice@8      003297c0 f setupldr:setup.obj
 0001:0002890a       _SlLoadBusExtender@4       0032990a f setupldr:setup.obj
 0001:00028930       _SlCreateMenu@0            00329930 f setupldr:arcdisp.obj
 0001:00028990       _SlGetMenuItemIndex@12     00329990 f setupldr:arcdisp.obj
 0001:00028a28       _SlGetMenuItem@8           00329a28 f setupldr:arcdisp.obj
 0001:00028ad8       _SlAddMenuItem@16          00329ad8 f setupldr:arcdisp.obj
 0001:00028bb0       _SlDisplayMenu@12          00329bb0 f setupldr:arcdisp.obj
 0001:00029060       _SlpDrawMenu@20            0032a060 f setupldr:arcdisp.obj
 0001:00029278       _SlpDrawMenuItem@24        0032a278 f setupldr:arcdisp.obj
 0001:00029360       _SlInitDisplay@0           0032a360 f setupldr:arcdisp.obj
 0001:00029400       _SlPrint                   0032a400 f setupldr:arcdisp.obj
 0001:000294a1       _SlClearDisplay@0          0032a4a1 f setupldr:arcdisp.obj
 0001:000294d0       _SlClearClientArea@0       0032a4d0 f setupldr:arcdisp.obj
 0001:00029535       _SlClearToEol@0            0032a535 f setupldr:arcdisp.obj
 0001:00029560       _SlGetCursorPosition@8     0032a560 f setupldr:arcdisp.obj
 0001:00029599       _SlPositionCursor@8        0032a599 f setupldr:arcdisp.obj
 0001:00029613       _SlWriteString@4           0032a613 f setupldr:arcdisp.obj
 0001:00029729       _SlSetCurrentAttribute@4   0032a729 f setupldr:arcdisp.obj
 0001:00029780       _SlWriteHeaderText@4       0032a780 f setupldr:arcdisp.obj
 0001:000297e0       _SlSetStatusAttribute@4    0032a7e0 f setupldr:arcdisp.obj
 0001:00029803       _SlWriteStatusText@4       0032a803 f setupldr:arcdisp.obj
 0001:00029910       _SlGetStatusText@4         0032a910 f setupldr:arcdisp.obj
 0001:00029930       _SlWriteDbgText@4          0032a930 f setupldr:arcdisp.obj
 0001:00029970       _SlFlushConsoleBuffer@0    0032a970 f setupldr:arcdisp.obj
 0001:000299b0       _SlGetChar@0               0032a9b0 f setupldr:arcdisp.obj
 0001:00029bd5       _SlPromptForDisk@8         0032abd5 f setupldr:arcdisp.obj
 0001:00029dd0       _SlConfirmExit@0           0032add0 f setupldr:arcdisp.obj
 0001:00029ea0       _SlFriendlyError@16        0032aea0 f setupldr:arcdisp.obj
 0001:00029fb0       _SlMessageBox              0032afb0 f setupldr:arcdisp.obj
 0001:0002a000       _SlDisplayMessageBox       0032b000 f setupldr:arcdisp.obj
 0001:0002a06c       _SlFatalError              0032b06c f setupldr:arcdisp.obj
 0001:0002a1e9       _SlGenericMessageBox@28    0032b1e9 f setupldr:arcdisp.obj
 0001:0002a3f0       _SlpSizeMessage@20         0032b3f0 f setupldr:arcdisp.obj
 0001:0002a514       _SlPromptOemScsi@4         0032b514 f setupldr:oemdisk.obj
 0001:0002a939       _SlPromptOemHal@8          0032b939 f setupldr:oemdisk.obj
 0001:0002a9c8       _SlPromptOemVideo@8        0032b9c8 f setupldr:oemdisk.obj
 0001:0002ab11       _SlpSelectHardware@48      0032bb11 f setupldr:oemdisk.obj
 0001:0002b235       _SlpOemDiskette@36         0032c235 f setupldr:oemdisk.obj
 0001:0002bb3f       _SlpAddSectionToMenu@12    0032cb3f f setupldr:oemdisk.obj
 0001:0002bc60       _SlpFindFloppy@8           0032cc60 f setupldr:oemdisk.obj
 0001:0002bcc0       _FoundFloppyDiskCallback@4 0032ccc0 f setupldr:oemdisk.obj
 0001:0002be43       _SlpOemInfSelection@20     0032ce43 f setupldr:oemdisk.obj
 0001:0002c4e0       _SlpFindStringInTable@8    0032d4e0 f setupldr:oemdisk.obj
 0001:0002c550       _SlpInitDetectedDevice@16  0032d550 f setupldr:oemdisk.obj
 0001:0002c594       _SlpInterpretOemRegistryData@16 0032d594 f setupldr:oemdisk.obj
 0001:0002c9a0       _SlPreInstallGetComponentName@12 0032d9a0 f setupldr:oemdisk.obj
 0001:0002ca20       _SlGetIniValue@16          0032da20 f setupldr:parseini.obj
 0001:0002ca60       _SlInitIniFile@20          0032da60 f setupldr:parseini.obj
 0001:0002cc40       _SpFreeINFBuffer@4         0032dc40 f setupldr:parseini.obj
 0001:0002cc80       _FreeSectionList@4         0032dc80 f setupldr:parseini.obj
 0001:0002ccd0       _FreeLineList@4            0032dcd0 f setupldr:parseini.obj
 0001:0002cd20       _FreeValueList@4           0032dd20 f setupldr:parseini.obj
 0001:0002cd60       _SpSearchINFSection@8      0032dd60 f setupldr:parseini.obj
 0001:0002cda0       _SlGetSectionLineIndex@16  0032dda0 f setupldr:parseini.obj
 0001:0002ce30       _SpGetSectionKeyExists@12  0032de30 f setupldr:parseini.obj
 0001:0002ce90       _SlGetKeyName@12           0032de90 f setupldr:parseini.obj
 0001:0002cef0       _SlGetSectionKeyOrdinal@12 0032def0 f setupldr:parseini.obj
 0001:0002cf50       _SlGetSectionKeyIndex@16   0032df50 f setupldr:parseini.obj
 0001:0002cfe0       _SlCountLinesInSection@8   0032dfe0 f setupldr:parseini.obj
 0001:0002d050       _SearchValueInLine@8       0032e050 f setupldr:parseini.obj
 0001:0002d0c0       _SearchLineInSectionByKey@12 0032e0c0 f setupldr:parseini.obj
 0001:0002d170       _SearchLineInSectionByIndex@8 0032e170 f setupldr:parseini.obj
 0001:0002d1e0       _SearchSectionByName@8     0032e1e0 f setupldr:parseini.obj
 0001:0002d258       _ProcessForStringSubs@8    0032e258 f setupldr:parseini.obj
 0001:0002d3e9       _ParseInfBuffer@12         0032e3e9 f setupldr:parseini.obj
 0001:0002dd71       _SpAppendSection@4         0032ed71 f setupldr:parseini.obj
 0001:0002df91       _SpAppendLine@4            0032ef91 f setupldr:parseini.obj
 0001:0002e111       _SpAppendValue@4           0032f111 f setupldr:parseini.obj
 0001:0002e210       _SpGetToken@8              0032f210 f setupldr:parseini.obj
 0001:0002e5d4       _SlDetectHal@4             0032f5d4 f setupldr:x86dtect.obj
 0001:0002e710       _DetectTrue@4              0032f710 f setupldr:x86dtect.obj
 0001:0002e7c9       _SlDetectScsi@4            0032f7c9 f setupldr:x86dtect.obj
 0001:0002e9c4       _SlDetectVideo@4           0032f9c4 f setupldr:x86dtect.obj
 0001:0002ea2c       _SlIs386@0                 0032fa2c f setupldr:cpu386.obj
 0001:0002ea58       _DetectSystemPro@4         0032fa58 f setupldr:detmach.obj
 0001:0002eb70       _DetectWyse7@4             0032fb70 f setupldr:detmach.obj
 0001:0002ebd0       _DetectOlivettiMp@4        0032fbd0 f setupldr:detmach.obj
 0001:0002ec0c       _ReadCMOS@12               0032fc0c f setupldr:detmach.obj
 0001:0002ec5c       _Detect486CStep@4          0032fc5c f setupldr:detmach.obj
 0001:0002ecb4       Check486CStepping          0032fcb4 f setupldr:detmach.obj
 0001:0002ed02       IsNpxPresent               0032fd02 f setupldr:detmach.obj
 0001:0002ed30       _NCRDeterminePlatform@4    0032fd30 f setupldr:detsup.obj
 0001:0002ef80       _GetProcCount@0            0032ff80 f setupldr:detsup.obj
 0001:0002f030       _DetectAST@4               00330030 f setupldr:detsup.obj
 0001:0002f120       _CbusFindString@12         00330120 f setupldr:detsup.obj
 0001:0002f22a       _DetectCbusII@4            0033022a f setupldr:detsup.obj
 0001:0002f390       _CorollaryHalNeeded@12     00330390 f setupldr:detsup.obj
 0001:0002f4a0       _SearchFloatPtr@8          003304a0 f setupldr:detsup.obj
 0001:0002f580       _PcMpGetFloatingPtr@0      00330580 f setupldr:detsup.obj
 0001:0002f650       _MPS10_GetPcMpTablePtr@0   00330650 f setupldr:detsup.obj
 0001:0002f720       _ComputeCheckSum@8         00330720 f setupldr:detsup.obj
 0001:0002f780       _MPS10_GetPcMpTable@0      00330780 f setupldr:detsup.obj
 0001:0002f8b0       _GetPcMpTable@0            003308b0 f setupldr:detsup.obj
 0001:0002f9c0       _GetDefaultConfig@4        003309c0 f setupldr:detsup.obj
 0001:0002f9f0       _HalpVerifyIOUnit@4        003309f0 f setupldr:detsup.obj
 0001:0002fa90       _HalpInitMpInfo@4          00330a90 f setupldr:detsup.obj
 0001:0002fc60       _DetectMPS@4               00330c60 f setupldr:detsup.obj
 0001:0002fdf0       _DetectUPMPS@4             00330df0 f setupldr:detsup.obj
 0001:0002fe30       _HalpMapPhysicalMemory@8   00330e30 f setupldr:detsup.obj
 0001:0002ffa0       _HalpMapPhysicalMemoryWriteThrough@8 00330fa0 f setupldr:detsup.obj
 0001:00030130       _DetermineFileSize@8       00331130 f boot:abiosc.obj
 0001:000302f9       _LoadRamExtensions@0       003312f9 f boot:abiosc.obj
 0001:0003091d       _AbiosBuildRealModeCda@8   0033191d f boot:abiosc.obj
 0001:00030cf0       _AbiosBuildProtectedModeCda@4 00331cf0 f boot:abiosc.obj
 0001:000310b0       _ConvertFtt@4              003320b0 f boot:abiosc.obj
 0001:000312e0       _InitializeGdtFreeList@0   003322e0 f boot:abiosc.obj
 0001:0003138d       _AllocateGdtSelector@0     0033238d f boot:abiosc.obj
 0001:000313f0       _SearchGdtSelector@12      003323f0 f boot:abiosc.obj
 0001:000314c0       _MapVirtualAddress@16      003324c0 f boot:abiosc.obj
 0001:000315b0       _RemapAbiosSelectors@0     003325b0 f boot:abiosc.obj
 0001:00031722       _AbiosInitDataStructures@0 00332722 f boot:abiosc.obj
 0001:00031892       _BlSetupForNt@4            00332892 f boot:ntsetup.obj
 0001:00031a70       _NSFixProcessorContext@8   00332a70 f boot:ntsetup.obj
 0001:00031b20       _NSUnmapFreeDescriptors@4  00332b20 f boot:ntsetup.obj
 0001:00031c1e       _NSDumpMemory@8            00332c1e f boot:ntsetup.obj
 0001:00031cd6       _NSDumpMemoryDescriptors@4 00332cd6 f boot:ntsetup.obj
 0001:00031d70       _BlGetArcDiskInformation@0 00332d70 f boot:arcdisk.obj
 0001:00031de0       _BlpEnumerateDisks@4       00332de0 f boot:arcdisk.obj
 0001:00031e35       _BlReadSignature@8         00332e35 f boot:arcdisk.obj
 0001:00032227       _BlLoadSystemHive@16       00333227 f boot:blload.obj
 0001:000324ae       _BlLoadNLSData@28          003334ae f boot:blload.obj
 0001:00032a36       _BlLoadOemHalFont@20       00333a36 f boot:blload.obj
 0001:00032e60       _BlLoadDeviceDriver@24     00333e60 f boot:blload.obj
 0001:00033017       __strlwr                   00334017 f libcntpr:strlwr.obj
 0001:0003303a       _isalpha                   0033403a f libcntpr:_ctype.obj
 0001:0003306c       _isupper                   0033406c f libcntpr:_ctype.obj
 0001:00033099       _islower                   00334099 f libcntpr:_ctype.obj
 0001:000330c6       _isdigit                   003340c6 f libcntpr:_ctype.obj
 0001:000330f3       _isxdigit                  003340f3 f libcntpr:_ctype.obj
 0001:00033125       _isspace                   00334125 f libcntpr:_ctype.obj
 0001:00033152       _ispunct                   00334152 f libcntpr:_ctype.obj
 0001:0003317f       _isalnum                   0033417f f libcntpr:_ctype.obj
 0001:000331b1       _isprint                   003341b1 f libcntpr:_ctype.obj
 0001:000331e3       _isgraph                   003341e3 f libcntpr:_ctype.obj
 0001:00033215       _iscntrl                   00334215 f libcntpr:_ctype.obj
 0001:00033242       ___isascii                 00334242 f libcntpr:_ctype.obj
 0001:00033253       ___toascii                 00334253 f libcntpr:_ctype.obj
 0001:0003325b       ___iscsymf                 0033425b f libcntpr:_ctype.obj
 0001:000332a3       ___iscsym                  003342a3 f libcntpr:_ctype.obj
 0001:000332eb       _sscanf                    003342eb f libcntpr:sscanf.obj
 0001:00033330       __strnicmp                 00334330 f libcntpr:strnicmp.obj
 0001:000333dd       __wcsnicmp                 003343dd f libcntpr:wcsnicmp.obj
 0001:00033435       __input                    00334435 f libcntpr:input.obj
 0001:00033fc3       _mbtowc                    00334fc3 f libcntpr:mbtowc.obj
 0001:0003403a       __filbuf                   0033503a f libcntpr:_filbuf.obj
 0001:00034040       _ungetc                    00335040 f libcntpr:ungetc.obj
 0001:000340b7       _mblen                     003350b7 f libcntpr:mblen.obj
 0001:000340ea       __getbuf                   003350ea f libcntpr:_getbuf.obj
 0001:00034110       _RtlCompareMemory@12       00335110 f bldrrtl:movemem.obj
 0001:00034160       _RtlCompareMemoryUlong@12  00335160 f bldrrtl:movemem.obj
 0001:00034190       _RtlFillMemory@12          00335190 f bldrrtl:movemem.obj
 0001:000341d0       _RtlFillMemoryUlong@12     003351d0 f bldrrtl:movemem.obj
 0001:000341f0       _RtlZeroMemory@8           003351f0 f bldrrtl:movemem.obj
 0001:00034220       _RtlMoveMemory@12          00335220 f bldrrtl:movemem.obj
 0001:00034270       _LZNT1DecompressChunk@20   00335270 f bldrrtl:lzntx86.obj
 0002:00000000       _KeFindConfigurationEntry@16 00336000 f ke:config.obj
 0002:00000040       _KeFindConfigurationNextEntry@20 00336040 f ke:config.obj
 0003:00000054       ??_C@_19INFD@?$AAc?$AAd?$AAf?$AAs?$AA?$AA?$AA?$AA?$AA?$AH?$AA?$AA?$AA?$AA?$AA?$AA@ 00337054   boot:cdfsboot.obj
 0003:00000060       ??_C@_19LNCA@?$AAn?$AAt?$AAf?$AAs?$AA?$AA?$AA?$AA?$AA?$AH?$AA?$AA?$AA?$AA?$AA?$AA@ 00337060   boot:ntfsboot.obj
 0003:0000006c       ??_C@_1BA@DGIO@?$AAp?$AAi?$AAn?$AAb?$AAa?$AAl?$AAl?$AA?$AA?$AA?$AH?$AA?$AA?$AA?$AA?$AA?$AA?$AA?$;A?$AE?$;I?$AA?$BA?$AA?$AB@ 0033706c   boot:hpfsboot.obj
 0003:0000007c       ??_C@_1BA@FEII@?$AAf?$AAa?$AAs?$AAt?$AAf?$AAa?$AAt?$AA?$AA?$AA?$AH?$AA?$AA?$AA?$AA?$AA?$AA?$AA?$;A?$AE?$;I?$AA?$BA?$AA?$AB@ 0033707c   boot:fatboot.obj
 0003:0000008c       ??_C@_19OJLJ@?$AAe?$AAt?$AAf?$AAs?$AA?$AA?$AA?$AA?$AA?$AH?$AA?$AA?$AA?$AA?$AA?$AA@ 0033708c   boot:etfsboot.obj
 0003:00000098       ??_C@_04HIMF@term?$AA@     00337098   boot:blconfig.obj
 0003:000000a0       ??_C@_08FJIC@keyboard?$AA@ 003370a0   boot:blconfig.obj
 0003:000000ac       ??_C@_07DGGG@pointer?$AA@  003370ac   boot:blconfig.obj
 0003:000000b4       ??_C@_05KCGF@print?$AA@    003370b4   boot:blconfig.obj
 0003:000000bc       ??_C@_07DNBH@monitor?$AA@  003370bc   boot:blconfig.obj
 0003:000000c4       ??_C@_05BNAM@modem?$AA@    003370c4   boot:blconfig.obj
 0003:000000cc       ??_C@_05NBPC@fdisk?$AA@    003370cc   boot:blconfig.obj
 0003:000000d4       ??_C@_05FDDC@rdisk?$AA@    003370d4   boot:blconfig.obj
 0003:000000dc       ??_C@_05DNMD@other?$AA@    003370dc   boot:blconfig.obj
 0003:000000e4       ??_C@_05BDHG@audio?$AA@    003370e4   boot:blconfig.obj
 0003:000000ec       ??_C@_03DCHJ@key?$AA@      003370ec   boot:blconfig.obj
 0003:000000f0       ??_C@_05GNMO@point?$AA@    003370f0   boot:blconfig.obj
 0003:000000f8       ??_C@_03IEDG@par?$AA@      003370f8   boot:blconfig.obj
 0003:000000fc       ??_C@_05HENO@video?$AA@    003370fc   boot:blconfig.obj
 0003:00000104       ??_C@_03HMEG@net?$AA@      00337104   boot:blconfig.obj
 0003:00000108       ??_C@_06JBKG@serial?$AA@   00337108   boot:blconfig.obj
 0003:00000110       ??_C@_04CDKL@worm?$AA@     00337110   boot:blconfig.obj
 0003:00000118       ??_C@_05MMID@cdrom?$AA@    00337118   boot:blconfig.obj
 0003:00000120       ??_C@_04EJHC@tape?$AA@     00337120   boot:blconfig.obj
 0003:00000128       ??_C@_04BMND@disk?$AA@     00337128   boot:blconfig.obj
 0003:00000130       ??_C@_05GOPD@multi?$AA@    00337130   boot:blconfig.obj
 0003:00000138       ??_C@_03MJNO@dti?$AA@      00337138   boot:blconfig.obj
 0003:0000013c       ??_C@_04NCPK@scsi?$AA@     0033713c   boot:blconfig.obj
 0003:00000144       ??_C@_02EHGN@tc?$AA@       00337144   boot:blconfig.obj
 0003:00000148       ??_C@_04DIBH@eisa?$AA@     00337148   boot:blconfig.obj
 0003:00000150       ??_C@_02CGDI@sc?$AA@       00337150   boot:blconfig.obj
 0003:00000154       ??_C@_03DNOK@sdc?$AA@      00337154   boot:blconfig.obj
 0003:00000158       ??_C@_03MELO@sic?$AA@      00337158   boot:blconfig.obj
 0003:0000015c       ??_C@_03MLNB@pdc?$AA@      0033715c   boot:blconfig.obj
 0003:00000160       ??_C@_03DCIF@pic?$AA@      00337160   boot:blconfig.obj
 0003:00000164       ??_C@_03GAMN@fpu?$AA@      00337164   boot:blconfig.obj
 0003:00000168       ??_C@_03HKIB@cpu?$AA@      00337168   boot:blconfig.obj
 0003:0000016c       ??_C@_03KFPL@arc?$AA@      0033716c   boot:blconfig.obj
 0003:00000170       ??_C@_1O@POHA@?$AA?$CI?$AAn?$AAu?$AAl?$AAl?$AA?$CJ?$AA?$AA?$AA?$AA?$AA?$AH?$AA?$AA?$AA?$AA?$AA?$AA?$AA?$9A?$AE?$;I@ 00337170   libcntpr:output.obj
 0003:00000180       ??_C@_06ONKE@?$CInull?$CJ?$AA@ 00337180   libcntpr:output.obj
 0003:00000188       ___lookuptable             00337188   libcntpr:output.obj
 0003:000001e4       ??_C@_03LMGI@OEM?$AA@      003371e4   setupldr:setup.obj
 0003:000001e8       ??_C@_04CHND@?4x86?$AA@    003371e8   setupldr:setup.obj
 0003:000001f0       ??_C@_0BB@IFIG@SourceDisksNames?$AA@ 003371f0   setupldr:setup.obj
 0003:00000204       ??_C@_0BB@PMCK@SourceDisksFiles?$AA@ 00337204   setupldr:setup.obj
 0003:00000218       ??_C@_0N@ONFN@REG_MULTI_SZ?$AA@ 00337218   setupldr:oemdisk.obj
 0003:00000228       ??_C@_0O@PBEF@REG_EXPAND_SZ?$AA@ 00337228   setupldr:oemdisk.obj
 0003:00000238       ??_C@_06OCFF@REG_SZ?$AA@   00337238   setupldr:oemdisk.obj
 0003:00000240       ??_C@_0L@MKNL@REG_BINARY?$AA@ 00337240   setupldr:oemdisk.obj
 0003:0000024c       ??_C@_09HBKC@REG_DWORD?$AA@ 0033724c   setupldr:oemdisk.obj
 0003:00000258       ??_C@_03DHFD@hal?$AA@      00337258   setupldr:oemdisk.obj
 0003:0000025c       ??_C@_06PEFK@detect?$AA@   0033725c   setupldr:oemdisk.obj
 0003:00000264       ??_C@_03BGOI@dll?$AA@      00337264   setupldr:oemdisk.obj
 0003:00000268       ??_C@_03LANC@inf?$AA@      00337268   setupldr:oemdisk.obj
 0003:0000026c       ??_C@_05LGKP@class?$AA@    0033726c   setupldr:oemdisk.obj
 0003:00000274       ??_C@_04IOEK@port?$AA@     00337274   setupldr:oemdisk.obj
 0003:0000027c       ??_C@_06GIC@driver?$AA@    0033727c   setupldr:oemdisk.obj
 0003:00000284       ??_C@_06JDC@mca_up?$AA@    00337284   setupldr:x86dtect.obj
 0003:0000028c       ??_C@_08MKHD@e_isa_up?$AA@ 0033728c   setupldr:x86dtect.obj
 0003:00000298       ??_C@_07BILE@486c_up?$AA@  00337298   setupldr:x86dtect.obj
 0003:000002a0       ??_C@_09GEEI@syspro_mp?$AA@ 003372a0   setupldr:x86dtect.obj
 0003:000002ac       ??_C@_06PEIN@mps_up?$AA@   003372ac   setupldr:x86dtect.obj
 0003:000002b4       ??_C@_0L@EKNL@mps_mca_mp?$AA@ 003372b4   setupldr:x86dtect.obj
 0003:000002c0       ??_C@_06CLHA@mps_mp?$AA@   003372c0   setupldr:x86dtect.obj
 0003:000002c8       ??_C@_09NOOE@cbusmc_mp?$AA@ 003372c8   setupldr:x86dtect.obj
 0003:000002d4       ??_C@_08LBDI@cbus2_mp?$AA@ 003372d4   setupldr:x86dtect.obj
 0003:000002e0       ??_C@_08CEEG@astmf_mp?$AA@ 003372e0   setupldr:x86dtect.obj
 0003:000002ec       ??_C@_0L@BEPL@oli5030_mp?$AA@ 003372ec   setupldr:x86dtect.obj
 0003:000002f8       ??_C@_08GDMI@ncr3x_mp?$AA@ 003372f8   setupldr:x86dtect.obj
 0003:00000304       ??_C@_0M@PDEA@Wyse7000_mp?$AA@ 00337304   setupldr:x86dtect.obj
 0003:00000310       ??_C@_0M@JAFH@System?53550?$AA@ 00337310   setupldr:detsup.obj
 0003:0000031c       ??_C@_0M@MCEB@System?53450?$AA@ 0033731c   setupldr:detsup.obj
 0003:00000328       ??_C@_0BI@JMML@Copyright?5?$CIC?$CJ?5?$DP?$DP?$DP?$DP?5NCR?$AA?$AA@ 00337328   setupldr:detsup.obj
 0003:00000340       ??_C@_0M@EHNP@System?53360?$AA@ 00337340   setupldr:detsup.obj
 0003:0000034c       ??_C@_0O@MALP@NCR?5Voyager?91?$AA@ 0033734c   setupldr:detsup.obj
 0004:00000000       _ElToritoCDBoot            00338000   boot:entry.obj
 0004:00000004       _FwConfigurationTree       00338004   boot:entry.obj
 0004:00000008       _FwHeapUsed                00338008   boot:entry.obj
 0004:0000000c       _MachineType               0033800c   boot:entry.obj
 0004:00000010       _BlMemoryAllocationPolicy  00338010   boot:blmemory.obj
 0004:00000014       _BlHeapAllocationPolicy    00338014   boot:blmemory.obj
 0004:00000018       _TotalHeapAbandoned        00338018   boot:blmemory.obj
 0004:0000001c       _ScsiDebug                 0033801c   boot:scsiboot.obj
 0004:00000020       _TextColumn                00338020   boot:display.obj
 0004:00000024       _TextRow                   00338024   boot:display.obj
 0004:00000028       _TextCurrentAttribute      00338028   boot:display.obj
 0004:00000030       _GlobalSystemBlock         00338030   boot:arcemul.obj
 0004:0000006c       _FwPermanentHeap           0033806c   boot:memory.obj
 0004:00000070       _FwTemporaryHeap           00338070   boot:memory.obj
 0004:00000074       _FwDescriptorsValid        00338074   boot:memory.obj
 0004:00000078       _NumberDescriptors         00338078   boot:memory.obj
 0004:0000007c       _BlpResourceDirectory      0033807c   boot:blres.obj
 0004:00000080       _BlpResourceFileOffset     00338080   boot:blres.obj
 0004:00000088       _ControlSequence           00338088   boot:biosdrv.obj
 0004:0000008c       _EscapeSequence            0033808c   boot:biosdrv.obj
 0004:00000090       _FontSelection             00338090   boot:biosdrv.obj
 0004:00000094       _PCount                    00338094   boot:biosdrv.obj
 0004:00000098       _KeyBufferEnd              00338098   boot:biosdrv.obj
 0004:0000009c       _KeyBufferStart            0033809c   boot:biosdrv.obj
 0004:000000a0       _TranslateColor            003380a0   boot:biosdrv.obj
 0004:000000a8       _LocalBuffer               003380a8   boot:biosdrv.obj
 0004:000000b0       _BiosPartitionEntryTable   003380b0   boot:biosdrv.obj
 0004:000000e0       _BiosDiskEntryTable        003380e0   boot:biosdrv.obj
 0004:00000110       _BiosEDDSEntryTable        00338110   boot:biosdrv.obj
 0004:00000140       _BlLogFileId               00338140   boot:bllog.obj
 0004:00000144       _BlLogActiveTargets        00338144   boot:bllog.obj
 0004:00000148       _CdfsBootFsInfo            00338148   boot:cdfsboot.obj
 0004:0000014c       _NtfsBootFsInfo            0033814c   boot:ntfsboot.obj
 0004:00000150       _LastMcb                   00338150   boot:ntfsboot.obj
 0004:00000154       _FirstTime                 00338154   boot:ntfsboot.obj
 0004:00000158       _HpfsBootFsInfo            00338158   boot:hpfsboot.obj
 0004:0000015c       _FatBootFsInfo             0033815c   boot:fatboot.obj
 0004:00000160       _EtfsBootFsInfo            00338160   boot:etfsboot.obj
 0004:00000164       _Vp                        00338164   boot:disp_tm.obj
 0004:00000168       _TmGraphicsChars           00338168   boot:disp_tm.obj
 0004:00000170       _GrVp                      00338170   boot:disp_gr.obj
 0004:00000174       _GrGraphicsChars           00338174   boot:disp_gr.obj
 0004:00000180       _ScsiDiskEntryTable        00338180   boot:scsidisk.obj
 0004:000001b0       _MnemonicTable             003381b0   boot:blconfig.obj
 0004:00000240       _BlAdapterTypes            00338240   boot:blconfig.obj
 0004:00000250       _BlControllerTypes         00338250   boot:blconfig.obj
 0004:00000260       _BlPeripheralTypes         00338260   boot:blconfig.obj
 0004:00000270       _PCIConfigHandlers         00338270   boot:ixpcibus.obj
 0004:00000290       _PCIConfigHandlersType2    00338290   boot:ixpcibus.obj
 0004:000002b0       _PCIDeref                  003382b0   boot:ixpcibus.obj
 0004:000002c0       ___nullstring              003382c0   libcntpr:output.obj
 0004:000002c4       ___wnullstring             003382c4   libcntpr:output.obj
 0004:000002c8       ___lc_handle               003382c8   libcntpr:nlsdata2.obj
 0004:000002e0       ___lc_codepage             003382e0   libcntpr:nlsdata2.obj
 0004:000002e8       __pctype                   003382e8   libcntpr:ctype.obj
 0004:000002ec       __pwctype                  003382ec   libcntpr:ctype.obj
 0004:000002f0       __ctype                    003382f0   libcntpr:ctype.obj
 0004:000004f4       ___mb_cur_max              003384f4   libcntpr:nlsdata1.obj
 0004:000004f8       ___decimal_point           003384f8   libcntpr:nlsdata1.obj
 0004:000004fc       ___decimal_point_length    003384fc   libcntpr:nlsdata1.obj
 0004:00000500       __cfltcvt_tab              00338500   libcntpr:cmiscdat.obj
 0004:00000518       __fltused                  00338518   libcntpr:stubs.obj
 0004:0000051c       __ldused                   0033851c   libcntpr:stubs.obj
 0004:00000520       ___fastflag                00338520   libcntpr:stubs.obj
 0004:00000524       _RtlpZeroCount             00338524   bldrrtl:movemem.obj
 0004:00000528       _RtlpZeroBytes             00338528   bldrrtl:movemem.obj
 0004:00000530       _RtlWorkSpaceProcs         00338530   bldrrtl:compress.obj
 0004:00000550       _RtlCompressBufferProcs    00338550   bldrrtl:compress.obj
 0004:00000570       _RtlDecompressBufferProcs  00338570   bldrrtl:compress.obj
 0004:00000590       _RtlDecompressFragmentProcs 00338590   bldrrtl:compress.obj
 0004:000005b0       _RtlDescribeChunkProcs     003385b0   bldrrtl:compress.obj
 0004:000005d0       _RtlReserveChunkProcs      003385d0   bldrrtl:compress.obj
 0004:000005f0       _FormatMaxLength           003385f0   bldrrtl:lznt1.obj
 0004:00000618       _FormatMaxDisplacement     00338618   bldrrtl:lznt1.obj
 0004:0000063c       _FilesSectionName          0033863c   setupldr:setup.obj
 0004:00000640       _MediaSectionName          00338640   setupldr:setup.obj
 0004:00000644       _PlatformExtension         00338644   setupldr:setup.obj
 0004:00000648       _BlDcacheFillSize          00338648   setupldr:setup.obj
 0004:0000064c       _BootDeviceIdValid         0033864c   setupldr:setup.obj
 0004:00000650       _FixedBootMedia            00338650   setupldr:setup.obj
 0004:00000654       _OemTag                    00338654   setupldr:setup.obj
 0004:00000658       _PreInstall                00338658   setupldr:setup.obj
 0004:0000065c       _ComputerType              0033865c   setupldr:setup.obj
 0004:00000660       _OemHal                    00338660   setupldr:setup.obj
 0004:00000664       _PreinstallDriverList      00338664   setupldr:setup.obj
 0004:00000668       _ScreenWidth               00338668   setupldr:arcdisp.obj
 0004:0000066c       _ScreenHeight              0033866c   setupldr:arcdisp.obj
 0004:00000670       _ScreenX                   00338670   setupldr:arcdisp.obj
 0004:00000674       _ScreenY                   00338674   setupldr:arcdisp.obj
 0004:00000678       _CurAttribute              00338678   setupldr:arcdisp.obj
 0004:0000067c       _StatusAttribute           0033867c   setupldr:arcdisp.obj
 0004:00000680       _PromptOemHal              00338680   setupldr:oemdisk.obj
 0004:00000684       _PromptOemScsi             00338684   setupldr:oemdisk.obj
 0004:00000688       _PromptOemVideo            00338688   setupldr:oemdisk.obj
 0004:0000068c       _PreInstallOemInfHandle    0033868c   setupldr:oemdisk.obj
 0004:00000690       _FileTypeNames             00338690   setupldr:oemdisk.obj
 0004:000006b0       _RegistryTypeNames         003386b0   setupldr:oemdisk.obj
 0004:000006c8       _RegistryTypeMap           003386c8   setupldr:oemdisk.obj
 0004:000006e0       _pchINFName                003386e0   setupldr:parseini.obj
 0004:000006e8       _StringTerminators         003386e8   setupldr:parseini.obj
 0004:000006f4       _QStringTerminators        003386f4   setupldr:parseini.obj
 0004:000006f8       _DetectHal                 003386f8   setupldr:x86dtect.obj
 0004:00000858       _SpType                    00338858   setupldr:detmach.obj
 0004:00000859       _SpCpuCount                00338859   setupldr:detmach.obj
 0004:0000085a       _SpProcessorControlPort    0033885a   setupldr:detmach.obj
 0004:00000890       _WPDStringID               00338890   setupldr:detsup.obj
 0004:00000894       _WPDPlatformName           00338894   setupldr:detsup.obj
 0004:00000898       _MSBUCopyrightString       00338898   setupldr:detsup.obj
 0004:000008a0       _MSBUPlatformMap           003388a0   setupldr:detsup.obj
 0004:000008f8       _UserSpecifiedNoIoApic     003388f8   setupldr:detsup.obj
 0004:000008fc       _CommonDataArea            003388fc   boot:abiosc.obj
 0004:0000096c       _NCRPlatform               0033896c   <common>
 0004:00000970       _PcMpTablePtr              00338970   <common>
 0004:00000980       _EBI2_CallTab              00338980   <common>
 0004:00000b80       _ProcCount                 00338b80   <common>
 0004:00000b90       _HalpMpInfoTable           00338b90   <common>
 0004:00000c10       _HalpPcMpTable             00338c10   <common>
 0004:00000c3c       _BiosPtr                   00338c3c   <common>
 0004:00000c40       _pValueRecord              00338c40   <common>
 0004:00000c44       _pSectionRecord            00338c44   <common>
 0004:00000c48       _pINF                      00338c48   <common>
 0004:00000c4c       _pLineRecord               00338c4c   <common>
 0004:00000c50       _FloppyDiskPath            00338c50   <common>
 0004:00000c60       _StatusText                00338c60   <common>
 0004:00000d30       _MessageBuffer             00338d30   <common>
 0004:00001130       _InstallMedia              00339130   <common>
 0004:00001134       _LoadCdfs                  00339134   <common>
 0004:00001138       _WinntSifHandle            00339138   <common>
 0004:00001140       _AnsiCodepage              00339140   <common>
 0004:00001148       _AnsiCpName                00339148   <common>
 0004:0000114c       _OemHalFontName            0033914c   <common>
 0004:00001150       _HalName                   00339150   <common>
 0004:00001154       _BootPath                  00339154   <common>
 0004:00001158       _InstallDriveNumber        00339158   <common>
 0004:0000115c       _LoadDiskClass             0033915c   <common>
 0004:00001160       _OemCodepage               00339160   <common>
 0004:00001168       _BootDeviceId              00339168   <common>
 0004:0000116c       _InfFile                   0033916c   <common>
 0004:00001170       _HalDescription            00339170   <common>
 0004:00001174       _LoadScsiMiniports         00339174   <common>
 0004:00001178       _BootDevice                00339178   <common>
 0004:00001180       _UnicodeCaseTable          00339180   <common>
 0004:00001188       _IgnoreMissingFiles        00339188   <common>
 0004:0000118c       _BootMedia                 0033918c   <common>
 0004:00001190       _BootDriveNumber           00339190   <common>
 0004:00001198       _OemHalFont                00339198   <common>
 0004:000011a0       _PCIMaxDevice              003391a0   <common>
 0004:000011b0       _PCIBusHandler             003391b0   <common>
 0004:000011c8       _ReadCapacityBuffer        003391c8   <common>
 0004:000011cc       _SenseInfoBuffer           003391cc   <common>
 0004:000011d0       _ScsiTempBuffer            003391d0   <common>
 0004:00001a50       _DbcsLangId                00339a50   <common>
 0004:00001a54       _CharacterImageHeight      00339a54   <common>
 0004:00001a58       _CharacterTopPad           00339a58   <common>
 0004:00001a5c       _ScreenHeightCells         00339a5c   <common>
 0004:00001a60       _CharacterCellHeight       00339a60   <common>
 0004:00001a64       _DbcsImages                00339a64   <common>
 0004:00001a68       _SbcsImages                00339a68   <common>
 0004:00001a6c       _DbcsCharCount             00339a6c   <common>
 0004:00001a70       _LeadByteTable             00339a70   <common>
 0004:00001a7c       _ScreenWidthCells          00339a7c   <common>
 0004:00001a80       _CharacterBottomPad        00339a80   <common>
 0004:00001a84       _SbcsCharCount             00339a84   <common>
 0004:00001a88       _HalpEisaControlBase       00339a88   <common>
 0004:00001a90       _HalpMCAAdapter            00339a90   <common>
 0004:00001ac0       _HalpEisaAdapter           00339ac0   <common>
 0004:00001ae0       _EtfsFileTableEntry        00339ae0   <common>
 0004:00001af0       _EtfsDeviceEntryTable      00339af0   <common>
 0004:00001b20       _EtfsStructureContext      00339b20   <common>
 0004:00001b30       _FatDeviceEntryTable       00339b30   <common>
 0004:00001b60       _HpfsStructureContext      00339b60   <common>
 0004:00001b64       _HpfsFileTableEntry        00339b64   <common>
 0004:00001b70       _HpfsDeviceEntryTable      00339b70   <common>
 0004:00001ba0       _NtfsFileRecordBufferVbo   00339ba0   <common>
 0004:00001da0       _NtfsDeviceEntryTable      00339da0   <common>
 0004:00001dd0       _NtfsBuffer0               00339dd0   <common>
 0004:00002ed0       _NtfsBuffer2               0033aed0   <common>
 0004:00003fd0       _NtfsBuffer1               0033bfd0   <common>
 0004:000050d0       _NtfsBuffer4               0033d0d0   <common>
 0004:000151d0       _NtfsBuffer3               0034d1d0   <common>
 0004:000252d0       _NtfsFileRecordBufferPinned 0035d2d0   <common>
 0004:00025350       _NtfsCompressedVbo         0035d350   <common>
 0004:00025360       _NtfsFileRecordBuffer      0035d360   <common>
 0004:00025460       _NtfsCompressedBuffer      0035d460   <common>
 0004:00025468       _NtfsCompressedFileRecord  0035d468   <common>
 0004:00025470       _NtfsIndexAllocationBuffer 0035d470   <common>
 0004:00025474       _NtfsCompressedOffset      0035d474   <common>
 0004:00025478       _NtfsUncompressedBuffer    0035d478   <common>
 0004:0002547c       _CdfsFileTableEntry        0035d47c   <common>
 0004:00025480       _CdfsStructureContext      0035d480   <common>
 0004:00025490       _CdfsDeviceEntryTable      0035d490   <common>
 0004:000254c0       _KeyBuffer                 0035d4c0   <common>
 0004:000254d0       _Parameter                 0035d4d0   <common>
 0004:000254f8       _FwPoolEnd                 0035d4f8   <common>
 0004:000254fc       _FwPoolStart               0035d4fc   <common>
 0004:00025500       _MDArray                   0035d500   <common>
 0004:000257d0       _HalPT                     0035d7d0   <common>
 0004:000257d4       _PDE                       0035d7d4   <common>
 0004:000257e0       _AETime                    0035d7e0   <common>
 0004:000257f0       _GlobalFirmwareVectors     0035d7f0   <common>
 0004:00025884       _FwStallCounter            0035d884   <common>
 0004:00025888       _InquiryDataBuffer         0035d888   <common>
 0004:00025890       _ScsiPortDeviceObject      0035d890   <common>
 0004:000258d0       _PrimarySrb                0035d8d0   <common>
 0004:00025a40       _ScsiPortCount             0035da40   <common>
 0004:00025a50       _RequestSenseSrb           0035da50   <common>
 0004:00025bc0       _AbortSrb                  0035dbc0   <common>
 0004:00025d30       _BlFileTable               0035dd30   <common>
 0004:00026a30       _BlHeapLimit               0035ea30   <common>
 0004:00026a34       _BlHeapFree                0035ea34   <common>
 0004:00026a38       _BlLoaderBlock             0035ea38   <common>
 0004:00026a3c       _OsLoaderBase              0035ea3c   <common>
 0004:00026a40       _OsLoaderExports           0035ea40   <common>
 0004:00026a50       _BootPartitionName         0035ea50   <common>
 0004:00026aa0       _ExternalServicesTable     0035eaa0   <common>
 0004:00026aa4       __iob                      0035eaa4   <common>
 0004:00026ab0       __osfile                   0035eab0   <common>
 0004:00026ac4       _errno                     0035eac4   <common>
 0004:00026ac8       ___@@_PchSym_@00@UmgUkirezgvUmglhUpvUfkUlyqUrDIGUprOlyq@ke 0035eac8   <common>

 entry point at        0001:00000069

 Static symbols

 0001:0002ea58       $$$00001                   0032fa58 f setupldr:detmach.obj
 0001:0002eaf9       SpScanForString            0032faf9 f setupldr:detmach.obj
 0001:0002eb15       CheckEisaCard              0032fb15 f setupldr:detmach.obj
 0001:0002eb6f       $$$00005                   0032fb6f f setupldr:detmach.obj
 0001:0002ebd0       $$$00007                   0032fbd0 f setupldr:detmach.obj
 0001:0002ec09       $$$00009                   0032fc09 f setupldr:detmach.obj
 0001:0002ec59       $$$00011                   0032fc59 f setupldr:detmach.obj
 0001:00020abc       $$$00001                   00321abc f boot:ixcmos.obj
 0001:00019094       $$$00001                   0031a094 f boot:xxioacc.obj
 0001:0001909d       $$$00003                   0031a09d f boot:xxioacc.obj
 0001:000190aa       $$$00005                   0031a0aa f boot:xxioacc.obj
 0001:000190b5       $$$00007                   0031a0b5 f boot:xxioacc.obj
 0001:000190cc       $$$00009                   0031a0cc f boot:xxioacc.obj
 0001:000190e1       $$$00011                   0031a0e1 f boot:xxioacc.obj
 0001:000190f8       $$$00013                   0031a0f8 f boot:xxioacc.obj
 0001:00019105       $$$00015                   0031a105 f boot:xxioacc.obj
 0001:00019117       $$$00017                   0031a117 f boot:xxioacc.obj
 0001:00019125       $$$00019                   0031a125 f boot:xxioacc.obj
 0001:0001913c       $$$00021                   0031a13c f boot:xxioacc.obj
 0001:00019151       $$$00023                   0031a151 f boot:xxioacc.obj
 0001:00033f24       __hextodec                 00334f24 f libcntpr:input.obj
 0001:00033f60       __inc                      00334f60 f libcntpr:input.obj
 0001:00033f83       __un_inc                   00334f83 f libcntpr:input.obj
 0001:00033f9b       __whiteout                 00334f9b f libcntpr:input.obj
 0001:00021e9a       _write_char                00322e9a f libcntpr:output.obj
 0001:00021edb       _write_multi_char          00322edb f libcntpr:output.obj
 0001:00021f03       _write_string              00322f03 f libcntpr:output.obj
 0001:00021f32       _get_int_arg               00322f32 f libcntpr:output.obj
 0001:00021f41       _get_int64_arg             00322f41 f libcntpr:output.obj
 0001:00021f55       _get_short_arg             00322f55 f libcntpr:output.obj
 0001:00034270       $$$00001                   00335270 f bldrrtl:lzntx86.obj
 0001:00034110       $$$00001                   00335110 f bldrrtl:movemem.obj
 0001:00034157       $$$00003                   00335157 f bldrrtl:movemem.obj
 0001:00034181       $$$00005                   00335181 f bldrrtl:movemem.obj
 0001:000341c1       $$$00007                   003351c1 f bldrrtl:movemem.obj
 0001:000341e6       $$$00009                   003351e6 f bldrrtl:movemem.obj
 0001:00034214       $$$00011                   00335214 f bldrrtl:movemem.obj
 0001:000224a8       $$$00001                   003234a8 f bldrrtl:ioaccess.obj
 0001:000224b1       $$$00003                   003234b1 f bldrrtl:ioaccess.obj
 0001:000224be       $$$00005                   003234be f bldrrtl:ioaccess.obj
 0001:000224c9       $$$00007                   003234c9 f bldrrtl:ioaccess.obj
 0001:000224e5       $$$00009                   003234e5 f bldrrtl:ioaccess.obj
 0001:00022502       $$$00011                   00323502 f bldrrtl:ioaccess.obj
 0001:0002251d       $$$00013                   0032351d f bldrrtl:ioaccess.obj
 0001:00022532       $$$00015                   00323532 f bldrrtl:ioaccess.obj
 0001:00022547       $$$00017                   00323547 f bldrrtl:ioaccess.obj
 0001:0002255a       $$$00019                   0032355a f bldrrtl:ioaccess.obj
 0001:0002257a       $$$00021                   0032357a f bldrrtl:ioaccess.obj
 0001:0002259b       $$$00023                   0032359b f bldrrtl:ioaccess.obj

FIXUPS: 23d6c 60 a7 fffff3e5 1d 25 62 1b fffffdbf 6f 98 1367 39 48 6c 5a
FIXUPS: 246ad 3ee 25 4d 2e 4c b6 4b 74 46 a8 d6 1bc 59 18b 23 9c 1e a5
FIXUPS: 25400 f1 1ff 3fa c9 ffffdeb1 58 286 fffff05b 18 1f 20 cc 34 2f
FIXUPS: 224c9 45 3e 24 4c 30 fffffe2d 20 ffffffa6 fffffc99 fffffec5 a fffffdbc
FIXUPS: 21d23 ffffff73 19 fffffe95 20 144c1 152 fffedffb 22 21 314 4d fbf0
FIXUPS: 34135 2d 30 32 32 2f 4b 48 fffeecfe ffffffd6 fffff78f 48 98 1f
FIXUPS: 2288d 10 6d 4f 24 6a 79 36 14 19 11 a3 17 104 a5 16 24 11d80 2b
FIXUPS: 34b31 36 10 3a 37 1b 8a 39 13 56 41 23 32 13 6e 29 34 f 84 45 18
FIXUPS: 34fa8 b fffff3fb a ffffff65 fffffd30 2f 2d 2d fffcd5c5 1b 5e 83
FIXUPS: 185a 2f 3384f ffffff91 ffffff9c 1e fffff450 2d 9 d 59 10c 10 9e
FIXUPS: 346f5 33 24 1e 33 38 2f 16 36 176 22 55 19 35 fffcdb62 9 ffffea81
FIXUPS: 1080 4a 23 19 5 17 d 17 d 1ee 22 2e d 2f 1f 11 d 41 a d 48 1f a
FIXUPS: 14e0 40 12 17 14 d 11b5 1a 30 13 31 31 31 ca 45 47 47 47 47 4a
FIXUPS: 1c5b 85 a6 16 3d 7 40 99 109 42 e2 181 159 e0 3b 7 17 31 1a43 48
FIXUPS: 4009 46 27 ffffeda8 3d 1f 17 19 81 c3 1f 47 1f 2c 1f 17 3b ed 42
FIXUPS: 3297 8f 96 41 116 36 1d 2b 59 fffff101 1a 5573 1d 25 1e 23 214
FIXUPS: 40da c6 16 39 2d c fffff444 20 64 84 100 6b 4c 1f 7b 1e 3f 36 41
FIXUPS: 3d39 1f 2a 1a 7c ab 11 31ab 20 20 20 24 20 20 127 b0 30 265 16
FIXUPS: 75e5 16 17d 3c d5 35 13 20 23 31 38 86 20 20 20 20 20 151 46 1b
FIXUPS: 67ab 1e 1d 25 91 2a 26 35 60 269 25 1c de 4e 23 60 29 28 a8 f d
FIXUPS: 6f1b 20 20 20 20 20 28 20 20 1c 20 ffffe9a2 33 2f 17 49 2d d3 a
FIXUPS: 5c00 29 f1 10 51 1f 2a 6e 2d 3f ac 31 53 5d 24f 45 58 da 50 74
FIXUPS: 64ee 12d 1a 15c ffffe592 4d 2c 14 61 a8 4b 60 113 8f 16 13 13 3c
FIXUPS: 51e1 30 b3 28 16 1ad 50 54 65 13 13 58 1a 6d bd 18 102 34 2ccf
FIXUPS: 85ce 12 60 e 4e 12 3b e ffffbd9e 40 55 f3 14 28 b0 18 7b 17 db
FIXUPS: 48eb 44 e6 21 69 14 43 26 35 18 5c 120 335c 32 5a a7 10 14 99 9
FIXUPS: 82a4 57 39 1f 11 27 24 14 35 15 2b e 32 13 2d e 2e a 26 a 26 a
FIXUPS: 8584 a 924 aa 6e aa 17e 1c3 442 2d 2d 54 15 309 15 1f 19 2a 57
FIXUPS: 9caf 3f 1d 58 51 54 4a c 2f a7 ffffe04c 14 14 6f 13 252a 2b 38
FIXUPS: a5e4 681 33 51 90 cc 2a 47a 43 d 15f 47 6e 5f ffffd1c6 2c 1e a3
FIXUPS: 886f 1c9 187 59 1b 7 4f 2b 94 fd 13 2a0e 67 12 78 a9 23 34 28 ffffe5e9
FIXUPS: a094 3d 24 25 28 33 1c 26 10 b 20 20 20 20 20 41 27 4b 5 1a 120
FIXUPS: a49a 28 345c 16 48 31 4e 16 48 2e 3f 16 dc 3a 9a 58 2d 30 33 4e
FIXUPS: dded 2c 25 2b 2f 4a 2b 2e d1 2b 3b bc ffffd69f 32 1505 48 3bc 16
FIXUPS: d15f 6f 22 4c 44 2e 31 34 7c 16 48 2c 2f 51 76 51 16 d5 2f a2 72
FIXUPS: d7bc 31 34 4e 16 48 2c ffffe644 18 13 19 18 2e 3c 20 17 2a 27 15
FIXUPS: c164 194 17f 3d 6f 78 3bd f 41 a a 5 42 4f 16 f 2e a 31 18a 1557
FIXUPS: e1e6 20 1b a 1e 12 18 50 6d 2f 85 4c 21 159 8a 95 58 88 1c ffffd478
FIXUPS: bcbd 30 150 1e 41 19 18 13 19 18 13 5f75 8a 27a 41 59 5c 3e 86
FIXUPS: 123d5 1e 86 28b 122 99 1c 59 1c ffffbf46 e 2d 23 38 166 f1 61 27
FIXUPS: ec1b 345 6d3 184 43 2d8 d80 15c 3e 294 81 35d 35 93 209 48 12e
FIXUPS: 11512 6c 30 86 50 b9 154 53 12 2e 111 c6 103 4c 39 24 79 33 81
FIXUPS: 11e20 1e e27 22 214 57 ab 22 4a fd dc 54c 68 a1 185 f4 185 ffffbed9
FIXUPS: fc18 9c 2f4 b 1e 19b 128 50 31 19a fb 27 5f 5f 6a 90 6091 20 2a
FIXUPS: 16adf 4a 22 3b 2b 22 21 113 13d 52 22 37 4a 2f a8 54 22 3b 2c 3a
FIXUPS: 17165 22 16 17c 2e 4a 37 2e 53 ffffdb74 19 15c 1a 35 6b 22 28 20
FIXUPS: 15355 7f 37 42 67 70 4fe 66 1dd 66 187 195 2c7 20 5d 28a 2b b5
FIXUPS: 166dc 56 3f 47 40 1493 10 345 6d3 184 43 2d8 ffffb1d0 49d 124 91
FIXUPS: 14485 1e9 14f 25 20f 67 c9 1f 57 1f 6e 1f 22 62 37 2c 3d f2 9c
FIXUPS: 14f72 34 4a07 46 26 a5 fb 300 7b 12 20 1d 21 14 19 12 2d 14 12
FIXUPS: 1a046 13 13 14 ffffd7dd 1d 20 6a 22 6a 1d 20 156 e0 61 2ade ffffe49b
FIXUPS: 18bf8 37 166 2cf f6 13 1e 13 eb 1c da 1c9 ea 10 1e 1f 21 23 21
FIXUPS: 196f7 1c 10 1e 1f 21 25 23 13 d5 a5 292a ffffedf3 4d 10 16 48 1f
FIXUPS: 1b18e 16c fffff9b2 80 65 13e fffff2be 49 1e 1e 1e 6d 3c 58 cd 22
FIXUPS: 1a44d 13 c 34 24 c5 17 bd 4f 1259 388 20 25 11 7 2d e d 24 2a 12
FIXUPS: 1bdb6 b 29 12 1e 14c e 26 12 5b 25 8c 44 1f 35 1f 22 80 1a e 3164
FIXUPS: 1f3ee 70 148 34 21 23 19 b7 f4 1e 17 a 79 ffffca4a 11 66 fffff1b3
FIXUPS: 1b51e 16 48 1f e 3c 3e 4c 14 1ac 1d 4d 3e 12 328e 2c 1f d 11 21
FIXUPS: 1ec17 c c 56 21 21 21 1f 14 14 14 14 14 ed 1f 14 3f 21 21 6a 27
FIXUPS: 1f028 1b9 24 84 ca ffffe793 49 c6 33 35 e3 62 a 48 49 ce 2e 35
FIXUPS: 1e028 e5 3b 2f 4e cb 47 c9 2c 14 e6 3c b0 2f 518 1c 18 18 23 ffffdba9
FIXUPS: 1c80a 234 40 9e 156 5d 119 ca 1b7 40 9e 7f 1d7 38 149 266 c 85
FIXUPS: 1d821 23 16 26 c 11 17 76 73 56 28 4f 3e 24d6 17 28 3f 19 25 28
FIXUPS: 20088 3f 46 28 25 47 26 4a 47 3f 49 3f 1e7 11 ffffbea7 f5 53 1e
FIXUPS: 1c57b 27 3f 9 45 31 52 4f56 41 3f 29 56 33 7a 18 15 17 1da ffffef13
FIXUPS: 205e3 7a a9 128 43 fffff0b2 69 8c 46 45 8c 33 9f c3 35 81 30 7f
FIXUPS: 1ff26 28 dbc 37 63 44 55 37 23 43 35 4c 24 33 84 17e 49 f 61 f
FIXUPS: 212d1 c 60 15 5b 16 4e 12 ac f 33 31 40 40 10903 3e 59 85 2c 70
FIXUPS: 32128 2a 19 23 b0 2a 19 23 134 ff 2a9 a 47 44 1a a 9 1a fffee144
FIXUPS: 209d0 b1 e3 4a 54 3e 84 106f4 15 d 20 a 1e 22 a 27 e2 1a 23 de
FIXUPS: 3170f 1c 55 1a 22 28 6f 1bc 1c 1d 1c 1d 1c 288 9 83 3f 5a 2b 1fa7
FIXUPS: 33ea0 78 1e 39 40 ffffedcd 53 23 b 6d 2b 2a fffff9dd 1a 28 17 113
FIXUPS: 32a38 11 1e8 35 19 8d 25 ffffe434 3a 5d 154 1b 2d 17 2208 13 19
FIXUPS: 33605 f 31 13 16 1f c 6c cb 19 2f 34 1b 26 1c 32 38 1e 19 19 2f
FIXUPS: 339c4 1b 84 13 19 22 27 4e ffff5734 25 4e1 129 93 ffffc678 2d 6
FIXUPS: 25fd8 a 6 e 16 6 64 d225 19 32 1f 35 2d 1f 5e 1f 2d 12 ac 28 13
FIXUPS: 3353f 1f c ffff55a7 7e 2b 25 2d 22 6d 14 2f 13 90 17 21 ce 20 1c
FIXUPS: 28eeb 2c 19 17 53 34 24 26 22 12 6 25 55 11f 25 28 fffff25f 6 39
FIXUPS: 284dc 39 6 48 6 36 1c 27 17 f 56 1c 27 16 4d ae 26 9 2f 29 b1 21
FIXUPS: 28941 27 37 bf 20 39 22 fffff3eb 5 16 1a b 2e a 31 a 6 5 5 1c9
FIXUPS: 28182 6 37 46 19 1c 1b 4a 54 15 1a 4a 15 1a 4a 15 1a 54 15 fffff62a
FIXUPS: 27ac4 1d 1f 2b 33 a 19 26 2c 6 1d 29 1f 1c 6 48 2b 2f 2a 1c 6 2e
FIXUPS: 27d94 6 2e 18 6 2e 2a 1e 3c fffff6fa c 29 f 36 13 1c c 2a 13 26
FIXUPS: 276b6 2a 47 6 29 20 2d 34 b 19 6 2e c 37 55 55 12 1c 36 7c 4d fffff575
FIXUPS: 26fe7 1c 35 42 14 27 30 1c 6c 3d a 67 6 1d 2b c7 7e 11 6 20 2b
FIXUPS: 27434 2b 27 2b 26 29 21 29 11 22 fffff40d 15 1b 1d 23 1a 29 1a
FIXUPS: 26a88 7d 26 24 28 30 9c 42 86 22 14 19 3d 1f 13 4b 21 13 22 3c
FIXUPS: 26ebc 85 2a 1b 405d 5 3c 52 9 2a 2d 56 47 24 8 5 60 25 3d 29 1f
FIXUPS: 2b360 ffffb421 22 27 78 2c 27 27 55 21 b 23 a 5 5 4386 a 1e 9 9
FIXUPS: 2ad3d 5 12 9 1e 2a 5 3a 5 7 a a 5 5 1f 1f b a f 5 5 30 6b 1e 65
FIXUPS: 2afba 1d fffff2f9 66 b9 5 63 51 7 a 52 5 e 23 ac 165 1a 3d 5 18
FIXUPS: 2a7cc dd e 23 20 9 43 c 9 28d 29 25 14 26 2d78 26 ffffbf2e 88 bc
FIXUPS: 29ae4 23 ba 25 51 131 7 26 7 5 5 35 1f4 48 7 26 7 2d 26 13 14 4e
FIXUPS: 2a16c 6a 26 13 18 2e42 43 32 17 17 2c 61 f dd 53 42 16 16 9d 16
FIXUPS: 2d420 88 6f a7 60 27 13 23 2c 40 47 5a f3 2c 30 8e 62 ffffebf3
FIXUPS: 2c5c0 14 2b 26 1c 20 34 2a 2e a8 13b 87 e0 47 23 c1 36 23 37 2e
FIXUPS: 2cc39 4c 6e 19d a2 1b 36 16 14 8b 1b ffffee32 52 22 18 29 25 24
FIXUPS: 2bfef f 13 1a 40 d a 4a a 16c 1b 22 16 6 18b 2e 3d 1d 2c 2c 26
FIXUPS: 2c54d 17 24 28 fffff224 8f 36 21 eb 5c 12a 21 1d 12 d 68 26 37
FIXUPS: 2bc77 1e 18 a 6 14 2b 45 8 a 46 19 22 20 36 10 6 23 3164 1b 14
FIXUPS: 2f017 13a 1b 14 21 a3 16b 54 3b 45 48 31 ffffc06b f 29 17 1f 12
FIXUPS: 2b613 7b 70 34 a 29 a a 6 9 35 2e05 35 38 4b 81 4c 16 36 16 33
FIXUPS: 2e7f2 38 4e 54 32 25 47 3d 32 21 32 2f 47 80 80 c2 36 117 1b 4b
FIXUPS: 2ee7e 21 ffffecee 16 46 2d 51 3c 50 7f 40 21 21 24 2a 23 3d 21
FIXUPS: 2df02 14 4c 23 21 24 28 125 10b bf 64 e6 26 54 55 71 23ce 53 26e
FIXUPS: 30c74 b 44 55 85 1e 1cb 18f ffffe4df 33 23 48 170 39 48 21 28 1f
FIXUPS: 2f908 1f 24 25 6a ffffe05e 85 36 16 3e 1e 21dc ca 22 9e 54 120
FIXUPS: 30050 2e 30 41 160 16 1b 16 22 83 17b 6e 7f 31 16 26 22 2f 5d 27
FIXUPS: 30799 8c a 4d 46 64
