 oleaut32

 Timestamp is 5d9d9d3f (Wed Oct 09 01:41:35 2019)

 Preferred load address is 10000000

 Start         Length     Name                   Class
 0001:00000000 0002ee62H .text                   CODE
 0002:00000000 00000004H .CRT$XCA                DATA
 0002:00000004 00000008H .CRT$XCU                DATA
 0002:0000000c 00000004H .CRT$XCZ                DATA
 0002:00000010 00000004H .CRT$XIA                DATA
 0002:00000014 00000004H .CRT$XIZ                DATA
 0002:00000020 00000eb8H .rdata                  DATA
 0002:00000ee0 00000e9dH .edata                  DATA
 0003:00000000 00003c50H .data                   DATA
 0003:00003c50 00000140H .bss                    DATA
 0004:00000000 00000078H .idata$2                DATA
 0004:00000078 00000014H .idata$3                DATA
 0004:0000008c 000001c0H .idata$4                DATA
 0004:0000024c 000001c0H .idata$5                DATA
 0004:0000040c 00000680H .idata$6                DATA
 0005:00000000 00000058H .rsrc$01                DATA
 0005:00000060 000004e8H .rsrc$02                DATA
 0007:00000000 00000110H .debug$E                DATA
 0007:00000110 000045c0H .debug$F                DATA
 0007:000046d0 00014d60H .debug$G                DATA
 0007:00019430 00000008H .debug$H                DATA
 0007:00019438 00034eacH .debug$P                DATA
 0007:0004e2e4 00099e50H .debug$S                DATA
 0007:000e8134 000ce9bcH .debug$T                DATA

  Address         Publics by Value              Rva+Base   Lib:Object

 0001:00000000       _DllMain@12                10001000 f oledisp.obj
 0001:000000b0       ?Create@COleAutomationPSFactory@@SAPAUIPSFactoryBuffer@@XZ 100010b0 f psfactry.obj
 0001:000000f0       ?QueryInterface@COleAutomationPSFactory@@UAGJABU_GUID@@PAPAX@Z 100010f0 f psfactry.obj
 0001:00000160       ?AddRef@COleAutomationPSFactory@@UAGKXZ 10001160 f psfactry.obj
 0001:00000170       ?Release@COleAutomationPSFactory@@UAGKXZ 10001170 f psfactry.obj
 0001:00000190       ?CreateProxy@COleAutomationPSFactory@@UAGJPAUIUnknown@@ABU_GUID@@PAPAUIRpcProxyBuffer@@PAPAX@Z 10001190 f psfactry.obj
 0001:00000380       ?CreateStub@COleAutomationPSFactory@@UAGJABU_GUID@@PAUIUnknown@@PAPAUIRpcStubBuffer@@@Z 10001380 f psfactry.obj
 0001:000004e0       ?IsAutomationCLSID@@YAHABU_GUID@@@Z 100014e0 f psfactry.obj
 0001:00000590       _DllGetClassObject@12      10001590 f psfactry.obj
 0001:000005d0       ?ProxyStubCLSIDOfInterface@@YAJABU_GUID@@PAU1@@Z 100015d0 f psfactry.obj
 0001:00000720       ?BstrWrite@@YAJPAUIStream@@PAGW4tagSYSKIND@@@Z 10001720 f dispmrsh.obj
 0001:00000820       ?BstrRead@@YAJPAUIStream@@PAPAGW4tagSYSKIND@@@Z 10001820 f dispmrsh.obj
 0001:00000950       _DispMarshalHresult@8      10001950 f dispmrsh.obj
 0001:000009f0       _DispUnmarshalHresult@8    100019f0 f dispmrsh.obj
 0001:00000ab0       ?VariantWrite@@YAJPAUIStream@@PAUtagVARIANT@@W4tagSYSKIND@@@Z 10001ab0 f dispmrsh.obj
 0001:00000d30       ?VariantRead@@YAJPAUIStream@@PAUtagVARIANT@@1W4tagSYSKIND@@@Z 10001d30 f dispmrsh.obj
 0001:00000fd0       ?VariantReadType@@YAJPAUIStream@@PAUtagVARIANT@@W4tagSYSKIND@@@Z 10001fd0 f dispmrsh.obj
 0001:000013c0       ?ExcepinfoRead@@YAJPAUIStream@@PAUtagEXCEPINFO@@W4tagSYSKIND@@@Z 100023c0 f dispmrsh.obj
 0001:00001430       ?ExcepinfoWrite@@YAJPAUIStream@@PAUtagEXCEPINFO@@W4tagSYSKIND@@@Z 10002430 f dispmrsh.obj
 0001:000014b0       ?MarshalErrorInfo@@YAJPAUIStream@@W4tagSYSKIND@@@Z 100024b0 f dispmrsh.obj
 0001:00001650       ?UnmarshalErrorInfo@@YAJPAUIStream@@W4tagSYSKIND@@@Z 10002650 f dispmrsh.obj
 0001:00001fc0       ?StructWrite@@YAJPAUIStream@@PAUtagFIELDDESC@@PAXW4tagSYSKIND@@@Z 10002fc0 f dispmrsh.obj
 0001:00002140       ?StructRead@@YAJPAUIStream@@PAUtagFIELDDESC@@PAXW4tagSYSKIND@@@Z 10003140 f dispmrsh.obj
 0001:000022a0       ??0CHolder@@QAE@XZ         100032a0 f dispmrsh.obj
 0001:000022c0       ??1CHolder@@QAE@XZ         100032c0 f dispmrsh.obj
 0001:000022e0       ?QueryInterface@CHolder@@UAGJABU_GUID@@PAPAX@Z 100032e0 f dispmrsh.obj
 0001:00002320       ?AddRef@CHolder@@UAGKXZ    10003320 f dispmrsh.obj
 0001:00002330       ?Release@CHolder@@UAGKXZ   10003330 f dispmrsh.obj
 0001:00002360       _DispMarshalInterface@12   10003360 f dispmrsh.obj
 0001:00002450       _DispUnmarshalInterface@12 10003450 f dispmrsh.obj
 0001:00002500       ??0CProxDisp@@AAE@PAUIUnknown@@ABU_GUID@@@Z 10003500 f dispprox.obj
 0001:00002550       ??1CProxDisp@@AAE@XZ       10003550 f dispprox.obj
 0001:00002570       ?Create@CProxDisp@@SAPAUIUnknown@@PAU2@ABU_GUID@@@Z 10003570 f dispprox.obj
 0001:000025b0       ??0CPDUnkImpl@@QAE@PAVCProxDisp@@@Z 100035b0 f dispprox.obj
 0001:000025d0       ??1CPDUnkImpl@@QAE@XZ      100035d0 f dispprox.obj
 0001:000025e0       ?QueryInterface@CPDUnkImpl@@UAGJABU_GUID@@PAPAX@Z 100035e0 f dispprox.obj
 0001:000026a0       ?AddRef@CPDUnkImpl@@UAGKXZ 100036a0 f dispprox.obj
 0001:000026c0       ?Release@CPDUnkImpl@@UAGKXZ 100036c0 f dispprox.obj
 0001:000026f0       ??0CPDProxImpl@@QAE@PAVCProxDisp@@@Z 100036f0 f dispprox.obj
 0001:00002710       ??1CPDProxImpl@@QAE@XZ     10003710 f dispprox.obj
 0001:00002740       ?QueryInterface@CPDProxImpl@@UAGJABU_GUID@@PAPAX@Z 10003740 f dispprox.obj
 0001:00002760       ?AddRef@CPDProxImpl@@UAGKXZ 10003760 f dispprox.obj
 0001:00002770       ?Release@CPDProxImpl@@UAGKXZ 10003770 f dispprox.obj
 0001:00002780       ?Connect@CPDProxImpl@@UAGJPAUIRpcChannelBuffer@@@Z 10003780 f dispprox.obj
 0001:000027c0       ?Disconnect@CPDProxImpl@@UAGXXZ 100037c0 f dispprox.obj
 0001:000027f0       ??0CPDDispImpl@@QAE@PAVCProxDisp@@@Z 100037f0 f dispprox.obj
 0001:00002810       ??1CPDDispImpl@@QAE@XZ     10003810 f dispprox.obj
 0001:00002820       ?QueryInterface@CPDDispImpl@@UAGJABU_GUID@@PAPAX@Z 10003820 f dispprox.obj
 0001:00002840       ?AddRef@CPDDispImpl@@UAGKXZ 10003840 f dispprox.obj
 0001:00002860       ?Release@CPDDispImpl@@UAGKXZ 10003860 f dispprox.obj
 0001:00002880       ?SysKind@CPDDispImpl@@UAGJXZ 10003880 f dispprox.obj
 0001:00002930       ?ProxyGetTypeInfoCount@@YAJPAUIRpcChannelBuffer@@W4tagSYSKIND@@PAI@Z 10003930 f dispprox.obj
 0001:000029f0       ?GetTypeInfoCount@CPDDispImpl@@UAGJPAI@Z 100039f0 f dispprox.obj
 0001:00002a10       ?ProxyGetTypeInfo@@YAJPAUIRpcChannelBuffer@@W4tagSYSKIND@@IKPAPAUITypeInfo@@@Z 10003a10 f dispprox.obj
 0001:00002b00       ?GetTypeInfo@CPDDispImpl@@UAGJIKPAPAUITypeInfo@@@Z 10003b00 f dispprox.obj
 0001:00002b30       ?ProxyGetIDsOfNames@@YAJPAUIRpcChannelBuffer@@W4tagSYSKIND@@ABU_GUID@@PAPAGIKPAJ@Z 10003b30 f dispprox.obj
 0001:00002e30       ?GetIDsOfNames@CPDDispImpl@@UAGJABU_GUID@@PAPAGIKPAJ@Z 10003e30 f dispprox.obj
 0001:00002e70       ?ProxyInvoke@@YAJPAUIRpcChannelBuffer@@W4tagSYSKIND@@JABU_GUID@@KGPAUtagDISPPARAMS@@PAUtagVARIANT@@PAUtagEXCEPINFO@@PAI@Z 10003e70 f dispprox.obj
 0001:00003170       ?Invoke@CPDDispImpl@@UAGJJABU_GUID@@KGPAUtagDISPPARAMS@@PAUtagVARIANT@@PAUtagEXCEPINFO@@PAI@Z 10004170 f dispprox.obj
 0001:000031c0       ??0CStubDisp@@AAE@XZ       100041c0 f dispstub.obj
 0001:00003200       ??1CStubDisp@@AAE@XZ       10004200 f dispstub.obj
 0001:00003210       ?Create@CStubDisp@@SAJPAUIUnknown@@ABU_GUID@@PAPAUIRpcStubBuffer@@@Z 10004210 f dispstub.obj
 0001:00003280       ?QueryInterface@CStubDisp@@UAGJABU_GUID@@PAPAX@Z 10004280 f dispstub.obj
 0001:000032f0       ?AddRef@CStubDisp@@UAGKXZ  100042f0 f dispstub.obj
 0001:00003300       ?Release@CStubDisp@@UAGKXZ 10004300 f dispstub.obj
 0001:00003330       ?Connect@CStubDisp@@UAGJPAUIUnknown@@@Z 10004330 f dispstub.obj
 0001:00003360       ?Disconnect@CStubDisp@@UAGXXZ 10004360 f dispstub.obj
 0001:000033a0       ?StubGetTypeInfoCount@@YAJPAUIDispatch@@PAUIStream@@@Z 100043a0 f dispstub.obj
 0001:00003400       ?StubGetTypeInfo@@YAJPAUIDispatch@@PAUIStream@@@Z 10004400 f dispstub.obj
 0001:000034a0       ?StubGetIDsOfNames@@YAJPAUIDispatch@@PAUIStream@@@Z 100044a0 f dispstub.obj
 0001:00003760       ?StubInvoke@@YAJPAUIDispatch@@PAUIStream@@@Z 10004760 f dispstub.obj
 0001:00003b90       ?Invoke@CStubDisp@@UAGJPAUtagRPCOLEMESSAGE@@PAUIRpcChannelBuffer@@@Z 10004b90 f dispstub.obj
 0001:00003cc0       ?IsIIDSupported@CStubDisp@@UAGPAUIRpcStubBuffer@@ABU_GUID@@@Z 10004cc0 f dispstub.obj
 0001:00003cf0       ?CountRefs@CStubDisp@@UAGKXZ 10004cf0 f dispstub.obj
 0001:00003d10       ?DebugServerQueryInterface@CStubDisp@@UAGJPAPAX@Z 10004d10 f dispstub.obj
 0001:00003d30       ?DebugServerRelease@CStubDisp@@UAGXPAX@Z 10004d30 f dispstub.obj
 0001:00003d40       ??0CProxEnumVARIANT@@AAE@PAUIUnknown@@@Z 10004d40 f evprox.obj
 0001:00003d70       ?Create@CProxEnumVARIANT@@SAPAUIUnknown@@PAU2@@Z 10004d70 f evprox.obj
 0001:00003da0       ??0CPEVUnkImpl@@QAE@PAVCProxEnumVARIANT@@@Z 10004da0 f evprox.obj
 0001:00003dc0       ?QueryInterface@CPEVUnkImpl@@UAGJABU_GUID@@PAPAX@Z 10004dc0 f evprox.obj
 0001:00003e70       ?AddRef@CPEVUnkImpl@@UAGKXZ 10004e70 f evprox.obj
 0001:00003e90       ?Release@CPEVUnkImpl@@UAGKXZ 10004e90 f evprox.obj
 0001:00003ec0       ??0CPEVProxImpl@@QAE@PAVCProxEnumVARIANT@@@Z 10004ec0 f evprox.obj
 0001:00003ee0       ??1CPEVProxImpl@@QAE@XZ    10004ee0 f evprox.obj
 0001:00003f00       ?QueryInterface@CPEVProxImpl@@UAGJABU_GUID@@PAPAX@Z 10004f00 f evprox.obj
 0001:00003f20       ?AddRef@CPEVProxImpl@@UAGKXZ 10004f20 f evprox.obj
 0001:00003f30       ?Release@CPEVProxImpl@@UAGKXZ 10004f30 f evprox.obj
 0001:00003f40       ?Connect@CPEVProxImpl@@UAGJPAUIRpcChannelBuffer@@@Z 10004f40 f evprox.obj
 0001:00003f70       ?Disconnect@CPEVProxImpl@@UAGXXZ 10004f70 f evprox.obj
 0001:00003fa0       ??0CPEVEnumVARIANTImpl@@QAE@PAVCProxEnumVARIANT@@@Z 10004fa0 f evprox.obj
 0001:00003fc0       ?QueryInterface@CPEVEnumVARIANTImpl@@UAGJABU_GUID@@PAPAX@Z 10004fc0 f evprox.obj
 0001:00003fe0       ?AddRef@CPEVEnumVARIANTImpl@@UAGKXZ 10004fe0 f evprox.obj
 0001:00004000       ?Release@CPEVEnumVARIANTImpl@@UAGKXZ 10005000 f evprox.obj
 0001:00004020       ?Next@CPEVEnumVARIANTImpl@@UAGJKPAUtagVARIANT@@PAK@Z 10005020 f evprox.obj
 0001:00004190       ?Skip@CPEVEnumVARIANTImpl@@UAGJK@Z 10005190 f evprox.obj
 0001:00004250       ?Reset@CPEVEnumVARIANTImpl@@UAGJXZ 10005250 f evprox.obj
 0001:000042f0       ?Clone@CPEVEnumVARIANTImpl@@UAGJPAPAUIEnumVARIANT@@@Z 100052f0 f evprox.obj
 0001:000043b0       ??0CStubEnumVARIANT@@AAE@XZ 100053b0 f evstub.obj
 0001:000043d0       ??1CStubEnumVARIANT@@AAE@XZ 100053d0 f evstub.obj
 0001:000043e0       ?Create@CStubEnumVARIANT@@SAJPAUIUnknown@@PAPAUIRpcStubBuffer@@@Z 100053e0 f evstub.obj
 0001:00004430       ?QueryInterface@CStubEnumVARIANT@@UAGJABU_GUID@@PAPAX@Z 10005430 f evstub.obj
 0001:000044a0       ?AddRef@CStubEnumVARIANT@@UAGKXZ 100054a0 f evstub.obj
 0001:000044b0       ?Release@CStubEnumVARIANT@@UAGKXZ 100054b0 f evstub.obj
 0001:000044e0       ?Connect@CStubEnumVARIANT@@UAGJPAUIUnknown@@@Z 100054e0 f evstub.obj
 0001:00004510       ?Disconnect@CStubEnumVARIANT@@UAGXXZ 10005510 f evstub.obj
 0001:00004550       ?Invoke@CStubEnumVARIANT@@UAGJPAUtagRPCOLEMESSAGE@@PAUIRpcChannelBuffer@@@Z 10005550 f evstub.obj
 0001:00004870       ?IsIIDSupported@CStubEnumVARIANT@@UAGPAUIRpcStubBuffer@@ABU_GUID@@@Z 10005870 f evstub.obj
 0001:000048a0       ?CountRefs@CStubEnumVARIANT@@UAGKXZ 100058a0 f evstub.obj
 0001:000048c0       ?DebugServerQueryInterface@CStubEnumVARIANT@@UAGJPAPAX@Z 100058c0 f evstub.obj
 0001:000048e0       ?DebugServerRelease@CStubEnumVARIANT@@UAGXPAX@Z 100058e0 f evstub.obj
 0001:000048f0       ??0CProxTypeInfo@@AAE@PAUIUnknown@@@Z 100058f0 f tiprox.obj
 0001:00004920       ?Create@CProxTypeInfo@@SAPAUIUnknown@@PAU2@@Z 10005920 f tiprox.obj
 0001:00004950       ??0CPTIUnkImpl@@QAE@PAVCProxTypeInfo@@@Z 10005950 f tiprox.obj
 0001:00004970       ?QueryInterface@CPTIUnkImpl@@UAGJABU_GUID@@PAPAX@Z 10005970 f tiprox.obj
 0001:00004a20       ?AddRef@CPTIUnkImpl@@UAGKXZ 10005a20 f tiprox.obj
 0001:00004a40       ?Release@CPTIUnkImpl@@UAGKXZ 10005a40 f tiprox.obj
 0001:00004a70       ??0CPTIProxImpl@@QAE@PAVCProxTypeInfo@@@Z 10005a70 f tiprox.obj
 0001:00004a90       ??1CPTIProxImpl@@QAE@XZ    10005a90 f tiprox.obj
 0001:00004ab0       ?QueryInterface@CPTIProxImpl@@UAGJABU_GUID@@PAPAX@Z 10005ab0 f tiprox.obj
 0001:00004ad0       ?AddRef@CPTIProxImpl@@UAGKXZ 10005ad0 f tiprox.obj
 0001:00004ae0       ?Release@CPTIProxImpl@@UAGKXZ 10005ae0 f tiprox.obj
 0001:00004af0       ?Connect@CPTIProxImpl@@UAGJPAUIRpcChannelBuffer@@@Z 10005af0 f tiprox.obj
 0001:00004b20       ?Disconnect@CPTIProxImpl@@UAGXXZ 10005b20 f tiprox.obj
 0001:00004b50       ??0CPTITypeInfoImpl@@QAE@PAVCProxTypeInfo@@@Z 10005b50 f tiprox.obj
 0001:00004b70       ?QueryInterface@CPTITypeInfoImpl@@UAGJABU_GUID@@PAPAX@Z 10005b70 f tiprox.obj
 0001:00004b90       ?AddRef@CPTITypeInfoImpl@@UAGKXZ 10005b90 f tiprox.obj
 0001:00004bb0       ?Release@CPTITypeInfoImpl@@UAGKXZ 10005bb0 f tiprox.obj
 0001:00004bd0       ?GetTypeAttr@CPTITypeInfoImpl@@UAGJPAPAUtagTYPEATTR@@@Z 10005bd0 f tiprox.obj
 0001:00004cf0       ?GetTypeComp@CPTITypeInfoImpl@@UAGJPAPAUITypeComp@@@Z 10005cf0 f tiprox.obj
 0001:00004db0       ?GetFuncDesc@CPTITypeInfoImpl@@UAGJIPAPAUtagFUNCDESC@@@Z 10005db0 f tiprox.obj
 0001:00004ef0       ?GetVarDesc@CPTITypeInfoImpl@@UAGJIPAPAUtagVARDESC@@@Z 10005ef0 f tiprox.obj
 0001:00005030       ?GetNames@CPTITypeInfoImpl@@UAGJJPAPAGIPAI@Z 10006030 f tiprox.obj
 0001:00005210       ?GetRefTypeOfImplType@CPTITypeInfoImpl@@UAGJIPAK@Z 10006210 f tiprox.obj
 0001:00005300       ?GetImplTypeFlags@CPTITypeInfoImpl@@UAGJIPAH@Z 10006300 f tiprox.obj
 0001:000053f0       ?GetIDsOfNames@CPTITypeInfoImpl@@UAGJPAPAGIPAJ@Z 100063f0 f tiprox.obj
 0001:00005400       ?Invoke@CPTITypeInfoImpl@@UAGJPAXJGPAUtagDISPPARAMS@@PAUtagVARIANT@@PAUtagEXCEPINFO@@PAI@Z 10006400 f tiprox.obj
 0001:00005410       ?GetDocumentation@CPTITypeInfoImpl@@UAGJJPAPAG0PAK0@Z 10006410 f tiprox.obj
 0001:00005620       ?GetDllEntry@CPTITypeInfoImpl@@UAGJJW4tagINVOKEKIND@@PAPAG1PAG@Z 10006620 f tiprox.obj
 0001:00005800       ?GetRefTypeInfo@CPTITypeInfoImpl@@UAGJKPAPAUITypeInfo@@@Z 10006800 f tiprox.obj
 0001:000058e0       ?AddressOfMember@CPTITypeInfoImpl@@UAGJJW4tagINVOKEKIND@@PAPAX@Z 100068e0 f tiprox.obj
 0001:000058f0       ?CreateInstance@CPTITypeInfoImpl@@UAGJPAUIUnknown@@ABU_GUID@@PAPAX@Z 100068f0 f tiprox.obj
 0001:000059e0       ?GetMops@CPTITypeInfoImpl@@UAGJJPAPAG@Z 100069e0 f tiprox.obj
 0001:000059f0       ?GetContainingTypeLib@CPTITypeInfoImpl@@UAGJPAPAUITypeLib@@PAI@Z 100069f0 f tiprox.obj
 0001:00005ae0       ?ReleaseTypeAttr@CPTITypeInfoImpl@@UAGXPAUtagTYPEATTR@@@Z 10006ae0 f tiprox.obj
 0001:00005af0       ?DoReleaseDanglingTypeDesc@@YGXPAUtagTYPEDESC@@@Z 10006af0 f tiprox.obj
 0001:00005b60       ?DoReleaseFuncDesc@@YGXPAUtagFUNCDESC@@@Z 10006b60 f tiprox.obj
 0001:00005bc0       ?ReleaseFuncDesc@CPTITypeInfoImpl@@UAGXPAUtagFUNCDESC@@@Z 10006bc0 f tiprox.obj
 0001:00005bd0       ?DoReleaseVarDesc@@YGXPAUtagVARDESC@@@Z 10006bd0 f tiprox.obj
 0001:00005bf0       ?ReleaseVarDesc@CPTITypeInfoImpl@@UAGXPAUtagVARDESC@@@Z 10006bf0 f tiprox.obj
 0001:00005c00       _TypedescRead              10006c00 f tiprox.obj
 0001:00005d90       ?TypedescWrite@@YAJPAUIStream@@PAUtagTYPEDESC@@W4tagSYSKIND@@@Z 10006d90 f tiprox.obj
 0001:00005eb0       _TypedescReadOrWrite       10006eb0 f tiprox.obj
 0001:00005ee0       ?TypeattrWrite@@YGJPAUIStream@@PAUtagTYPEATTR@@W4tagSYSKIND@@@Z 10006ee0 f tiprox.obj
 0001:00005f30       ?TypeattrRead@@YGJPAUIStream@@PAUtagTYPEATTR@@W4tagSYSKIND@@@Z 10006f30 f tiprox.obj
 0001:00005f80       ?FuncdescWrite@@YGJPAUIStream@@PAUtagFUNCDESC@@W4tagSYSKIND@@@Z 10006f80 f tiprox.obj
 0001:00005ff0       ?FuncdescRead@@YGJPAUIStream@@PAUtagFUNCDESC@@W4tagSYSKIND@@@Z 10006ff0 f tiprox.obj
 0001:000060c0       ?VardescWrite@@YGJPAUIStream@@PAUtagVARDESC@@W4tagSYSKIND@@@Z 100070c0 f tiprox.obj
 0001:00006130       ?VardescRead@@YGJPAUIStream@@PAUtagVARDESC@@W4tagSYSKIND@@@Z 10007130 f tiprox.obj
 0001:000061e0       ??0CStubTypeInfo@@AAE@XZ   100071e0 f tistub.obj
 0001:00006200       ??1CStubTypeInfo@@AAE@XZ   10007200 f tistub.obj
 0001:00006210       ?Create@CStubTypeInfo@@SAJPAUIUnknown@@PAPAUIRpcStubBuffer@@@Z 10007210 f tistub.obj
 0001:00006260       ?QueryInterface@CStubTypeInfo@@UAGJABU_GUID@@PAPAX@Z 10007260 f tistub.obj
 0001:000062d0       ?AddRef@CStubTypeInfo@@UAGKXZ 100072d0 f tistub.obj
 0001:000062e0       ?Release@CStubTypeInfo@@UAGKXZ 100072e0 f tistub.obj
 0001:00006310       ?Connect@CStubTypeInfo@@UAGJPAUIUnknown@@@Z 10007310 f tistub.obj
 0001:00006340       ?Disconnect@CStubTypeInfo@@UAGXXZ 10007340 f tistub.obj
 0001:00006380       ?Invoke@CStubTypeInfo@@UAGJPAUtagRPCOLEMESSAGE@@PAUIRpcChannelBuffer@@@Z 10007380 f tistub.obj
 0001:000064e0       ?IsIIDSupported@CStubTypeInfo@@UAGPAUIRpcStubBuffer@@ABU_GUID@@@Z 100074e0 f tistub.obj
 0001:00006510       ?CountRefs@CStubTypeInfo@@UAGKXZ 10007510 f tistub.obj
 0001:00006530       ?GetTypeAttr@CStubTypeInfo@@QAEJXZ 10007530 f tistub.obj
 0001:000065e0       ?GetTypeComp@CStubTypeInfo@@QAEJXZ 100075e0 f tistub.obj
 0001:00006650       ?GetFuncDesc@CStubTypeInfo@@QAEJXZ 10007650 f tistub.obj
 0001:00006720       ?GetVarDesc@CStubTypeInfo@@QAEJXZ 10007720 f tistub.obj
 0001:000067f0       ?GetNames@CStubTypeInfo@@QAEJXZ 100077f0 f tistub.obj
 0001:00006980       ?GetRefTypeOfImplType@CStubTypeInfo@@QAEJXZ 10007980 f tistub.obj
 0001:000069f0       ?GetImplTypeFlags@CStubTypeInfo@@QAEJXZ 100079f0 f tistub.obj
 0001:00006a70       ?GetIDsOfNames@CStubTypeInfo@@QAEJXZ 10007a70 f tistub.obj
 0001:00006a80       ?GetDocumentation@CStubTypeInfo@@QAEJXZ 10007a80 f tistub.obj
 0001:00006bf0       ?GetDllEntry@CStubTypeInfo@@QAEJXZ 10007bf0 f tistub.obj
 0001:00006d40       ?GetRefTypeInfo@CStubTypeInfo@@QAEJXZ 10007d40 f tistub.obj
 0001:00006dd0       ?CreateInstance@CStubTypeInfo@@QAEJXZ 10007dd0 f tistub.obj
 0001:00006e50       ?GetContainingTypeLib@CStubTypeInfo@@QAEJXZ 10007e50 f tistub.obj
 0001:00006ee0       ?MarshalResult@CStubTypeInfo@@QAEJXZ 10007ee0 f tistub.obj
 0001:00006ef0       ?DebugServerQueryInterface@CStubTypeInfo@@UAGJPAPAX@Z 10007ef0 f tistub.obj
 0001:00006f10       ?DebugServerRelease@CStubTypeInfo@@UAGXPAX@Z 10007f10 f tistub.obj
 0001:00006f20       ??0CErrorInfo@@QAE@XZ      10007f20 f errinfo.obj
 0001:00006f70       ??1CErrorInfo@@QAE@XZ      10007f70 f errinfo.obj
 0001:00006fa0       ?Create@CErrorInfo@@SAJPAPAV1@@Z 10007fa0 f errinfo.obj
 0001:00006fe0       ?QueryInterface@CErrorInfo@@UAGJABU_GUID@@PAPAX@Z 10007fe0 f errinfo.obj
 0001:00007070       ?AddRef@CErrorInfo@@UAGKXZ 10008070 f errinfo.obj
 0001:00007080       ?Release@CErrorInfo@@UAGKXZ 10008080 f errinfo.obj
 0001:000070b0       ?GetGUID@CErrorInfo@@UAGJPAU_GUID@@@Z 100080b0 f errinfo.obj
 0001:000070e0       ?GetSource@CErrorInfo@@UAGJPAPAG@Z 100080e0 f errinfo.obj
 0001:00007160       ?GetDescription@CErrorInfo@@UAGJPAPAG@Z 10008160 f errinfo.obj
 0001:00007180       ?GetHelpFile@CErrorInfo@@UAGJPAPAG@Z 10008180 f errinfo.obj
 0001:000071a0       ?GetHelpContext@CErrorInfo@@UAGJPAK@Z 100081a0 f errinfo.obj
 0001:000071c0       ?SetGUID@CErrorInfo@@UAGJABU_GUID@@@Z 100081c0 f errinfo.obj
 0001:000071f0       ?SetSource@CErrorInfo@@UAGJPAG@Z 100081f0 f errinfo.obj
 0001:00007220       ?SetDescription@CErrorInfo@@UAGJPAG@Z 10008220 f errinfo.obj
 0001:00007250       ?SetHelpFile@CErrorInfo@@UAGJPAG@Z 10008250 f errinfo.obj
 0001:00007280       ?SetHelpContext@CErrorInfo@@UAGJK@Z 10008280 f errinfo.obj
 0001:00007290       _SetErrorInfo@8            10008290 f errinfo.obj
 0001:000072f0       _GetErrorInfo@8            100082f0 f errinfo.obj
 0001:00007350       _CreateErrorInfo@4         10008350 f errinfo.obj
 0001:000073a0       ?QueryInterface@CErrorInfo@@W3AGJABU_GUID@@PAPAX@Z 100083a0 f errinfo.obj
 0001:000073b0       ?AddRef@CErrorInfo@@W3AGKXZ 100083b0 f errinfo.obj
 0001:000073c0       ?Release@CErrorInfo@@W3AGKXZ 100083c0 f errinfo.obj
 0001:000073d0       ?GetPrimaryInterface@@YGJPAUITypeInfo@@PAPAU1@@Z 100083d0 f tiutil.obj
 0001:00007560       ??0CProxTypeLib@@AAE@PAUIUnknown@@@Z 10008560 f tlprox.obj
 0001:00007590       ?Create@CProxTypeLib@@SAPAUIUnknown@@PAU2@@Z 10008590 f tlprox.obj
 0001:000075c0       ??0CPTLibUnkImpl@@QAE@PAVCProxTypeLib@@@Z 100085c0 f tlprox.obj
 0001:000075e0       ?QueryInterface@CPTLibUnkImpl@@UAGJABU_GUID@@PAPAX@Z 100085e0 f tlprox.obj
 0001:00007660       ?AddRef@CPTLibUnkImpl@@UAGKXZ 10008660 f tlprox.obj
 0001:00007680       ?Release@CPTLibUnkImpl@@UAGKXZ 10008680 f tlprox.obj
 0001:000076b0       ??0CPTLibProxImpl@@QAE@PAVCProxTypeLib@@@Z 100086b0 f tlprox.obj
 0001:000076d0       ??1CPTLibProxImpl@@QAE@XZ  100086d0 f tlprox.obj
 0001:000076f0       ?QueryInterface@CPTLibProxImpl@@UAGJABU_GUID@@PAPAX@Z 100086f0 f tlprox.obj
 0001:00007710       ?AddRef@CPTLibProxImpl@@UAGKXZ 10008710 f tlprox.obj
 0001:00007720       ?Release@CPTLibProxImpl@@UAGKXZ 10008720 f tlprox.obj
 0001:00007730       ?Connect@CPTLibProxImpl@@UAGJPAUIRpcChannelBuffer@@@Z 10008730 f tlprox.obj
 0001:00007760       ?Disconnect@CPTLibProxImpl@@UAGXXZ 10008760 f tlprox.obj
 0001:00007790       ??0CPTLibTypeLibImpl@@QAE@PAVCProxTypeLib@@@Z 10008790 f tlprox.obj
 0001:000077b0       ?QueryInterface@CPTLibTypeLibImpl@@UAGJABU_GUID@@PAPAX@Z 100087b0 f tlprox.obj
 0001:000077d0       ?AddRef@CPTLibTypeLibImpl@@UAGKXZ 100087d0 f tlprox.obj
 0001:000077f0       ?Release@CPTLibTypeLibImpl@@UAGKXZ 100087f0 f tlprox.obj
 0001:00007810       ?DoGetTypeInfoCount@CPTLibTypeLibImpl@@QAEJPAI@Z 10008810 f tlprox.obj
 0001:000078c0       ?GetTypeInfoCount@CPTLibTypeLibImpl@@UAGIXZ 100088c0 f tlprox.obj
 0001:000078f0       ?GetTypeInfo@CPTLibTypeLibImpl@@UAGJIPAPAUITypeInfo@@@Z 100088f0 f tlprox.obj
 0001:000079d0       ?GetTypeInfoType@CPTLibTypeLibImpl@@UAGJIPAW4tagTYPEKIND@@@Z 100089d0 f tlprox.obj
 0001:00007ac0       ?GetTypeInfoOfGuid@CPTLibTypeLibImpl@@UAGJABU_GUID@@PAPAUITypeInfo@@@Z 10008ac0 f tlprox.obj
 0001:00007ba0       ?GetLibAttr@CPTLibTypeLibImpl@@UAGJPAPAUtagTLIBATTR@@@Z 10008ba0 f tlprox.obj
 0001:00007c90       ?GetTypeComp@CPTLibTypeLibImpl@@UAGJPAPAUITypeComp@@@Z 10008c90 f tlprox.obj
 0001:00007d50       ?GetDocumentation@CPTLibTypeLibImpl@@UAGJHPAPAG0PAK0@Z 10008d50 f tlprox.obj
 0001:00007ff0       ?IsName@CPTLibTypeLibImpl@@UAGJPAGKPAH@Z 10008ff0 f tlprox.obj
 0001:00008120       ?FindName@CPTLibTypeLibImpl@@UAGJPAGKPAPAUITypeInfo@@PAJ0@Z 10009120 f tlprox.obj
 0001:00008310       ?ReleaseTLibAttr@CPTLibTypeLibImpl@@UAGXPAUtagTLIBATTR@@@Z 10009310 f tlprox.obj
 0001:00008330       ?SysKind@CPTLibTypeLibImpl@@QAEJXZ 10009330 f tlprox.obj
 0001:000083f0       ?ReadLibAttr@@YGJPAUIStream@@PAUtagTLIBATTR@@@Z 100093f0 f tlprox.obj
 0001:00008490       ?WriteLibAttr@@YGJPAUIStream@@PAUtagTLIBATTR@@@Z 10009490 f tlprox.obj
 0001:00008530       ??0CStubTypeLib@@AAE@XZ    10009530 f tlstub.obj
 0001:00008550       ??1CStubTypeLib@@AAE@XZ    10009550 f tlstub.obj
 0001:00008560       ?Create@CStubTypeLib@@SAJPAUIUnknown@@PAPAUIRpcStubBuffer@@@Z 10009560 f tlstub.obj
 0001:000085b0       ?QueryInterface@CStubTypeLib@@UAGJABU_GUID@@PAPAX@Z 100095b0 f tlstub.obj
 0001:00008620       ?AddRef@CStubTypeLib@@UAGKXZ 10009620 f tlstub.obj
 0001:00008630       ?Release@CStubTypeLib@@UAGKXZ 10009630 f tlstub.obj
 0001:00008660       ?Connect@CStubTypeLib@@UAGJPAUIUnknown@@@Z 10009660 f tlstub.obj
 0001:00008690       ?Disconnect@CStubTypeLib@@UAGXXZ 10009690 f tlstub.obj
 0001:000086d0       ?Invoke@CStubTypeLib@@UAGJPAUtagRPCOLEMESSAGE@@PAUIRpcChannelBuffer@@@Z 100096d0 f tlstub.obj
 0001:00008800       ?IsIIDSupported@CStubTypeLib@@UAGPAUIRpcStubBuffer@@ABU_GUID@@@Z 10009800 f tlstub.obj
 0001:00008830       ?CountRefs@CStubTypeLib@@UAGKXZ 10009830 f tlstub.obj
 0001:00008850       ?GetTypeInfoCount@CStubTypeLib@@QAEJXZ 10009850 f tlstub.obj
 0001:00008880       ?GetTypeInfo@CStubTypeLib@@QAEJXZ 10009880 f tlstub.obj
 0001:00008910       ?GetTypeInfoType@CStubTypeLib@@QAEJXZ 10009910 f tlstub.obj
 0001:00008980       ?GetTypeInfoOfGuid@CStubTypeLib@@QAEJXZ 10009980 f tlstub.obj
 0001:00008a10       ?GetLibAttr@CStubTypeLib@@QAEJXZ 10009a10 f tlstub.obj
 0001:00008a80       ?GetTypeComp@CStubTypeLib@@QAEJXZ 10009a80 f tlstub.obj
 0001:00008af0       ?GetDocumentation@CStubTypeLib@@QAEJXZ 10009af0 f tlstub.obj
 0001:00008cc0       ?IsName@CStubTypeLib@@QAEJXZ 10009cc0 f tlstub.obj
 0001:00008d70       ?FindName@CStubTypeLib@@QAEJXZ 10009d70 f tlstub.obj
 0001:00008f50       ?SysKind@CStubTypeLib@@QAEJXZ 10009f50 f tlstub.obj
 0001:00008fb0       ?DebugServerQueryInterface@CStubTypeLib@@UAGJPAPAX@Z 10009fb0 f tlstub.obj
 0001:00008fd0       ?DebugServerRelease@CStubTypeLib@@UAGXPAX@Z 10009fd0 f tlstub.obj
 0001:00008fe0       ??0CProxTypeComp@@AAE@PAUIUnknown@@@Z 10009fe0 f tcprox.obj
 0001:00009010       ?Create@CProxTypeComp@@SAPAUIUnknown@@PAU2@@Z 1000a010 f tcprox.obj
 0001:00009040       ??0CPTCompUnkImpl@@QAE@PAVCProxTypeComp@@@Z 1000a040 f tcprox.obj
 0001:00009060       ?QueryInterface@CPTCompUnkImpl@@UAGJABU_GUID@@PAPAX@Z 1000a060 f tcprox.obj
 0001:000090e0       ?AddRef@CPTCompUnkImpl@@UAGKXZ 1000a0e0 f tcprox.obj
 0001:00009100       ?Release@CPTCompUnkImpl@@UAGKXZ 1000a100 f tcprox.obj
 0001:00009130       ??0CPTCompProxImpl@@QAE@PAVCProxTypeComp@@@Z 1000a130 f tcprox.obj
 0001:00009150       ??1CPTCompProxImpl@@QAE@XZ 1000a150 f tcprox.obj
 0001:00009170       ?QueryInterface@CPTCompProxImpl@@UAGJABU_GUID@@PAPAX@Z 1000a170 f tcprox.obj
 0001:00009190       ?AddRef@CPTCompProxImpl@@UAGKXZ 1000a190 f tcprox.obj
 0001:000091a0       ?Release@CPTCompProxImpl@@UAGKXZ 1000a1a0 f tcprox.obj
 0001:000091b0       ?Connect@CPTCompProxImpl@@UAGJPAUIRpcChannelBuffer@@@Z 1000a1b0 f tcprox.obj
 0001:000091e0       ?Disconnect@CPTCompProxImpl@@UAGXXZ 1000a1e0 f tcprox.obj
 0001:00009210       ??0CPTCompTypeCompImpl@@QAE@PAVCProxTypeComp@@@Z 1000a210 f tcprox.obj
 0001:00009230       ?QueryInterface@CPTCompTypeCompImpl@@UAGJABU_GUID@@PAPAX@Z 1000a230 f tcprox.obj
 0001:00009250       ?AddRef@CPTCompTypeCompImpl@@UAGKXZ 1000a250 f tcprox.obj
 0001:00009270       ?Release@CPTCompTypeCompImpl@@UAGKXZ 1000a270 f tcprox.obj
 0001:00009290       ?Bind@CPTCompTypeCompImpl@@UAGJPAGKGPAPAUITypeInfo@@PAW4tagDESCKIND@@PATtagBINDPTR@@@Z 1000a290 f tcprox.obj
 0001:00009500       ?BindType@CPTCompTypeCompImpl@@UAGJPAGKPAPAUITypeInfo@@PAPAUITypeComp@@@Z 1000a500 f tcprox.obj
 0001:00009670       ?SysKind@CPTCompTypeCompImpl@@QAEJXZ 1000a670 f tcprox.obj
 0001:00009730       ??0CStubTypeComp@@AAE@XZ   1000a730 f tcstub.obj
 0001:00009750       ??1CStubTypeComp@@AAE@XZ   1000a750 f tcstub.obj
 0001:00009760       ?Create@CStubTypeComp@@SAJPAUIUnknown@@PAPAUIRpcStubBuffer@@@Z 1000a760 f tcstub.obj
 0001:000097b0       ?QueryInterface@CStubTypeComp@@UAGJABU_GUID@@PAPAX@Z 1000a7b0 f tcstub.obj
 0001:00009820       ?AddRef@CStubTypeComp@@UAGKXZ 1000a820 f tcstub.obj
 0001:00009830       ?Release@CStubTypeComp@@UAGKXZ 1000a830 f tcstub.obj
 0001:00009860       ?Connect@CStubTypeComp@@UAGJPAUIUnknown@@@Z 1000a860 f tcstub.obj
 0001:00009890       ?Disconnect@CStubTypeComp@@UAGXXZ 1000a890 f tcstub.obj
 0001:000098d0       ?Invoke@CStubTypeComp@@UAGJPAUtagRPCOLEMESSAGE@@PAUIRpcChannelBuffer@@@Z 1000a8d0 f tcstub.obj
 0001:00009990       ?IsIIDSupported@CStubTypeComp@@UAGPAUIRpcStubBuffer@@ABU_GUID@@@Z 1000a990 f tcstub.obj
 0001:000099c0       ?CountRefs@CStubTypeComp@@UAGKXZ 1000a9c0 f tcstub.obj
 0001:000099e0       ?Bind@CStubTypeComp@@QAEJXZ 1000a9e0 f tcstub.obj
 0001:00009bd0       ?BindType@CStubTypeComp@@QAEJXZ 1000abd0 f tcstub.obj
 0001:00009ca0       ?SysKind@CStubTypeComp@@QAEJXZ 1000aca0 f tcstub.obj
 0001:00009d00       ?DebugServerQueryInterface@CStubTypeComp@@UAGJPAPAX@Z 1000ad00 f tcstub.obj
 0001:00009d20       ?DebugServerRelease@CStubTypeComp@@UAGXPAX@Z 1000ad20 f tcstub.obj
 0001:00009d30       ??0CProxUniv@@QAE@PAUIUnknown@@@Z 1000ad30 f ups.obj
 0001:00009d90       ??1CProxUniv@@QAE@XZ       1000ad90 f ups.obj
 0001:00009de0       ?CanWeRemoteIt@@YAJPAUITypeInfo@@PAGPAH@Z 1000ade0 f ups.obj
 0001:00009e80       ?Create@CProxUniv@@SAJPAUIUnknown@@ABU_GUID@@PAPAU2@@Z 1000ae80 f ups.obj
 0001:0000a040       ?CacheFuncDescs@CProxUniv@@QAEJPAUITypeInfo@@@Z 1000b040 f ups.obj
 0001:0000a180       ?QueryInterface@CPriv@CProxUniv@@UAGJABU_GUID@@PAPAX@Z 1000b180 f ups.obj
 0001:0000a1f0       ?AddRef@CPriv@CProxUniv@@UAGKXZ 1000b1f0 f ups.obj
 0001:0000a210       ?Release@CPriv@CProxUniv@@UAGKXZ 1000b210 f ups.obj
 0001:0000a240       ?Connect@CPriv@CProxUniv@@UAGJPAUIRpcChannelBuffer@@@Z 1000b240 f ups.obj
 0001:0000a280       ?Disconnect@CPriv@CProxUniv@@UAGXXZ 1000b280 f ups.obj
 0001:0000a2b0       ?PSInit@CProxUniv@@QAEJXZ  1000b2b0 f ups.obj
 0001:0000a3a0       _ProxyMethod@16            1000b3a0 f ups.obj
 0001:0000a870       ??0CStubUniv@@AAE@XZ       1000b870 f ups.obj
 0001:0000a8c0       ??1CStubUniv@@AAE@XZ       1000b8c0 f ups.obj
 0001:0000a8d0       ?Create@CStubUniv@@SAJPAUIUnknown@@ABU_GUID@@PAPAUIRpcStubBuffer@@@Z 1000b8d0 f ups.obj
 0001:0000a940       ?QueryInterface@CStubUniv@@UAGJABU_GUID@@PAPAX@Z 1000b940 f ups.obj
 0001:0000a9b0       ?AddRef@CStubUniv@@UAGKXZ  1000b9b0 f ups.obj
 0001:0000a9c0       ?Release@CStubUniv@@UAGKXZ 1000b9c0 f ups.obj
 0001:0000a9f0       ?Connect@CStubUniv@@UAGJPAUIUnknown@@@Z 1000b9f0 f ups.obj
 0001:0000aa20       ?Disconnect@CStubUniv@@UAGXXZ 1000ba20 f ups.obj
 0001:0000aa60       ?Invoke@CStubUniv@@UAGJPAUtagRPCOLEMESSAGE@@PAUIRpcChannelBuffer@@@Z 1000ba60 f ups.obj
 0001:0000abc0       ?IsIIDSupported@CStubUniv@@UAGPAUIRpcStubBuffer@@ABU_GUID@@@Z 1000bbc0 f ups.obj
 0001:0000abf0       ?CountRefs@CStubUniv@@UAGKXZ 1000bbf0 f ups.obj
 0001:0000ac10       ?DebugServerQueryInterface@CStubUniv@@UAGJPAPAX@Z 1000bc10 f ups.obj
 0001:0000ac30       ?DebugServerRelease@CStubUniv@@UAGXPAX@Z 1000bc30 f ups.obj
 0001:0000ac40       ?PSInit@CStubUniv@@QAEJXZ  1000bc40 f ups.obj
 0001:0000acd0       ?DispatchMethod@CStubUniv@@QAEJH@Z 1000bcd0 f ups.obj
 0001:0000b050       ?VarVtOfIface@@YAJPAUITypeInfo@@PAUtagTYPEATTR@@PAGPAU_GUID@@@Z 1000c050 f ups.obj
 0001:0000b0a0       ?VarVtOfUDT@@YAJPAUITypeInfo@@PAUtagTYPEDESC@@PAGPAU_GUID@@@Z 1000c0a0 f ups.obj
 0001:0000b210       ?VarVtOfTypeDesc@@YAJPAUITypeInfo@@PAUtagTYPEDESC@@PAGPAU_GUID@@@Z 1000c210 f ups.obj
 0001:0000b420       ?SzLibIdOfIID@@YAJABU_GUID@@PADJ@Z 1000c420 f ups.obj
 0001:0000b4b0       ?FIsLCID@@YAHPAD@Z         1000c4b0 f ups.obj
 0001:0000b510       ?GetTypeInfoOfIID@@YAJABU_GUID@@PAPAUITypeInfo@@@Z 1000c510 f ups.obj
 0001:0000b850       ?GetCbStackCleanupOfFuncDesc@@YAJPAUtagFUNCDESC@@PAUITypeInfo@@PAH@Z 1000c850 f ups.obj
 0001:0000b900       ?UnivQueryInterface@@YGJPAVCProxUniv@@ABU_GUID@@PAPAX@Z 1000c900 f uvft.obj
 0001:0000b920       ?UnivAddRef@@YGKPAVCProxUniv@@@Z 1000c920 f uvft.obj
 0001:0000b930       ?UnivRelease@@YGKPAVCProxUniv@@@Z 1000c930 f uvft.obj
 0001:0000b940       ?UnivGetTypeInfoCount@@YGJPAVCProxUniv@@PAI@Z 1000c940 f uvft.obj
 0001:0000b960       ?UnivGetTypeInfo@@YGJPAVCProxUniv@@IKPAPAUITypeInfo@@@Z 1000c960 f uvft.obj
 0001:0000b990       ?UnivGetIDsOfNames@@YGJPAVCProxUniv@@ABU_GUID@@PAPAGIKPAJ@Z 1000c990 f uvft.obj
 0001:0000b9c0       ?UnivInvoke@@YGJPAVCProxUniv@@JABU_GUID@@KGPAUtagDISPPARAMS@@PAUtagVARIANT@@PAUtagEXCEPINFO@@PAI@Z 1000c9c0 f uvft.obj
 0001:0000ba00       ??0CStreamOnBuffer@@QAE@PAUIRpcChannelBuffer@@PAUtagRPCOLEMESSAGE@@ABU_GUID@@K@Z 1000ca00 f dispstrm.obj
 0001:0000ba90       ??1CStreamOnBuffer@@QAE@XZ 1000ca90 f dispstrm.obj
 0001:0000bab0       ?QueryInterface@CStreamOnBuffer@@UAGJABU_GUID@@PAPAX@Z 1000cab0 f dispstrm.obj
 0001:0000bb00       ?AddRef@CStreamOnBuffer@@UAGKXZ 1000cb00 f dispstrm.obj
 0001:0000bb10       ?Release@CStreamOnBuffer@@UAGKXZ 1000cb10 f dispstrm.obj
 0001:0000bb50       ?Read@CStreamOnBuffer@@UAGJPAXKPAK@Z 1000cb50 f dispstrm.obj
 0001:0000bbb0       ?Write@CStreamOnBuffer@@UAGJPBXKPAK@Z 1000cbb0 f dispstrm.obj
 0001:0000bc40       ?Seek@CStreamOnBuffer@@UAGJT_LARGE_INTEGER@@KPAT_ULARGE_INTEGER@@@Z 1000cc40 f dispstrm.obj
 0001:0000bcc0       ?SetSize@CStreamOnBuffer@@UAGJT_ULARGE_INTEGER@@@Z 1000ccc0 f dispstrm.obj
 0001:0000bcd0       ?CopyTo@CStreamOnBuffer@@UAGJPAUIStream@@T_ULARGE_INTEGER@@PAT3@2@Z 1000ccd0 f dispstrm.obj
 0001:0000bce0       ?Commit@CStreamOnBuffer@@UAGJK@Z 1000cce0 f dispstrm.obj
 0001:0000bcf0       ?Revert@CStreamOnBuffer@@UAGJXZ 1000ccf0 f dispstrm.obj
 0001:0000bd00       ?LockRegion@CStreamOnBuffer@@UAGJT_ULARGE_INTEGER@@0K@Z 1000cd00 f dispstrm.obj
 0001:0000bd10       ?UnlockRegion@CStreamOnBuffer@@UAGJT_ULARGE_INTEGER@@0K@Z 1000cd10 f dispstrm.obj
 0001:0000bd20       ?Stat@CStreamOnBuffer@@UAGJPAUtagSTATSTG@@K@Z 1000cd20 f dispstrm.obj
 0001:0000bd30       ?Clone@CStreamOnBuffer@@UAGJPAPAUIStream@@@Z 1000cd30 f dispstrm.obj
 0001:0000bd40       ?Call@CStreamOnBuffer@@UAGJXZ 1000cd40 f dispstrm.obj
 0001:0000bdd0       ?RewindBuffer@CStreamOnBuffer@@UAGJXZ 1000cdd0 f dispstrm.obj
 0001:0000be00       ?ResetBuffer@CStreamOnBuffer@@UAGJXZ 1000ce00 f dispstrm.obj
 0001:0000be50       ?ResizeBuffer@CStreamOnBuffer@@UAGJK@Z 1000ce50 f dispstrm.obj
 0001:0000bee0       _IndexOfParam@12           1000cee0 f disphelp.obj
 0001:0000bf30       _DispGetParam@20           1000cf30 f disphelp.obj
 0001:0000bf90       _DispGetIDsOfNames@16      1000cf90 f disphelp.obj
 0001:0000bfb0       _DispInvoke@32             1000cfb0 f disphelp.obj
 0001:0000bff0       _DoInvokeMethod@32         1000cff0 f invhelp.obj
 0001:0000c060       _InvokeCdecl               1000d060 f invoke.obj
 0001:0000c1d9       _InvokeStdCall             1000d1d9 f invoke.obj
 0001:0000c34f       _UM3                       1000d34f   invoke.obj
 0001:0000c359       _UM4                       1000d359   invoke.obj
 0001:0000c363       _UM5                       1000d363   invoke.obj
 0001:0000c36d       _UM6                       1000d36d   invoke.obj
 0001:0000c377       _UM7                       1000d377   invoke.obj
 0001:0000c381       _UM8                       1000d381   invoke.obj
 0001:0000c38b       _UM9                       1000d38b   invoke.obj
 0001:0000c395       _UM10                      1000d395   invoke.obj
 0001:0000c39f       _UM11                      1000d39f   invoke.obj
 0001:0000c3a9       _UM12                      1000d3a9   invoke.obj
 0001:0000c3b3       _UM13                      1000d3b3   invoke.obj
 0001:0000c3bd       _UM14                      1000d3bd   invoke.obj
 0001:0000c3c7       _UM15                      1000d3c7   invoke.obj
 0001:0000c3d1       _UM16                      1000d3d1   invoke.obj
 0001:0000c3db       _UM17                      1000d3db   invoke.obj
 0001:0000c3e5       _UM18                      1000d3e5   invoke.obj
 0001:0000c3ef       _UM19                      1000d3ef   invoke.obj
 0001:0000c3f9       _UM20                      1000d3f9   invoke.obj
 0001:0000c403       _UM21                      1000d403   invoke.obj
 0001:0000c40d       _UM22                      1000d40d   invoke.obj
 0001:0000c417       _UM23                      1000d417   invoke.obj
 0001:0000c421       _UM24                      1000d421   invoke.obj
 0001:0000c42b       _UM25                      1000d42b   invoke.obj
 0001:0000c435       _UM26                      1000d435   invoke.obj
 0001:0000c43f       _UM27                      1000d43f   invoke.obj
 0001:0000c449       _UM28                      1000d449   invoke.obj
 0001:0000c453       _UM29                      1000d453   invoke.obj
 0001:0000c45d       _UM30                      1000d45d   invoke.obj
 0001:0000c467       _UM31                      1000d467   invoke.obj
 0001:0000c471       _UM32                      1000d471   invoke.obj
 0001:0000c47b       _UM33                      1000d47b   invoke.obj
 0001:0000c485       _UM34                      1000d485   invoke.obj
 0001:0000c48f       _UM35                      1000d48f   invoke.obj
 0001:0000c499       _UM36                      1000d499   invoke.obj
 0001:0000c4a3       _UM37                      1000d4a3   invoke.obj
 0001:0000c4ad       _UM38                      1000d4ad   invoke.obj
 0001:0000c4b7       _UM39                      1000d4b7   invoke.obj
 0001:0000c4c1       _UM40                      1000d4c1   invoke.obj
 0001:0000c4cb       _UM41                      1000d4cb   invoke.obj
 0001:0000c4d5       _UM42                      1000d4d5   invoke.obj
 0001:0000c4df       _UM43                      1000d4df   invoke.obj
 0001:0000c4e9       _UM44                      1000d4e9   invoke.obj
 0001:0000c4f3       _UM45                      1000d4f3   invoke.obj
 0001:0000c4fd       _UM46                      1000d4fd   invoke.obj
 0001:0000c507       _UM47                      1000d507   invoke.obj
 0001:0000c511       _UM48                      1000d511   invoke.obj
 0001:0000c51b       _UM49                      1000d51b   invoke.obj
 0001:0000c525       _UM50                      1000d525   invoke.obj
 0001:0000c52f       _UM51                      1000d52f   invoke.obj
 0001:0000c539       _UM52                      1000d539   invoke.obj
 0001:0000c543       _UM53                      1000d543   invoke.obj
 0001:0000c54d       _UM54                      1000d54d   invoke.obj
 0001:0000c557       _UM55                      1000d557   invoke.obj
 0001:0000c561       _UM56                      1000d561   invoke.obj
 0001:0000c56b       _UM57                      1000d56b   invoke.obj
 0001:0000c575       _UM58                      1000d575   invoke.obj
 0001:0000c57f       _UM59                      1000d57f   invoke.obj
 0001:0000c589       _UM60                      1000d589   invoke.obj
 0001:0000c593       _UM61                      1000d593   invoke.obj
 0001:0000c59d       _UM62                      1000d59d   invoke.obj
 0001:0000c5a7       _UM63                      1000d5a7   invoke.obj
 0001:0000c5b1       _UM64                      1000d5b1   invoke.obj
 0001:0000c5bb       _UM65                      1000d5bb   invoke.obj
 0001:0000c5c5       _UM66                      1000d5c5   invoke.obj
 0001:0000c5cf       _UM67                      1000d5cf   invoke.obj
 0001:0000c5d9       _UM68                      1000d5d9   invoke.obj
 0001:0000c5e3       _UM69                      1000d5e3   invoke.obj
 0001:0000c5ed       _UM70                      1000d5ed   invoke.obj
 0001:0000c5f7       _UM71                      1000d5f7   invoke.obj
 0001:0000c601       _UM72                      1000d601   invoke.obj
 0001:0000c60b       _UM73                      1000d60b   invoke.obj
 0001:0000c615       _UM74                      1000d615   invoke.obj
 0001:0000c61f       _UM75                      1000d61f   invoke.obj
 0001:0000c629       _UM76                      1000d629   invoke.obj
 0001:0000c633       _UM77                      1000d633   invoke.obj
 0001:0000c63d       _UM78                      1000d63d   invoke.obj
 0001:0000c647       _UM79                      1000d647   invoke.obj
 0001:0000c651       _UM80                      1000d651   invoke.obj
 0001:0000c65b       _UM81                      1000d65b   invoke.obj
 0001:0000c665       _UM82                      1000d665   invoke.obj
 0001:0000c66f       _UM83                      1000d66f   invoke.obj
 0001:0000c679       _UM84                      1000d679   invoke.obj
 0001:0000c683       _UM85                      1000d683   invoke.obj
 0001:0000c68d       _UM86                      1000d68d   invoke.obj
 0001:0000c697       _UM87                      1000d697   invoke.obj
 0001:0000c6a1       _UM88                      1000d6a1   invoke.obj
 0001:0000c6ab       _UM89                      1000d6ab   invoke.obj
 0001:0000c6b5       _UM90                      1000d6b5   invoke.obj
 0001:0000c6bf       _UM91                      1000d6bf   invoke.obj
 0001:0000c6c9       _UM92                      1000d6c9   invoke.obj
 0001:0000c6d3       _UM93                      1000d6d3   invoke.obj
 0001:0000c6dd       _UM94                      1000d6dd   invoke.obj
 0001:0000c6e7       _UM95                      1000d6e7   invoke.obj
 0001:0000c6f1       _UM96                      1000d6f1   invoke.obj
 0001:0000c6fb       _UM97                      1000d6fb   invoke.obj
 0001:0000c705       _UM98                      1000d705   invoke.obj
 0001:0000c70f       _UM99                      1000d70f   invoke.obj
 0001:0000c719       _UM100                     1000d719   invoke.obj
 0001:0000c723       _UM101                     1000d723   invoke.obj
 0001:0000c72d       _UM102                     1000d72d   invoke.obj
 0001:0000c737       _UM103                     1000d737   invoke.obj
 0001:0000c741       _UM104                     1000d741   invoke.obj
 0001:0000c74b       _UM105                     1000d74b   invoke.obj
 0001:0000c755       _UM106                     1000d755   invoke.obj
 0001:0000c75f       _UM107                     1000d75f   invoke.obj
 0001:0000c769       _UM108                     1000d769   invoke.obj
 0001:0000c773       _UM109                     1000d773   invoke.obj
 0001:0000c77d       _UM110                     1000d77d   invoke.obj
 0001:0000c787       _UM111                     1000d787   invoke.obj
 0001:0000c791       _UM112                     1000d791   invoke.obj
 0001:0000c79b       _UM113                     1000d79b   invoke.obj
 0001:0000c7a5       _UM114                     1000d7a5   invoke.obj
 0001:0000c7af       _UM115                     1000d7af   invoke.obj
 0001:0000c7b9       _UM116                     1000d7b9   invoke.obj
 0001:0000c7c3       _UM117                     1000d7c3   invoke.obj
 0001:0000c7cd       _UM118                     1000d7cd   invoke.obj
 0001:0000c7d7       _UM119                     1000d7d7   invoke.obj
 0001:0000c7e1       _UM120                     1000d7e1   invoke.obj
 0001:0000c7eb       _UM121                     1000d7eb   invoke.obj
 0001:0000c7f5       _UM122                     1000d7f5   invoke.obj
 0001:0000c7ff       _UM123                     1000d7ff   invoke.obj
 0001:0000c809       _UM124                     1000d809   invoke.obj
 0001:0000c813       _UM125                     1000d813   invoke.obj
 0001:0000c81d       _UM126                     1000d81d   invoke.obj
 0001:0000c827       _UM127                     1000d827   invoke.obj
 0001:0000c831       _UM128                     1000d831   invoke.obj
 0001:0000c83b       _UM129                     1000d83b   invoke.obj
 0001:0000c845       _UM130                     1000d845   invoke.obj
 0001:0000c84f       _UM131                     1000d84f   invoke.obj
 0001:0000c859       _UM132                     1000d859   invoke.obj
 0001:0000c863       _UM133                     1000d863   invoke.obj
 0001:0000c86d       _UM134                     1000d86d   invoke.obj
 0001:0000c877       _UM135                     1000d877   invoke.obj
 0001:0000c881       _UM136                     1000d881   invoke.obj
 0001:0000c88b       _UM137                     1000d88b   invoke.obj
 0001:0000c895       _UM138                     1000d895   invoke.obj
 0001:0000c89f       _UM139                     1000d89f   invoke.obj
 0001:0000c8a9       _UM140                     1000d8a9   invoke.obj
 0001:0000c8b3       _UM141                     1000d8b3   invoke.obj
 0001:0000c8bd       _UM142                     1000d8bd   invoke.obj
 0001:0000c8c7       _UM143                     1000d8c7   invoke.obj
 0001:0000c8d1       _UM144                     1000d8d1   invoke.obj
 0001:0000c8db       _UM145                     1000d8db   invoke.obj
 0001:0000c8e5       _UM146                     1000d8e5   invoke.obj
 0001:0000c8ef       _UM147                     1000d8ef   invoke.obj
 0001:0000c8f9       _UM148                     1000d8f9   invoke.obj
 0001:0000c903       _UM149                     1000d903   invoke.obj
 0001:0000c90d       _UM150                     1000d90d   invoke.obj
 0001:0000c917       _UM151                     1000d917   invoke.obj
 0001:0000c921       _UM152                     1000d921   invoke.obj
 0001:0000c92b       _UM153                     1000d92b   invoke.obj
 0001:0000c935       _UM154                     1000d935   invoke.obj
 0001:0000c93f       _UM155                     1000d93f   invoke.obj
 0001:0000c949       _UM156                     1000d949   invoke.obj
 0001:0000c953       _UM157                     1000d953   invoke.obj
 0001:0000c95d       _UM158                     1000d95d   invoke.obj
 0001:0000c967       _UM159                     1000d967   invoke.obj
 0001:0000c971       _UM160                     1000d971   invoke.obj
 0001:0000c97b       _UM161                     1000d97b   invoke.obj
 0001:0000c985       _UM162                     1000d985   invoke.obj
 0001:0000c98f       _UM163                     1000d98f   invoke.obj
 0001:0000c999       _UM164                     1000d999   invoke.obj
 0001:0000c9a3       _UM165                     1000d9a3   invoke.obj
 0001:0000c9ad       _UM166                     1000d9ad   invoke.obj
 0001:0000c9b7       _UM167                     1000d9b7   invoke.obj
 0001:0000c9c1       _UM168                     1000d9c1   invoke.obj
 0001:0000c9cb       _UM169                     1000d9cb   invoke.obj
 0001:0000c9d5       _UM170                     1000d9d5   invoke.obj
 0001:0000c9df       _UM171                     1000d9df   invoke.obj
 0001:0000c9e9       _UM172                     1000d9e9   invoke.obj
 0001:0000c9f3       _UM173                     1000d9f3   invoke.obj
 0001:0000c9fd       _UM174                     1000d9fd   invoke.obj
 0001:0000ca07       _UM175                     1000da07   invoke.obj
 0001:0000ca11       _UM176                     1000da11   invoke.obj
 0001:0000ca1b       _UM177                     1000da1b   invoke.obj
 0001:0000ca25       _UM178                     1000da25   invoke.obj
 0001:0000ca2f       _UM179                     1000da2f   invoke.obj
 0001:0000ca39       _UM180                     1000da39   invoke.obj
 0001:0000ca43       _UM181                     1000da43   invoke.obj
 0001:0000ca4d       _UM182                     1000da4d   invoke.obj
 0001:0000ca57       _UM183                     1000da57   invoke.obj
 0001:0000ca61       _UM184                     1000da61   invoke.obj
 0001:0000ca6b       _UM185                     1000da6b   invoke.obj
 0001:0000ca75       _UM186                     1000da75   invoke.obj
 0001:0000ca7f       _UM187                     1000da7f   invoke.obj
 0001:0000ca89       _UM188                     1000da89   invoke.obj
 0001:0000ca93       _UM189                     1000da93   invoke.obj
 0001:0000ca9d       _UM190                     1000da9d   invoke.obj
 0001:0000caa7       _UM191                     1000daa7   invoke.obj
 0001:0000cab1       _UM192                     1000dab1   invoke.obj
 0001:0000cabb       _UM193                     1000dabb   invoke.obj
 0001:0000cac5       _UM194                     1000dac5   invoke.obj
 0001:0000cacf       _UM195                     1000dacf   invoke.obj
 0001:0000cad9       _UM196                     1000dad9   invoke.obj
 0001:0000cae3       _UM197                     1000dae3   invoke.obj
 0001:0000caed       _UM198                     1000daed   invoke.obj
 0001:0000caf7       _UM199                     1000daf7   invoke.obj
 0001:0000cb01       _UM200                     1000db01   invoke.obj
 0001:0000cb0b       _UM201                     1000db0b   invoke.obj
 0001:0000cb15       _UM202                     1000db15   invoke.obj
 0001:0000cb1f       _UM203                     1000db1f   invoke.obj
 0001:0000cb29       _UM204                     1000db29   invoke.obj
 0001:0000cb33       _UM205                     1000db33   invoke.obj
 0001:0000cb3d       _UM206                     1000db3d   invoke.obj
 0001:0000cb47       _UM207                     1000db47   invoke.obj
 0001:0000cb51       _UM208                     1000db51   invoke.obj
 0001:0000cb5b       _UM209                     1000db5b   invoke.obj
 0001:0000cb65       _UM210                     1000db65   invoke.obj
 0001:0000cb6f       _UM211                     1000db6f   invoke.obj
 0001:0000cb79       _UM212                     1000db79   invoke.obj
 0001:0000cb83       _UM213                     1000db83   invoke.obj
 0001:0000cb8d       _UM214                     1000db8d   invoke.obj
 0001:0000cb97       _UM215                     1000db97   invoke.obj
 0001:0000cba1       _UM216                     1000dba1   invoke.obj
 0001:0000cbab       _UM217                     1000dbab   invoke.obj
 0001:0000cbb5       _UM218                     1000dbb5   invoke.obj
 0001:0000cbbf       _UM219                     1000dbbf   invoke.obj
 0001:0000cbc9       _UM220                     1000dbc9   invoke.obj
 0001:0000cbd3       _UM221                     1000dbd3   invoke.obj
 0001:0000cbdd       _UM222                     1000dbdd   invoke.obj
 0001:0000cbe7       _UM223                     1000dbe7   invoke.obj
 0001:0000cbf1       _UM224                     1000dbf1   invoke.obj
 0001:0000cbfb       _UM225                     1000dbfb   invoke.obj
 0001:0000cc05       _UM226                     1000dc05   invoke.obj
 0001:0000cc0f       _UM227                     1000dc0f   invoke.obj
 0001:0000cc19       _UM228                     1000dc19   invoke.obj
 0001:0000cc23       _UM229                     1000dc23   invoke.obj
 0001:0000cc2d       _UM230                     1000dc2d   invoke.obj
 0001:0000cc37       _UM231                     1000dc37   invoke.obj
 0001:0000cc41       _UM232                     1000dc41   invoke.obj
 0001:0000cc4b       _UM233                     1000dc4b   invoke.obj
 0001:0000cc55       _UM234                     1000dc55   invoke.obj
 0001:0000cc5f       _UM235                     1000dc5f   invoke.obj
 0001:0000cc69       _UM236                     1000dc69   invoke.obj
 0001:0000cc73       _UM237                     1000dc73   invoke.obj
 0001:0000cc7d       _UM238                     1000dc7d   invoke.obj
 0001:0000cc87       _UM239                     1000dc87   invoke.obj
 0001:0000cc91       _UM240                     1000dc91   invoke.obj
 0001:0000cc9b       _UM241                     1000dc9b   invoke.obj
 0001:0000cca5       _UM242                     1000dca5   invoke.obj
 0001:0000ccaf       _UM243                     1000dcaf   invoke.obj
 0001:0000ccb9       _UM244                     1000dcb9   invoke.obj
 0001:0000ccc3       _UM245                     1000dcc3   invoke.obj
 0001:0000cccd       _UM246                     1000dccd   invoke.obj
 0001:0000ccd7       _UM247                     1000dcd7   invoke.obj
 0001:0000cce1       _UM248                     1000dce1   invoke.obj
 0001:0000cceb       _UM249                     1000dceb   invoke.obj
 0001:0000ccf5       _UM250                     1000dcf5   invoke.obj
 0001:0000ccff       _UM251                     1000dcff   invoke.obj
 0001:0000cd09       _UM252                     1000dd09   invoke.obj
 0001:0000cd13       _UM253                     1000dd13   invoke.obj
 0001:0000cd1d       _UM254                     1000dd1d   invoke.obj
 0001:0000cd27       _UM255                     1000dd27   invoke.obj
 0001:0000cd31       _UM256                     1000dd31   invoke.obj
 0001:0000cd3b       _UM257                     1000dd3b   invoke.obj
 0001:0000cd45       _UM258                     1000dd45   invoke.obj
 0001:0000cd4f       _UM259                     1000dd4f   invoke.obj
 0001:0000cd59       _UM260                     1000dd59   invoke.obj
 0001:0000cd63       _UM261                     1000dd63   invoke.obj
 0001:0000cd6d       _UM262                     1000dd6d   invoke.obj
 0001:0000cd77       _UM263                     1000dd77   invoke.obj
 0001:0000cd81       _UM264                     1000dd81   invoke.obj
 0001:0000cd8b       _UM265                     1000dd8b   invoke.obj
 0001:0000cd95       _UM266                     1000dd95   invoke.obj
 0001:0000cd9f       _UM267                     1000dd9f   invoke.obj
 0001:0000cda9       _UM268                     1000dda9   invoke.obj
 0001:0000cdb3       _UM269                     1000ddb3   invoke.obj
 0001:0000cdbd       _UM270                     1000ddbd   invoke.obj
 0001:0000cdc7       _UM271                     1000ddc7   invoke.obj
 0001:0000cdd1       _UM272                     1000ddd1   invoke.obj
 0001:0000cddb       _UM273                     1000dddb   invoke.obj
 0001:0000cde5       _UM274                     1000dde5   invoke.obj
 0001:0000cdef       _UM275                     1000ddef   invoke.obj
 0001:0000cdf9       _UM276                     1000ddf9   invoke.obj
 0001:0000ce03       _UM277                     1000de03   invoke.obj
 0001:0000ce0d       _UM278                     1000de0d   invoke.obj
 0001:0000ce17       _UM279                     1000de17   invoke.obj
 0001:0000ce21       _UM280                     1000de21   invoke.obj
 0001:0000ce2b       _UM281                     1000de2b   invoke.obj
 0001:0000ce35       _UM282                     1000de35   invoke.obj
 0001:0000ce3f       _UM283                     1000de3f   invoke.obj
 0001:0000ce49       _UM284                     1000de49   invoke.obj
 0001:0000ce53       _UM285                     1000de53   invoke.obj
 0001:0000ce5d       _UM286                     1000de5d   invoke.obj
 0001:0000ce67       _UM287                     1000de67   invoke.obj
 0001:0000ce71       _UM288                     1000de71   invoke.obj
 0001:0000ce7b       _UM289                     1000de7b   invoke.obj
 0001:0000ce85       _UM290                     1000de85   invoke.obj
 0001:0000ce8f       _UM291                     1000de8f   invoke.obj
 0001:0000ce99       _UM292                     1000de99   invoke.obj
 0001:0000cea3       _UM293                     1000dea3   invoke.obj
 0001:0000cead       _UM294                     1000dead   invoke.obj
 0001:0000ceb7       _UM295                     1000deb7   invoke.obj
 0001:0000cec1       _UM296                     1000dec1   invoke.obj
 0001:0000cecb       _UM297                     1000decb   invoke.obj
 0001:0000ced5       _UM298                     1000ded5   invoke.obj
 0001:0000cedf       _UM299                     1000dedf   invoke.obj
 0001:0000cee9       _UM300                     1000dee9   invoke.obj
 0001:0000cef3       _UM301                     1000def3   invoke.obj
 0001:0000cefd       _UM302                     1000defd   invoke.obj
 0001:0000cf07       _UM303                     1000df07   invoke.obj
 0001:0000cf11       _UM304                     1000df11   invoke.obj
 0001:0000cf1b       _UM305                     1000df1b   invoke.obj
 0001:0000cf25       _UM306                     1000df25   invoke.obj
 0001:0000cf2f       _UM307                     1000df2f   invoke.obj
 0001:0000cf39       _UM308                     1000df39   invoke.obj
 0001:0000cf43       _UM309                     1000df43   invoke.obj
 0001:0000cf4d       _UM310                     1000df4d   invoke.obj
 0001:0000cf57       _UM311                     1000df57   invoke.obj
 0001:0000cf61       _UM312                     1000df61   invoke.obj
 0001:0000cf6b       _UM313                     1000df6b   invoke.obj
 0001:0000cf75       _UM314                     1000df75   invoke.obj
 0001:0000cf7f       _UM315                     1000df7f   invoke.obj
 0001:0000cf89       _UM316                     1000df89   invoke.obj
 0001:0000cf93       _UM317                     1000df93   invoke.obj
 0001:0000cf9d       _UM318                     1000df9d   invoke.obj
 0001:0000cfa7       _UM319                     1000dfa7   invoke.obj
 0001:0000cfb1       _UM320                     1000dfb1   invoke.obj
 0001:0000cfbb       _UM321                     1000dfbb   invoke.obj
 0001:0000cfc5       _UM322                     1000dfc5   invoke.obj
 0001:0000cfcf       _UM323                     1000dfcf   invoke.obj
 0001:0000cfd9       _UM324                     1000dfd9   invoke.obj
 0001:0000cfe3       _UM325                     1000dfe3   invoke.obj
 0001:0000cfed       _UM326                     1000dfed   invoke.obj
 0001:0000cff7       _UM327                     1000dff7   invoke.obj
 0001:0000d001       _UM328                     1000e001   invoke.obj
 0001:0000d00b       _UM329                     1000e00b   invoke.obj
 0001:0000d015       _UM330                     1000e015   invoke.obj
 0001:0000d01f       _UM331                     1000e01f   invoke.obj
 0001:0000d029       _UM332                     1000e029   invoke.obj
 0001:0000d033       _UM333                     1000e033   invoke.obj
 0001:0000d03d       _UM334                     1000e03d   invoke.obj
 0001:0000d047       _UM335                     1000e047   invoke.obj
 0001:0000d051       _UM336                     1000e051   invoke.obj
 0001:0000d05b       _UM337                     1000e05b   invoke.obj
 0001:0000d065       _UM338                     1000e065   invoke.obj
 0001:0000d06f       _UM339                     1000e06f   invoke.obj
 0001:0000d079       _UM340                     1000e079   invoke.obj
 0001:0000d083       _UM341                     1000e083   invoke.obj
 0001:0000d08d       _UM342                     1000e08d   invoke.obj
 0001:0000d097       _UM343                     1000e097   invoke.obj
 0001:0000d0a1       _UM344                     1000e0a1   invoke.obj
 0001:0000d0ab       _UM345                     1000e0ab   invoke.obj
 0001:0000d0b5       _UM346                     1000e0b5   invoke.obj
 0001:0000d0bf       _UM347                     1000e0bf   invoke.obj
 0001:0000d0c9       _UM348                     1000e0c9   invoke.obj
 0001:0000d0d3       _UM349                     1000e0d3   invoke.obj
 0001:0000d0dd       _UM350                     1000e0dd   invoke.obj
 0001:0000d0e7       _UM351                     1000e0e7   invoke.obj
 0001:0000d0f1       _UM352                     1000e0f1   invoke.obj
 0001:0000d0fb       _UM353                     1000e0fb   invoke.obj
 0001:0000d105       _UM354                     1000e105   invoke.obj
 0001:0000d10f       _UM355                     1000e10f   invoke.obj
 0001:0000d119       _UM356                     1000e119   invoke.obj
 0001:0000d123       _UM357                     1000e123   invoke.obj
 0001:0000d12d       _UM358                     1000e12d   invoke.obj
 0001:0000d137       _UM359                     1000e137   invoke.obj
 0001:0000d141       _UM360                     1000e141   invoke.obj
 0001:0000d14b       _UM361                     1000e14b   invoke.obj
 0001:0000d155       _UM362                     1000e155   invoke.obj
 0001:0000d15f       _UM363                     1000e15f   invoke.obj
 0001:0000d169       _UM364                     1000e169   invoke.obj
 0001:0000d173       _UM365                     1000e173   invoke.obj
 0001:0000d17d       _UM366                     1000e17d   invoke.obj
 0001:0000d187       _UM367                     1000e187   invoke.obj
 0001:0000d191       _UM368                     1000e191   invoke.obj
 0001:0000d19b       _UM369                     1000e19b   invoke.obj
 0001:0000d1a5       _UM370                     1000e1a5   invoke.obj
 0001:0000d1af       _UM371                     1000e1af   invoke.obj
 0001:0000d1b9       _UM372                     1000e1b9   invoke.obj
 0001:0000d1c3       _UM373                     1000e1c3   invoke.obj
 0001:0000d1cd       _UM374                     1000e1cd   invoke.obj
 0001:0000d1d7       _UM375                     1000e1d7   invoke.obj
 0001:0000d1e1       _UM376                     1000e1e1   invoke.obj
 0001:0000d1eb       _UM377                     1000e1eb   invoke.obj
 0001:0000d1f5       _UM378                     1000e1f5   invoke.obj
 0001:0000d1ff       _UM379                     1000e1ff   invoke.obj
 0001:0000d209       _UM380                     1000e209   invoke.obj
 0001:0000d213       _UM381                     1000e213   invoke.obj
 0001:0000d21d       _UM382                     1000e21d   invoke.obj
 0001:0000d227       _UM383                     1000e227   invoke.obj
 0001:0000d231       _UM384                     1000e231   invoke.obj
 0001:0000d23b       _UM385                     1000e23b   invoke.obj
 0001:0000d245       _UM386                     1000e245   invoke.obj
 0001:0000d24f       _UM387                     1000e24f   invoke.obj
 0001:0000d259       _UM388                     1000e259   invoke.obj
 0001:0000d263       _UM389                     1000e263   invoke.obj
 0001:0000d26d       _UM390                     1000e26d   invoke.obj
 0001:0000d277       _UM391                     1000e277   invoke.obj
 0001:0000d281       _UM392                     1000e281   invoke.obj
 0001:0000d28b       _UM393                     1000e28b   invoke.obj
 0001:0000d295       _UM394                     1000e295   invoke.obj
 0001:0000d29f       _UM395                     1000e29f   invoke.obj
 0001:0000d2a9       _UM396                     1000e2a9   invoke.obj
 0001:0000d2b3       _UM397                     1000e2b3   invoke.obj
 0001:0000d2bd       _UM398                     1000e2bd   invoke.obj
 0001:0000d2c7       _UM399                     1000e2c7   invoke.obj
 0001:0000d2d1       _UM400                     1000e2d1   invoke.obj
 0001:0000d2db       _UM401                     1000e2db   invoke.obj
 0001:0000d2e5       _UM402                     1000e2e5   invoke.obj
 0001:0000d2ef       _UM403                     1000e2ef   invoke.obj
 0001:0000d2f9       _UM404                     1000e2f9   invoke.obj
 0001:0000d303       _UM405                     1000e303   invoke.obj
 0001:0000d30d       _UM406                     1000e30d   invoke.obj
 0001:0000d317       _UM407                     1000e317   invoke.obj
 0001:0000d321       _UM408                     1000e321   invoke.obj
 0001:0000d32b       _UM409                     1000e32b   invoke.obj
 0001:0000d335       _UM410                     1000e335   invoke.obj
 0001:0000d33f       _UM411                     1000e33f   invoke.obj
 0001:0000d349       _UM412                     1000e349   invoke.obj
 0001:0000d353       _UM413                     1000e353   invoke.obj
 0001:0000d35d       _UM414                     1000e35d   invoke.obj
 0001:0000d367       _UM415                     1000e367   invoke.obj
 0001:0000d371       _UM416                     1000e371   invoke.obj
 0001:0000d37b       _UM417                     1000e37b   invoke.obj
 0001:0000d385       _UM418                     1000e385   invoke.obj
 0001:0000d38f       _UM419                     1000e38f   invoke.obj
 0001:0000d399       _UM420                     1000e399   invoke.obj
 0001:0000d3a3       _UM421                     1000e3a3   invoke.obj
 0001:0000d3ad       _UM422                     1000e3ad   invoke.obj
 0001:0000d3b7       _UM423                     1000e3b7   invoke.obj
 0001:0000d3c1       _UM424                     1000e3c1   invoke.obj
 0001:0000d3cb       _UM425                     1000e3cb   invoke.obj
 0001:0000d3d5       _UM426                     1000e3d5   invoke.obj
 0001:0000d3df       _UM427                     1000e3df   invoke.obj
 0001:0000d3e9       _UM428                     1000e3e9   invoke.obj
 0001:0000d3f3       _UM429                     1000e3f3   invoke.obj
 0001:0000d3fd       _UM430                     1000e3fd   invoke.obj
 0001:0000d407       _UM431                     1000e407   invoke.obj
 0001:0000d411       _UM432                     1000e411   invoke.obj
 0001:0000d41b       _UM433                     1000e41b   invoke.obj
 0001:0000d425       _UM434                     1000e425   invoke.obj
 0001:0000d42f       _UM435                     1000e42f   invoke.obj
 0001:0000d439       _UM436                     1000e439   invoke.obj
 0001:0000d443       _UM437                     1000e443   invoke.obj
 0001:0000d44d       _UM438                     1000e44d   invoke.obj
 0001:0000d457       _UM439                     1000e457   invoke.obj
 0001:0000d461       _UM440                     1000e461   invoke.obj
 0001:0000d46b       _UM441                     1000e46b   invoke.obj
 0001:0000d475       _UM442                     1000e475   invoke.obj
 0001:0000d47f       _UM443                     1000e47f   invoke.obj
 0001:0000d489       _UM444                     1000e489   invoke.obj
 0001:0000d493       _UM445                     1000e493   invoke.obj
 0001:0000d49d       _UM446                     1000e49d   invoke.obj
 0001:0000d4a7       _UM447                     1000e4a7   invoke.obj
 0001:0000d4b1       _UM448                     1000e4b1   invoke.obj
 0001:0000d4bb       _UM449                     1000e4bb   invoke.obj
 0001:0000d4c5       _UM450                     1000e4c5   invoke.obj
 0001:0000d4cf       _UM451                     1000e4cf   invoke.obj
 0001:0000d4d9       _UM452                     1000e4d9   invoke.obj
 0001:0000d4e3       _UM453                     1000e4e3   invoke.obj
 0001:0000d4ed       _UM454                     1000e4ed   invoke.obj
 0001:0000d4f7       _UM455                     1000e4f7   invoke.obj
 0001:0000d501       _UM456                     1000e501   invoke.obj
 0001:0000d50b       _UM457                     1000e50b   invoke.obj
 0001:0000d515       _UM458                     1000e515   invoke.obj
 0001:0000d51f       _UM459                     1000e51f   invoke.obj
 0001:0000d529       _UM460                     1000e529   invoke.obj
 0001:0000d533       _UM461                     1000e533   invoke.obj
 0001:0000d53d       _UM462                     1000e53d   invoke.obj
 0001:0000d547       _UM463                     1000e547   invoke.obj
 0001:0000d551       _UM464                     1000e551   invoke.obj
 0001:0000d55b       _UM465                     1000e55b   invoke.obj
 0001:0000d565       _UM466                     1000e565   invoke.obj
 0001:0000d56f       _UM467                     1000e56f   invoke.obj
 0001:0000d579       _UM468                     1000e579   invoke.obj
 0001:0000d583       _UM469                     1000e583   invoke.obj
 0001:0000d58d       _UM470                     1000e58d   invoke.obj
 0001:0000d597       _UM471                     1000e597   invoke.obj
 0001:0000d5a1       _UM472                     1000e5a1   invoke.obj
 0001:0000d5ab       _UM473                     1000e5ab   invoke.obj
 0001:0000d5b5       _UM474                     1000e5b5   invoke.obj
 0001:0000d5bf       _UM475                     1000e5bf   invoke.obj
 0001:0000d5c9       _UM476                     1000e5c9   invoke.obj
 0001:0000d5d3       _UM477                     1000e5d3   invoke.obj
 0001:0000d5dd       _UM478                     1000e5dd   invoke.obj
 0001:0000d5e7       _UM479                     1000e5e7   invoke.obj
 0001:0000d5f1       _UM480                     1000e5f1   invoke.obj
 0001:0000d5fb       _UM481                     1000e5fb   invoke.obj
 0001:0000d605       _UM482                     1000e605   invoke.obj
 0001:0000d60f       _UM483                     1000e60f   invoke.obj
 0001:0000d619       _UM484                     1000e619   invoke.obj
 0001:0000d623       _UM485                     1000e623   invoke.obj
 0001:0000d62d       _UM486                     1000e62d   invoke.obj
 0001:0000d637       _UM487                     1000e637   invoke.obj
 0001:0000d641       _UM488                     1000e641   invoke.obj
 0001:0000d64b       _UM489                     1000e64b   invoke.obj
 0001:0000d655       _UM490                     1000e655   invoke.obj
 0001:0000d65f       _UM491                     1000e65f   invoke.obj
 0001:0000d669       _UM492                     1000e669   invoke.obj
 0001:0000d673       _UM493                     1000e673   invoke.obj
 0001:0000d67d       _UM494                     1000e67d   invoke.obj
 0001:0000d684       _UM495                     1000e684   invoke.obj
 0001:0000d68b       _UM496                     1000e68b   invoke.obj
 0001:0000d692       _UM497                     1000e692   invoke.obj
 0001:0000d699       _UM498                     1000e699   invoke.obj
 0001:0000d6a0       _UM499                     1000e6a0   invoke.obj
 0001:0000d6a7       _UM500                     1000e6a7   invoke.obj
 0001:0000d6ae       _UM501                     1000e6ae   invoke.obj
 0001:0000d6b5       _UM502                     1000e6b5   invoke.obj
 0001:0000d6bc       _UM503                     1000e6bc   invoke.obj
 0001:0000d6c3       _UM504                     1000e6c3   invoke.obj
 0001:0000d6ca       _UM505                     1000e6ca   invoke.obj
 0001:0000d6d1       _UM506                     1000e6d1   invoke.obj
 0001:0000d6d8       _UM507                     1000e6d8   invoke.obj
 0001:0000d6df       _UM508                     1000e6df   invoke.obj
 0001:0000d6e6       _UM509                     1000e6e6   invoke.obj
 0001:0000d6ed       _UM510                     1000e6ed   invoke.obj
 0001:0000d6f4       _UM511                     1000e6f4   invoke.obj
 0001:0000d6fb       _UM512                     1000e6fb   invoke.obj
 0001:0000d702       _lblUmCommon               1000e702   invoke.obj
 0001:0000d720       ?Create@CDispTypeInfo@@SAJW4tagTYPEKIND@@PAUtagINTERFACEDATA@@KPAPAUITypeInfo@@@Z 1000e720 f cdispti.obj
 0001:0000d770       _CreateDispTypeInfo@12     1000e770 f cdispti.obj
 0001:0000d7b0       ??0CDispTypeInfo@@QAE@XZ   1000e7b0 f cdispti.obj
 0001:0000d7d0       ?QueryInterface@CDispTypeInfo@@UAGJABU_GUID@@PAPAX@Z 1000e7d0 f cdispti.obj
 0001:0000d840       ?AddRef@CDispTypeInfo@@UAGKXZ 1000e840 f cdispti.obj
 0001:0000d850       ?Release@CDispTypeInfo@@UAGKXZ 1000e850 f cdispti.obj
 0001:0000d870       ?GetTypeAttr@CDispTypeInfo@@UAGJPAPAUtagTYPEATTR@@@Z 1000e870 f cdispti.obj
 0001:0000d930       ?GetTypeComp@CDispTypeInfo@@UAGJPAPAUITypeComp@@@Z 1000e930 f cdispti.obj
 0001:0000d940       ?GetFuncDesc@CDispTypeInfo@@UAGJIPAPAUtagFUNCDESC@@@Z 1000e940 f cdispti.obj
 0001:0000db00       ?GetVarDesc@CDispTypeInfo@@UAGJIPAPAUtagVARDESC@@@Z 1000eb00 f cdispti.obj
 0001:0000db10       ?GetNames@CDispTypeInfo@@UAGJJPAPAGIPAI@Z 1000eb10 f cdispti.obj
 0001:0000dc40       ?GetRefTypeOfImplType@CDispTypeInfo@@UAGJIPAK@Z 1000ec40 f cdispti.obj
 0001:0000dc70       ?GetImplTypeFlags@CDispTypeInfo@@UAGJIPAH@Z 1000ec70 f cdispti.obj
 0001:0000dc80       ?GetIDsOfNames@CDispTypeInfo@@UAGJPAPAGIPAJ@Z 1000ec80 f cdispti.obj
 0001:0000de40       ?Invoke@CDispTypeInfo@@UAGJPAXJGPAUtagDISPPARAMS@@PAUtagVARIANT@@PAUtagEXCEPINFO@@PAI@Z 1000ee40 f cdispti.obj
 0001:0000e0b0       ?AllocInvokeArgs@CDispTypeInfo@@AAEJIPAPAUtagINVOKEARGS@@@Z 1000f0b0 f cdispti.obj
 0001:0000e180       ?GetInvokeArgs@CDispTypeInfo@@AAEJPAUtagMETHODDATA@@GPAUtagDISPPARAMS@@PAPAUtagINVOKEARGS@@PAI@Z 1000f180 f cdispti.obj
 0001:0000e380       ?ReleaseInvokeArgs@CDispTypeInfo@@AAEXPAUtagINVOKEARGS@@@Z 1000f380 f cdispti.obj
 0001:0000e3e0       ?GetDocumentation@CDispTypeInfo@@UAGJJPAPAG0PAK0@Z 1000f3e0 f cdispti.obj
 0001:0000e450       ?GetDllEntry@CDispTypeInfo@@UAGJJW4tagINVOKEKIND@@PAPAG1PAG@Z 1000f450 f cdispti.obj
 0001:0000e460       ?GetRefTypeInfo@CDispTypeInfo@@UAGJKPAPAUITypeInfo@@@Z 1000f460 f cdispti.obj
 0001:0000e4c0       ?AddressOfMember@CDispTypeInfo@@UAGJJW4tagINVOKEKIND@@PAPAX@Z 1000f4c0 f cdispti.obj
 0001:0000e4d0       ?CreateInstance@CDispTypeInfo@@UAGJPAUIUnknown@@ABU_GUID@@PAPAX@Z 1000f4d0 f cdispti.obj
 0001:0000e4e0       ?GetMops@CDispTypeInfo@@UAGJJPAPAG@Z 1000f4e0 f cdispti.obj
 0001:0000e4f0       ?GetContainingTypeLib@CDispTypeInfo@@UAGJPAPAUITypeLib@@PAI@Z 1000f4f0 f cdispti.obj
 0001:0000e500       ?ReleaseTypeAttr@CDispTypeInfo@@UAGXPAUtagTYPEATTR@@@Z 1000f500 f cdispti.obj
 0001:0000e510       ?ReleaseFuncDesc@CDispTypeInfo@@UAGXPAUtagFUNCDESC@@@Z 1000f510 f cdispti.obj
 0001:0000e530       ?ReleaseVarDesc@CDispTypeInfo@@UAGXPAUtagVARDESC@@@Z 1000f530 f cdispti.obj
 0001:0000e540       ?PmdataOfDispid@CDispTypeInfo@@AAEJJGPAPAUtagMETHODDATA@@@Z 1000f540 f cdispti.obj
 0001:0000e590       _CreateStdDispatch@16      1000f590 f stddisp.obj
 0001:0000e5b0       ??0CStdDisp@@QAE@XZ        1000f5b0 f stddisp.obj
 0001:0000e5e0       ?Create@CStdDisp@@SAJPAUIUnknown@@PAXPAUITypeInfo@@PAPAU2@@Z 1000f5e0 f stddisp.obj
 0001:0000e650       ??0CStdDispUnkImpl@@QAE@PAVCStdDisp@@@Z 1000f650 f stddisp.obj
 0001:0000e670       ?QueryInterface@CStdDispUnkImpl@@UAGJABU_GUID@@PAPAX@Z 1000f670 f stddisp.obj
 0001:0000e6e0       ?AddRef@CStdDispUnkImpl@@UAGKXZ 1000f6e0 f stddisp.obj
 0001:0000e700       ?Release@CStdDispUnkImpl@@UAGKXZ 1000f700 f stddisp.obj
 0001:0000e730       ?QueryInterface@CStdDisp@@UAGJABU_GUID@@PAPAX@Z 1000f730 f stddisp.obj
 0001:0000e750       ?AddRef@CStdDisp@@UAGKXZ   1000f750 f stddisp.obj
 0001:0000e760       ?Release@CStdDisp@@UAGKXZ  1000f760 f stddisp.obj
 0001:0000e770       ?GetTypeInfoCount@CStdDisp@@UAGJPAI@Z 1000f770 f stddisp.obj
 0001:0000e790       ?GetTypeInfo@CStdDisp@@UAGJIKPAPAUITypeInfo@@@Z 1000f790 f stddisp.obj
 0001:0000e7c0       ?GetIDsOfNames@CStdDisp@@UAGJABU_GUID@@PAPAGIKPAJ@Z 1000f7c0 f stddisp.obj
 0001:0000e800       ?Invoke@CStdDisp@@UAGJJABU_GUID@@KGPAUtagDISPPARAMS@@PAUtagVARIANT@@PAUtagEXCEPINFO@@PAI@Z 1000f800 f stddisp.obj
 0001:0000e860       _DosDateTimeToVariantTime@12 1000f860 f time-api.obj
 0001:0000e990       _VariantTimeToDosDateTime@16 1000f990 f time-api.obj
 0001:0000ea40       _SysAllocString@4          1000fa40 f bstr.obj
 0001:0000ea70       _SysAllocStringLen@8       1000fa70 f bstr.obj
 0001:0000eb10       _SysReAllocString@8        1000fb10 f bstr.obj
 0001:0000eb50       _SysReAllocStringLen@12    1000fb50 f bstr.obj
 0001:0000ec10       _SysFreeString@4           1000fc10 f bstr.obj
 0001:0000ecc0       _SysStringLen@4            1000fcc0 f bstr.obj
 0001:0000ece0       _ErrSysAllocString@8       1000fce0 f bstr.obj
 0001:0000ed20       _ErrSysAllocStringLen@12   1000fd20 f bstr.obj
 0001:0000ed50       _ErrStringCopy@8           1000fd50 f bstr.obj
 0001:0000ed80       _SysStringByteLen@4        1000fd80 f bstr.obj
 0001:0000eda0       _SysAllocStringByteLen@8   1000fda0 f bstr.obj
 0001:0000ee30       _ReleaseBstrCache@4        1000fe30 f bstr.obj
 0001:0000ee60       _SafeArrayAllocDescriptor@8 1000fe60 f sarray.obj
 0001:0000eeb0       _SafeArrayAllocData@4      1000feb0 f sarray.obj
 0001:0000ef60       _SafeArrayCreate@12        1000ff60 f sarray.obj
 0001:0000f0e0       ?ReleaseResources@@YGXPAXKGK@Z 100100e0 f sarray.obj
 0001:0000f190       _SafeArrayDestroyData@4    10010190 f sarray.obj
 0001:0000f270       _SafeArrayDestroyDescriptor@4 10010270 f sarray.obj
 0001:0000f2a0       _SafeArrayDestroy@4        100102a0 f sarray.obj
 0001:0000f2f0       _SafeArrayRedim@8          100102f0 f sarray.obj
 0001:0000f4c0       _SafeArrayCopy@8           100104c0 f sarray.obj
 0001:0000f730       _SafeArrayGetDim@4         10010730 f sarray.obj
 0001:0000f740       _SafeArrayGetElemsize@4    10010740 f sarray.obj
 0001:0000f750       _SafeArrayGetUBound@12     10010750 f sarray.obj
 0001:0000f7a0       _SafeArrayGetLBound@12     100107a0 f sarray.obj
 0001:0000f7e0       _SafeArrayLock@4           100107e0 f sarray.obj
 0001:0000f810       _SafeArrayUnlock@4         10010810 f sarray.obj
 0001:0000f840       _SafeArrayAccessData@8     10010840 f sarray.obj
 0001:0000f860       _SafeArrayUnaccessData@4   10010860 f sarray.obj
 0001:0000f870       _SafeArrayPtrOfIndex@12    10010870 f sarray.obj
 0001:0000f8f0       _SafeArrayGetElement@12    100108f0 f sarray.obj
 0001:0000f9f0       _SafeArrayPutElement@12    100109f0 f sarray.obj
 0001:0000fb10       ?SafeArraySize@@YGKPAUtagSAFEARRAY@@@Z 10010b10 f sarray.obj
 0001:0000fbe0       _ErrPackDate@16            10010be0 f oledate.obj
 0001:0000feb0       _ErrUnpackDate@8           10010eb0 f oledate.obj
 0001:00010130       _GetCurrentYear@0          10011130 f oledate.obj
 0001:00010150       _xtoa@16                   10011150 f crtstuff.obj
 0001:000101d0       _disp_itoa@12              100111d0 f crtstuff.obj
 0001:00010210       _disp_ltoa@12              10011210 f crtstuff.obj
 0001:00010240       _disp_floor@8              10011240 f crtstuff.obj
 0001:00010260       _disp_strtod@8             10011260 f crtstuff.obj
 0001:00010280       _IsCharType                10011280 f bstrdate.obj
 0001:000102c0       _SafeGetLocaleInfo@16      100112c0 f bstrdate.obj
 0001:00010360       _VarDateFromStr@16         10011360 f bstrdate.obj
 0001:00012330       _SetUDSfromYMD             10013330 f bstrdate.obj
 0001:00012aa0       _VarBstrFromDate@20        10013aa0 f bstrdate.obj
 0001:000130e0       _IntOfString@12            100140e0 f bstrdate.obj
 0001:000131d4       _ErrCyFromI2@8             100141d4 f oleconva.obj
 0001:000131f0       _ErrCyFromI4@8             100141f0 f oleconva.obj
 0001:0001320b       _CkOvflCy@0                1001420b f oleconva.obj
 0001:00013230       _ErrCyFromR4@8             10014230 f oleconva.obj
 0001:0001325d       _ErrCyFromR8@8             1001425d f oleconva.obj
 0001:0001328a       _ErrI2FromCy@12            1001428a f oleconva.obj
 0001:000132c0       _ErrI4FromCy@12            100142c0 f oleconva.obj
 0001:000132ef       _ErrR4FromCy@12            100142ef f oleconva.obj
 0001:00013306       _ErrR8FromCy@12            10014306 f oleconva.obj
 0001:0001331d       _ErrMultCyI4@16            1001431d f oleconva.obj
 0001:00013368       _DoFbstp@8                 10014368 f oleconva.obj
 0001:000133c7       _ConvFloatToAscii@12       100143c7 f oleconva.obj
 0001:000136b0       _VariantInit@4             100146b0 f variant.obj
 0001:000136c0       _VariantClear@4            100146c0 f variant.obj
 0001:000137c0       _VariantCopy@8             100147c0 f variant.obj
 0001:000138a0       _VariantCopyInd@8          100148a0 f variant.obj
 0001:00013a70       _VariantChangeType@16      10014a70 f variant.obj
 0001:00013aa0       _VariantChangeTypeEx@20    10014aa0 f variant.obj
 0001:00013c40       ?IsLegalVartype@@YGJG@Z    10014c40 f variant.obj
 0001:00013ce0       ?VariantChangeTypeInternal@@YGJPAUtagVARIANT@@KG@Z 10014ce0 f variant.obj
 0001:000146a0       _DispAlloc@8               100156a0 f convertt.obj
 0001:00014710       _DispFree@4                10015710 f convertt.obj
 0001:00014770       _VarBoolFromUI1@8          10015770 f convertt.obj
 0001:00014790       _VarBoolFromI2@8           10015790 f convertt.obj
 0001:000147b0       _VarBoolFromI4@8           100157b0 f convertt.obj
 0001:000147d0       _VarBoolFromR4@8           100157d0 f convertt.obj
 0001:000147f0       _VarBoolFromR8@12          100157f0 f convertt.obj
 0001:00014820       _VarBoolFromDate@12        10015820 f convertt.obj
 0001:00014840       _VarBoolFromCy@12          10015840 f convertt.obj
[...]
 0004:00000330       __imp__WNetGetConnectionW@12 10036330   mpr:MPR.dll
 0004:00000334       \177MPR_NULL_THUNK_DATA    10036334   mpr:MPR.dll
 0004:00000338       \177USER32_NULL_THUNK_DATA 10036338   user32:USER32.dll
 0004:0000033c       __imp___initterm           1003633c   crtdll:msvcrt.dll
 0004:00000340       __imp__free                10036340   crtdll:msvcrt.dll
 0004:00000344       __imp___itoa               10036344   crtdll:msvcrt.dll
 0004:00000348       __imp__stricmp             10036348   crtdll:msvcrt.dll
 0004:00000348       __imp___stricmp            10036348   crtdll:msvcrt.dll
 0004:0000034c       __imp__wcsrchr             1003634c   crtdll:msvcrt.dll
 0004:00000350       __imp__remove              10036350   crtdll:msvcrt.dll
 0004:00000354       __imp__wcstoul             10036354   crtdll:msvcrt.dll
 0004:00000358       __imp__wcscat              10036358   crtdll:msvcrt.dll
 0004:0000035c       __imp__memmove             1003635c   crtdll:msvcrt.dll
 0004:00000360       __imp__strrchr             10036360   crtdll:msvcrt.dll
 0004:00000364       __imp__strchr              10036364   crtdll:msvcrt.dll
 0004:00000368       __imp__atoi                10036368   crtdll:msvcrt.dll
 0004:0000036c       __imp___ultoa              1003636c   crtdll:msvcrt.dll
 0004:00000370       __imp___stat               10036370   crtdll:msvcrt.dll
 0004:00000374       __imp__wcsncmp             10036374   crtdll:msvcrt.dll
 0004:00000378       __imp__malloc              10036378   crtdll:msvcrt.dll
 0004:0000037c       __imp__wcsncpy             1003637c   crtdll:msvcrt.dll
 0004:00000380       __imp__modf                10036380   crtdll:msvcrt.dll
 0004:00000384       __imp___errno              10036384   crtdll:msvcrt.dll
 0004:00000388       __imp____p__pctype         10036388   crtdll:msvcrt.dll
 0004:0000038c       __imp____p___mb_cur_max    1003638c   crtdll:msvcrt.dll
 0004:00000390       __imp___isctype            10036390   crtdll:msvcrt.dll
 0004:00000394       __imp__wcscmp              10036394   crtdll:msvcrt.dll
 0004:00000398       __imp__wcscpy              10036398   crtdll:msvcrt.dll
 0004:0000039c       __imp__wcschr              1003639c   crtdll:msvcrt.dll
 0004:000003a0       __imp__wcstod              100363a0   crtdll:msvcrt.dll
 0004:000003a4       __imp__floor               100363a4   crtdll:msvcrt.dll
 0004:000003a8       __imp___ftol               100363a8   crtdll:msvcrt.dll
 0004:000003ac       __imp__strtoul             100363ac   crtdll:msvcrt.dll
 0004:000003b0       __imp___purecall           100363b0   crtdll:msvcrt.dll
 0004:000003b4       __imp__wcslen              100363b4   crtdll:msvcrt.dll
 0004:000003b8       __imp___global_unwind2     100363b8   crtdll:msvcrt.dll
 0004:000003bc       __imp__towlower            100363bc   crtdll:msvcrt.dll
 0004:000003c0       __imp__wcsicmp             100363c0   crtdll:msvcrt.dll
 0004:000003c0       __imp___wcsicmp            100363c0   crtdll:msvcrt.dll
 0004:000003c4       \177msvcrt_NULL_THUNK_DATA 100363c4   crtdll:msvcrt.dll
 0004:000003c8       __imp__WriteClassStg@8     100363c8   ole32:ole32.dll
 0004:000003cc       __imp__WriteFmtUserTypeStg@12 100363cc   ole32:ole32.dll
 0004:000003d0       __imp__ReadClassStg@8      100363d0   ole32:ole32.dll
 0004:000003d4       __imp__StringFromGUID2@12  100363d4   ole32:ole32.dll
 0004:000003d8       __imp__CreateBindCtx@8     100363d8   ole32:ole32.dll
 0004:000003dc       __imp__MkParseDisplayName@16 100363dc   ole32:ole32.dll
 0004:000003e0       __imp__CoCreateInstance@20 100363e0   ole32:ole32.dll
 0004:000003e4       __imp__StringFromCLSID@8   100363e4   ole32:ole32.dll
 0004:000003e8       __imp__CreateFileMoniker@8 100363e8   ole32:ole32.dll
 0004:000003ec       __imp__GetRunningObjectTable@8 100363ec   ole32:ole32.dll
 0004:000003f0       __imp__CoGetMalloc@8       100363f0   ole32:ole32.dll
 0004:000003f4       __imp__CoUnmarshalInterface@12 100363f4   ole32:ole32.dll
 0004:000003f8       __imp__CoMarshalInterface@24 100363f8   ole32:ole32.dll
 0004:000003fc       __imp__CoUnmarshalHresult@8 100363fc   ole32:ole32.dll
 0004:00000400       __imp__CoMarshalHresult@8  10036400   ole32:ole32.dll
 0004:00000404       __imp__CoSetState@4        10036404   ole32:ole32.dll
 0004:00000408       \177ole32_NULL_THUNK_DATA  10036408   ole32:ole32.dll

 entry point at        0001:0002eae0

 Static symbols

 0001:00024813       _$E35                      10025813 f oautil.obj
 0001:00024818       _$E34                      10025818 f oautil.obj
 0001:00024878       _$E38                      10025878 f oautil.obj
 0001:0002487d       _$E37                      1002587d f oautil.obj
 0001:00024490       ?SkipVolumeName@@YAPAGPAG@Z 10025490 f clutil.obj
 0001:000244de       ?StripDirsFromEnd@@YAPAGPAGI@Z 100254de f clutil.obj
 0001:0001eb95       ?FFullyQualified@@YAHPBG@Z 1001fb95 f gtlibole.obj
 0001:0001f41e       ?RegisterPathAndAlias@@YAJPAUHKEY__@@PAG@Z 1002041e f gtlibole.obj
 0001:00017440       ?CreateActiveObjectMoniker@@YGJABU_GUID@@PAPAUIMoniker@@@Z 10018440 f getobj.obj
 0001:00015070       ?ConvI4FromR8@@YGJPAN@Z    10016070 f convertt.obj
 0001:00015db0       ?NegCyNoOflo@@YGXPATtagCY@@@Z 10016db0 f convertt.obj
 0001:00016440       ?FixNegativeCyStr@@YGHPAGGPAH@Z 10017440 f convertt.obj
 0001:00016590       ?fStripCurrency@@YGHPAPAG0PAG@Z 10017590 f convertt.obj
 0001:000165d0       ?fParseBegin@@YGHPAPAGPAG1@Z 100175d0 f convertt.obj
 0001:00016630       ?fParseEnd@@YGHPAPAGPAG1@Z 10017630 f convertt.obj
 0001:000166b0       ?StrToCy@@YGJPAGPAPAGHPATtagCY@@KK@Z 100176b0 f convertt.obj
 0001:00016af0       ?AddCyNoOflo@@YGXPATtagCY@@0@Z 10017af0 f convertt.obj
 0001:00016b30       ?StrToLong@@YGJPAGPAPAG@Z  10017b30 f convertt.obj
 0001:00016c20       ?HexOctStrToLong@@YGJPAGPAPAG@Z 10017c20 f convertt.obj
 0001:00016ca0       ?StrToHex@@YGKPAGPAPAG@Z   10017ca0 f convertt.obj
 0001:00016d40       ?StrToOct@@YGKPAGPAPAG@Z   10017d40 f convertt.obj
 0001:00016dd0       ?GetDispProperty@@YGJPAUIDispatch@@KGPAUtagVARIANT@@@Z 10017dd0 f convertt.obj
 0001:00013ca0       ?ExtractValueProperty@@YGJPAUIDispatch@@KPAUtagVARIANT@@@Z 10014ca0 f variant.obj
 0001:0001340d       _$$$00013@0                1001440d f oleconva.obj
 0001:00010840       _GetDateInfo@12            10011840 f bstrdate.obj
 0001:00010c50       _ddlex@16                  10011c50 f bstrdate.obj
 0001:000110b0       _MonthNumOfMonthName@8     100120b0 f bstrdate.obj
 0001:00011170       _IsImperialEra@12          10012170 f bstrdate.obj
 0001:000114d0       _IsRepublicEra@12          100124d0 f bstrdate.obj
 0001:000118c0       _IsDBCSAmPm@12             100128c0 f bstrdate.obj
 0001:00011c30       _ddsep@12                  10012c30 f bstrdate.obj
 0001:00012350       _DayOfNN@12                10013350 f bstrdate.obj
 0001:000125a0       _LEGAL_DAY@12              100135a0 f bstrdate.obj
 0001:00012630       _DayOfNNN@12               10013630 f bstrdate.obj
 0001:00012840       _DayOfMN@12                10013840 f bstrdate.obj
 0001:000128a0       _DayOfMNN@12               100138a0 f bstrdate.obj
 0001:000129a0       _AdjustTime@8              100139a0 f bstrdate.obj
 0001:000129e0       _AdjustUDSTime@12          100139e0 f bstrdate.obj
 0001:00012a30       _AdjustUDSDate@12          10013a30 f bstrdate.obj
 0001:00012bf0       _RenderDate@16             10013bf0 f bstrdate.obj
 0001:00012e60       _GetImperialEra@8          10013e60 f bstrdate.obj
 0001:00012f40       _RenderTime@12             10013f40 f bstrdate.obj
 0001:00013060       _AppendAmPm@16             10014060 f bstrdate.obj
 0001:0000da80       ?InvkindOfDispkind@@YGJGPAW4tagINVOKEKIND@@@Z 1000ea80 f cdispti.obj
 0001:0000c34f       _$$$00003                  1000d34f f invoke.obj
 0001:00007100       ?HrDupBstr@@YAJPAGPAPAG@Z  10008100 f errinfo.obj
 0001:00004630       ?DispatchNext@@YGJPAUIEnumVARIANT@@PAUIStream@@@Z 10005630 f evstub.obj
 0001:00004790       ?DispatchSkip@@YGJPAUIEnumVARIANT@@PAUIStream@@@Z 10005790 f evstub.obj
 0001:000047f0       ?DispatchReset@@YGJPAUIEnumVARIANT@@PAUIStream@@@Z 100057f0 f evstub.obj
 0001:00004820       ?DispatchClone@@YGJPAUIEnumVARIANT@@PAUIStream@@@Z 10005820 f evstub.obj
 0001:00003c80       ?DispatchGetSysKind@@YGJPAUIStream@@@Z 10004c80 f dispstub.obj
 0001:00001820       ?SafeArrayWrite@@YAJPAUIStream@@PAUtagSAFEARRAY@@W4tagSYSKIND@@@Z 10002820 f dispmrsh.obj
 0001:00001a40       ?SafeArrayRead@@YAJPAUIStream@@PAPAUtagSAFEARRAY@@W4tagSYSKIND@@@Z 10002a40 f dispmrsh.obj
 0001:00001b90       ?SafeArrayReadData@@YAJPAUIStream@@PAUtagSAFEARRAY@@W4tagSYSKIND@@@Z 10002b90 f dispmrsh.obj
 0001:00001d30       ?SafeArrayReadExisting@@YGJPAUIStream@@EPAPAUtagSAFEARRAY@@W4tagSYSKIND@@@Z 10002d30 f dispmrsh.obj
 0001:0002ed88       __unwind_handler           1002fd88 f crtdll:exsup.obj

FIXUPS: 2fd65 fffffcf3 103 1e 28 fffd382c e ffffdcde c6 48 26 26 26 26
FIXUPS: 1273 2a 2f 10e 20 23 23 20 10 27 25 e5 15 58 fffffa2b 5 3c 5 23
FIXUPS: 2fcf3 d 11 2f fffd2bd0 15 2a 40 3b 34 33 77 9a 18 15 2e 15 2c c
FIXUPS: 2c2a 1a 52 44 3d 72 79 12a 40 14 26 f5 1b 153 19 123 6 ffffedd5
FIXUPS: 2136 4f 88 e 19 36 34 13 3d f9 14 14 58 14 14 63 db 17 17 17 a
FIXUPS: 2626 93 4d 1b 1b 15 72 c a a fffff0b5 34 1e 28 26 22e 2a 16 e 13
FIXUPS: 1bee 39 18 10 15 25 177 34 17 f 14 3e 17 f 14 12 31 141 31 34 c
FIXUPS: 20f4 17b1 1b 8b 1b 3c 63 26 1b 79 21 3f 8c 1b 11b 4c a7 85 36 1b
FIXUPS: 3fb2 65 22 5b 33 39 21 88 ffffd584 56 25 3a a2 31cb 15 44 15 13
FIXUPS: 4ae4 9 9 2a d 27 1c d 2e 1f 3c f f f b 13 6 ffffe8ae 9 9 40 8 7
FIXUPS: 3573 1d 148 6 1bb0 3e 47 1b 41 1f ffffee7a 11 e ee 6 a8 a1 1e ac
FIXUPS: 4549 72 30 20 55 50 13 d 4b c8 27 43 40 4b 6a 2e b0 b6a 3c c c
FIXUPS: 55ea 13 6 77 2f 3a 5a 2d 10 54 3d 38 1a fffff4e8 9 9 1c 18 11e
FIXUPS: 4eaf 1a7 1b 86 57 65 1b 55 50 196d 16 4c 22 f 47 2b 60 93 44 dc
FIXUPS: 6f12 36 1a 37 29 52 1e 3a 3b 31 3f 32 3c 1f f ffffe225 b e d4 6
FIXUPS: 556b 107b 1a 45 1b ab 5c 21 10 13 2b 4d 1b 58 21 73 1b 59 1d 5a
FIXUPS: 6a30 42 3c 38 43 8 1d 35 e c 6 23 14 fffff195 21 45 1b 88 2f 1c
FIXUPS: 5f15 1b 88 2f 1c 54 1b ac 84 46 4b 1b 5d 78 1b 5d a6 1b 87 5c 1b
FIXUPS: 6575 15 a 38 159e 1b 1b 20 a a b7 5a 1b 20 a 5f 24 66 24 4d 37
FIXUPS: 7ee9 ffffda0c 9 9 1c 18 11e 6 196 1b 65 2f 1c 53 1b 168c 3c 9 9
FIXUPS: 7411 9 9 9 9 9 9 9 9 10 13 6 f5 3d 5c 1e 86 43 91 43 8f 4b 77 36
FIXUPS: 7962 5c 70 da 1849 1b ffffec19 9 9 c e e4 6 53 2b a 4b 20 6f 11
FIXUPS: 822d 11 1f 11 39 60 52 4d 10 10 ffffee42 b e d4 6 a0 1845 42 18
FIXUPS: 8c51 e 54 1b 41 21 55 1b 110 51 25 21 67 11 11 4d 1b 57 17 24 40
FIXUPS: 9147 1b 98 1b 2c 5d 5a 22 a3e 7e 25 1b 47 7c 22 32 d ffffe62b 9
FIXUPS: 8577 1c 18 ee 6 ae e2 1b 83 46 1b 60 21 44 1b 60 75 1b 58 21 4e
FIXUPS: 96eb 1f 3c 9 9 9 9 9 9 9 9 9 13 6 118 1e 6f 73 1e 57 19 56 1e 137
FIXUPS: 9c47 21 21 f a a 49 32 3f2 6 ae f7 1b 72 23 2d 6f 1f 1c 11 1c 18
FIXUPS: a4b4 16 a a 57 1b 57 17 24 21 46 48 1b ffffeeac b e d4 6 3076 d6
FIXUPS: c881 ffffded7 b e d4 6 a0 1f 3c 9 9 13 6 c9 45 5c 18 16 18 1a 62
FIXUPS: ac0e 3f 1e 1d fffff35d 9 9 1c 18 1b1f 13 c c 13 6 216 5c 21 31
FIXUPS: be7c 28 2b 1e 25 1e 1e 80 14 28 28 102 11 34 3c f0 5f 2c 63 45
FIXUPS: c458 13b ffffea44 49 6 ac 5e f8 6 39 59 20 117 20 ba 57 1e 2c 163
FIXUPS: b70f 34 2d 2a 3b 21 d2 11 e ee 6 8c 22 97 15 360f 55 88 78 a7 5d
FIXUPS: f3a9 10 10 9 22 1b 8b 6c 14 9 fffff1ef ffffe832 21 fffffbcd 6 338
FIXUPS: c952 2a 3a 40 ffffe3d4 d1 23 1b 13 b2 39ee 2d 2d 10 9 13f 3f 33
FIXUPS: ebfe ee 13 26 93 13 30 99 38 38 10 12 3c 57 1c 3f 5c 12 35 39 19
FIXUPS: f122 10 9 1872 2b 36 1c 26 12 67 2b ffffef68 3b 8a 25 32 181 32
FIXUPS: fd57 7 65 fffffb7c 76 fffffbf0 19 3d e 117 d6 54 ffffeedf e 4e
FIXUPS: e85f 15 17a3 50 10 98 6e 57 15 39 6b 39 19 66 37 2b cc 82 5e 16
FIXUPS: 1057f 16 37 bf 21 28 12 c 12 143 1f a8 1c 26 303e ce 61 25 36 55
FIXUPS: 13bb8 1b 9d 40 ab 28 31 c0 27 41 99 73 4d bf 17 49 17 ffffd081
FIXUPS: 11200 34 fffffd3c 2c f ffffeec5 5e 2c 368b bc 39 11 1f 11 1f 11
FIXUPS: 13712 11 1f 11 1f 11 27 11 1f 11 1f 11 29 14 11 1c 53 11 1b 19
FIXUPS: 1392e 1b 19 11 fffff573 34 17 125 69 69 69 69 66 35 17 13 1c 17
FIXUPS: 1335e 38 11 1f 11 25 25 27 11 1f 11 25 25 27 11 1f 11 25 fffff1ac
FIXUPS: 12723 13 2c 25 60 17 5a 115 96 5c a5 86 58 71 10 17 2e 1b 17 51
FIXUPS: 12d4e 2d 30 39 29 20 2a 21 17 1f 1d ffffef11 18 36 24 13e 15 35
FIXUPS: 11ffc 1e c7 14 27 18 dc 55 1b 52 17 13 1c 2c 25 7f 17 5a 98 5f
FIXUPS: 12577 25 ae 55 1b ffffed75 1e9 d7 13 37 19 34 cd 1d 2b 1c 39 20
FIXUPS: 11922 1c 1d 2a 24 12e 5f 86 cc 1c 22 14 1a a 14 22 24 1c 50 325c
FIXUPS: 15038 52 16 16 11 12 13 32 31 16 15 15 19 19 19 1f e9 13 49 b b
FIXUPS: 15363 f 10 13 32 ffffbee1 31 46 6b 27 3634 a5 24 17 54 78 2d 20
FIXUPS: 14bf0 12 181 e 12 12 13 18 44 12 12 13 18 59 12 13 18 69 13 18
FIXUPS: 14fdf e e 12 2290 1d 81 25 95 30 180 e 1db 190 4a 85 2a 25 19 13
FIXUPS: 17a7a 1d7 29 1e4 ffffc884 b 30 15 9a 20 22 50 5a 14 37 9d 20c1
FIXUPS: 16a82 14 46 19 2d 6b c a 33 42 4d 1c a 3d 3b 104 1a f 41 1f f 43
FIXUPS: 16f89 21 e2 50 63 3e 97 28 30 fffff225 5f c2 a e 2b 38 32 2c 2b
FIXUPS: 166f6 35 38 f 53 20 38 1e 20 20 20 25 1b 22 14 28 34 17 12 20 e
FIXUPS: 16a32 fffff30f 8 e 2e 56 25 38 28 20 33 18 8e 7 85 1a 1a e 2e 40
FIXUPS: 1615b 85 20 28 18 25 76 55 5c 14 8f 1b 26 1beb f 78 a af 4f 50
FIXUPS: 18244 ffffd473 79 100 66 10 a6 35 e 26 76 3d 2b 13 1a 38 13 2a
FIXUPS: 15bbb 3d 28 20 54 10 66 2882 11 16 6 24 c 6 d 6a 1c 27 21d 4f 13
FIXUPS: 18980 1d cd 2c c b 26 10 24 11 14 12 c fffff9fe d fffffe88 9f 73
FIXUPS: 198b6 45 fffff6d7 15d e4 fffffb1d 17 b 11 6 1e 21 57 2b 3b c b
FIXUPS: 18e90 1e 31 12 35 e 32 fffffccf 30 41 fffffecb f 34 8 fffff9b5
FIXUPS: 1c6c8 23 c9 35 9e 3e 2e d 13 ca d 5b a a ffffcf0a cc fffffa60 29
FIXUPS: 194d7 a5 70 7e 46 6e 6d 2e f 11 46 b 39 24 27c5 26 26 1d 10 f 1c
FIXUPS: 1c10a 2e 34 e 5b 32 22 a8 f e 1d 2d 2f f 26 43 2d 1c 41 47 11 16
FIXUPS: 1c4ed ce 9d fffff586 b 8 12 31 18 1d d 2d e 26 33 38 1b 15 d 2d
FIXUPS: 1bdba 29 33 3e 1b 18 17 33 e 85 14 18 49 2a 33 fffff543 8 32 14
FIXUPS: 1b5e4 21 21 27 42 1b 35 3f 15 a 40 3d 59 13 31 13d 18 2d 8 48 6
FIXUPS: 1bb02 12 6f c c 2f e fffff165 6c 5f 45 3b ab 1e 29 13 48 a0 26
FIXUPS: 1b1da 42 11 17 e 8 30 19 15 7a 26 b6 25 43 38 15 a 4a 2c 26 fffff02a
FIXUPS: 1a59c 9 2f f 1b 1a 4c 75 21 4b 1e 41 4a ad 31 3e 3a 1d 51 43 66
FIXUPS: 1aa6e 81 29 2d 5c 55 2b 14 dc 13 fffff0c3 90 6 a 3f 20 1a e 1b
FIXUPS: 19f49 11 6 a 6 28 d 3a 20 14 21 8d 8a 29 149 38 15 8c 4a 32 1f
FIXUPS: 1a50e 2c 3507 ea 156 67 41 d2 2d 58 aa 5d 1d 6b 44 bf 1d c 69 15
FIXUPS: 1e1bf 65 a6 f c 30 6d ffffb89d 45 1e 3a 23 24 c7 3033 15f 5c 189
FIXUPS: 1d18a 18 b bd bc 76 44 11 26 28 b 57 a8 12 9f 4c 2b 66 21 4a 32
FIXUPS: 1d7e5 9 d 3c 1b 1a1 23 1323 7b 5e 31 4a 11 2b ae 4e fffff400 26
FIXUPS: 1e3f2 6 193 2c 7 6 4f 9 49 6 ffffe47e 14 32 34 9 25 20 ca 7e 79
FIXUPS: 1cdb7 198e 14 1a 62 f d 19 10 d 74 2d b 12 1b 49 4d b 26 60 74
FIXUPS: 1eaaf 18 1d a 34 17 2e a8 a0 2a 13 12 425a 6 e 19 f 1d a 67 f 18
FIXUPS: 23059 c 6e 22 7b 28 63 36 36 3c 25 18 15 6 14 a a ffffb3a9 27 a
FIXUPS: 1e713 17 4361 32 11 1e 2b 12 14 2e 12 13 21 38 14 33 1e 10 34 9d
FIXUPS: 22d82 5d 2a 1e 3f 2b 36 9 c b 1e 14 e 1d fffff7d3 43 1b 12 8 2e
FIXUPS: 227c7 c b 2a 1b 12 2c 11 2e 8 38 e f 3f 17 15 16 16 16 15 17 15
FIXUPS: 22a02 17 17 17 fffff5e9 20 73 67 13 27 2c 14 9 30 33 1f 70 1c 1c
FIXUPS: 22387 a7 23 23 20 21 36 48 20 20 48 33 b7 15 15 16 24 fffff428
FIXUPS: 21b40 1d 18 17 1d 31 22 40 20 1d b 12 57 49 8 27 22 8 19 df f 4b
FIXUPS: 21f33 10 d f b 2a 4b 37 f fffff74a 21 1e 1e 13 1a 2f 49 14 10 d
FIXUPS: 218cf 27 12 8 c 1d 13 88 21 1d 9 15 22 21 12 e 60 6 e 16 6 fffff623
FIXUPS: 2114e 1a 24 f9 19 15 12 d 13 15 1e a 13 17 f e 20 14 f 13 1c 10
FIXUPS: 213fb 50 10 20 1c 12b 1a 2a 15d fffff42b 1b 2c e 8 8 62 2e 24 10
FIXUPS: 20ccc 30 4e 2e 24 e 18 26 11 2b 6e 29 17 50 1a 41 2c 79 14 24 1f
FIXUPS: 21099 fffff5fb b b b b 121 29 95 f f c 23 b b b 8 8 9f 33 e 13
FIXUPS: 20a24 6 14 d 24 d 35 18 23 4a 2d fffff589 13 1b 19 24 15 20 27
FIXUPS: 201e9 d2 10 14 1a 1f 1f 11 55 3c 2c 1e 16 26 5e 61 f 11 10 c f
FIXUPS: 20585 e f9 fffff5b2 21 f 36 22 20 2e 25 f c 24 1b 9 27 27 83 30
FIXUPS: 1feb3 47 64 33 21 18 d 19 13 3d 20 1f 21 c 15 fffff633 17 21 21
FIXUPS: 1f781 25 6e 34 bd 6b 2f 19 13 e 19 60 11 54 18 1f 11 11 19 10 17
FIXUPS: 1fb63 f f 6d 8 1d 1b fffff595 8a 17 19 1a 2d 28 22 64 24 26 19
FIXUPS: 1f3fc 22 18 28 2e 17 2c 31 18 24 3c 48 17 51 2c 17 17 22 17 1f
FIXUPS: 238c5 13 25 28 3b 1e 10 18 12 10 b fffff96c 3e 1a 129 76 54 f4
FIXUPS: 23701 54 6 ffffb89f 1d 25 10 14 7c 14 33 4f 37 d 4e3e 21 21 21
FIXUPS: 24064 1f 61 11 10 1e d e 11 4b 33 11 8 13 8 7 d 28 fffff538 1c
FIXUPS: 237a7 19 14 14 6 23 6 21 1ecd 2c 27 15 1d 10 36 10 18 ffffea71
FIXUPS: 23a1a 8 35 3e 49 d7 2a 16 9d 4f 29 7c 53 93 21 43 5c 15 a 22 22
FIXUPS: 23fbb 121a 69 1e 23 36 17 1c 2c 13 13 1a 68 24 18 e 18 13 1c 16
FIXUPS: 25474 49 12 1a 7e 1d 44 14 1b e 1c 67 5e fffff7a0 11 9 16 9 14
FIXUPS: 24edc 1d 5c 18 10 f 2c 12 1a e 1a b 16 b 1d 19 16 f 16 15 1f 89
FIXUPS: 25173 2a 13 d fffff89f c 29 1e 17 13 2b 18 15 37 4d 17 12 a 62
FIXUPS: 24d23 15 11 36 c 19 1d 29 9 e f c 17 11 8 9 19 b9f e 63 22 ffffe9ea
FIXUPS: 244b7 24 87 24 23 30 4d 66 27 22 18 54 30 19 95 e 22 2a 2b 2b 2f
FIXUPS: 24966 26 29 1b 49 23 1be4 1c 17 1e b6 42 44 15 2e d 23 16 27 19
FIXUPS: 26893 12 7 4d 2c 12 8 10 22 ffffeea3 5b a 9e 13 d 5c 7 16 6f9 14
FIXUPS: 260d1 14 10 10 10 10 10 e 14 1c 13 13 13 13 13 13 13 13 f f f f
FIXUPS: 26256 10 45 db 10c 106 e 6c fffff5e6 50 14 7 87 17 d 22 9 21 31
FIXUPS: 25d9d 2f 1d 8 9 2f 3e 9 12 1b a3 69 35 1a 12 1f 1f 11 14 14 14
FIXUPS: 28a27 1e 43 44 37 15 1c d d 10 c3 3f 13 2f 16 b 35 bc 1ae 36 19
FIXUPS: 28fe9 39 3f 19 38 46 15 34 20 ffffca79 f 2590 d1 3c 4b db 13 bb
FIXUPS: 2848a 1c 57 1e 33 21 26 3c 9f 6e 37 24 13 90 13 2b 1f 1b 56 27
FIXUPS: 288eb 3a 4e 1e 5a ffffeea5 c2 33 2b 19 e 2e 27 2c 19 e 42 11 2c
FIXUPS: 27b0d 34 17 12 c0 41 33 4e e 90 ac aa 2f 12 81 31 13 10e fffff15a
FIXUPS: 27267 81 5f 4e 1d 1c 23 12 11 b 26 21 4c 47 31 11 f 23 21 e 9 e2
FIXUPS: 276d6 20 d 64 44 d 35 47 e 31ae 19 1c 1d bf 18 62 e 17 15 14 2c
FIXUPS: 2ac59 92 7 ffffbd72 c 60 19 11e 44 16 2f a8 88 63 43 54 124 52
FIXUPS: 270bd 172 30d2 3c 9 16 19 be 6f 11 11 1d d d 22 d d 25 c 28 28
FIXUPS: 2a5d4 22 13a af 26 19 12 77 26 19 12 66 54 ffffef86 15 59 15 57
FIXUPS: 29aba 2e 15 109 7 9 6b 13 31 ab a6 88 1e f 95 4e 1d 41 27 2f 46
FIXUPS: 2a0f2 1d d0 30 4a 87 b66 1f 17 21 30 d 1b 37 39 2b 22 33 15 c5
FIXUPS: 2b0ec ffffe1d6 fd 103 1b3 105 21 8 d b 25 e 42 5c 12 12 21 e 1e4a
FIXUPS: 2b738 21 19 1c f 21 18 36 13 13 f f f f d 50 10 10 e 10 e e d 1d
FIXUPS: 2b95c fffff3a6 d b 31 69 85 b60 fffff778 2a 4a 20 f e c 7 5 7 8
FIXUPS: 2b211 17 2d 21 11 32 41 19 12 1d ea 59 33 12 25 c f9 10f 8 5 d3e
FIXUPS: 2c496 36 d f 23 30 99 e fffff40f 11 2c 1a 1a 12 14 d 29 26 39 17
FIXUPS: 2bb57 10 90 9 c1 5c 47 1f 38 d fffffbbe 4d8 32 79 f f 15 16 19
FIXUPS: 2bf8a 23 d e e 84 a 14 d a f 51 d6 3c c 23 12 29 bd 28 1d 39 4a
FIXUPS: 2c407 85e 7d b8 135 20 6b ba 11 d 33 74 35 1f 11 12 e 1d7 f 57
FIXUPS: 2d485 8d 80 a 21 a ffffe815 8 23 8 8 24 14 2198 7 f 21 1e 19 7
FIXUPS: 2e06b 21 1f f 8 d ffffe5d6 4c 36 20 10 d0 d 104 4b 3b 5e 1f 31
FIXUPS: 2ca7e 87 37 58 28 37 c6b 3c 43 20 7 13 1b 25 f 1d 8a 17 21 d3 1d
FIXUPS: 2db3e 91 24 50 32 a7 b5 32 5f 3c 23 2b 17 22 48 3d b 668 1a d ffffefce
FIXUPS: 2d632 f 22 7 14 34 1a 7 f 7 19 19 7 c 24 18 7 f 7 19 f 34 1d 7
FIXUPS: 2d81a 1c d f 105a a 22 15 12 1d fffff7f5 16 b d 7 df 6 71 2c 7
FIXUPS: 2e2eb 31 25 12 27 5c 18 1f 3a 39 40 5e 2a 7 1c 29 b46 1b0 33 17
FIXUPS: 2f366 6 cb 17 f1 14 17 c1 17 27 26 64 6 192 6 ffffeddf 11 c 6a
FIXUPS: 2e728 25 b5 1a e 13 23 1a e 11d 10b 16 e a8 65 6 35 3b 21 2a 16
FIXUPS: 2ecd3 d 67 17 39 68 7f 1c 10 da 19 1d 19 25 20 13 18 15 11 18
