 oleaut32

 Timestamp is 5da85ef3 (Thu Oct 17 20:30:43 2019)

 Preferred load address is 10000000

 Start         Length     Name                   Class
 0001:00000000 0002eeb2H .text                   CODE
 0002:00000000 00000004H .CRT$XCA                DATA
 0002:00000004 00000008H .CRT$XCU                DATA
 0002:0000000c 00000004H .CRT$XCZ                DATA
 0002:00000010 00000004H .CRT$XIA                DATA
 0002:00000014 00000004H .CRT$XIZ                DATA
 0002:00000020 00000eb8H .rdata                  DATA
 0002:00000ee0 00000e9dH .edata                  DATA
 0003:00000000 00003c50H .data                   DATA
 0003:00003c50 00000140H .bss                    DATA
 0004:00000000 00000078H .idata$2                DATA
 0004:00000078 00000014H .idata$3                DATA
 0004:0000008c 000001c0H .idata$4                DATA
 0004:0000024c 000001c0H .idata$5                DATA
 0004:0000040c 00000680H .idata$6                DATA
 0005:00000000 00000058H .rsrc$01                DATA
 0005:00000060 000004e8H .rsrc$02                DATA
 0007:00000000 00000110H .debug$E                DATA
 0007:00000110 000045d0H .debug$F                DATA
 0007:000046e0 00014d60H .debug$G                DATA
 0007:00019440 00000008H .debug$H                DATA
 0007:00019448 00034eacH .debug$P                DATA
 0007:0004e2f4 00099ee7H .debug$S                DATA
 0007:000e81db 000ce9bcH .debug$T                DATA

  Address         Publics by Value              Rva+Base   Lib:Object

 0001:00000000       _DllMain@12                10001000 f oledisp.obj
 0001:000000b0       ?Create@COleAutomationPSFactory@@SAPAUIPSFactoryBuffer@@XZ 100010b0 f psfactry.obj
 0001:000000f0       ?QueryInterface@COleAutomationPSFactory@@UAGJABU_GUID@@PAPAX@Z 100010f0 f psfactry.obj
 0001:00000160       ?AddRef@COleAutomationPSFactory@@UAGKXZ 10001160 f psfactry.obj
 0001:00000170       ?Release@COleAutomationPSFactory@@UAGKXZ 10001170 f psfactry.obj
 0001:00000190       ?CreateProxy@COleAutomationPSFactory@@UAGJPAUIUnknown@@ABU_GUID@@PAPAUIRpcProxyBuffer@@PAPAX@Z 10001190 f psfactry.obj
 0001:00000380       ?CreateStub@COleAutomationPSFactory@@UAGJABU_GUID@@PAUIUnknown@@PAPAUIRpcStubBuffer@@@Z 10001380 f psfactry.obj
 0001:000004e0       ?IsAutomationCLSID@@YAHABU_GUID@@@Z 100014e0 f psfactry.obj
 0001:00000590       _DllGetClassObject@12      10001590 f psfactry.obj
 0001:000005d0       ?ProxyStubCLSIDOfInterface@@YAJABU_GUID@@PAU1@@Z 100015d0 f psfactry.obj
 0001:00000720       ?BstrWrite@@YAJPAUIStream@@PAGW4tagSYSKIND@@@Z 10001720 f dispmrsh.obj
 0001:00000820       ?BstrRead@@YAJPAUIStream@@PAPAGW4tagSYSKIND@@@Z 10001820 f dispmrsh.obj
 0001:00000950       _DispMarshalHresult@8      10001950 f dispmrsh.obj
 0001:000009f0       _DispUnmarshalHresult@8    100019f0 f dispmrsh.obj
 0001:00000ab0       ?VariantWrite@@YAJPAUIStream@@PAUtagVARIANT@@W4tagSYSKIND@@@Z 10001ab0 f dispmrsh.obj
 0001:00000d30       ?VariantRead@@YAJPAUIStream@@PAUtagVARIANT@@1W4tagSYSKIND@@@Z 10001d30 f dispmrsh.obj
 0001:00000fd0       ?VariantReadType@@YAJPAUIStream@@PAUtagVARIANT@@W4tagSYSKIND@@@Z 10001fd0 f dispmrsh.obj
 0001:000013c0       ?ExcepinfoRead@@YAJPAUIStream@@PAUtagEXCEPINFO@@W4tagSYSKIND@@@Z 100023c0 f dispmrsh.obj
 0001:00001430       ?ExcepinfoWrite@@YAJPAUIStream@@PAUtagEXCEPINFO@@W4tagSYSKIND@@@Z 10002430 f dispmrsh.obj
 0001:000014b0       ?MarshalErrorInfo@@YAJPAUIStream@@W4tagSYSKIND@@@Z 100024b0 f dispmrsh.obj
 0001:00001650       ?UnmarshalErrorInfo@@YAJPAUIStream@@W4tagSYSKIND@@@Z 10002650 f dispmrsh.obj
 0001:00001fc0       ?StructWrite@@YAJPAUIStream@@PAUtagFIELDDESC@@PAXW4tagSYSKIND@@@Z 10002fc0 f dispmrsh.obj
 0001:00002140       ?StructRead@@YAJPAUIStream@@PAUtagFIELDDESC@@PAXW4tagSYSKIND@@@Z 10003140 f dispmrsh.obj
 0001:000022a0       ??0CHolder@@QAE@XZ         100032a0 f dispmrsh.obj
 0001:000022c0       ??1CHolder@@QAE@XZ         100032c0 f dispmrsh.obj
 0001:000022e0       ?QueryInterface@CHolder@@UAGJABU_GUID@@PAPAX@Z 100032e0 f dispmrsh.obj
 0001:00002320       ?AddRef@CHolder@@UAGKXZ    10003320 f dispmrsh.obj
 0001:00002330       ?Release@CHolder@@UAGKXZ   10003330 f dispmrsh.obj
 0001:00002360       _DispMarshalInterface@12   10003360 f dispmrsh.obj
 0001:00002450       _DispUnmarshalInterface@12 10003450 f dispmrsh.obj
 0001:00002500       ??0CProxDisp@@AAE@PAUIUnknown@@ABU_GUID@@@Z 10003500 f dispprox.obj
 0001:00002550       ??1CProxDisp@@AAE@XZ       10003550 f dispprox.obj
 0001:00002570       ?Create@CProxDisp@@SAPAUIUnknown@@PAU2@ABU_GUID@@@Z 10003570 f dispprox.obj
 0001:000025b0       ??0CPDUnkImpl@@QAE@PAVCProxDisp@@@Z 100035b0 f dispprox.obj
 0001:000025d0       ??1CPDUnkImpl@@QAE@XZ      100035d0 f dispprox.obj
 0001:000025e0       ?QueryInterface@CPDUnkImpl@@UAGJABU_GUID@@PAPAX@Z 100035e0 f dispprox.obj
 0001:000026a0       ?AddRef@CPDUnkImpl@@UAGKXZ 100036a0 f dispprox.obj
 0001:000026c0       ?Release@CPDUnkImpl@@UAGKXZ 100036c0 f dispprox.obj
 0001:000026f0       ??0CPDProxImpl@@QAE@PAVCProxDisp@@@Z 100036f0 f dispprox.obj
 0001:00002710       ??1CPDProxImpl@@QAE@XZ     10003710 f dispprox.obj
 0001:00002740       ?QueryInterface@CPDProxImpl@@UAGJABU_GUID@@PAPAX@Z 10003740 f dispprox.obj
 0001:00002760       ?AddRef@CPDProxImpl@@UAGKXZ 10003760 f dispprox.obj
 0001:00002770       ?Release@CPDProxImpl@@UAGKXZ 10003770 f dispprox.obj
 0001:00002780       ?Connect@CPDProxImpl@@UAGJPAUIRpcChannelBuffer@@@Z 10003780 f dispprox.obj
 0001:000027c0       ?Disconnect@CPDProxImpl@@UAGXXZ 100037c0 f dispprox.obj
 0001:000027f0       ??0CPDDispImpl@@QAE@PAVCProxDisp@@@Z 100037f0 f dispprox.obj
 0001:00002810       ??1CPDDispImpl@@QAE@XZ     10003810 f dispprox.obj
 0001:00002820       ?QueryInterface@CPDDispImpl@@UAGJABU_GUID@@PAPAX@Z 10003820 f dispprox.obj
 0001:00002840       ?AddRef@CPDDispImpl@@UAGKXZ 10003840 f dispprox.obj
 0001:00002860       ?Release@CPDDispImpl@@UAGKXZ 10003860 f dispprox.obj
 0001:00002880       ?SysKind@CPDDispImpl@@UAGJXZ 10003880 f dispprox.obj
 0001:00002930       ?ProxyGetTypeInfoCount@@YAJPAUIRpcChannelBuffer@@W4tagSYSKIND@@PAI@Z 10003930 f dispprox.obj
 0001:000029f0       ?GetTypeInfoCount@CPDDispImpl@@UAGJPAI@Z 100039f0 f dispprox.obj
 0001:00002a10       ?ProxyGetTypeInfo@@YAJPAUIRpcChannelBuffer@@W4tagSYSKIND@@IKPAPAUITypeInfo@@@Z 10003a10 f dispprox.obj
 0001:00002b00       ?GetTypeInfo@CPDDispImpl@@UAGJIKPAPAUITypeInfo@@@Z 10003b00 f dispprox.obj
 0001:00002b30       ?ProxyGetIDsOfNames@@YAJPAUIRpcChannelBuffer@@W4tagSYSKIND@@ABU_GUID@@PAPAGIKPAJ@Z 10003b30 f dispprox.obj
 0001:00002e30       ?GetIDsOfNames@CPDDispImpl@@UAGJABU_GUID@@PAPAGIKPAJ@Z 10003e30 f dispprox.obj
 0001:00002e70       ?ProxyInvoke@@YAJPAUIRpcChannelBuffer@@W4tagSYSKIND@@JABU_GUID@@KGPAUtagDISPPARAMS@@PAUtagVARIANT@@PAUtagEXCEPINFO@@PAI@Z 10003e70 f dispprox.obj
 0001:00003170       ?Invoke@CPDDispImpl@@UAGJJABU_GUID@@KGPAUtagDISPPARAMS@@PAUtagVARIANT@@PAUtagEXCEPINFO@@PAI@Z 10004170 f dispprox.obj
 0001:000031c0       ??0CStubDisp@@AAE@XZ       100041c0 f dispstub.obj
 0001:00003200       ??1CStubDisp@@AAE@XZ       10004200 f dispstub.obj
 0001:00003210       ?Create@CStubDisp@@SAJPAUIUnknown@@ABU_GUID@@PAPAUIRpcStubBuffer@@@Z 10004210 f dispstub.obj
 0001:00003280       ?QueryInterface@CStubDisp@@UAGJABU_GUID@@PAPAX@Z 10004280 f dispstub.obj
 0001:000032f0       ?AddRef@CStubDisp@@UAGKXZ  100042f0 f dispstub.obj
 0001:00003300       ?Release@CStubDisp@@UAGKXZ 10004300 f dispstub.obj
 0001:00003330       ?Connect@CStubDisp@@UAGJPAUIUnknown@@@Z 10004330 f dispstub.obj
 0001:00003360       ?Disconnect@CStubDisp@@UAGXXZ 10004360 f dispstub.obj
 0001:000033a0       ?StubGetTypeInfoCount@@YAJPAUIDispatch@@PAUIStream@@@Z 100043a0 f dispstub.obj
 0001:00003400       ?StubGetTypeInfo@@YAJPAUIDispatch@@PAUIStream@@@Z 10004400 f dispstub.obj
 0001:000034a0       ?StubGetIDsOfNames@@YAJPAUIDispatch@@PAUIStream@@@Z 100044a0 f dispstub.obj
 0001:00003760       ?StubInvoke@@YAJPAUIDispatch@@PAUIStream@@@Z 10004760 f dispstub.obj
 0001:00003b90       ?Invoke@CStubDisp@@UAGJPAUtagRPCOLEMESSAGE@@PAUIRpcChannelBuffer@@@Z 10004b90 f dispstub.obj
 0001:00003cc0       ?IsIIDSupported@CStubDisp@@UAGPAUIRpcStubBuffer@@ABU_GUID@@@Z 10004cc0 f dispstub.obj
 0001:00003cf0       ?CountRefs@CStubDisp@@UAGKXZ 10004cf0 f dispstub.obj
 0001:00003d10       ?DebugServerQueryInterface@CStubDisp@@UAGJPAPAX@Z 10004d10 f dispstub.obj
 0001:00003d30       ?DebugServerRelease@CStubDisp@@UAGXPAX@Z 10004d30 f dispstub.obj
 0001:00003d40       ??0CProxEnumVARIANT@@AAE@PAUIUnknown@@@Z 10004d40 f evprox.obj
 0001:00003d70       ?Create@CProxEnumVARIANT@@SAPAUIUnknown@@PAU2@@Z 10004d70 f evprox.obj
 0001:00003da0       ??0CPEVUnkImpl@@QAE@PAVCProxEnumVARIANT@@@Z 10004da0 f evprox.obj
 0001:00003dc0       ?QueryInterface@CPEVUnkImpl@@UAGJABU_GUID@@PAPAX@Z 10004dc0 f evprox.obj
 0001:00003e70       ?AddRef@CPEVUnkImpl@@UAGKXZ 10004e70 f evprox.obj
 0001:00003e90       ?Release@CPEVUnkImpl@@UAGKXZ 10004e90 f evprox.obj
 0001:00003ec0       ??0CPEVProxImpl@@QAE@PAVCProxEnumVARIANT@@@Z 10004ec0 f evprox.obj
 0001:00003ee0       ??1CPEVProxImpl@@QAE@XZ    10004ee0 f evprox.obj
 0001:00003f00       ?QueryInterface@CPEVProxImpl@@UAGJABU_GUID@@PAPAX@Z 10004f00 f evprox.obj
 0001:00003f20       ?AddRef@CPEVProxImpl@@UAGKXZ 10004f20 f evprox.obj
 0001:00003f30       ?Release@CPEVProxImpl@@UAGKXZ 10004f30 f evprox.obj
 0001:00003f40       ?Connect@CPEVProxImpl@@UAGJPAUIRpcChannelBuffer@@@Z 10004f40 f evprox.obj
 0001:00003f70       ?Disconnect@CPEVProxImpl@@UAGXXZ 10004f70 f evprox.obj
 0001:00003fa0       ??0CPEVEnumVARIANTImpl@@QAE@PAVCProxEnumVARIANT@@@Z 10004fa0 f evprox.obj
 0001:00003fc0       ?QueryInterface@CPEVEnumVARIANTImpl@@UAGJABU_GUID@@PAPAX@Z 10004fc0 f evprox.obj
 0001:00003fe0       ?AddRef@CPEVEnumVARIANTImpl@@UAGKXZ 10004fe0 f evprox.obj
 0001:00004000       ?Release@CPEVEnumVARIANTImpl@@UAGKXZ 10005000 f evprox.obj
 0001:00004020       ?Next@CPEVEnumVARIANTImpl@@UAGJKPAUtagVARIANT@@PAK@Z 10005020 f evprox.obj
 0001:00004190       ?Skip@CPEVEnumVARIANTImpl@@UAGJK@Z 10005190 f evprox.obj
 0001:00004250       ?Reset@CPEVEnumVARIANTImpl@@UAGJXZ 10005250 f evprox.obj
 0001:000042f0       ?Clone@CPEVEnumVARIANTImpl@@UAGJPAPAUIEnumVARIANT@@@Z 100052f0 f evprox.obj
 0001:000043b0       ??0CStubEnumVARIANT@@AAE@XZ 100053b0 f evstub.obj
 0001:000043d0       ??1CStubEnumVARIANT@@AAE@XZ 100053d0 f evstub.obj
 0001:000043e0       ?Create@CStubEnumVARIANT@@SAJPAUIUnknown@@PAPAUIRpcStubBuffer@@@Z 100053e0 f evstub.obj
 0001:00004430       ?QueryInterface@CStubEnumVARIANT@@UAGJABU_GUID@@PAPAX@Z 10005430 f evstub.obj
 0001:000044a0       ?AddRef@CStubEnumVARIANT@@UAGKXZ 100054a0 f evstub.obj
 0001:000044b0       ?Release@CStubEnumVARIANT@@UAGKXZ 100054b0 f evstub.obj
 0001:000044e0       ?Connect@CStubEnumVARIANT@@UAGJPAUIUnknown@@@Z 100054e0 f evstub.obj
 0001:00004510       ?Disconnect@CStubEnumVARIANT@@UAGXXZ 10005510 f evstub.obj
 0001:00004550       ?Invoke@CStubEnumVARIANT@@UAGJPAUtagRPCOLEMESSAGE@@PAUIRpcChannelBuffer@@@Z 10005550 f evstub.obj
 0001:00004870       ?IsIIDSupported@CStubEnumVARIANT@@UAGPAUIRpcStubBuffer@@ABU_GUID@@@Z 10005870 f evstub.obj
 0001:000048a0       ?CountRefs@CStubEnumVARIANT@@UAGKXZ 100058a0 f evstub.obj
 0001:000048c0       ?DebugServerQueryInterface@CStubEnumVARIANT@@UAGJPAPAX@Z 100058c0 f evstub.obj
 0001:000048e0       ?DebugServerRelease@CStubEnumVARIANT@@UAGXPAX@Z 100058e0 f evstub.obj
 0001:000048f0       ??0CProxTypeInfo@@AAE@PAUIUnknown@@@Z 100058f0 f tiprox.obj
 0001:00004920       ?Create@CProxTypeInfo@@SAPAUIUnknown@@PAU2@@Z 10005920 f tiprox.obj
 0001:00004950       ??0CPTIUnkImpl@@QAE@PAVCProxTypeInfo@@@Z 10005950 f tiprox.obj
 0001:00004970       ?QueryInterface@CPTIUnkImpl@@UAGJABU_GUID@@PAPAX@Z 10005970 f tiprox.obj
 0001:00004a20       ?AddRef@CPTIUnkImpl@@UAGKXZ 10005a20 f tiprox.obj
 0001:00004a40       ?Release@CPTIUnkImpl@@UAGKXZ 10005a40 f tiprox.obj
 0001:00004a70       ??0CPTIProxImpl@@QAE@PAVCProxTypeInfo@@@Z 10005a70 f tiprox.obj
 0001:00004a90       ??1CPTIProxImpl@@QAE@XZ    10005a90 f tiprox.obj
 0001:00004ab0       ?QueryInterface@CPTIProxImpl@@UAGJABU_GUID@@PAPAX@Z 10005ab0 f tiprox.obj
 0001:00004ad0       ?AddRef@CPTIProxImpl@@UAGKXZ 10005ad0 f tiprox.obj
 0001:00004ae0       ?Release@CPTIProxImpl@@UAGKXZ 10005ae0 f tiprox.obj
 0001:00004af0       ?Connect@CPTIProxImpl@@UAGJPAUIRpcChannelBuffer@@@Z 10005af0 f tiprox.obj
 0001:00004b20       ?Disconnect@CPTIProxImpl@@UAGXXZ 10005b20 f tiprox.obj
 0001:00004b50       ??0CPTITypeInfoImpl@@QAE@PAVCProxTypeInfo@@@Z 10005b50 f tiprox.obj
 0001:00004b70       ?QueryInterface@CPTITypeInfoImpl@@UAGJABU_GUID@@PAPAX@Z 10005b70 f tiprox.obj
 0001:00004b90       ?AddRef@CPTITypeInfoImpl@@UAGKXZ 10005b90 f tiprox.obj
 0001:00004bb0       ?Release@CPTITypeInfoImpl@@UAGKXZ 10005bb0 f tiprox.obj
 0001:00004bd0       ?GetTypeAttr@CPTITypeInfoImpl@@UAGJPAPAUtagTYPEATTR@@@Z 10005bd0 f tiprox.obj
 0001:00004cf0       ?GetTypeComp@CPTITypeInfoImpl@@UAGJPAPAUITypeComp@@@Z 10005cf0 f tiprox.obj
 0001:00004db0       ?GetFuncDesc@CPTITypeInfoImpl@@UAGJIPAPAUtagFUNCDESC@@@Z 10005db0 f tiprox.obj
 0001:00004ef0       ?GetVarDesc@CPTITypeInfoImpl@@UAGJIPAPAUtagVARDESC@@@Z 10005ef0 f tiprox.obj
 0001:00005030       ?GetNames@CPTITypeInfoImpl@@UAGJJPAPAGIPAI@Z 10006030 f tiprox.obj
 0001:00005210       ?GetRefTypeOfImplType@CPTITypeInfoImpl@@UAGJIPAK@Z 10006210 f tiprox.obj
 0001:00005300       ?GetImplTypeFlags@CPTITypeInfoImpl@@UAGJIPAH@Z 10006300 f tiprox.obj
 0001:000053f0       ?GetIDsOfNames@CPTITypeInfoImpl@@UAGJPAPAGIPAJ@Z 100063f0 f tiprox.obj
 0001:00005400       ?Invoke@CPTITypeInfoImpl@@UAGJPAXJGPAUtagDISPPARAMS@@PAUtagVARIANT@@PAUtagEXCEPINFO@@PAI@Z 10006400 f tiprox.obj
 0001:00005410       ?GetDocumentation@CPTITypeInfoImpl@@UAGJJPAPAG0PAK0@Z 10006410 f tiprox.obj
 0001:00005620       ?GetDllEntry@CPTITypeInfoImpl@@UAGJJW4tagINVOKEKIND@@PAPAG1PAG@Z 10006620 f tiprox.obj
 0001:00005800       ?GetRefTypeInfo@CPTITypeInfoImpl@@UAGJKPAPAUITypeInfo@@@Z 10006800 f tiprox.obj
 0001:000058e0       ?AddressOfMember@CPTITypeInfoImpl@@UAGJJW4tagINVOKEKIND@@PAPAX@Z 100068e0 f tiprox.obj
 0001:000058f0       ?CreateInstance@CPTITypeInfoImpl@@UAGJPAUIUnknown@@ABU_GUID@@PAPAX@Z 100068f0 f tiprox.obj
 0001:000059e0       ?GetMops@CPTITypeInfoImpl@@UAGJJPAPAG@Z 100069e0 f tiprox.obj
 0001:000059f0       ?GetContainingTypeLib@CPTITypeInfoImpl@@UAGJPAPAUITypeLib@@PAI@Z 100069f0 f tiprox.obj
 0001:00005ae0       ?ReleaseTypeAttr@CPTITypeInfoImpl@@UAGXPAUtagTYPEATTR@@@Z 10006ae0 f tiprox.obj
 0001:00005af0       ?DoReleaseDanglingTypeDesc@@YGXPAUtagTYPEDESC@@@Z 10006af0 f tiprox.obj
 0001:00005b60       ?DoReleaseFuncDesc@@YGXPAUtagFUNCDESC@@@Z 10006b60 f tiprox.obj
 0001:00005bc0       ?ReleaseFuncDesc@CPTITypeInfoImpl@@UAGXPAUtagFUNCDESC@@@Z 10006bc0 f tiprox.obj
 0001:00005bd0       ?DoReleaseVarDesc@@YGXPAUtagVARDESC@@@Z 10006bd0 f tiprox.obj
 0001:00005bf0       ?ReleaseVarDesc@CPTITypeInfoImpl@@UAGXPAUtagVARDESC@@@Z 10006bf0 f tiprox.obj
 0001:00005c00       _TypedescRead              10006c00 f tiprox.obj
 0001:00005d90       ?TypedescWrite@@YAJPAUIStream@@PAUtagTYPEDESC@@W4tagSYSKIND@@@Z 10006d90 f tiprox.obj
 0001:00005eb0       _TypedescReadOrWrite       10006eb0 f tiprox.obj
 0001:00005ee0       ?TypeattrWrite@@YGJPAUIStream@@PAUtagTYPEATTR@@W4tagSYSKIND@@@Z 10006ee0 f tiprox.obj
 0001:00005f30       ?TypeattrRead@@YGJPAUIStream@@PAUtagTYPEATTR@@W4tagSYSKIND@@@Z 10006f30 f tiprox.obj
 0001:00005f80       ?FuncdescWrite@@YGJPAUIStream@@PAUtagFUNCDESC@@W4tagSYSKIND@@@Z 10006f80 f tiprox.obj
 0001:00005ff0       ?FuncdescRead@@YGJPAUIStream@@PAUtagFUNCDESC@@W4tagSYSKIND@@@Z 10006ff0 f tiprox.obj
 0001:000060c0       ?VardescWrite@@YGJPAUIStream@@PAUtagVARDESC@@W4tagSYSKIND@@@Z 100070c0 f tiprox.obj
 0001:00006130       ?VardescRead@@YGJPAUIStream@@PAUtagVARDESC@@W4tagSYSKIND@@@Z 10007130 f tiprox.obj
 0001:000061e0       ??0CStubTypeInfo@@AAE@XZ   100071e0 f tistub.obj
 0001:00006200       ??1CStubTypeInfo@@AAE@XZ   10007200 f tistub.obj
 0001:00006210       ?Create@CStubTypeInfo@@SAJPAUIUnknown@@PAPAUIRpcStubBuffer@@@Z 10007210 f tistub.obj
 0001:00006260       ?QueryInterface@CStubTypeInfo@@UAGJABU_GUID@@PAPAX@Z 10007260 f tistub.obj
 0001:000062d0       ?AddRef@CStubTypeInfo@@UAGKXZ 100072d0 f tistub.obj
 0001:000062e0       ?Release@CStubTypeInfo@@UAGKXZ 100072e0 f tistub.obj
 0001:00006310       ?Connect@CStubTypeInfo@@UAGJPAUIUnknown@@@Z 10007310 f tistub.obj
 0001:00006340       ?Disconnect@CStubTypeInfo@@UAGXXZ 10007340 f tistub.obj
 0001:00006380       ?Invoke@CStubTypeInfo@@UAGJPAUtagRPCOLEMESSAGE@@PAUIRpcChannelBuffer@@@Z 10007380 f tistub.obj
 0001:000064e0       ?IsIIDSupported@CStubTypeInfo@@UAGPAUIRpcStubBuffer@@ABU_GUID@@@Z 100074e0 f tistub.obj
 0001:00006510       ?CountRefs@CStubTypeInfo@@UAGKXZ 10007510 f tistub.obj
 0001:00006530       ?GetTypeAttr@CStubTypeInfo@@QAEJXZ 10007530 f tistub.obj
 0001:000065e0       ?GetTypeComp@CStubTypeInfo@@QAEJXZ 100075e0 f tistub.obj
 0001:00006650       ?GetFuncDesc@CStubTypeInfo@@QAEJXZ 10007650 f tistub.obj
 0001:00006720       ?GetVarDesc@CStubTypeInfo@@QAEJXZ 10007720 f tistub.obj
 0001:000067f0       ?GetNames@CStubTypeInfo@@QAEJXZ 100077f0 f tistub.obj
 0001:00006970       ?GetRefTypeOfImplType@CStubTypeInfo@@QAEJXZ 10007970 f tistub.obj
 0001:000069e0       ?GetImplTypeFlags@CStubTypeInfo@@QAEJXZ 100079e0 f tistub.obj
 0001:00006a60       ?GetIDsOfNames@CStubTypeInfo@@QAEJXZ 10007a60 f tistub.obj
 0001:00006a70       ?GetDocumentation@CStubTypeInfo@@QAEJXZ 10007a70 f tistub.obj
 0001:00006be0       ?GetDllEntry@CStubTypeInfo@@QAEJXZ 10007be0 f tistub.obj
 0001:00006d30       ?GetRefTypeInfo@CStubTypeInfo@@QAEJXZ 10007d30 f tistub.obj
 0001:00006dc0       ?CreateInstance@CStubTypeInfo@@QAEJXZ 10007dc0 f tistub.obj
 0001:00006e40       ?GetContainingTypeLib@CStubTypeInfo@@QAEJXZ 10007e40 f tistub.obj
 0001:00006ed0       ?MarshalResult@CStubTypeInfo@@QAEJXZ 10007ed0 f tistub.obj
 0001:00006ee0       ?DebugServerQueryInterface@CStubTypeInfo@@UAGJPAPAX@Z 10007ee0 f tistub.obj
 0001:00006f00       ?DebugServerRelease@CStubTypeInfo@@UAGXPAX@Z 10007f00 f tistub.obj
 0001:00006f10       ??0CErrorInfo@@QAE@XZ      10007f10 f errinfo.obj
 0001:00006f60       ??1CErrorInfo@@QAE@XZ      10007f60 f errinfo.obj
 0001:00006f90       ?Create@CErrorInfo@@SAJPAPAV1@@Z 10007f90 f errinfo.obj
 0001:00006fd0       ?QueryInterface@CErrorInfo@@UAGJABU_GUID@@PAPAX@Z 10007fd0 f errinfo.obj
 0001:00007060       ?AddRef@CErrorInfo@@UAGKXZ 10008060 f errinfo.obj
 0001:00007070       ?Release@CErrorInfo@@UAGKXZ 10008070 f errinfo.obj
 0001:000070a0       ?GetGUID@CErrorInfo@@UAGJPAU_GUID@@@Z 100080a0 f errinfo.obj
 0001:000070d0       ?GetSource@CErrorInfo@@UAGJPAPAG@Z 100080d0 f errinfo.obj
 0001:00007150       ?GetDescription@CErrorInfo@@UAGJPAPAG@Z 10008150 f errinfo.obj
 0001:00007170       ?GetHelpFile@CErrorInfo@@UAGJPAPAG@Z 10008170 f errinfo.obj
 0001:00007190       ?GetHelpContext@CErrorInfo@@UAGJPAK@Z 10008190 f errinfo.obj
 0001:000071b0       ?SetGUID@CErrorInfo@@UAGJABU_GUID@@@Z 100081b0 f errinfo.obj
 0001:000071e0       ?SetSource@CErrorInfo@@UAGJPAG@Z 100081e0 f errinfo.obj
 0001:00007210       ?SetDescription@CErrorInfo@@UAGJPAG@Z 10008210 f errinfo.obj
 0001:00007240       ?SetHelpFile@CErrorInfo@@UAGJPAG@Z 10008240 f errinfo.obj
 0001:00007270       ?SetHelpContext@CErrorInfo@@UAGJK@Z 10008270 f errinfo.obj
 0001:00007280       _SetErrorInfo@8            10008280 f errinfo.obj
 0001:000072e0       _GetErrorInfo@8            100082e0 f errinfo.obj
 0001:00007340       _CreateErrorInfo@4         10008340 f errinfo.obj
 0001:00007390       ?QueryInterface@CErrorInfo@@W3AGJABU_GUID@@PAPAX@Z 10008390 f errinfo.obj
 0001:000073a0       ?AddRef@CErrorInfo@@W3AGKXZ 100083a0 f errinfo.obj
 0001:000073b0       ?Release@CErrorInfo@@W3AGKXZ 100083b0 f errinfo.obj
 0001:000073c0       ?GetPrimaryInterface@@YGJPAUITypeInfo@@PAPAU1@@Z 100083c0 f tiutil.obj
 0001:00007550       ??0CProxTypeLib@@AAE@PAUIUnknown@@@Z 10008550 f tlprox.obj
 0001:00007580       ?Create@CProxTypeLib@@SAPAUIUnknown@@PAU2@@Z 10008580 f tlprox.obj
 0001:000075b0       ??0CPTLibUnkImpl@@QAE@PAVCProxTypeLib@@@Z 100085b0 f tlprox.obj
 0001:000075d0       ?QueryInterface@CPTLibUnkImpl@@UAGJABU_GUID@@PAPAX@Z 100085d0 f tlprox.obj
 0001:00007650       ?AddRef@CPTLibUnkImpl@@UAGKXZ 10008650 f tlprox.obj
 0001:00007670       ?Release@CPTLibUnkImpl@@UAGKXZ 10008670 f tlprox.obj
 0001:000076a0       ??0CPTLibProxImpl@@QAE@PAVCProxTypeLib@@@Z 100086a0 f tlprox.obj
 0001:000076c0       ??1CPTLibProxImpl@@QAE@XZ  100086c0 f tlprox.obj
 0001:000076e0       ?QueryInterface@CPTLibProxImpl@@UAGJABU_GUID@@PAPAX@Z 100086e0 f tlprox.obj
 0001:00007700       ?AddRef@CPTLibProxImpl@@UAGKXZ 10008700 f tlprox.obj
 0001:00007710       ?Release@CPTLibProxImpl@@UAGKXZ 10008710 f tlprox.obj
 0001:00007720       ?Connect@CPTLibProxImpl@@UAGJPAUIRpcChannelBuffer@@@Z 10008720 f tlprox.obj
 0001:00007750       ?Disconnect@CPTLibProxImpl@@UAGXXZ 10008750 f tlprox.obj
 0001:00007780       ??0CPTLibTypeLibImpl@@QAE@PAVCProxTypeLib@@@Z 10008780 f tlprox.obj
 0001:000077a0       ?QueryInterface@CPTLibTypeLibImpl@@UAGJABU_GUID@@PAPAX@Z 100087a0 f tlprox.obj
 0001:000077c0       ?AddRef@CPTLibTypeLibImpl@@UAGKXZ 100087c0 f tlprox.obj
 0001:000077e0       ?Release@CPTLibTypeLibImpl@@UAGKXZ 100087e0 f tlprox.obj
 0001:00007800       ?DoGetTypeInfoCount@CPTLibTypeLibImpl@@QAEJPAI@Z 10008800 f tlprox.obj
 0001:000078b0       ?GetTypeInfoCount@CPTLibTypeLibImpl@@UAGIXZ 100088b0 f tlprox.obj
 0001:000078e0       ?GetTypeInfo@CPTLibTypeLibImpl@@UAGJIPAPAUITypeInfo@@@Z 100088e0 f tlprox.obj
 0001:000079c0       ?GetTypeInfoType@CPTLibTypeLibImpl@@UAGJIPAW4tagTYPEKIND@@@Z 100089c0 f tlprox.obj
 0001:00007ab0       ?GetTypeInfoOfGuid@CPTLibTypeLibImpl@@UAGJABU_GUID@@PAPAUITypeInfo@@@Z 10008ab0 f tlprox.obj
 0001:00007b90       ?GetLibAttr@CPTLibTypeLibImpl@@UAGJPAPAUtagTLIBATTR@@@Z 10008b90 f tlprox.obj
 0001:00007c80       ?GetTypeComp@CPTLibTypeLibImpl@@UAGJPAPAUITypeComp@@@Z 10008c80 f tlprox.obj
 0001:00007d40       ?GetDocumentation@CPTLibTypeLibImpl@@UAGJHPAPAG0PAK0@Z 10008d40 f tlprox.obj
 0001:00007fe0       ?IsName@CPTLibTypeLibImpl@@UAGJPAGKPAH@Z 10008fe0 f tlprox.obj
 0001:00008110       ?FindName@CPTLibTypeLibImpl@@UAGJPAGKPAPAUITypeInfo@@PAJ0@Z 10009110 f tlprox.obj
 0001:00008300       ?ReleaseTLibAttr@CPTLibTypeLibImpl@@UAGXPAUtagTLIBATTR@@@Z 10009300 f tlprox.obj
 0001:00008320       ?SysKind@CPTLibTypeLibImpl@@QAEJXZ 10009320 f tlprox.obj
 0001:000083e0       ?ReadLibAttr@@YGJPAUIStream@@PAUtagTLIBATTR@@@Z 100093e0 f tlprox.obj
 0001:00008480       ?WriteLibAttr@@YGJPAUIStream@@PAUtagTLIBATTR@@@Z 10009480 f tlprox.obj
 0001:00008520       ??0CStubTypeLib@@AAE@XZ    10009520 f tlstub.obj
 0001:00008540       ??1CStubTypeLib@@AAE@XZ    10009540 f tlstub.obj
 0001:00008550       ?Create@CStubTypeLib@@SAJPAUIUnknown@@PAPAUIRpcStubBuffer@@@Z 10009550 f tlstub.obj
 0001:000085a0       ?QueryInterface@CStubTypeLib@@UAGJABU_GUID@@PAPAX@Z 100095a0 f tlstub.obj
 0001:00008610       ?AddRef@CStubTypeLib@@UAGKXZ 10009610 f tlstub.obj
 0001:00008620       ?Release@CStubTypeLib@@UAGKXZ 10009620 f tlstub.obj
 0001:00008650       ?Connect@CStubTypeLib@@UAGJPAUIUnknown@@@Z 10009650 f tlstub.obj
 0001:00008680       ?Disconnect@CStubTypeLib@@UAGXXZ 10009680 f tlstub.obj
 0001:000086c0       ?Invoke@CStubTypeLib@@UAGJPAUtagRPCOLEMESSAGE@@PAUIRpcChannelBuffer@@@Z 100096c0 f tlstub.obj
 0001:000087f0       ?IsIIDSupported@CStubTypeLib@@UAGPAUIRpcStubBuffer@@ABU_GUID@@@Z 100097f0 f tlstub.obj
 0001:00008820       ?CountRefs@CStubTypeLib@@UAGKXZ 10009820 f tlstub.obj
 0001:00008840       ?GetTypeInfoCount@CStubTypeLib@@QAEJXZ 10009840 f tlstub.obj
 0001:00008870       ?GetTypeInfo@CStubTypeLib@@QAEJXZ 10009870 f tlstub.obj
 0001:00008900       ?GetTypeInfoType@CStubTypeLib@@QAEJXZ 10009900 f tlstub.obj
 0001:00008970       ?GetTypeInfoOfGuid@CStubTypeLib@@QAEJXZ 10009970 f tlstub.obj
 0001:00008a00       ?GetLibAttr@CStubTypeLib@@QAEJXZ 10009a00 f tlstub.obj
 0001:00008a70       ?GetTypeComp@CStubTypeLib@@QAEJXZ 10009a70 f tlstub.obj
 0001:00008ae0       ?GetDocumentation@CStubTypeLib@@QAEJXZ 10009ae0 f tlstub.obj
 0001:00008cb0       ?IsName@CStubTypeLib@@QAEJXZ 10009cb0 f tlstub.obj
 0001:00008d60       ?FindName@CStubTypeLib@@QAEJXZ 10009d60 f tlstub.obj
 0001:00008f40       ?SysKind@CStubTypeLib@@QAEJXZ 10009f40 f tlstub.obj
 0001:00008fa0       ?DebugServerQueryInterface@CStubTypeLib@@UAGJPAPAX@Z 10009fa0 f tlstub.obj
 0001:00008fc0       ?DebugServerRelease@CStubTypeLib@@UAGXPAX@Z 10009fc0 f tlstub.obj
 0001:00008fd0       ??0CProxTypeComp@@AAE@PAUIUnknown@@@Z 10009fd0 f tcprox.obj
 0001:00009000       ?Create@CProxTypeComp@@SAPAUIUnknown@@PAU2@@Z 1000a000 f tcprox.obj
 0001:00009030       ??0CPTCompUnkImpl@@QAE@PAVCProxTypeComp@@@Z 1000a030 f tcprox.obj
 0001:00009050       ?QueryInterface@CPTCompUnkImpl@@UAGJABU_GUID@@PAPAX@Z 1000a050 f tcprox.obj
 0001:000090d0       ?AddRef@CPTCompUnkImpl@@UAGKXZ 1000a0d0 f tcprox.obj
 0001:000090f0       ?Release@CPTCompUnkImpl@@UAGKXZ 1000a0f0 f tcprox.obj
 0001:00009120       ??0CPTCompProxImpl@@QAE@PAVCProxTypeComp@@@Z 1000a120 f tcprox.obj
 0001:00009140       ??1CPTCompProxImpl@@QAE@XZ 1000a140 f tcprox.obj
 0001:00009160       ?QueryInterface@CPTCompProxImpl@@UAGJABU_GUID@@PAPAX@Z 1000a160 f tcprox.obj
 0001:00009180       ?AddRef@CPTCompProxImpl@@UAGKXZ 1000a180 f tcprox.obj
 0001:00009190       ?Release@CPTCompProxImpl@@UAGKXZ 1000a190 f tcprox.obj
 0001:000091a0       ?Connect@CPTCompProxImpl@@UAGJPAUIRpcChannelBuffer@@@Z 1000a1a0 f tcprox.obj
 0001:000091d0       ?Disconnect@CPTCompProxImpl@@UAGXXZ 1000a1d0 f tcprox.obj
 0001:00009200       ??0CPTCompTypeCompImpl@@QAE@PAVCProxTypeComp@@@Z 1000a200 f tcprox.obj
 0001:00009220       ?QueryInterface@CPTCompTypeCompImpl@@UAGJABU_GUID@@PAPAX@Z 1000a220 f tcprox.obj
 0001:00009240       ?AddRef@CPTCompTypeCompImpl@@UAGKXZ 1000a240 f tcprox.obj
 0001:00009260       ?Release@CPTCompTypeCompImpl@@UAGKXZ 1000a260 f tcprox.obj
 0001:00009280       ?Bind@CPTCompTypeCompImpl@@UAGJPAGKGPAPAUITypeInfo@@PAW4tagDESCKIND@@PATtagBINDPTR@@@Z 1000a280 f tcprox.obj
 0001:000094f0       ?BindType@CPTCompTypeCompImpl@@UAGJPAGKPAPAUITypeInfo@@PAPAUITypeComp@@@Z 1000a4f0 f tcprox.obj
 0001:00009660       ?SysKind@CPTCompTypeCompImpl@@QAEJXZ 1000a660 f tcprox.obj
 0001:00009720       ??0CStubTypeComp@@AAE@XZ   1000a720 f tcstub.obj
 0001:00009740       ??1CStubTypeComp@@AAE@XZ   1000a740 f tcstub.obj
 0001:00009750       ?Create@CStubTypeComp@@SAJPAUIUnknown@@PAPAUIRpcStubBuffer@@@Z 1000a750 f tcstub.obj
 0001:000097a0       ?QueryInterface@CStubTypeComp@@UAGJABU_GUID@@PAPAX@Z 1000a7a0 f tcstub.obj
 0001:00009810       ?AddRef@CStubTypeComp@@UAGKXZ 1000a810 f tcstub.obj
 0001:00009820       ?Release@CStubTypeComp@@UAGKXZ 1000a820 f tcstub.obj
 0001:00009850       ?Connect@CStubTypeComp@@UAGJPAUIUnknown@@@Z 1000a850 f tcstub.obj
 0001:00009880       ?Disconnect@CStubTypeComp@@UAGXXZ 1000a880 f tcstub.obj
 0001:000098c0       ?Invoke@CStubTypeComp@@UAGJPAUtagRPCOLEMESSAGE@@PAUIRpcChannelBuffer@@@Z 1000a8c0 f tcstub.obj
 0001:00009980       ?IsIIDSupported@CStubTypeComp@@UAGPAUIRpcStubBuffer@@ABU_GUID@@@Z 1000a980 f tcstub.obj
 0001:000099b0       ?CountRefs@CStubTypeComp@@UAGKXZ 1000a9b0 f tcstub.obj
 0001:000099d0       ?Bind@CStubTypeComp@@QAEJXZ 1000a9d0 f tcstub.obj
 0001:00009bc0       ?BindType@CStubTypeComp@@QAEJXZ 1000abc0 f tcstub.obj
 0001:00009c90       ?SysKind@CStubTypeComp@@QAEJXZ 1000ac90 f tcstub.obj
 0001:00009cf0       ?DebugServerQueryInterface@CStubTypeComp@@UAGJPAPAX@Z 1000acf0 f tcstub.obj
 0001:00009d10       ?DebugServerRelease@CStubTypeComp@@UAGXPAX@Z 1000ad10 f tcstub.obj
 0001:00009d20       ??0CProxUniv@@QAE@PAUIUnknown@@@Z 1000ad20 f ups.obj
 0001:00009d80       ??1CProxUniv@@QAE@XZ       1000ad80 f ups.obj
 0001:00009dd0       ?CanWeRemoteIt@@YAJPAUITypeInfo@@PAGPAH@Z 1000add0 f ups.obj
 0001:00009e70       ?Create@CProxUniv@@SAJPAUIUnknown@@ABU_GUID@@PAPAU2@@Z 1000ae70 f ups.obj
 0001:0000a030       ?CacheFuncDescs@CProxUniv@@QAEJPAUITypeInfo@@@Z 1000b030 f ups.obj
 0001:0000a170       ?QueryInterface@CPriv@CProxUniv@@UAGJABU_GUID@@PAPAX@Z 1000b170 f ups.obj
 0001:0000a1e0       ?AddRef@CPriv@CProxUniv@@UAGKXZ 1000b1e0 f ups.obj
 0001:0000a200       ?Release@CPriv@CProxUniv@@UAGKXZ 1000b200 f ups.obj
 0001:0000a230       ?Connect@CPriv@CProxUniv@@UAGJPAUIRpcChannelBuffer@@@Z 1000b230 f ups.obj
 0001:0000a270       ?Disconnect@CPriv@CProxUniv@@UAGXXZ 1000b270 f ups.obj
 0001:0000a2a0       ?PSInit@CProxUniv@@QAEJXZ  1000b2a0 f ups.obj
 0001:0000a390       _ProxyMethod@16            1000b390 f ups.obj
 0001:0000a860       ??0CStubUniv@@AAE@XZ       1000b860 f ups.obj
 0001:0000a8b0       ??1CStubUniv@@AAE@XZ       1000b8b0 f ups.obj
 0001:0000a8c0       ?Create@CStubUniv@@SAJPAUIUnknown@@ABU_GUID@@PAPAUIRpcStubBuffer@@@Z 1000b8c0 f ups.obj
 0001:0000a930       ?QueryInterface@CStubUniv@@UAGJABU_GUID@@PAPAX@Z 1000b930 f ups.obj
 0001:0000a9a0       ?AddRef@CStubUniv@@UAGKXZ  1000b9a0 f ups.obj
 0001:0000a9b0       ?Release@CStubUniv@@UAGKXZ 1000b9b0 f ups.obj
 0001:0000a9e0       ?Connect@CStubUniv@@UAGJPAUIUnknown@@@Z 1000b9e0 f ups.obj
 0001:0000aa10       ?Disconnect@CStubUniv@@UAGXXZ 1000ba10 f ups.obj
 0001:0000aa50       ?Invoke@CStubUniv@@UAGJPAUtagRPCOLEMESSAGE@@PAUIRpcChannelBuffer@@@Z 1000ba50 f ups.obj
 0001:0000abb0       ?IsIIDSupported@CStubUniv@@UAGPAUIRpcStubBuffer@@ABU_GUID@@@Z 1000bbb0 f ups.obj
 0001:0000abe0       ?CountRefs@CStubUniv@@UAGKXZ 1000bbe0 f ups.obj
 0001:0000ac00       ?DebugServerQueryInterface@CStubUniv@@UAGJPAPAX@Z 1000bc00 f ups.obj
 0001:0000ac20       ?DebugServerRelease@CStubUniv@@UAGXPAX@Z 1000bc20 f ups.obj
 0001:0000ac30       ?PSInit@CStubUniv@@QAEJXZ  1000bc30 f ups.obj
 0001:0000acc0       ?DispatchMethod@CStubUniv@@QAEJH@Z 1000bcc0 f ups.obj
 0001:0000b040       ?VarVtOfIface@@YAJPAUITypeInfo@@PAUtagTYPEATTR@@PAGPAU_GUID@@@Z 1000c040 f ups.obj
 0001:0000b090       ?VarVtOfUDT@@YAJPAUITypeInfo@@PAUtagTYPEDESC@@PAGPAU_GUID@@@Z 1000c090 f ups.obj
 0001:0000b200       ?VarVtOfTypeDesc@@YAJPAUITypeInfo@@PAUtagTYPEDESC@@PAGPAU_GUID@@@Z 1000c200 f ups.obj
 0001:0000b410       ?SzLibIdOfIID@@YAJABU_GUID@@PADJ@Z 1000c410 f ups.obj
 0001:0000b4a0       ?FIsLCID@@YAHPAD@Z         1000c4a0 f ups.obj
 0001:0000b500       ?GetTypeInfoOfIID@@YAJABU_GUID@@PAPAUITypeInfo@@@Z 1000c500 f ups.obj
 0001:0000b840       ?GetCbStackCleanupOfFuncDesc@@YAJPAUtagFUNCDESC@@PAUITypeInfo@@PAH@Z 1000c840 f ups.obj
 0001:0000b8f0       ?UnivQueryInterface@@YGJPAVCProxUniv@@ABU_GUID@@PAPAX@Z 1000c8f0 f uvft.obj
 0001:0000b910       ?UnivAddRef@@YGKPAVCProxUniv@@@Z 1000c910 f uvft.obj
 0001:0000b920       ?UnivRelease@@YGKPAVCProxUniv@@@Z 1000c920 f uvft.obj
 0001:0000b930       ?UnivGetTypeInfoCount@@YGJPAVCProxUniv@@PAI@Z 1000c930 f uvft.obj
 0001:0000b950       ?UnivGetTypeInfo@@YGJPAVCProxUniv@@IKPAPAUITypeInfo@@@Z 1000c950 f uvft.obj
 0001:0000b980       ?UnivGetIDsOfNames@@YGJPAVCProxUniv@@ABU_GUID@@PAPAGIKPAJ@Z 1000c980 f uvft.obj
 0001:0000b9b0       ?UnivInvoke@@YGJPAVCProxUniv@@JABU_GUID@@KGPAUtagDISPPARAMS@@PAUtagVARIANT@@PAUtagEXCEPINFO@@PAI@Z 1000c9b0 f uvft.obj
 0001:0000b9f0       ??0CStreamOnBuffer@@QAE@PAUIRpcChannelBuffer@@PAUtagRPCOLEMESSAGE@@ABU_GUID@@K@Z 1000c9f0 f dispstrm.obj
 0001:0000ba80       ??1CStreamOnBuffer@@QAE@XZ 1000ca80 f dispstrm.obj
 0001:0000baa0       ?QueryInterface@CStreamOnBuffer@@UAGJABU_GUID@@PAPAX@Z 1000caa0 f dispstrm.obj
 0001:0000baf0       ?AddRef@CStreamOnBuffer@@UAGKXZ 1000caf0 f dispstrm.obj
 0001:0000bb00       ?Release@CStreamOnBuffer@@UAGKXZ 1000cb00 f dispstrm.obj
 0001:0000bb40       ?Read@CStreamOnBuffer@@UAGJPAXKPAK@Z 1000cb40 f dispstrm.obj
 0001:0000bba0       ?Write@CStreamOnBuffer@@UAGJPBXKPAK@Z 1000cba0 f dispstrm.obj
 0001:0000bc30       ?Seek@CStreamOnBuffer@@UAGJT_LARGE_INTEGER@@KPAT_ULARGE_INTEGER@@@Z 1000cc30 f dispstrm.obj
 0001:0000bcb0       ?SetSize@CStreamOnBuffer@@UAGJT_ULARGE_INTEGER@@@Z 1000ccb0 f dispstrm.obj
 0001:0000bcc0       ?CopyTo@CStreamOnBuffer@@UAGJPAUIStream@@T_ULARGE_INTEGER@@PAT3@2@Z 1000ccc0 f dispstrm.obj
 0001:0000bcd0       ?Commit@CStreamOnBuffer@@UAGJK@Z 1000ccd0 f dispstrm.obj
 0001:0000bce0       ?Revert@CStreamOnBuffer@@UAGJXZ 1000cce0 f dispstrm.obj
 0001:0000bcf0       ?LockRegion@CStreamOnBuffer@@UAGJT_ULARGE_INTEGER@@0K@Z 1000ccf0 f dispstrm.obj
 0001:0000bd00       ?UnlockRegion@CStreamOnBuffer@@UAGJT_ULARGE_INTEGER@@0K@Z 1000cd00 f dispstrm.obj
 0001:0000bd10       ?Stat@CStreamOnBuffer@@UAGJPAUtagSTATSTG@@K@Z 1000cd10 f dispstrm.obj
 0001:0000bd20       ?Clone@CStreamOnBuffer@@UAGJPAPAUIStream@@@Z 1000cd20 f dispstrm.obj
 0001:0000bd30       ?Call@CStreamOnBuffer@@UAGJXZ 1000cd30 f dispstrm.obj
 0001:0000bdc0       ?RewindBuffer@CStreamOnBuffer@@UAGJXZ 1000cdc0 f dispstrm.obj
 0001:0000bdf0       ?ResetBuffer@CStreamOnBuffer@@UAGJXZ 1000cdf0 f dispstrm.obj
 0001:0000be40       ?ResizeBuffer@CStreamOnBuffer@@UAGJK@Z 1000ce40 f dispstrm.obj
 0001:0000bed0       _IndexOfParam@12           1000ced0 f disphelp.obj
 0001:0000bf20       _DispGetParam@20           1000cf20 f disphelp.obj
 0001:0000bf80       _DispGetIDsOfNames@16      1000cf80 f disphelp.obj
 0001:0000bfa0       _DispInvoke@32             1000cfa0 f disphelp.obj
 0001:0000bfe0       _DoInvokeMethod@32         1000cfe0 f invhelp.obj
 0001:0000c050       _InvokeCdecl               1000d050 f invoke.obj
 0001:0000c1c9       _InvokeStdCall             1000d1c9 f invoke.obj
 0001:0000c33f       _UM3                       1000d33f   invoke.obj
 0001:0000c349       _UM4                       1000d349   invoke.obj
 0001:0000c353       _UM5                       1000d353   invoke.obj
 0001:0000c35d       _UM6                       1000d35d   invoke.obj
 0001:0000c367       _UM7                       1000d367   invoke.obj
 0001:0000c371       _UM8                       1000d371   invoke.obj
 0001:0000c37b       _UM9                       1000d37b   invoke.obj
 0001:0000c385       _UM10                      1000d385   invoke.obj
 0001:0000c38f       _UM11                      1000d38f   invoke.obj
 0001:0000c399       _UM12                      1000d399   invoke.obj
 0001:0000c3a3       _UM13                      1000d3a3   invoke.obj
 0001:0000c3ad       _UM14                      1000d3ad   invoke.obj
 0001:0000c3b7       _UM15                      1000d3b7   invoke.obj
 0001:0000c3c1       _UM16                      1000d3c1   invoke.obj
 0001:0000c3cb       _UM17                      1000d3cb   invoke.obj
 0001:0000c3d5       _UM18                      1000d3d5   invoke.obj
 0001:0000c3df       _UM19                      1000d3df   invoke.obj
 0001:0000c3e9       _UM20                      1000d3e9   invoke.obj
 0001:0000c3f3       _UM21                      1000d3f3   invoke.obj
 0001:0000c3fd       _UM22                      1000d3fd   invoke.obj
 0001:0000c407       _UM23                      1000d407   invoke.obj
 0001:0000c411       _UM24                      1000d411   invoke.obj
 0001:0000c41b       _UM25                      1000d41b   invoke.obj
 0001:0000c425       _UM26                      1000d425   invoke.obj
 0001:0000c42f       _UM27                      1000d42f   invoke.obj
 0001:0000c439       _UM28                      1000d439   invoke.obj
 0001:0000c443       _UM29                      1000d443   invoke.obj
 0001:0000c44d       _UM30                      1000d44d   invoke.obj
 0001:0000c457       _UM31                      1000d457   invoke.obj
 0001:0000c461       _UM32                      1000d461   invoke.obj
 0001:0000c46b       _UM33                      1000d46b   invoke.obj
 0001:0000c475       _UM34                      1000d475   invoke.obj
 0001:0000c47f       _UM35                      1000d47f   invoke.obj
 0001:0000c489       _UM36                      1000d489   invoke.obj
 0001:0000c493       _UM37                      1000d493   invoke.obj
 0001:0000c49d       _UM38                      1000d49d   invoke.obj
 0001:0000c4a7       _UM39                      1000d4a7   invoke.obj
 0001:0000c4b1       _UM40                      1000d4b1   invoke.obj
 0001:0000c4bb       _UM41                      1000d4bb   invoke.obj
 0001:0000c4c5       _UM42                      1000d4c5   invoke.obj
 0001:0000c4cf       _UM43                      1000d4cf   invoke.obj
 0001:0000c4d9       _UM44                      1000d4d9   invoke.obj
 0001:0000c4e3       _UM45                      1000d4e3   invoke.obj
 0001:0000c4ed       _UM46                      1000d4ed   invoke.obj
 0001:0000c4f7       _UM47                      1000d4f7   invoke.obj
 0001:0000c501       _UM48                      1000d501   invoke.obj
 0001:0000c50b       _UM49                      1000d50b   invoke.obj
 0001:0000c515       _UM50                      1000d515   invoke.obj
 0001:0000c51f       _UM51                      1000d51f   invoke.obj
 0001:0000c529       _UM52                      1000d529   invoke.obj
 0001:0000c533       _UM53                      1000d533   invoke.obj
 0001:0000c53d       _UM54                      1000d53d   invoke.obj
 0001:0000c547       _UM55                      1000d547   invoke.obj
 0001:0000c551       _UM56                      1000d551   invoke.obj
 0001:0000c55b       _UM57                      1000d55b   invoke.obj
 0001:0000c565       _UM58                      1000d565   invoke.obj
 0001:0000c56f       _UM59                      1000d56f   invoke.obj
 0001:0000c579       _UM60                      1000d579   invoke.obj
 0001:0000c583       _UM61                      1000d583   invoke.obj
 0001:0000c58d       _UM62                      1000d58d   invoke.obj
 0001:0000c597       _UM63                      1000d597   invoke.obj
 0001:0000c5a1       _UM64                      1000d5a1   invoke.obj
 0001:0000c5ab       _UM65                      1000d5ab   invoke.obj
 0001:0000c5b5       _UM66                      1000d5b5   invoke.obj
 0001:0000c5bf       _UM67                      1000d5bf   invoke.obj
 0001:0000c5c9       _UM68                      1000d5c9   invoke.obj
 0001:0000c5d3       _UM69                      1000d5d3   invoke.obj
 0001:0000c5dd       _UM70                      1000d5dd   invoke.obj
 0001:0000c5e7       _UM71                      1000d5e7   invoke.obj
 0001:0000c5f1       _UM72                      1000d5f1   invoke.obj
 0001:0000c5fb       _UM73                      1000d5fb   invoke.obj
 0001:0000c605       _UM74                      1000d605   invoke.obj
 0001:0000c60f       _UM75                      1000d60f   invoke.obj
 0001:0000c619       _UM76                      1000d619   invoke.obj
 0001:0000c623       _UM77                      1000d623   invoke.obj
 0001:0000c62d       _UM78                      1000d62d   invoke.obj
 0001:0000c637       _UM79                      1000d637   invoke.obj
 0001:0000c641       _UM80                      1000d641   invoke.obj
 0001:0000c64b       _UM81                      1000d64b   invoke.obj
 0001:0000c655       _UM82                      1000d655   invoke.obj
 0001:0000c65f       _UM83                      1000d65f   invoke.obj
 0001:0000c669       _UM84                      1000d669   invoke.obj
 0001:0000c673       _UM85                      1000d673   invoke.obj
 0001:0000c67d       _UM86                      1000d67d   invoke.obj
 0001:0000c687       _UM87                      1000d687   invoke.obj
 0001:0000c691       _UM88                      1000d691   invoke.obj
 0001:0000c69b       _UM89                      1000d69b   invoke.obj
 0001:0000c6a5       _UM90                      1000d6a5   invoke.obj
 0001:0000c6af       _UM91                      1000d6af   invoke.obj
 0001:0000c6b9       _UM92                      1000d6b9   invoke.obj
 0001:0000c6c3       _UM93                      1000d6c3   invoke.obj
 0001:0000c6cd       _UM94                      1000d6cd   invoke.obj
 0001:0000c6d7       _UM95                      1000d6d7   invoke.obj
 0001:0000c6e1       _UM96                      1000d6e1   invoke.obj
 0001:0000c6eb       _UM97                      1000d6eb   invoke.obj
 0001:0000c6f5       _UM98                      1000d6f5   invoke.obj
 0001:0000c6ff       _UM99                      1000d6ff   invoke.obj
 0001:0000c709       _UM100                     1000d709   invoke.obj
 0001:0000c713       _UM101                     1000d713   invoke.obj
 0001:0000c71d       _UM102                     1000d71d   invoke.obj
 0001:0000c727       _UM103                     1000d727   invoke.obj
 0001:0000c731       _UM104                     1000d731   invoke.obj
 0001:0000c73b       _UM105                     1000d73b   invoke.obj
 0001:0000c745       _UM106                     1000d745   invoke.obj
 0001:0000c74f       _UM107                     1000d74f   invoke.obj
 0001:0000c759       _UM108                     1000d759   invoke.obj
 0001:0000c763       _UM109                     1000d763   invoke.obj
 0001:0000c76d       _UM110                     1000d76d   invoke.obj
 0001:0000c777       _UM111                     1000d777   invoke.obj
 0001:0000c781       _UM112                     1000d781   invoke.obj
 0001:0000c78b       _UM113                     1000d78b   invoke.obj
 0001:0000c795       _UM114                     1000d795   invoke.obj
 0001:0000c79f       _UM115                     1000d79f   invoke.obj
 0001:0000c7a9       _UM116                     1000d7a9   invoke.obj
 0001:0000c7b3       _UM117                     1000d7b3   invoke.obj
 0001:0000c7bd       _UM118                     1000d7bd   invoke.obj
 0001:0000c7c7       _UM119                     1000d7c7   invoke.obj
 0001:0000c7d1       _UM120                     1000d7d1   invoke.obj
 0001:0000c7db       _UM121                     1000d7db   invoke.obj
 0001:0000c7e5       _UM122                     1000d7e5   invoke.obj
 0001:0000c7ef       _UM123                     1000d7ef   invoke.obj
 0001:0000c7f9       _UM124                     1000d7f9   invoke.obj
 0001:0000c803       _UM125                     1000d803   invoke.obj
 0001:0000c80d       _UM126                     1000d80d   invoke.obj
 0001:0000c817       _UM127                     1000d817   invoke.obj
 0001:0000c821       _UM128                     1000d821   invoke.obj
 0001:0000c82b       _UM129                     1000d82b   invoke.obj
 0001:0000c835       _UM130                     1000d835   invoke.obj
 0001:0000c83f       _UM131                     1000d83f   invoke.obj
 0001:0000c849       _UM132                     1000d849   invoke.obj
 0001:0000c853       _UM133                     1000d853   invoke.obj
 0001:0000c85d       _UM134                     1000d85d   invoke.obj
 0001:0000c867       _UM135                     1000d867   invoke.obj
 0001:0000c871       _UM136                     1000d871   invoke.obj
 0001:0000c87b       _UM137                     1000d87b   invoke.obj
 0001:0000c885       _UM138                     1000d885   invoke.obj
 0001:0000c88f       _UM139                     1000d88f   invoke.obj
 0001:0000c899       _UM140                     1000d899   invoke.obj
 0001:0000c8a3       _UM141                     1000d8a3   invoke.obj
 0001:0000c8ad       _UM142                     1000d8ad   invoke.obj
 0001:0000c8b7       _UM143                     1000d8b7   invoke.obj
 0001:0000c8c1       _UM144                     1000d8c1   invoke.obj
 0001:0000c8cb       _UM145                     1000d8cb   invoke.obj
 0001:0000c8d5       _UM146                     1000d8d5   invoke.obj
 0001:0000c8df       _UM147                     1000d8df   invoke.obj
 0001:0000c8e9       _UM148                     1000d8e9   invoke.obj
 0001:0000c8f3       _UM149                     1000d8f3   invoke.obj
 0001:0000c8fd       _UM150                     1000d8fd   invoke.obj
 0001:0000c907       _UM151                     1000d907   invoke.obj
 0001:0000c911       _UM152                     1000d911   invoke.obj
 0001:0000c91b       _UM153                     1000d91b   invoke.obj
 0001:0000c925       _UM154                     1000d925   invoke.obj
 0001:0000c92f       _UM155                     1000d92f   invoke.obj
 0001:0000c939       _UM156                     1000d939   invoke.obj
 0001:0000c943       _UM157                     1000d943   invoke.obj
 0001:0000c94d       _UM158                     1000d94d   invoke.obj
 0001:0000c957       _UM159                     1000d957   invoke.obj
 0001:0000c961       _UM160                     1000d961   invoke.obj
 0001:0000c96b       _UM161                     1000d96b   invoke.obj
 0001:0000c975       _UM162                     1000d975   invoke.obj
 0001:0000c97f       _UM163                     1000d97f   invoke.obj
 0001:0000c989       _UM164                     1000d989   invoke.obj
 0001:0000c993       _UM165                     1000d993   invoke.obj
 0001:0000c99d       _UM166                     1000d99d   invoke.obj
 0001:0000c9a7       _UM167                     1000d9a7   invoke.obj
 0001:0000c9b1       _UM168                     1000d9b1   invoke.obj
 0001:0000c9bb       _UM169                     1000d9bb   invoke.obj
 0001:0000c9c5       _UM170                     1000d9c5   invoke.obj
 0001:0000c9cf       _UM171                     1000d9cf   invoke.obj
 0001:0000c9d9       _UM172                     1000d9d9   invoke.obj
 0001:0000c9e3       _UM173                     1000d9e3   invoke.obj
 0001:0000c9ed       _UM174                     1000d9ed   invoke.obj
 0001:0000c9f7       _UM175                     1000d9f7   invoke.obj
 0001:0000ca01       _UM176                     1000da01   invoke.obj
 0001:0000ca0b       _UM177                     1000da0b   invoke.obj
 0001:0000ca15       _UM178                     1000da15   invoke.obj
 0001:0000ca1f       _UM179                     1000da1f   invoke.obj
 0001:0000ca29       _UM180                     1000da29   invoke.obj
 0001:0000ca33       _UM181                     1000da33   invoke.obj
 0001:0000ca3d       _UM182                     1000da3d   invoke.obj
 0001:0000ca47       _UM183                     1000da47   invoke.obj
 0001:0000ca51       _UM184                     1000da51   invoke.obj
 0001:0000ca5b       _UM185                     1000da5b   invoke.obj
 0001:0000ca65       _UM186                     1000da65   invoke.obj
 0001:0000ca6f       _UM187                     1000da6f   invoke.obj
 0001:0000ca79       _UM188                     1000da79   invoke.obj
 0001:0000ca83       _UM189                     1000da83   invoke.obj
 0001:0000ca8d       _UM190                     1000da8d   invoke.obj
 0001:0000ca97       _UM191                     1000da97   invoke.obj
 0001:0000caa1       _UM192                     1000daa1   invoke.obj
 0001:0000caab       _UM193                     1000daab   invoke.obj
 0001:0000cab5       _UM194                     1000dab5   invoke.obj
 0001:0000cabf       _UM195                     1000dabf   invoke.obj
 0001:0000cac9       _UM196                     1000dac9   invoke.obj
 0001:0000cad3       _UM197                     1000dad3   invoke.obj
 0001:0000cadd       _UM198                     1000dadd   invoke.obj
 0001:0000cae7       _UM199                     1000dae7   invoke.obj
 0001:0000caf1       _UM200                     1000daf1   invoke.obj
 0001:0000cafb       _UM201                     1000dafb   invoke.obj
 0001:0000cb05       _UM202                     1000db05   invoke.obj
 0001:0000cb0f       _UM203                     1000db0f   invoke.obj
 0001:0000cb19       _UM204                     1000db19   invoke.obj
 0001:0000cb23       _UM205                     1000db23   invoke.obj
 0001:0000cb2d       _UM206                     1000db2d   invoke.obj
 0001:0000cb37       _UM207                     1000db37   invoke.obj
 0001:0000cb41       _UM208                     1000db41   invoke.obj
 0001:0000cb4b       _UM209                     1000db4b   invoke.obj
 0001:0000cb55       _UM210                     1000db55   invoke.obj
 0001:0000cb5f       _UM211                     1000db5f   invoke.obj
 0001:0000cb69       _UM212                     1000db69   invoke.obj
 0001:0000cb73       _UM213                     1000db73   invoke.obj
 0001:0000cb7d       _UM214                     1000db7d   invoke.obj
 0001:0000cb87       _UM215                     1000db87   invoke.obj
 0001:0000cb91       _UM216                     1000db91   invoke.obj
 0001:0000cb9b       _UM217                     1000db9b   invoke.obj
 0001:0000cba5       _UM218                     1000dba5   invoke.obj
 0001:0000cbaf       _UM219                     1000dbaf   invoke.obj
 0001:0000cbb9       _UM220                     1000dbb9   invoke.obj
 0001:0000cbc3       _UM221                     1000dbc3   invoke.obj
 0001:0000cbcd       _UM222                     1000dbcd   invoke.obj
 0001:0000cbd7       _UM223                     1000dbd7   invoke.obj
 0001:0000cbe1       _UM224                     1000dbe1   invoke.obj
 0001:0000cbeb       _UM225                     1000dbeb   invoke.obj
 0001:0000cbf5       _UM226                     1000dbf5   invoke.obj
 0001:0000cbff       _UM227                     1000dbff   invoke.obj
 0001:0000cc09       _UM228                     1000dc09   invoke.obj
 0001:0000cc13       _UM229                     1000dc13   invoke.obj
 0001:0000cc1d       _UM230                     1000dc1d   invoke.obj
 0001:0000cc27       _UM231                     1000dc27   invoke.obj
 0001:0000cc31       _UM232                     1000dc31   invoke.obj
 0001:0000cc3b       _UM233                     1000dc3b   invoke.obj
 0001:0000cc45       _UM234                     1000dc45   invoke.obj
 0001:0000cc4f       _UM235                     1000dc4f   invoke.obj
 0001:0000cc59       _UM236                     1000dc59   invoke.obj
 0001:0000cc63       _UM237                     1000dc63   invoke.obj
 0001:0000cc6d       _UM238                     1000dc6d   invoke.obj
 0001:0000cc77       _UM239                     1000dc77   invoke.obj
 0001:0000cc81       _UM240                     1000dc81   invoke.obj
 0001:0000cc8b       _UM241                     1000dc8b   invoke.obj
 0001:0000cc95       _UM242                     1000dc95   invoke.obj
 0001:0000cc9f       _UM243                     1000dc9f   invoke.obj
 0001:0000cca9       _UM244                     1000dca9   invoke.obj
 0001:0000ccb3       _UM245                     1000dcb3   invoke.obj
 0001:0000ccbd       _UM246                     1000dcbd   invoke.obj
 0001:0000ccc7       _UM247                     1000dcc7   invoke.obj
 0001:0000ccd1       _UM248                     1000dcd1   invoke.obj
 0001:0000ccdb       _UM249                     1000dcdb   invoke.obj
 0001:0000cce5       _UM250                     1000dce5   invoke.obj
 0001:0000ccef       _UM251                     1000dcef   invoke.obj
 0001:0000ccf9       _UM252                     1000dcf9   invoke.obj
 0001:0000cd03       _UM253                     1000dd03   invoke.obj
 0001:0000cd0d       _UM254                     1000dd0d   invoke.obj
 0001:0000cd17       _UM255                     1000dd17   invoke.obj
 0001:0000cd21       _UM256                     1000dd21   invoke.obj
 0001:0000cd2b       _UM257                     1000dd2b   invoke.obj
 0001:0000cd35       _UM258                     1000dd35   invoke.obj
 0001:0000cd3f       _UM259                     1000dd3f   invoke.obj
 0001:0000cd49       _UM260                     1000dd49   invoke.obj
 0001:0000cd53       _UM261                     1000dd53   invoke.obj
 0001:0000cd5d       _UM262                     1000dd5d   invoke.obj
 0001:0000cd67       _UM263                     1000dd67   invoke.obj
 0001:0000cd71       _UM264                     1000dd71   invoke.obj
 0001:0000cd7b       _UM265                     1000dd7b   invoke.obj
 0001:0000cd85       _UM266                     1000dd85   invoke.obj
 0001:0000cd8f       _UM267                     1000dd8f   invoke.obj
 0001:0000cd99       _UM268                     1000dd99   invoke.obj
 0001:0000cda3       _UM269                     1000dda3   invoke.obj
 0001:0000cdad       _UM270                     1000ddad   invoke.obj
 0001:0000cdb7       _UM271                     1000ddb7   invoke.obj
 0001:0000cdc1       _UM272                     1000ddc1   invoke.obj
 0001:0000cdcb       _UM273                     1000ddcb   invoke.obj
 0001:0000cdd5       _UM274                     1000ddd5   invoke.obj
 0001:0000cddf       _UM275                     1000dddf   invoke.obj
 0001:0000cde9       _UM276                     1000dde9   invoke.obj
 0001:0000cdf3       _UM277                     1000ddf3   invoke.obj
 0001:0000cdfd       _UM278                     1000ddfd   invoke.obj
 0001:0000ce07       _UM279                     1000de07   invoke.obj
 0001:0000ce11       _UM280                     1000de11   invoke.obj
 0001:0000ce1b       _UM281                     1000de1b   invoke.obj
 0001:0000ce25       _UM282                     1000de25   invoke.obj
 0001:0000ce2f       _UM283                     1000de2f   invoke.obj
 0001:0000ce39       _UM284                     1000de39   invoke.obj
 0001:0000ce43       _UM285                     1000de43   invoke.obj
 0001:0000ce4d       _UM286                     1000de4d   invoke.obj
 0001:0000ce57       _UM287                     1000de57   invoke.obj
 0001:0000ce61       _UM288                     1000de61   invoke.obj
 0001:0000ce6b       _UM289                     1000de6b   invoke.obj
 0001:0000ce75       _UM290                     1000de75   invoke.obj
 0001:0000ce7f       _UM291                     1000de7f   invoke.obj
 0001:0000ce89       _UM292                     1000de89   invoke.obj
 0001:0000ce93       _UM293                     1000de93   invoke.obj
 0001:0000ce9d       _UM294                     1000de9d   invoke.obj
 0001:0000cea7       _UM295                     1000dea7   invoke.obj
 0001:0000ceb1       _UM296                     1000deb1   invoke.obj
 0001:0000cebb       _UM297                     1000debb   invoke.obj
 0001:0000cec5       _UM298                     1000dec5   invoke.obj
 0001:0000cecf       _UM299                     1000decf   invoke.obj
 0001:0000ced9       _UM300                     1000ded9   invoke.obj
 0001:0000cee3       _UM301                     1000dee3   invoke.obj
 0001:0000ceed       _UM302                     1000deed   invoke.obj
 0001:0000cef7       _UM303                     1000def7   invoke.obj
 0001:0000cf01       _UM304                     1000df01   invoke.obj
 0001:0000cf0b       _UM305                     1000df0b   invoke.obj
 0001:0000cf15       _UM306                     1000df15   invoke.obj
 0001:0000cf1f       _UM307                     1000df1f   invoke.obj
 0001:0000cf29       _UM308                     1000df29   invoke.obj
 0001:0000cf33       _UM309                     1000df33   invoke.obj
 0001:0000cf3d       _UM310                     1000df3d   invoke.obj
 0001:0000cf47       _UM311                     1000df47   invoke.obj
 0001:0000cf51       _UM312                     1000df51   invoke.obj
 0001:0000cf5b       _UM313                     1000df5b   invoke.obj
 0001:0000cf65       _UM314                     1000df65   invoke.obj
 0001:0000cf6f       _UM315                     1000df6f   invoke.obj
 0001:0000cf79       _UM316                     1000df79   invoke.obj
 0001:0000cf83       _UM317                     1000df83   invoke.obj
 0001:0000cf8d       _UM318                     1000df8d   invoke.obj
 0001:0000cf97       _UM319                     1000df97   invoke.obj
 0001:0000cfa1       _UM320                     1000dfa1   invoke.obj
 0001:0000cfab       _UM321                     1000dfab   invoke.obj
 0001:0000cfb5       _UM322                     1000dfb5   invoke.obj
 0001:0000cfbf       _UM323                     1000dfbf   invoke.obj
 0001:0000cfc9       _UM324                     1000dfc9   invoke.obj
 0001:0000cfd3       _UM325                     1000dfd3   invoke.obj
 0001:0000cfdd       _UM326                     1000dfdd   invoke.obj
 0001:0000cfe7       _UM327                     1000dfe7   invoke.obj
 0001:0000cff1       _UM328                     1000dff1   invoke.obj
 0001:0000cffb       _UM329                     1000dffb   invoke.obj
 0001:0000d005       _UM330                     1000e005   invoke.obj
 0001:0000d00f       _UM331                     1000e00f   invoke.obj
 0001:0000d019       _UM332                     1000e019   invoke.obj
 0001:0000d023       _UM333                     1000e023   invoke.obj
 0001:0000d02d       _UM334                     1000e02d   invoke.obj
 0001:0000d037       _UM335                     1000e037   invoke.obj
 0001:0000d041       _UM336                     1000e041   invoke.obj
 0001:0000d04b       _UM337                     1000e04b   invoke.obj
 0001:0000d055       _UM338                     1000e055   invoke.obj
 0001:0000d05f       _UM339                     1000e05f   invoke.obj
 0001:0000d069       _UM340                     1000e069   invoke.obj
 0001:0000d073       _UM341                     1000e073   invoke.obj
 0001:0000d07d       _UM342                     1000e07d   invoke.obj
 0001:0000d087       _UM343                     1000e087   invoke.obj
 0001:0000d091       _UM344                     1000e091   invoke.obj
 0001:0000d09b       _UM345                     1000e09b   invoke.obj
 0001:0000d0a5       _UM346                     1000e0a5   invoke.obj
 0001:0000d0af       _UM347                     1000e0af   invoke.obj
 0001:0000d0b9       _UM348                     1000e0b9   invoke.obj
 0001:0000d0c3       _UM349                     1000e0c3   invoke.obj
 0001:0000d0cd       _UM350                     1000e0cd   invoke.obj
 0001:0000d0d7       _UM351                     1000e0d7   invoke.obj
 0001:0000d0e1       _UM352                     1000e0e1   invoke.obj
 0001:0000d0eb       _UM353                     1000e0eb   invoke.obj
 0001:0000d0f5       _UM354                     1000e0f5   invoke.obj
 0001:0000d0ff       _UM355                     1000e0ff   invoke.obj
 0001:0000d109       _UM356                     1000e109   invoke.obj
 0001:0000d113       _UM357                     1000e113   invoke.obj
 0001:0000d11d       _UM358                     1000e11d   invoke.obj
 0001:0000d127       _UM359                     1000e127   invoke.obj
 0001:0000d131       _UM360                     1000e131   invoke.obj
 0001:0000d13b       _UM361                     1000e13b   invoke.obj
 0001:0000d145       _UM362                     1000e145   invoke.obj
 0001:0000d14f       _UM363                     1000e14f   invoke.obj
 0001:0000d159       _UM364                     1000e159   invoke.obj
 0001:0000d163       _UM365                     1000e163   invoke.obj
 0001:0000d16d       _UM366                     1000e16d   invoke.obj
 0001:0000d177       _UM367                     1000e177   invoke.obj
 0001:0000d181       _UM368                     1000e181   invoke.obj
 0001:0000d18b       _UM369                     1000e18b   invoke.obj
 0001:0000d195       _UM370                     1000e195   invoke.obj
 0001:0000d19f       _UM371                     1000e19f   invoke.obj
 0001:0000d1a9       _UM372                     1000e1a9   invoke.obj
 0001:0000d1b3       _UM373                     1000e1b3   invoke.obj
 0001:0000d1bd       _UM374                     1000e1bd   invoke.obj
 0001:0000d1c7       _UM375                     1000e1c7   invoke.obj
 0001:0000d1d1       _UM376                     1000e1d1   invoke.obj
 0001:0000d1db       _UM377                     1000e1db   invoke.obj
 0001:0000d1e5       _UM378                     1000e1e5   invoke.obj
 0001:0000d1ef       _UM379                     1000e1ef   invoke.obj
 0001:0000d1f9       _UM380                     1000e1f9   invoke.obj
 0001:0000d203       _UM381                     1000e203   invoke.obj
 0001:0000d20d       _UM382                     1000e20d   invoke.obj
 0001:0000d217       _UM383                     1000e217   invoke.obj
 0001:0000d221       _UM384                     1000e221   invoke.obj
 0001:0000d22b       _UM385                     1000e22b   invoke.obj
 0001:0000d235       _UM386                     1000e235   invoke.obj
 0001:0000d23f       _UM387                     1000e23f   invoke.obj
 0001:0000d249       _UM388                     1000e249   invoke.obj
 0001:0000d253       _UM389                     1000e253   invoke.obj
 0001:0000d25d       _UM390                     1000e25d   invoke.obj
 0001:0000d267       _UM391                     1000e267   invoke.obj
 0001:0000d271       _UM392                     1000e271   invoke.obj
 0001:0000d27b       _UM393                     1000e27b   invoke.obj
 0001:0000d285       _UM394                     1000e285   invoke.obj
 0001:0000d28f       _UM395                     1000e28f   invoke.obj
 0001:0000d299       _UM396                     1000e299   invoke.obj
 0001:0000d2a3       _UM397                     1000e2a3   invoke.obj
 0001:0000d2ad       _UM398                     1000e2ad   invoke.obj
 0001:0000d2b7       _UM399                     1000e2b7   invoke.obj
 0001:0000d2c1       _UM400                     1000e2c1   invoke.obj
 0001:0000d2cb       _UM401                     1000e2cb   invoke.obj
 0001:0000d2d5       _UM402                     1000e2d5   invoke.obj
 0001:0000d2df       _UM403                     1000e2df   invoke.obj
 0001:0000d2e9       _UM404                     1000e2e9   invoke.obj
 0001:0000d2f3       _UM405                     1000e2f3   invoke.obj
 0001:0000d2fd       _UM406                     1000e2fd   invoke.obj
 0001:0000d307       _UM407                     1000e307   invoke.obj
 0001:0000d311       _UM408                     1000e311   invoke.obj
 0001:0000d31b       _UM409                     1000e31b   invoke.obj
 0001:0000d325       _UM410                     1000e325   invoke.obj
 0001:0000d32f       _UM411                     1000e32f   invoke.obj
 0001:0000d339       _UM412                     1000e339   invoke.obj
 0001:0000d343       _UM413                     1000e343   invoke.obj
 0001:0000d34d       _UM414                     1000e34d   invoke.obj
 0001:0000d357       _UM415                     1000e357   invoke.obj
 0001:0000d361       _UM416                     1000e361   invoke.obj
 0001:0000d36b       _UM417                     1000e36b   invoke.obj
 0001:0000d375       _UM418                     1000e375   invoke.obj
 0001:0000d37f       _UM419                     1000e37f   invoke.obj
 0001:0000d389       _UM420                     1000e389   invoke.obj
 0001:0000d393       _UM421                     1000e393   invoke.obj
 0001:0000d39d       _UM422                     1000e39d   invoke.obj
 0001:0000d3a7       _UM423                     1000e3a7   invoke.obj
 0001:0000d3b1       _UM424                     1000e3b1   invoke.obj
 0001:0000d3bb       _UM425                     1000e3bb   invoke.obj
 0001:0000d3c5       _UM426                     1000e3c5   invoke.obj
 0001:0000d3cf       _UM427                     1000e3cf   invoke.obj
 0001:0000d3d9       _UM428                     1000e3d9   invoke.obj
 0001:0000d3e3       _UM429                     1000e3e3   invoke.obj
 0001:0000d3ed       _UM430                     1000e3ed   invoke.obj
 0001:0000d3f7       _UM431                     1000e3f7   invoke.obj
 0001:0000d401       _UM432                     1000e401   invoke.obj
 0001:0000d40b       _UM433                     1000e40b   invoke.obj
 0001:0000d415       _UM434                     1000e415   invoke.obj
 0001:0000d41f       _UM435                     1000e41f   invoke.obj
 0001:0000d429       _UM436                     1000e429   invoke.obj
 0001:0000d433       _UM437                     1000e433   invoke.obj
 0001:0000d43d       _UM438                     1000e43d   invoke.obj
 0001:0000d447       _UM439                     1000e447   invoke.obj
 0001:0000d451       _UM440                     1000e451   invoke.obj
 0001:0000d45b       _UM441                     1000e45b   invoke.obj
 0001:0000d465       _UM442                     1000e465   invoke.obj
 0001:0000d46f       _UM443                     1000e46f   invoke.obj
 0001:0000d479       _UM444                     1000e479   invoke.obj
 0001:0000d483       _UM445                     1000e483   invoke.obj
 0001:0000d48d       _UM446                     1000e48d   invoke.obj
 0001:0000d497       _UM447                     1000e497   invoke.obj
 0001:0000d4a1       _UM448                     1000e4a1   invoke.obj
 0001:0000d4ab       _UM449                     1000e4ab   invoke.obj
 0001:0000d4b5       _UM450                     1000e4b5   invoke.obj
 0001:0000d4bf       _UM451                     1000e4bf   invoke.obj
 0001:0000d4c9       _UM452                     1000e4c9   invoke.obj
 0001:0000d4d3       _UM453                     1000e4d3   invoke.obj
 0001:0000d4dd       _UM454                     1000e4dd   invoke.obj
 0001:0000d4e7       _UM455                     1000e4e7   invoke.obj
 0001:0000d4f1       _UM456                     1000e4f1   invoke.obj
 0001:0000d4fb       _UM457                     1000e4fb   invoke.obj
 0001:0000d505       _UM458                     1000e505   invoke.obj
 0001:0000d50f       _UM459                     1000e50f   invoke.obj
 0001:0000d519       _UM460                     1000e519   invoke.obj
 0001:0000d523       _UM461                     1000e523   invoke.obj
 0001:0000d52d       _UM462                     1000e52d   invoke.obj
 0001:0000d537       _UM463                     1000e537   invoke.obj
 0001:0000d541       _UM464                     1000e541   invoke.obj
 0001:0000d54b       _UM465                     1000e54b   invoke.obj
 0001:0000d555       _UM466                     1000e555   invoke.obj
 0001:0000d55f       _UM467                     1000e55f   invoke.obj
 0001:0000d569       _UM468                     1000e569   invoke.obj
 0001:0000d573       _UM469                     1000e573   invoke.obj
 0001:0000d57d       _UM470                     1000e57d   invoke.obj
 0001:0000d587       _UM471                     1000e587   invoke.obj
 0001:0000d591       _UM472                     1000e591   invoke.obj
 0001:0000d59b       _UM473                     1000e59b   invoke.obj
 0001:0000d5a5       _UM474                     1000e5a5   invoke.obj
 0001:0000d5af       _UM475                     1000e5af   invoke.obj
 0001:0000d5b9       _UM476                     1000e5b9   invoke.obj
 0001:0000d5c3       _UM477                     1000e5c3   invoke.obj
 0001:0000d5cd       _UM478                     1000e5cd   invoke.obj
 0001:0000d5d7       _UM479                     1000e5d7   invoke.obj
 0001:0000d5e1       _UM480                     1000e5e1   invoke.obj
 0001:0000d5eb       _UM481                     1000e5eb   invoke.obj
 0001:0000d5f5       _UM482                     1000e5f5   invoke.obj
 0001:0000d5ff       _UM483                     1000e5ff   invoke.obj
 0001:0000d609       _UM484                     1000e609   invoke.obj
 0001:0000d613       _UM485                     1000e613   invoke.obj
 0001:0000d61d       _UM486                     1000e61d   invoke.obj
 0001:0000d627       _UM487                     1000e627   invoke.obj
 0001:0000d631       _UM488                     1000e631   invoke.obj
 0001:0000d63b       _UM489                     1000e63b   invoke.obj
 0001:0000d645       _UM490                     1000e645   invoke.obj
 0001:0000d64f       _UM491                     1000e64f   invoke.obj
 0001:0000d659       _UM492                     1000e659   invoke.obj
 0001:0000d663       _UM493                     1000e663   invoke.obj
 0001:0000d66d       _UM494                     1000e66d   invoke.obj
 0001:0000d674       _UM495                     1000e674   invoke.obj
 0001:0000d67b       _UM496                     1000e67b   invoke.obj
 0001:0000d682       _UM497                     1000e682   invoke.obj
 0001:0000d689       _UM498                     1000e689   invoke.obj
 0001:0000d690       _UM499                     1000e690   invoke.obj
 0001:0000d697       _UM500                     1000e697   invoke.obj
 0001:0000d69e       _UM501                     1000e69e   invoke.obj
 0001:0000d6a5       _UM502                     1000e6a5   invoke.obj
 0001:0000d6ac       _UM503                     1000e6ac   invoke.obj
 0001:0000d6b3       _UM504                     1000e6b3   invoke.obj
 0001:0000d6ba       _UM505                     1000e6ba   invoke.obj
 0001:0000d6c1       _UM506                     1000e6c1   invoke.obj
 0001:0000d6c8       _UM507                     1000e6c8   invoke.obj
 0001:0000d6cf       _UM508                     1000e6cf   invoke.obj
 0001:0000d6d6       _UM509                     1000e6d6   invoke.obj
 0001:0000d6dd       _UM510                     1000e6dd   invoke.obj
 0001:0000d6e4       _UM511                     1000e6e4   invoke.obj
 0001:0000d6eb       _UM512                     1000e6eb   invoke.obj
 0001:0000d6f2       _lblUmCommon               1000e6f2   invoke.obj
 0001:0000d710       ?Create@CDispTypeInfo@@SAJW4tagTYPEKIND@@PAUtagINTERFACEDATA@@KPAPAUITypeInfo@@@Z 1000e710 f cdispti.obj
 0001:0000d760       _CreateDispTypeInfo@12     1000e760 f cdispti.obj
 0001:0000d7a0       ??0CDispTypeInfo@@QAE@XZ   1000e7a0 f cdispti.obj
 0001:0000d7c0       ?QueryInterface@CDispTypeInfo@@UAGJABU_GUID@@PAPAX@Z 1000e7c0 f cdispti.obj
 0001:0000d830       ?AddRef@CDispTypeInfo@@UAGKXZ 1000e830 f cdispti.obj
 0001:0000d840       ?Release@CDispTypeInfo@@UAGKXZ 1000e840 f cdispti.obj
 0001:0000d860       ?GetTypeAttr@CDispTypeInfo@@UAGJPAPAUtagTYPEATTR@@@Z 1000e860 f cdispti.obj
 0001:0000d920       ?GetTypeComp@CDispTypeInfo@@UAGJPAPAUITypeComp@@@Z 1000e920 f cdispti.obj
 0001:0000d930       ?GetFuncDesc@CDispTypeInfo@@UAGJIPAPAUtagFUNCDESC@@@Z 1000e930 f cdispti.obj
 0001:0000daf0       ?GetVarDesc@CDispTypeInfo@@UAGJIPAPAUtagVARDESC@@@Z 1000eaf0 f cdispti.obj
 0001:0000db00       ?GetNames@CDispTypeInfo@@UAGJJPAPAGIPAI@Z 1000eb00 f cdispti.obj
 0001:0000dc30       ?GetRefTypeOfImplType@CDispTypeInfo@@UAGJIPAK@Z 1000ec30 f cdispti.obj
 0001:0000dc60       ?GetImplTypeFlags@CDispTypeInfo@@UAGJIPAH@Z 1000ec60 f cdispti.obj
 0001:0000dc70       ?GetIDsOfNames@CDispTypeInfo@@UAGJPAPAGIPAJ@Z 1000ec70 f cdispti.obj
 0001:0000de30       ?Invoke@CDispTypeInfo@@UAGJPAXJGPAUtagDISPPARAMS@@PAUtagVARIANT@@PAUtagEXCEPINFO@@PAI@Z 1000ee30 f cdispti.obj
 0001:0000e0a0       ?AllocInvokeArgs@CDispTypeInfo@@AAEJIPAPAUtagINVOKEARGS@@@Z 1000f0a0 f cdispti.obj
 0001:0000e170       ?GetInvokeArgs@CDispTypeInfo@@AAEJPAUtagMETHODDATA@@GPAUtagDISPPARAMS@@PAPAUtagINVOKEARGS@@PAI@Z 1000f170 f cdispti.obj
 0001:0000e370       ?ReleaseInvokeArgs@CDispTypeInfo@@AAEXPAUtagINVOKEARGS@@@Z 1000f370 f cdispti.obj
 0001:0000e3d0       ?GetDocumentation@CDispTypeInfo@@UAGJJPAPAG0PAK0@Z 1000f3d0 f cdispti.obj
 0001:0000e440       ?GetDllEntry@CDispTypeInfo@@UAGJJW4tagINVOKEKIND@@PAPAG1PAG@Z 1000f440 f cdispti.obj
 0001:0000e450       ?GetRefTypeInfo@CDispTypeInfo@@UAGJKPAPAUITypeInfo@@@Z 1000f450 f cdispti.obj
 0001:0000e4b0       ?AddressOfMember@CDispTypeInfo@@UAGJJW4tagINVOKEKIND@@PAPAX@Z 1000f4b0 f cdispti.obj
 0001:0000e4c0       ?CreateInstance@CDispTypeInfo@@UAGJPAUIUnknown@@ABU_GUID@@PAPAX@Z 1000f4c0 f cdispti.obj
 0001:0000e4d0       ?GetMops@CDispTypeInfo@@UAGJJPAPAG@Z 1000f4d0 f cdispti.obj
 0001:0000e4e0       ?GetContainingTypeLib@CDispTypeInfo@@UAGJPAPAUITypeLib@@PAI@Z 1000f4e0 f cdispti.obj
 0001:0000e4f0       ?ReleaseTypeAttr@CDispTypeInfo@@UAGXPAUtagTYPEATTR@@@Z 1000f4f0 f cdispti.obj
 0001:0000e500       ?ReleaseFuncDesc@CDispTypeInfo@@UAGXPAUtagFUNCDESC@@@Z 1000f500 f cdispti.obj
 0001:0000e520       ?ReleaseVarDesc@CDispTypeInfo@@UAGXPAUtagVARDESC@@@Z 1000f520 f cdispti.obj
 0001:0000e530       ?PmdataOfDispid@CDispTypeInfo@@AAEJJGPAPAUtagMETHODDATA@@@Z 1000f530 f cdispti.obj
 0001:0000e580       _CreateStdDispatch@16      1000f580 f stddisp.obj
 0001:0000e5a0       ??0CStdDisp@@QAE@XZ        1000f5a0 f stddisp.obj
 0001:0000e5d0       ?Create@CStdDisp@@SAJPAUIUnknown@@PAXPAUITypeInfo@@PAPAU2@@Z 1000f5d0 f stddisp.obj
 0001:0000e640       ??0CStdDispUnkImpl@@QAE@PAVCStdDisp@@@Z 1000f640 f stddisp.obj
 0001:0000e660       ?QueryInterface@CStdDispUnkImpl@@UAGJABU_GUID@@PAPAX@Z 1000f660 f stddisp.obj
 0001:0000e6d0       ?AddRef@CStdDispUnkImpl@@UAGKXZ 1000f6d0 f stddisp.obj
 0001:0000e6f0       ?Release@CStdDispUnkImpl@@UAGKXZ 1000f6f0 f stddisp.obj
 0001:0000e720       ?QueryInterface@CStdDisp@@UAGJABU_GUID@@PAPAX@Z 1000f720 f stddisp.obj
 0001:0000e740       ?AddRef@CStdDisp@@UAGKXZ   1000f740 f stddisp.obj
 0001:0000e750       ?Release@CStdDisp@@UAGKXZ  1000f750 f stddisp.obj
 0001:0000e760       ?GetTypeInfoCount@CStdDisp@@UAGJPAI@Z 1000f760 f stddisp.obj
 0001:0000e780       ?GetTypeInfo@CStdDisp@@UAGJIKPAPAUITypeInfo@@@Z 1000f780 f stddisp.obj
 0001:0000e7b0       ?GetIDsOfNames@CStdDisp@@UAGJABU_GUID@@PAPAGIKPAJ@Z 1000f7b0 f stddisp.obj
 0001:0000e7f0       ?Invoke@CStdDisp@@UAGJJABU_GUID@@KGPAUtagDISPPARAMS@@PAUtagVARIANT@@PAUtagEXCEPINFO@@PAI@Z 1000f7f0 f stddisp.obj
 0001:0000e850       _DosDateTimeToVariantTime@12 1000f850 f time-api.obj
 0001:0000e980       _VariantTimeToDosDateTime@16 1000f980 f time-api.obj
 0001:0000ea30       _SysAllocString@4          1000fa30 f bstr.obj
 0001:0000ea60       _SysAllocStringLen@8       1000fa60 f bstr.obj
 0001:0000eb00       _SysReAllocString@8        1000fb00 f bstr.obj
 0001:0000eb40       _SysReAllocStringLen@12    1000fb40 f bstr.obj
 0001:0000ec00       _SysFreeString@4           1000fc00 f bstr.obj
 0001:0000ecb0       _SysStringLen@4            1000fcb0 f bstr.obj
 0001:0000ecd0       _ErrSysAllocString@8       1000fcd0 f bstr.obj
 0001:0000ed10       _ErrSysAllocStringLen@12   1000fd10 f bstr.obj
 0001:0000ed40       _ErrStringCopy@8           1000fd40 f bstr.obj
 0001:0000ed70       _SysStringByteLen@4        1000fd70 f bstr.obj
 0001:0000ed90       _SysAllocStringByteLen@8   1000fd90 f bstr.obj
 0001:0000ee20       _ReleaseBstrCache@4        1000fe20 f bstr.obj
 0001:0000ee50       _SafeArrayAllocDescriptor@8 1000fe50 f sarray.obj
 0001:0000eea0       _SafeArrayAllocData@4      1000fea0 f sarray.obj
 0001:0000ef50       _SafeArrayCreate@12        1000ff50 f sarray.obj
 0001:0000f0d0       ?ReleaseResources@@YGXPAXKGK@Z 100100d0 f sarray.obj
 0001:0000f180       _SafeArrayDestroyData@4    10010180 f sarray.obj
 0001:0000f270       _SafeArrayDestroyDescriptor@4 10010270 f sarray.obj
 0001:0000f2a0       _SafeArrayDestroy@4        100102a0 f sarray.obj
 0001:0000f2f0       _SafeArrayRedim@8          100102f0 f sarray.obj
 0001:0000f4c0       _SafeArrayCopy@8           100104c0 f sarray.obj
 0001:0000f730       _SafeArrayGetDim@4         10010730 f sarray.obj
 0001:0000f740       _SafeArrayGetElemsize@4    10010740 f sarray.obj
 0001:0000f750       _SafeArrayGetUBound@12     10010750 f sarray.obj
 0001:0000f7a0       _SafeArrayGetLBound@12     100107a0 f sarray.obj
 0001:0000f7e0       _SafeArrayLock@4           100107e0 f sarray.obj
 0001:0000f810       _SafeArrayUnlock@4         10010810 f sarray.obj
 0001:0000f840       _SafeArrayAccessData@8     10010840 f sarray.obj
 0001:0000f860       _SafeArrayUnaccessData@4   10010860 f sarray.obj
 0001:0000f870       _SafeArrayPtrOfIndex@12    10010870 f sarray.obj
 0001:0000f8f0       _SafeArrayGetElement@12    100108f0 f sarray.obj
 0001:0000f9f0       _SafeArrayPutElement@12    100109f0 f sarray.obj
 0001:0000fb10       ?SafeArraySize@@YGKPAUtagSAFEARRAY@@@Z 10010b10 f sarray.obj
 0001:0000fbe0       _ErrPackDate@16            10010be0 f oledate.obj
 0001:0000feb0       _ErrUnpackDate@8           10010eb0 f oledate.obj
 0001:00010130       _GetCurrentYear@0          10011130 f oledate.obj
 0001:00010150       _xtoa@16                   10011150 f crtstuff.obj
 0001:000101d0       _disp_itoa@12              100111d0 f crtstuff.obj
 0001:00010210       _disp_ltoa@12              10011210 f crtstuff.obj
 0001:00010240       _disp_floor@8              10011240 f crtstuff.obj
 0001:00010260       _disp_strtod@8             10011260 f crtstuff.obj
 0001:00010280       _IsCharType                10011280 f bstrdate.obj
 0001:000102c0       _SafeGetLocaleInfo@16      100112c0 f bstrdate.obj
 0001:00010360       _VarDateFromStr@16         10011360 f bstrdate.obj
 0001:00012330       _SetUDSfromYMD             10013330 f bstrdate.obj
 0001:00012aa0       _VarBstrFromDate@20        10013aa0 f bstrdate.obj
 0001:000130f0       _IntOfString@12            100140f0 f bstrdate.obj
 0001:000131e4       _ErrCyFromI2@8             100141e4 f oleconva.obj
 0001:00013200       _ErrCyFromI4@8             10014200 f oleconva.obj
 0001:0001321b       _CkOvflCy@0                1001421b f oleconva.obj
 0001:00013240       _ErrCyFromR4@8             10014240 f oleconva.obj
 0001:0001326d       _ErrCyFromR8@8             1001426d f oleconva.obj
 0001:0001329a       _ErrI2FromCy@12            1001429a f oleconva.obj
 0001:000132d0       _ErrI4FromCy@12            100142d0 f oleconva.obj
 0001:000132ff       _ErrR4FromCy@12            100142ff f oleconva.obj
 0001:00013316       _ErrR8FromCy@12            10014316 f oleconva.obj
 0001:0001332d       _ErrMultCyI4@16            1001432d f oleconva.obj
 0001:00013378       _DoFbstp@8                 10014378 f oleconva.obj
 0001:000133d7       _ConvFloatToAscii@12       100143d7 f oleconva.obj
 0001:000136c0       _VariantInit@4             100146c0 f variant.obj
 0001:000136d0       _VariantClear@4            100146d0 f variant.obj
 0001:000137d0       _VariantCopy@8             100147d0 f variant.obj
 0001:000138b0       _VariantCopyInd@8          100148b0 f variant.obj
 0001:00013a80       _VariantChangeType@16      10014a80 f variant.obj
 0001:00013ab0       _VariantChangeTypeEx@20    10014ab0 f variant.obj
 0001:00013c50       ?IsLegalVartype@@YGJG@Z    10014c50 f variant.obj
 0001:00013cf0       ?VariantChangeTypeInternal@@YGJPAUtagVARIANT@@KG@Z 10014cf0 f variant.obj
 0001:000146b0       _DispAlloc@8               100156b0 f convertt.obj
 0001:00014720       _DispFree@4                10015720 f convertt.obj
 0001:00014780       _VarBoolFromUI1@8          10015780 f convertt.obj
 0001:000147a0       _VarBoolFromI2@8           100157a0 f convertt.obj
 0001:000147c0       _VarBoolFromI4@8           100157c0 f convertt.obj
 0001:000147e0       _VarBoolFromR4@8           100157e0 f convertt.obj
 0001:00014800       _VarBoolFromR8@12          10015800 f convertt.obj
 0001:00014830       _VarBoolFromDate@12        10015830 f convertt.obj
 0001:00014850       _VarBoolFromCy@12          10015850 f convertt.obj
[...]
 0004:00000330       __imp__WNetGetConnectionW@12 10036330   mpr:MPR.dll
 0004:00000334       \177MPR_NULL_THUNK_DATA    10036334   mpr:MPR.dll
 0004:00000338       \177USER32_NULL_THUNK_DATA 10036338   user32:USER32.dll
 0004:0000033c       __imp___wcsicmp            1003633c   crtdll:msvcrt.dll
 0004:0000033c       __imp__wcsicmp             1003633c   crtdll:msvcrt.dll
 0004:00000340       __imp__wcsrchr             10036340   crtdll:msvcrt.dll
 0004:00000344       __imp__remove              10036344   crtdll:msvcrt.dll
 0004:00000348       __imp__wcstoul             10036348   crtdll:msvcrt.dll
 0004:0000034c       __imp__wcscat              1003634c   crtdll:msvcrt.dll
 0004:00000350       __imp___itoa               10036350   crtdll:msvcrt.dll
 0004:00000354       __imp__memmove             10036354   crtdll:msvcrt.dll
 0004:00000358       __imp__strrchr             10036358   crtdll:msvcrt.dll
 0004:0000035c       __imp__strchr              1003635c   crtdll:msvcrt.dll
 0004:00000360       __imp__atoi                10036360   crtdll:msvcrt.dll
 0004:00000364       __imp___ultoa              10036364   crtdll:msvcrt.dll
 0004:00000368       __imp___stat               10036368   crtdll:msvcrt.dll
 0004:0000036c       __imp__wcsncmp             1003636c   crtdll:msvcrt.dll
 0004:00000370       __imp__towlower            10036370   crtdll:msvcrt.dll
 0004:00000374       __imp___initterm           10036374   crtdll:msvcrt.dll
 0004:00000378       __imp__free                10036378   crtdll:msvcrt.dll
 0004:0000037c       __imp___errno              1003637c   crtdll:msvcrt.dll
 0004:00000380       __imp____p__pctype         10036380   crtdll:msvcrt.dll
 0004:00000384       __imp____p___mb_cur_max    10036384   crtdll:msvcrt.dll
 0004:00000388       __imp___isctype            10036388   crtdll:msvcrt.dll
 0004:0000038c       __imp__wcscmp              1003638c   crtdll:msvcrt.dll
 0004:00000390       __imp__wcscpy              10036390   crtdll:msvcrt.dll
 0004:00000394       __imp__wcschr              10036394   crtdll:msvcrt.dll
 0004:00000398       __imp__wcstod              10036398   crtdll:msvcrt.dll
 0004:0000039c       __imp__floor               1003639c   crtdll:msvcrt.dll
 0004:000003a0       __imp___ftol               100363a0   crtdll:msvcrt.dll
 0004:000003a4       __imp__strtoul             100363a4   crtdll:msvcrt.dll
 0004:000003a8       __imp___purecall           100363a8   crtdll:msvcrt.dll
 0004:000003ac       __imp__wcslen              100363ac   crtdll:msvcrt.dll
 0004:000003b0       __imp__malloc              100363b0   crtdll:msvcrt.dll
 0004:000003b4       __imp__wcsncpy             100363b4   crtdll:msvcrt.dll
 0004:000003b8       __imp__modf                100363b8   crtdll:msvcrt.dll
 0004:000003bc       __imp___global_unwind2     100363bc   crtdll:msvcrt.dll
 0004:000003c0       __imp__stricmp             100363c0   crtdll:msvcrt.dll
 0004:000003c0       __imp___stricmp            100363c0   crtdll:msvcrt.dll
 0004:000003c4       \177msvcrt_NULL_THUNK_DATA 100363c4   crtdll:msvcrt.dll
 0004:000003c8       __imp__CoCreateInstance@20 100363c8   ole32:ole32.dll
 0004:000003cc       __imp__WriteClassStg@8     100363cc   ole32:ole32.dll
 0004:000003d0       __imp__WriteFmtUserTypeStg@12 100363d0   ole32:ole32.dll
 0004:000003d4       __imp__ReadClassStg@8      100363d4   ole32:ole32.dll
 0004:000003d8       __imp__StringFromGUID2@12  100363d8   ole32:ole32.dll
 0004:000003dc       __imp__CreateBindCtx@8     100363dc   ole32:ole32.dll
 0004:000003e0       __imp__MkParseDisplayName@16 100363e0   ole32:ole32.dll
 0004:000003e4       __imp__CoSetState@4        100363e4   ole32:ole32.dll
 0004:000003e8       __imp__StringFromCLSID@8   100363e8   ole32:ole32.dll
 0004:000003ec       __imp__CreateFileMoniker@8 100363ec   ole32:ole32.dll
 0004:000003f0       __imp__GetRunningObjectTable@8 100363f0   ole32:ole32.dll
 0004:000003f4       __imp__CoGetMalloc@8       100363f4   ole32:ole32.dll
 0004:000003f8       __imp__CoUnmarshalInterface@12 100363f8   ole32:ole32.dll
 0004:000003fc       __imp__CoMarshalInterface@24 100363fc   ole32:ole32.dll
 0004:00000400       __imp__CoUnmarshalHresult@8 10036400   ole32:ole32.dll
 0004:00000404       __imp__CoMarshalHresult@8  10036404   ole32:ole32.dll
 0004:00000408       \177ole32_NULL_THUNK_DATA  10036408   ole32:ole32.dll

 entry point at        0001:0002eb30

 Static symbols

 0001:00024848       _$E35                      10025848 f oautil.obj
 0001:0002484d       _$E34                      1002584d f oautil.obj
 0001:000248ad       _$E38                      100258ad f oautil.obj
 0001:000248b2       _$E37                      100258b2 f oautil.obj
 0001:000244c5       ?SkipVolumeName@@YAPAGPAG@Z 100254c5 f clutil.obj
 0001:00024513       ?StripDirsFromEnd@@YAPAGPAGI@Z 10025513 f clutil.obj
 0001:0001ebc1       ?FFullyQualified@@YAHPBG@Z 1001fbc1 f gtlibole.obj
 0001:0001f44a       ?RegisterPathAndAlias@@YAJPAUHKEY__@@PAG@Z 1002044a f gtlibole.obj
 0001:00017450       ?CreateActiveObjectMoniker@@YGJABU_GUID@@PAPAUIMoniker@@@Z 10018450 f getobj.obj
 0001:00015080       ?ConvI4FromR8@@YGJPAN@Z    10016080 f convertt.obj
 0001:00015dc0       ?NegCyNoOflo@@YGXPATtagCY@@@Z 10016dc0 f convertt.obj
 0001:00016450       ?FixNegativeCyStr@@YGHPAGGPAH@Z 10017450 f convertt.obj
 0001:000165a0       ?fStripCurrency@@YGHPAPAG0PAG@Z 100175a0 f convertt.obj
 0001:000165e0       ?fParseBegin@@YGHPAPAGPAG1@Z 100175e0 f convertt.obj
 0001:00016640       ?fParseEnd@@YGHPAPAGPAG1@Z 10017640 f convertt.obj
 0001:000166c0       ?StrToCy@@YGJPAGPAPAGHPATtagCY@@KK@Z 100176c0 f convertt.obj
 0001:00016b00       ?AddCyNoOflo@@YGXPATtagCY@@0@Z 10017b00 f convertt.obj
 0001:00016b40       ?StrToLong@@YGJPAGPAPAG@Z  10017b40 f convertt.obj
 0001:00016c30       ?HexOctStrToLong@@YGJPAGPAPAG@Z 10017c30 f convertt.obj
 0001:00016cb0       ?StrToHex@@YGKPAGPAPAG@Z   10017cb0 f convertt.obj
 0001:00016d50       ?StrToOct@@YGKPAGPAPAG@Z   10017d50 f convertt.obj
 0001:00016de0       ?GetDispProperty@@YGJPAUIDispatch@@KGPAUtagVARIANT@@@Z 10017de0 f convertt.obj
 0001:00013cb0       ?ExtractValueProperty@@YGJPAUIDispatch@@KPAUtagVARIANT@@@Z 10014cb0 f variant.obj
 0001:0001341d       _$$$00013@0                1001441d f oleconva.obj
 0001:00010840       _GetDateInfo@12            10011840 f bstrdate.obj
 0001:00010c50       _ddlex@16                  10011c50 f bstrdate.obj
 0001:000110b0       _MonthNumOfMonthName@8     100120b0 f bstrdate.obj
 0001:00011170       _IsImperialEra@12          10012170 f bstrdate.obj
 0001:000114d0       _IsRepublicEra@12          100124d0 f bstrdate.obj
 0001:000118c0       _IsDBCSAmPm@12             100128c0 f bstrdate.obj
 0001:00011c30       _ddsep@12                  10012c30 f bstrdate.obj
 0001:00012350       _DayOfNN@12                10013350 f bstrdate.obj
 0001:000125a0       _LEGAL_DAY@12              100135a0 f bstrdate.obj
 0001:00012630       _DayOfNNN@12               10013630 f bstrdate.obj
 0001:00012840       _DayOfMN@12                10013840 f bstrdate.obj
 0001:000128a0       _DayOfMNN@12               100138a0 f bstrdate.obj
 0001:000129a0       _AdjustTime@8              100139a0 f bstrdate.obj
 0001:000129e0       _AdjustUDSTime@12          100139e0 f bstrdate.obj
 0001:00012a30       _AdjustUDSDate@12          10013a30 f bstrdate.obj
 0001:00012bf0       _RenderDate@16             10013bf0 f bstrdate.obj
 0001:00012e70       _GetImperialEra@8          10013e70 f bstrdate.obj
 0001:00012f50       _RenderTime@12             10013f50 f bstrdate.obj
 0001:00013070       _AppendAmPm@16             10014070 f bstrdate.obj
 0001:0000da70       ?InvkindOfDispkind@@YGJGPAW4tagINVOKEKIND@@@Z 1000ea70 f cdispti.obj
 0001:0000c33f       _$$$00003                  1000d33f f invoke.obj
 0001:000070f0       ?HrDupBstr@@YAJPAGPAPAG@Z  100080f0 f errinfo.obj
 0001:00004630       ?DispatchNext@@YGJPAUIEnumVARIANT@@PAUIStream@@@Z 10005630 f evstub.obj
 0001:00004790       ?DispatchSkip@@YGJPAUIEnumVARIANT@@PAUIStream@@@Z 10005790 f evstub.obj
 0001:000047f0       ?DispatchReset@@YGJPAUIEnumVARIANT@@PAUIStream@@@Z 100057f0 f evstub.obj
 0001:00004820       ?DispatchClone@@YGJPAUIEnumVARIANT@@PAUIStream@@@Z 10005820 f evstub.obj
 0001:00003c80       ?DispatchGetSysKind@@YGJPAUIStream@@@Z 10004c80 f dispstub.obj
 0001:00001820       ?SafeArrayWrite@@YAJPAUIStream@@PAUtagSAFEARRAY@@W4tagSYSKIND@@@Z 10002820 f dispmrsh.obj
 0001:00001a40       ?SafeArrayRead@@YAJPAUIStream@@PAPAUtagSAFEARRAY@@W4tagSYSKIND@@@Z 10002a40 f dispmrsh.obj
 0001:00001b90       ?SafeArrayReadData@@YAJPAUIStream@@PAUtagSAFEARRAY@@W4tagSYSKIND@@@Z 10002b90 f dispmrsh.obj
 0001:00001d30       ?SafeArrayReadExisting@@YGJPAUIStream@@EPAPAUtagSAFEARRAY@@W4tagSYSKIND@@@Z 10002d30 f dispmrsh.obj
 0001:0002edd8       __unwind_handler           1002fdd8 f crtdll:exsup.obj

FIXUPS: 2fdb5 fffffcf3 103 1e 28 fffd37dc e ffffdcde c6 48 26 26 26 26
FIXUPS: 1273 2a 2f 10e 20 23 23 20 10 27 25 e5 15 58 fffffa2b 5 3c 5 23
FIXUPS: 2fd43 d 11 2f fffd2b80 15 2b 40 3b 34 33 76 9a 18 15 2e 15 2c c
FIXUPS: 2c2a 1a 52 44 3d 72 79 12a 40 14 26 f5 1b 153 19 123 6 ffffedd5
FIXUPS: 2136 4f 88 e 19 36 34 13 3d f9 14 14 58 14 14 63 db 17 17 17 a
FIXUPS: 2626 93 4d 1b 1b 15 72 c a a fffff0b5 34 1e 28 26 22e 2a 16 e 13
FIXUPS: 1bee 39 18 10 15 25 177 34 17 f 14 3e 17 f 14 12 31 141 31 34 c
FIXUPS: 20f4 17b1 1b 8b 1b 3c 63 26 1b 79 21 3f 8c 1b 11b 4c a7 85 36 1b
FIXUPS: 3fb2 65 22 5b 33 39 21 88 ffffd584 56 25 3a a2 31cb 15 44 15 13
FIXUPS: 4ae4 9 9 2a d 27 1c d 2e 1f 3c f f f b 13 6 ffffe8ae 9 9 40 8 7
FIXUPS: 3573 1d 148 6 1bb0 3e 47 1b 41 1f ffffee7a 11 e ee 6 a8 a1 1e ac
FIXUPS: 4549 72 30 20 55 50 13 d 4b c8 27 43 40 4b 6a 2e b0 b6a 3c c c
FIXUPS: 55ea 13 6 77 2f 3a 5a 2d 10 54 3d 38 1a fffff4e8 9 9 1c 18 11e
FIXUPS: 4eaf 1a7 1b 86 57 65 1b 55 50 196d 16 4c 22 f 47 2b 60 93 44 dc
FIXUPS: 6f12 36 1a 37 29 52 1e 3a 3b 31 3f 32 3c 1f f ffffe225 b e d4 6
FIXUPS: 556b 107b 1a 45 1b ab 5c 21 10 13 2b 4d 1b 58 21 73 1b 59 1d 5a
FIXUPS: 6a30 42 3c 38 43 8 1d 35 e c 6 23 14 fffff195 21 45 1b 88 2f 1c
FIXUPS: 5f15 1b 88 2f 1c 54 1b ac 7c 46 53 1b 5d 78 1b 5d a6 1b 87 5c 1b
FIXUPS: 6575 15 a 38 158e 1b 1b 20 a a b7 5a 1b 20 a 5f 24 66 24 4d 37
FIXUPS: 7ed9 ffffda1c 9 9 1c 18 11e 6 196 1b 65 2f 1c 53 1b 168c 3c 9 9
FIXUPS: 7411 9 9 9 9 9 9 9 9 10 13 6 f5 3d 5c 1e 86 43 91 43 8f 4b 72 36
FIXUPS: 795d 51 70 da 1849 1b ffffec19 9 9 c e e4 6 53 2b a 4b 20 6f 11
FIXUPS: 821d 11 1f 11 39 60 52 4d 10 10 ffffee52 b e d4 6 a0 1835 42 18
FIXUPS: 8c41 e 54 1b 41 21 55 1b 110 51 25 21 67 11 11 4d 1b 57 17 24 40
FIXUPS: 9137 1b 98 1b 2c 5d 5a 22 a3e 7e 25 1b 47 7c 22 32 d ffffe62b 9
FIXUPS: 8567 1c 18 ee 6 ae e2 1b 83 46 1b 60 21 44 1b 60 75 1b 58 21 4e
FIXUPS: 96db 1f 3c 9 9 9 9 9 9 9 9 9 13 6 118 1e 6f 73 1e 57 19 56 1e 137
FIXUPS: 9c37 21 21 f a a 49 32 3f2 6 ae f7 1b 72 23 2d 6f 1f 1c 11 1c 18
FIXUPS: a4a4 16 a a 57 1b 57 17 24 21 46 48 1b ffffeeac b e d4 6 3076 d6
FIXUPS: c871 ffffded7 b e d4 6 a0 1f 3c 9 9 13 6 c9 45 5c 18 16 18 1a 62
FIXUPS: abfe 3f 1e 1d fffff35d 9 9 1c 18 1b1f 13 c c 13 6 216 5c 21 31
FIXUPS: be6c 28 2b 1e 25 1e 1e 80 14 28 28 102 11 34 3c f0 5f 2c 63 45
FIXUPS: c448 13b ffffea44 49 6 ac 5e f8 6 39 59 20 117 20 ba 58 1e 2c 15e
FIXUPS: b6fb 34 2d 2a 3b 21 d6 11 e ee 6 8c 22 97 15 360f 55 88 78 a7 5d
FIXUPS: f399 10 10 9 22 1b 8b 6c 14 9 fffff1ef ffffe832 21 fffffbcd 6 338
FIXUPS: c942 2a 3a 40 ffffe3d4 d1 23 1b 13 b2 39ee 2d 2d 10 9 13f 3f 33
FIXUPS: ebee ee 13 26 93 13 30 99 38 38 10 12 3c 57 1c 3f 5c 12 35 39 19
FIXUPS: f112 10 9 1882 2b 36 1c 26 12 67 2b ffffef58 3b 8a 25 32 181 32
FIXUPS: fd47 7 65 fffffb7c 76 fffffbf0 19 3d e 117 d6 54 ffffeedf e 4e
FIXUPS: e84f 15 17a3 50 10 98 6e 57 15 3f 75 39 19 66 37 2b cc 82 5e 16
FIXUPS: 1057f 16 37 bf 21 28 12 c 12 143 1f a8 1c 26 303e ce 61 25 36 55
FIXUPS: 13bb8 1b 9d 40 ae 28 31 cd 27 41 99 73 4d bf 17 49 17 ffffd071
FIXUPS: 11200 34 fffffd3c 2c f ffffeeb5 5e 2c 369b bc 39 11 1f 11 1f 11
FIXUPS: 13712 11 1f 11 1f 11 27 11 1f 11 1f 11 29 14 11 1c 53 11 1b 19
FIXUPS: 1392e 1b 19 11 fffff573 34 17 125 69 69 69 69 66 35 17 13 1d 17
FIXUPS: 1335e 38 11 1f 11 25 25 27 11 1f 11 25 25 27 11 1f 11 25 fffff1ac
FIXUPS: 12723 13 2c 25 60 17 5a 115 96 5c a5 86 58 71 10 17 2e 1b 17 51
FIXUPS: 12d4e 2d 30 39 29 20 2a 21 17 1f 1d ffffef11 18 36 24 13e 15 35
FIXUPS: 11ffc 1e c7 14 27 18 dc 55 1b 52 17 13 1c 2c 25 7f 17 5a 98 5f
FIXUPS: 12577 25 ae 55 1b ffffed75 1e9 d7 13 37 19 34 cd 1d 2b 1c 39 20
FIXUPS: 11922 1c 1d 2a 24 12e 5f 86 cc 1c 22 14 1a a 14 22 24 1c 50 326c
FIXUPS: 15048 52 16 16 11 12 13 32 31 16 15 15 19 19 19 1f e9 13 49 b b
FIXUPS: 15373 f 10 13 32 ffffbed1 31 46 6b 27 3644 a5 24 17 54 78 2d 20
FIXUPS: 14c00 12 181 e 12 12 13 18 44 12 12 13 18 59 12 13 18 69 13 18
FIXUPS: 14fef e e 12 2290 1d 81 25 95 30 180 e 1db 190 4a 85 2a 25 19 13
FIXUPS: 17a8a 1d7 29 1e4 ffffc884 b 30 15 9a 20 22 50 5a 14 37 9d 20c1
FIXUPS: 16a92 14 46 19 2d 6b c a 33 42 4d 1c a 3d 3b 104 1a f 41 1f f 43
FIXUPS: 16f99 21 e2 50 63 3e 97 28 30 fffff225 5f c2 a e 2b 38 32 2c 2b
FIXUPS: 16706 35 38 f 53 20 38 1e 20 20 20 25 1b 22 14 28 34 17 12 20 e
FIXUPS: 16a42 fffff30f 8 e 2e 56 25 38 28 20 33 18 8e 7 85 1a 1a e 2e 40
FIXUPS: 1616b 85 20 28 18 25 76 55 5c 14 8f 1b 26 1beb f 78 a af 4f 50
FIXUPS: 18254 ffffd473 79 100 66 10 a6 35 e 26 76 3d 2b 13 1a 38 13 2a
FIXUPS: 15bcb 3d 28 20 54 10 66 2882 11 16 6 24 c 6 d 6a 1c 27 21d 4f 13
FIXUPS: 18990 1d cb 31 c b 26 10 24 11 14 12 c fffff9fb d fffffe88 9f 73
FIXUPS: 198d6 45 fffff6d7 15d e4 fffffb10 17 b 11 6 1e 21 57 2b 3b c b
FIXUPS: 18ea3 1e 31 12 35 e 32 fffffccf 30 41 fffffecb f 34 8 fffff9b2
FIXUPS: 1c6f2 23 c9 35 9e 3e 2e d 13 ca d 5b a a ffffcf00 cf fffffa5d 29
FIXUPS: 194f7 a5 70 7e 46 6e 6d 2e f 11 46 b 39 24 27cf 26 26 1d 10 f 1c
FIXUPS: 1c134 2e 34 e 5b 32 22 a8 f e 1d 2d 2f f 26 43 2d 1c 41 47 11 16
FIXUPS: 1c517 ce 9d fffff582 b 8 12 2f 18 22 e 2a e 26 35 39 1b 15 d 2d
FIXUPS: 1bde4 29 33 3e 1b 18 17 33 e 85 14 18 49 2a 33 fffff53f 8 32 14
FIXUPS: 1b60a 21 21 27 42 1b 35 3f 15 a 40 3d 59 13 31 13d 18 2d 8 48 6
FIXUPS: 1bb28 12 6f c c 2f e fffff165 6c 5f 45 3b ab 1e 29 13 48 a0 26
FIXUPS: 1b200 42 11 17 e 8 30 19 15 7a 26 b6 25 43 38 15 a 4a 2c 26 fffff02a
FIXUPS: 1a5c2 9 2f f 1b 1a 4c 75 21 4b 1e 41 4a ad 31 3e 3a 1d 51 43 66
FIXUPS: 1aa94 81 29 2d 5c 55 2b 14 dc 13 fffff0c3 90 6 a 3f 20 1a e 1b
FIXUPS: 19f6f 11 6 a 6 28 d 3a 20 14 21 8d 8a 29 149 38 15 8c 4a 32 1f
FIXUPS: 1a534 2c 350a ea 158 67 41 d2 2d 58 aa 5d 1d 6b 44 bf 1d c 69 15
FIXUPS: 1e1ea 65 a6 f c 30 6d ffffb898 45 1e 3a 23 24 c7 3038 15f 5c 189
FIXUPS: 1d1b5 18 b bd ba 76 44 11 26 28 b 57 a8 12 9f 4c 2b 66 21 4a 32
FIXUPS: 1d80e 9 d 3c 1b 1a1 23 1324 7b 5e 31 4a 11 2b ae 4e fffff401 26
FIXUPS: 1e41d 6 193 2c 7 6 4f 9 49 6 ffffe47d 14 32 34 9 25 20 cb 7e 79
FIXUPS: 1cde2 198e 14 1a 62 f d 19 10 d 74 2d b 12 1b 49 4d b 26 60 74
FIXUPS: 1eada 18 1d a 34 17 2e a7 a0 2a 13 12 425c 6 e 19 f 1f a 67 f 18
FIXUPS: 23087 c 6e 22 7b 28 63 36 36 3c 25 18 15 6 14 a a ffffb3a6 27 a
FIXUPS: 1e73e 17 4362 32 11 1e 2b 12 14 2e 12 13 21 38 14 33 1e 10 34 9d
FIXUPS: 22dae 5d 2a 1e 3f 2b 36 9 c b 1e 14 e 1d fffff7d3 43 1b 12 8 2e
FIXUPS: 227f3 c b 2a 1b 12 2c 11 2e 8 38 e f 3f 17 15 16 16 16 15 17 15
FIXUPS: 22a2e 17 17 17 fffff5e9 20 73 67 13 27 2c 14 9 30 33 1f 70 1c 1c
FIXUPS: 223b3 a7 23 23 20 21 36 48 20 20 48 33 b7 15 15 16 24 fffff426
FIXUPS: 21b6a 1d 18 17 1d 31 22 40 20 1d b 12 57 49 8 27 22 8 19 df f 4b
FIXUPS: 21f5d 10 d f b 2a 4d 37 f fffff748 21 1e 1e 13 1a 2f 49 14 10 d
FIXUPS: 218f9 27 12 8 c 1d 13 88 21 1d 9 15 22 21 12 e 60 6 e 16 6 fffff623
FIXUPS: 21178 1a 24 f9 19 15 12 d 13 15 1e a 13 17 f e 20 14 f 13 1c 10
FIXUPS: 21425 50 10 20 1c 12b 1a 2a 15d fffff42b 1b 2c e 8 8 62 2e 24 10
FIXUPS: 20cf6 30 4e 2e 24 e 18 26 11 2b 6e 29 17 50 1a 41 2c 79 14 24 1f
FIXUPS: 210c3 fffff5fd b b b b 121 29 95 f f c 23 b b b 8 8 a1 33 e 13
FIXUPS: 20a52 6 14 d 20 d 35 18 23 4a 2d fffff58b 13 1b 19 24 15 20 27
FIXUPS: 20215 d2 10 14 1a 1f 1f 11 55 3c 2c 1e 16 26 5e 61 f 11 10 c f
FIXUPS: 205b1 e f9 fffff5b2 21 f 36 22 20 2e 25 f c 24 1b 9 27 27 83 30
FIXUPS: 1fedf 47 64 33 21 18 d 19 13 3d 20 1f 21 c 15 fffff62f 17 21 21
FIXUPS: 1f7a9 25 6e 34 c1 6b 2f 19 13 e 19 60 11 54 18 1f 11 11 19 10 17
FIXUPS: 1fb8f f f 6d 8 1d 1b fffff593 8a 17 19 1a 2d 28 22 64 24 26 19
FIXUPS: 1f426 22 18 28 2e 17 2c 31 18 24 3c 48 17 4f 2c 17 17 22 17 1f
FIXUPS: 238f2 13 25 2a 3b 1e 10 18 12 10 b fffff96b 3e 1a 129 76 54 f3
FIXUPS: 2372e 54 6 ffffb89c 1d 25 10 14 7c 14 33 4f 37 d 4e49 21 21 21
FIXUPS: 24099 1f 61 11 10 1e d e 11 4b 33 11 8 13 8 7 d 28 fffff530 1c
FIXUPS: 237d4 19 14 14 6 23 6 21 1ed5 2c 27 15 1d 10 36 10 18 ffffea71
FIXUPS: 23a49 8 35 3e 49 d7 2a 16 a3 4f 29 7c 53 93 21 43 5c 15 a 22 22
FIXUPS: 23ff0 121a 69 1e 23 36 17 1c 2c 13 13 1a 69 24 18 e 18 13 1c 15
FIXUPS: 254a9 49 12 1a 7e 1d 44 14 1b e 1c 67 5e fffff7a0 11 9 16 9 14
FIXUPS: 24f11 1d 5c 18 10 f 2c 12 1a e 1a b 16 b 1d 19 16 f 16 15 1f 89
FIXUPS: 251a8 2a 13 d fffff89f c 29 1e 17 13 2b 18 15 37 4d 17 12 a 62
FIXUPS: 24d58 15 11 36 c 19 1d 29 9 e f c 17 11 8 9 19 b9f e 63 22 ffffe9ea
FIXUPS: 244ec 24 87 24 23 30 4d 66 27 22 18 54 30 19 95 e 22 2a 2b 2b 2f
FIXUPS: 2499b 26 29 1b 49 23 1bf4 1c 17 1e b6 41 44 15 2e d 23 16 27 19
FIXUPS: 268d7 12 7 4d 2e 12 8 10 22 ffffee92 5b a 9e 13 d 5c 7 16 704 14
FIXUPS: 26111 14 10 10 10 10 10 e 14 1c 13 13 13 13 13 13 13 13 f f f f
FIXUPS: 26296 10 45 db 10c 10b e 6c fffff5d6 50 14 7 87 17 d 22 9 21 31
FIXUPS: 25dd2 2f 1d 8 9 2f 3e 9 12 1b a8 75 31 17 12 21 1e 11 14 14 14
FIXUPS: 28a74 1e 43 44 37 15 1c d d 10 c3 3f 13 2f 16 b 35 bc 1a8 36 19
FIXUPS: 29030 39 3f 19 38 46 15 34 20 ffffca67 f 25a7 d1 3c 4b db 13 bb
FIXUPS: 284d6 1c 57 1e 33 21 26 3c 9f 6f 37 24 13 90 13 2b 1f 1b 56 27
FIXUPS: 28938 3a 4e 1e 5a ffffeea0 c2 33 2b 19 e 2e 27 2c 19 e 42 11 2c
FIXUPS: 27b55 34 17 12 c4 41 33 4e e 90 ac aa 2f 12 81 31 13 10e fffff156
FIXUPS: 272af 81 5f 4e 1d 1c 23 12 11 b 26 21 4c 47 31 11 f 23 21 e 9 e2
FIXUPS: 2771d 20 d 64 44 d 35 47 e 31ad 19 1c 1d bf 18 62 e 17 15 14 2c
FIXUPS: 2ac9f 92 7 ffffbd72 c 60 19 11e 44 16 2f a0 88 63 43 54 12b 52
FIXUPS: 27102 175 30cf 3c 9 16 19 be 6f 11 11 1d d d 22 d d 25 c 28 28
FIXUPS: 2a619 22 13b af 26 19 12 77 26 19 12 66 54 ffffef82 15 59 15 57
FIXUPS: 29afc 2e 13 10f 7 9 6b 13 31 ab a6 88 1e f 94 4e 1d 41 27 2f 46
FIXUPS: 2a137 1d d0 30 4a 87 b67 1f 17 21 30 d 1b 37 39 2b 22 33 15 c5
FIXUPS: 2b132 ffffe1d6 fd 103 1b2 102 21 8 d b 25 e 42 5c 12 12 21 e 1e50
FIXUPS: 2b780 21 19 1c f 21 18 36 13 13 f f f f d 50 10 10 e 10 e e d 1d
FIXUPS: 2b9a4 fffff3a4 d b 31 69 85 b62 fffff776 2a 4a 20 f e c 7 5 7 8
FIXUPS: 2b257 17 2d 21 11 32 43 19 12 1d ea 59 33 12 25 c f9 10f 8 5 d3f
FIXUPS: 2c4df 36 d f 23 30 99 e fffff40e 11 2c 1a 1a 12 14 d 29 26 39 17
FIXUPS: 2bb9f 10 90 9 be 5c 47 1f 38 d fffffbc1 4d5 32 79 f f 15 16 19
FIXUPS: 2bfcf 23 d e e 83 a 14 d a f 51 d5 40 d 24 12 29 bd 28 1d 37 4c
FIXUPS: 2c450 864 7d b8 135 20 6b ba 11 d 33 74 35 1f 11 12 e 1d7 f 57
FIXUPS: 2d4d4 8d 80 a 21 a ffffe80b 8 23 8 8 24 14 21a2 7 f 21 1e 19 7
FIXUPS: 2e0ba 21 1f f 8 d ffffe5d0 4c 36 20 10 d0 d 104 4b 3b 5e 1f 31
FIXUPS: 2cac7 87 37 58 28 38 c70 3c 43 20 7 13 1b 25 f 1d 8a 17 21 d3 1d
FIXUPS: 2db8d 91 24 50 32 a7 b5 32 5f 3c 23 2b 17 22 48 3d b 668 1a d ffffefce
FIXUPS: 2d681 f 22 7 14 34 1a 7 f 7 19 19 7 c 24 18 7 f 7 19 f 34 1d 7
FIXUPS: 2d869 1c d f 105a a 22 15 12 1d fffff7f5 16 b d 7 df 6 71 2c 7
FIXUPS: 2e33a 31 25 12 27 5c 18 1f 3a 39 40 5e 2a 7 1c 29 b48 1b0 33 17
FIXUPS: 2f3b7 6 cb 17 f1 14 17 c1 17 27 26 64 6 192 6 ffffeddd 11 c 6a
FIXUPS: 2e777 25 b5 1a e 13 23 1a e 11d 10b 16 e a8 65 6 35 3b 21 2a 16
FIXUPS: 2ed22 d 67 17 39 6a 7f 1c 10 da 19 1d 19 25 20 13 18 15 11 18
